 engine

 Timestamp is 52fdaa6b (Thu Feb 13 21:32:27 2014)

 Preferred load address is 0000000180000000

 Start         Length     Name                   Class
 0001:00000000 0006b9b0H .text                   CODE
 0001:0006b9b0 00001f97H .text$x                 CODE
 0001:0006d950 00001056H .text$yc                CODE
 0001:0006e9b0 0000103eH .text$yd                CODE
 0002:00000000 00000109H .CRT$XCA                DATA
 0002:00000110 0000011bH .CRT$XCU                DATA
 0002:00000230 00000109H .CRT$XCZ                DATA
 0002:00000340 00000109H .CRT$XIA                DATA
 0002:00000450 00000126H .CRT$XIC                DATA
 0002:00000578 00000109H .CRT$XIZ                DATA
 0002:00000688 00000109H .CRT$XPA                DATA
 0002:00000798 00000113H .CRT$XPX                DATA
 0002:000008b0 00000109H .CRT$XPXA               DATA
 0002:000009c0 00000109H .CRT$XPZ                DATA
 0002:00000ad0 00000109H .CRT$XTA                DATA
 0002:00000be0 00000109H .CRT$XTZ                DATA
 0002:00000cf0 0000fcbaH .rdata                  DATA
 0002:000109ac 00000178H .rdata$debug            DATA
 0002:00010b28 00000af0H .rdata$r                DATA
 0002:00011618 00000109H .rtc$IAA                DATA
 0002:00011728 00000109H .rtc$IZZ                DATA
 0002:00011838 00000109H .rtc$TAA                DATA
 0002:00011948 00000109H .rtc$TZZ                DATA
 0002:00011a58 00003295H .xdata                  DATA
 0002:00014cf0 00000211H .xdata$x                DATA
 0002:00014f01 00000000H .edata                  DATA
 0003:00000000 00001ed4H .data                   DATA
 0003:00001ee0 00004581H .bss                    DATA
 0004:00000000 00003054H .pdata                  DATA
 0005:00000000 00000028H .idata$2                DATA
 0005:00000028 00000014H .idata$3                DATA
 0005:00000040 00000418H .idata$4                DATA
 0005:00000458 00000418H .idata$5                DATA
 0005:00000870 00000979H .idata$6                DATA

  Address         Publics by Value              Rva+Base               Lib:Object

 0000:00000000       ___safe_se_handler_table   0000000000000000     <absolute>
 0000:00000000       ___safe_se_handler_count   0000000000000000     <absolute>
 0000:00000000       __ImageBase                0000000180000000     <linker-defined>
 0001:00000210       ??$MemoryCopyConstruct@UAppVariable@@@Container@@YAXPEAUAppVariable@@AEBU1@@Z 0000000180001210 f i AppVariables.obj
 0001:000002a0       ??$MemoryDestruct@UAppVariable@@@Container@@YAXPEAUAppVariable@@@Z 00000001800012a0 f i AppVariables.obj
 0001:000002b0       ??0?$Vector@UAppVariable@@@Container@@QEAA@XZ 00000001800012b0 f i AppVariables.obj
 0001:000002c0       ??0AppVariable@@QEAA@PEBD0@Z 00000001800012c0 f   AppVariables.obj
 0001:000003b0       ??0AppVariableManager@@QEAA@XZ 00000001800013b0 f i AppVariables.obj
 0001:000003c0       ??1?$Vector@UAppVariable@@@Container@@QEAA@XZ 00000001800013c0 f i AppVariables.obj
 0001:00000400       ??1AppVariableManager@@QEAA@XZ 0000000180001400 f i AppVariables.obj
 0001:00000440       ??2@YAPEAX_KPEAX@Z         0000000180001440 f i AppVariables.obj
 0001:00000450       ??A?$Vector@UAppVariable@@@Container@@QEAAAEAUAppVariable@@H@Z 0000000180001450 f i AppVariables.obj
 0001:00000470       ?AddElement@?$Vector@UAppVariable@@@Container@@QEAAIIAEBUAppVariable@@@Z 0000000180001470 f i AppVariables.obj
 0001:00000540       ?AddElementToBack@?$Vector@UAppVariable@@@Container@@QEAAIAEBUAppVariable@@@Z 0000000180001540 f i AppVariables.obj
 0001:00000550       ?Count@?$Vector@UAppVariable@@@Container@@QEBAIXZ 0000000180001550 f i AppVariables.obj
 0001:00000560       ?Element@?$Vector@UAppVariable@@@Container@@QEAAAEAUAppVariable@@I@Z 0000000180001560 f i AppVariables.obj
 0001:00000580       ?GrowVector@?$Vector@UAppVariable@@@Container@@AEAAXI@Z 0000000180001580 f i AppVariables.obj
 0001:000005f0       ?RegisterVariable@AppVariableManager@@QEAAPEAUAppVariable@@PEBD0@Z 00000001800015f0 f   AppVariables.obj
 0001:000008d0       ?ShiftElementsRight@?$Vector@UAppVariable@@@Container@@AEAAXII@Z 00000001800018d0 f i AppVariables.obj
 0001:00000920       ??$vsnprintf_s@$0EAA@@@YAHAEAY0EAA@D_KPEBDPEAD@Z 0000000180001920 f i CEngine.obj
 0001:00000950       ??0CEngine@@QEAA@XZ        0000000180001950 f   CEngine.obj
 0001:00000980       ??0CEngineClient@@QEAA@XZ  0000000180001980 f i CEngine.obj
 0001:00000990       ??0IEngine@@QEAA@XZ        0000000180001990 f i CEngine.obj
 0001:000009b0       ??_H@YAXPEAX_KHP6APEAX0@Z@Z 00000001800019b0 f i CEngine.obj
 0001:00000a10       ??_I@YAXPEAX_KHP6AX0@Z@Z   0000000180001a10 f i CEngine.obj
 0001:00000a80       ?FinishedExecution@CEngine@@UEAA_NXZ 0000000180001a80 f i CEngine.obj
 0001:00000a90       ?GetPlatform@@YAPEAVIPlatform@@XZ 0000000180001a90 f   CEngine.obj
 0001:00000bc0       ?Initialize@CEngine@@UEAAXXZ 0000000180001bc0 f   CEngine.obj
 0001:00000c60       ?InitializeLocal@CEngineClient@@QEAAXXZ 0000000180001c60 f i CEngine.obj
 0001:00000c70       ?Run@CEngine@@UEAAXXZ      0000000180001c70 f   CEngine.obj
 0001:00000ce0       ?Shutdown@CEngine@@UEAAXXZ 0000000180001ce0 f   CEngine.obj
 0001:00000d20       ?__CreateEngine@@YAPEAXXZ  0000000180001d20 f   CEngine.obj
 0001:00000d70       ?__DestroyEngine@@YAXPEAX@Z 0000000180001d70 f   CEngine.obj
 0001:00000d80       ?c99_snprintf@@YAHPEAD_KPEBDZZ 0000000180001d80 f i CEngine.obj
 0001:00000de0       ?c99_vsnprintf@@YAHPEAD_KPEBD0@Z 0000000180001de0 f i CEngine.obj
 0001:00000e40       ??$strncat_s@$0BAE@@@YAHAEAY0BAE@DPEBD_K@Z 0000000180001e40 f i CExtensions.obj
 0001:00000e60       ??0CExtensions@@QEAA@XZ    0000000180001e60 f   CExtensions.obj
 0001:00000ef0       ??0IExtensions@@QEAA@XZ    0000000180001ef0 f i CExtensions.obj
 0001:00000f10       ??0send_buffer_t@@QEAA@XZ  0000000180001f10 f i CExtensions.obj
 0001:00000f40       ??1CExtensions@@UEAA@XZ    0000000180001f40 f i CExtensions.obj
 0001:00000fc0       ??1IExtensions@@UEAA@XZ    0000000180001fc0 f i CExtensions.obj
 0001:00000fd0       ??1send_buffer_t@@QEAA@XZ  0000000180001fd0 f i CExtensions.obj
 0001:00000fe0       ??_ECExtensions@@UEAAPEAXI@Z 0000000180001fe0 f i CExtensions.obj
 0001:00000fe0       ??_GCExtensions@@UEAAPEAXI@Z 0000000180001fe0 f i CExtensions.obj
 0001:00001070       ??_EIExtensions@@UEAAPEAXI@Z 0000000180002070 f i CExtensions.obj
 0001:00001070       ??_GIExtensions@@UEAAPEAXI@Z 0000000180002070 f i CExtensions.obj
 0001:000010a0       ?DestroyAllExtensions@CExtensions@@UEAAXXZ 00000001800020a0 f   CExtensions.obj
 0001:00001170       ?DispatchPendingMessages@CExtensions@@QEAAXXZ 0000000180002170 f   CExtensions.obj
 0001:00001290       ?GetNumSendBuffers@CExtensions@@UEBAIXZ 0000000180002290 f i CExtensions.obj
 0001:000012a0       ?GetSendBuffer@CExtensions@@UEAAPEAVDataBuffer@DataPacking@@I@Z 00000001800022a0 f i CExtensions.obj
 0001:00001400       ?HookExtension@CExtensions@@UEAA_NPEBD@Z 0000000180002400 f   CExtensions.obj
 0001:000015d0       ?InvalidateSendBuffers@CExtensions@@UEAAXXZ 00000001800025d0 f i CExtensions.obj
 0001:000015e0       ?RunExtensions@CExtensions@@UEAAXXZ 00000001800025e0 f   CExtensions.obj
 0001:00001740       ?SendBuffer@CExtensions@@UEAAXPEBDPEAVDataBuffer@DataPacking@@@Z 0000000180002740 f   CExtensions.obj
 0001:0000186e       ??0InterfaceElement@@QEAA@P6APEAXXZP6AXPEAX@ZPEBDH_N@Z 000000018000286e f   utilities:utilities.dll
 0001:00001874       ?GetInterface@InterfaceRegistration@@QEAAPEAXPEBDH@Z 0000000180002874 f   utilities:utilities.dll
 0001:0000187a       GetInterfaceRegistration   000000018000287a f   utilities:utilities.dll
 0001:00001880       MessageBoxWIN              0000000180002880 f   utilities:utilities.dll
 0001:00001886       ?ReleaseInterfacePointer@InterfaceRegistration@@QEAAXPEBDPEAX@Z 0000000180002886 f   utilities:utilities.dll
 0001:0000188c       ??0DataBuffer@DataPacking@@QEAA@II@Z 000000018000288c f   utilities:utilities.dll
 0001:00001892       ??1DataBuffer@DataPacking@@QEAA@XZ 0000000180002892 f   utilities:utilities.dll
 0001:00001898       ??4DataBuffer@DataPacking@@QEAAAEAV01@AEBV01@@Z 0000000180002898 f   utilities:utilities.dll
 0001:000018a0       __onexitinit               00000001800028a0 f   LIBCMTD:onexit.obj
 0001:00001910       _onexit                    0000000180002910 f   LIBCMTD:onexit.obj
 0001:00001b10       atexit                     0000000180002b10 f   LIBCMTD:onexit.obj
 0001:00001b50       ??0_LocaleUpdate@@QEAA@PEAUlocaleinfo_struct@@@Z 0000000180002b50 f i LIBCMTD:atof.obj
 0001:00001c90       ??1_LocaleUpdate@@QEAA@XZ  0000000180002c90 f i LIBCMTD:atof.obj
 0001:00001cd0       ?GetLocaleT@_LocaleUpdate@@QEAAPEAUlocaleinfo_struct@@XZ 0000000180002cd0 f i LIBCMTD:atof.obj
 0001:00001ce0       __STRINGTOLD               0000000180002ce0 f   LIBCMTD:atof.obj
 0001:00001d50       __strgtold12               0000000180002d50 f   LIBCMTD:atof.obj
 0001:00001de0       _atof_l                    0000000180002de0 f   LIBCMTD:atof.obj
 0001:00001fd0       atof                       0000000180002fd0 f   LIBCMTD:atof.obj
 0001:00001ff0       _atoi64                    0000000180002ff0 f   LIBCMTD:atox.obj
 0001:00002010       _atoi64_l                  0000000180003010 f   LIBCMTD:atox.obj
 0001:00002040       _atoi_l                    0000000180003040 f   LIBCMTD:atox.obj
 0001:00002070       _atol_l                    0000000180003070 f   LIBCMTD:atox.obj
 0001:000020a0       atoi                       00000001800030a0 f   LIBCMTD:atox.obj
 0001:000020c0       atol                       00000001800030c0 f   LIBCMTD:atox.obj
 0001:000020e0       free                       00000001800030e0 f   LIBCMTD:dbgfree.obj
 0001:00002100       malloc                     0000000180003100 f   LIBCMTD:dbgmalloc.obj
 0001:00002140       realloc                    0000000180003140 f   LIBCMTD:dbgrealloc.obj
 0001:00002190       memcpy                     0000000180003190 f   LIBCMTD:memcpy.obj
 0001:00002190       memmove                    0000000180003190     LIBCMTD:memcpy.obj
 0001:00002690       strncmp                    0000000180003690 f   LIBCMTD:strncmp.obj
 0001:00002720       strncpy                    0000000180003720 f   LIBCMTD:strncpy.obj
 0001:00002890       _fpmath                    0000000180003890 f   LIBCMTD:fpinit.obj
 0001:000028b0       __setfflag                 00000001800038b0 f   LIBCMTD:fpinit.obj
 0001:000028e0       _cfltcvt_init              00000001800038e0 f   LIBCMTD:fpinit.obj
 0001:000029f0       _get_purecall_handler      00000001800039f0 f   LIBCMTD:purevirt.obj
 0001:00002a10       _purecall                  0000000180003a10 f   LIBCMTD:purevirt.obj
 0001:00002a60       _set_purecall_handler      0000000180003a60 f   LIBCMTD:purevirt.obj
 0001:00002aa0       ??0bad_alloc@std@@QEAA@AEBV01@@Z 0000000180003aa0 f i LIBCMTD:new.obj
 0001:00002ae0       ??0bad_alloc@std@@QEAA@XZ  0000000180003ae0 f i LIBCMTD:new.obj
 0001:00002b30       ??1bad_alloc@std@@UEAA@XZ  0000000180003b30 f i LIBCMTD:new.obj
 0001:00002b60       ??2@YAPEAX_K@Z             0000000180003b60 f   LIBCMTD:new.obj
 0001:00002bc0       ??_Ebad_alloc@std@@UEAAPEAXI@Z 0000000180003bc0 f i LIBCMTD:new.obj
 0001:00002bc0       ??_Gbad_alloc@std@@UEAAPEAXI@Z 0000000180003bc0 f i LIBCMTD:new.obj
 0001:00002c00       ??3@YAXPEAX@Z              0000000180003c00 f   LIBCMTD:dbgdel.obj
 0001:00002cd0       _vsnprintf_c               0000000180003cd0 f   LIBCMTD:vsnprnc.obj
 0001:00002d40       _vsnprintf_c_l             0000000180003d40 f   LIBCMTD:vsnprnc.obj
 0001:00002db0       _vsnprintf_helper          0000000180003db0 f   LIBCMTD:vsnprnc.obj
 0001:00003090       vsnprintf_s                0000000180004090 f   LIBCMTD:vsnprnc.obj
 0001:00003090       _vsnprintf_s               0000000180004090 f   LIBCMTD:vsnprnc.obj
 0001:000030e0       _vsnprintf_s_l             00000001800040e0 f   LIBCMTD:vsnprnc.obj
 0001:00003680       _vsprintf_p                0000000180004680 f   LIBCMTD:vsnprnc.obj
 0001:000036f0       _vsprintf_p_l              00000001800046f0 f   LIBCMTD:vsnprnc.obj
 0001:00003760       _vsprintf_s_l              0000000180004760 f   LIBCMTD:vsnprnc.obj
 0001:00003af0       vsprintf_s                 0000000180004af0 f   LIBCMTD:vsnprnc.obj
 0001:00003b30       _vscprintf                 0000000180004b30 f   LIBCMTD:vsprintf.obj
 0001:00003b60       _vscprintf_helper          0000000180004b60 f   LIBCMTD:vsprintf.obj
 0001:00003cb0       _vscprintf_l               0000000180004cb0 f   LIBCMTD:vsprintf.obj
 0001:00003cf0       _vscprintf_p               0000000180004cf0 f   LIBCMTD:vsprintf.obj
 0001:00003d20       _vscprintf_p_l             0000000180004d20 f   LIBCMTD:vsprintf.obj
 0001:00003d60       _vsprintf_l                0000000180004d60 f   LIBCMTD:vsprintf.obj
 0001:00003fd0       vsprintf                   0000000180004fd0 f   LIBCMTD:vsprintf.obj
 0001:00004000       ??0type_info@@AEAA@AEBV0@@Z 0000000180005000 f   LIBCMTD:typinfo.obj
 0001:00004020       ??1type_info@@UEAA@XZ      0000000180005020 f   LIBCMTD:typinfo.obj
 0001:00004050       ??4type_info@@AEAAAEAV0@AEBV0@@Z 0000000180005050 f   LIBCMTD:typinfo.obj
 0001:00004060       ??8type_info@@QEBA_NAEBV0@@Z 0000000180005060 f   LIBCMTD:typinfo.obj
 0001:000040b0       ??9type_info@@QEBA_NAEBV0@@Z 00000001800050b0 f   LIBCMTD:typinfo.obj
 0001:00004100       ??_Gtype_info@@UEAAPEAXI@Z 0000000180005100 f i LIBCMTD:typinfo.obj
 0001:00004100       ??_Etype_info@@UEAAPEAXI@Z 0000000180005100 f i LIBCMTD:typinfo.obj
 0001:00004140       ?_name_internal_method@type_info@@QEBAPEBDPEAU__type_info_node@@@Z 0000000180005140 f   LIBCMTD:typinfo.obj
 0001:00004170       ?_type_info_dtor_internal_method@type_info@@QEAAXXZ 0000000180005170 f   LIBCMTD:typinfo.obj
 0001:00004190       ?before@type_info@@QEBA_NAEBV1@@Z 0000000180005190 f   LIBCMTD:typinfo.obj
 0001:000041e0       ?name@type_info@@QEBAPEBDPEAU__type_info_node@@@Z 00000001800051e0 f   LIBCMTD:typinfo.obj
 0001:00004210       ?raw_name@type_info@@QEBAPEBDXZ 0000000180005210 f   LIBCMTD:typinfo.obj
 0001:00004220       strncat_s                  0000000180005220 f   LIBCMTD:strncat_s.obj
 0001:00004990       _CRT_INIT                  0000000180005990 f   LIBCMTD:dllcrt0.obj
 0001:00004b80       _DllMainCRTStartup         0000000180005b80 f   LIBCMTD:dllcrt0.obj
 0001:00004d20       __DllXcptFilter            0000000180005d20 f   LIBCMTD:dllcrt0.obj
 0001:00004d70       __copy_path_to_wide_string 0000000180005d70 f   LIBCMTD:crt0dat.obj
 0001:00004ff0       __crtCorExitProcess        0000000180005ff0 f   LIBCMTD:crt0dat.obj
 0001:00005040       __crtExitProcess           0000000180006040 f   LIBCMTD:crt0dat.obj
 0001:00005060       __freeCrtMemory            0000000180006060 f   LIBCMTD:crt0dat.obj
 0001:00005280       _amsg_exit                 0000000180006280 f   LIBCMTD:crt0dat.obj
 0001:000052b0       _c_exit                    00000001800062b0 f   LIBCMTD:crt0dat.obj
 0001:000052d0       _cexit                     00000001800062d0 f   LIBCMTD:crt0dat.obj
 0001:000052f0       _cinit                     00000001800062f0 f   LIBCMTD:crt0dat.obj
 0001:000053a0       _exit                      00000001800063a0 f   LIBCMTD:crt0dat.obj
 0001:000053c0       _get_pgmptr                00000001800063c0 f   LIBCMTD:crt0dat.obj
 0001:00005530       _get_wpgmptr               0000000180006530 f   LIBCMTD:crt0dat.obj
 0001:000056a0       _init_pointers             00000001800066a0 f   LIBCMTD:crt0dat.obj
 0001:00005750       _initterm_e                0000000180006750 f   LIBCMTD:crt0dat.obj
 0001:000057b0       _lockexit                  00000001800067b0 f   LIBCMTD:crt0dat.obj
 0001:000057d0       _unlockexit                00000001800067d0 f   LIBCMTD:crt0dat.obj
 0001:00005a00       exit                       0000000180006a00 f   LIBCMTD:crt0dat.obj
 0001:00005f50       _CrtCheckMemory            0000000180006f50 f   LIBCMTD:dbgheap.obj
 0001:000064f0       _CrtDoForAllClientObjects  00000001800074f0 f   LIBCMTD:dbgheap.obj
 0001:00006620       _CrtDumpMemoryLeaks        0000000180007620 f   LIBCMTD:dbgheap.obj
 0001:000066e0       _CrtGetAllocHook           00000001800076e0 f   LIBCMTD:dbgheap.obj
 0001:000066f0       _CrtGetCheckCount          00000001800076f0 f   LIBCMTD:dbgheap.obj
 0001:00006700       _CrtGetDumpClient          0000000180007700 f   LIBCMTD:dbgheap.obj
 0001:00006710       _CrtIsMemoryBlock          0000000180007710 f   LIBCMTD:dbgheap.obj
 0001:00006890       _CrtIsValidHeapPointer     0000000180007890 f   LIBCMTD:dbgheap.obj
 0001:000068f0       _CrtIsValidPointer         00000001800078f0 f   LIBCMTD:dbgheap.obj
 0001:00006930       _CrtMemCheckpoint          0000000180007930 f   LIBCMTD:dbgheap.obj
 0001:00006bc0       _CrtMemDifference          0000000180007bc0 f   LIBCMTD:dbgheap.obj
 0001:00006ef0       _CrtMemDumpAllObjectsSince 0000000180007ef0 f   LIBCMTD:dbgheap.obj
 0001:00006f40       _CrtMemDumpStatistics      0000000180007f40 f   LIBCMTD:dbgheap.obj
 0001:000070d0       _CrtReportBlockType        00000001800080d0 f   LIBCMTD:dbgheap.obj
 0001:00007110       _CrtSetAllocHook           0000000180008110 f   LIBCMTD:dbgheap.obj
 0001:00007140       _CrtSetBreakAlloc          0000000180008140 f   LIBCMTD:dbgheap.obj
 0001:00007170       _CrtSetCheckCount          0000000180008170 f   LIBCMTD:dbgheap.obj
 0001:00007190       _CrtSetDbgBlockType        0000000180008190 f   LIBCMTD:dbgheap.obj
 0001:00007260       _CrtSetDbgFlag             0000000180008260 f   LIBCMTD:dbgheap.obj
 0001:000073a0       _CrtSetDebugFillThreshold  00000001800083a0 f   LIBCMTD:dbgheap.obj
 0001:000073d0       _CrtSetDumpClient          00000001800083d0 f   LIBCMTD:dbgheap.obj
 0001:00007400       _aligned_free              0000000180008400 f   LIBCMTD:dbgheap.obj
 0001:00007420       _aligned_free_dbg          0000000180008420 f   LIBCMTD:dbgheap.obj
 0001:00007510       _aligned_malloc            0000000180008510 f   LIBCMTD:dbgheap.obj
 0001:00007540       _aligned_malloc_dbg        0000000180008540 f   LIBCMTD:dbgheap.obj
 0001:00007580       _aligned_msize             0000000180008580 f   LIBCMTD:dbgheap.obj
 0001:000075b0       _aligned_msize_dbg         00000001800085b0 f   LIBCMTD:dbgheap.obj
 0001:00007770       _aligned_offset_malloc     0000000180008770 f   LIBCMTD:dbgheap.obj
 0001:000077b0       _aligned_offset_malloc_dbg 00000001800087b0 f   LIBCMTD:dbgheap.obj
 0001:00007a90       _aligned_offset_realloc    0000000180008a90 f   LIBCMTD:dbgheap.obj
 0001:00007ae0       _aligned_offset_realloc_dbg 0000000180008ae0 f   LIBCMTD:dbgheap.obj
 0001:00007f80       _aligned_offset_recalloc   0000000180008f80 f   LIBCMTD:dbgheap.obj
 0001:00007fe0       _aligned_offset_recalloc_dbg 0000000180008fe0 f   LIBCMTD:dbgheap.obj
 0001:00008100       _aligned_realloc           0000000180009100 f   LIBCMTD:dbgheap.obj
 0001:00008140       _aligned_realloc_dbg       0000000180009140 f   LIBCMTD:dbgheap.obj
 0001:00008190       _aligned_recalloc          0000000180009190 f   LIBCMTD:dbgheap.obj
 0001:000081e0       _aligned_recalloc_dbg      00000001800091e0 f   LIBCMTD:dbgheap.obj
 0001:00008240       _calloc_dbg                0000000180009240 f   LIBCMTD:dbgheap.obj
 0001:000082c0       _calloc_dbg_impl           00000001800092c0 f   LIBCMTD:dbgheap.obj
 0001:00008370       _expand                    0000000180009370 f   LIBCMTD:dbgheap.obj
 0001:000083b0       _expand_dbg                00000001800093b0 f   LIBCMTD:dbgheap.obj
 0001:000084d0       _free_dbg                  00000001800094d0 f   LIBCMTD:dbgheap.obj
 0001:00008510       _free_dbg_nolock           0000000180009510 f   LIBCMTD:dbgheap.obj
 0001:00008c00       _free_nolock               0000000180009c00 f   LIBCMTD:dbgheap.obj
 0001:00008c20       _heap_alloc                0000000180009c20 f   LIBCMTD:dbgheap.obj
 0001:00008c50       _heap_alloc_dbg            0000000180009c50 f   LIBCMTD:dbgheap.obj
 0001:00009170       _invoke_watson_if_oneof    000000018000a170 f i LIBCMTD:dbgheap.obj
 0001:000091e0       _malloc_dbg                000000018000a1e0 f   LIBCMTD:dbgheap.obj
 0001:00009230       _msize                     000000018000a230 f   LIBCMTD:dbgheap.obj
 0001:00009250       _msize_dbg                 000000018000a250 f   LIBCMTD:dbgheap.obj
 0001:00009490       _nh_malloc                 000000018000a490 f   LIBCMTD:dbgheap.obj
 0001:000094d0       _nh_malloc_dbg             000000018000a4d0 f   LIBCMTD:dbgheap.obj
 0001:00009870       _realloc_dbg               000000018000a870 f   LIBCMTD:dbgheap.obj
 0001:000098e0       _recalloc                  000000018000a8e0 f   LIBCMTD:dbgheap.obj
 0001:00009930       _recalloc_dbg              000000018000a930 f   LIBCMTD:dbgheap.obj
 0001:0000a330       __C_specific_handler       000000018000b330 f   LIBCMTD:chandler.obj
 0001:0000a750       ?_invalid_parameter@@YAXPEBG00I_K@Z 000000018000b750 f   LIBCMTD:invarg.obj
 0001:0000a790       ?_invoke_watson@@YAXPEBG00I_K@Z 000000018000b790 f   LIBCMTD:invarg.obj
 0001:0000a7d0       _call_reportfault          000000018000b7d0 f   LIBCMTD:invarg.obj
 0001:0000a900       _get_invalid_parameter_handler 000000018000b900 f   LIBCMTD:invarg.obj
 0001:0000a940       _initp_misc_invarg         000000018000b940 f   LIBCMTD:invarg.obj
 0001:0000a960       _invalid_parameter         000000018000b960 f   LIBCMTD:invarg.obj
 0001:0000a9f0       _invoke_watson             000000018000b9f0 f   LIBCMTD:invarg.obj
 0001:0000aa50       _set_invalid_parameter_handler 000000018000ba50 f   LIBCMTD:invarg.obj
 0001:0000aab0       __doserrno                 000000018000bab0 f   LIBCMTD:dosmap.obj
 0001:0000aae0       _dosmaperr                 000000018000bae0 f   LIBCMTD:dosmap.obj
 0001:0000ab10       _errno                     000000018000bb10 f   LIBCMTD:dosmap.obj
 0001:0000ab40       _get_doserrno              000000018000bb40 f   LIBCMTD:dosmap.obj
 0001:0000ac00       _get_errno                 000000018000bc00 f   LIBCMTD:dosmap.obj
 0001:0000acc0       _get_errno_from_oserr      000000018000bcc0 f   LIBCMTD:dosmap.obj
 0001:0000ad50       _set_doserrno              000000018000bd50 f   LIBCMTD:dosmap.obj
 0001:0000ad90       _set_errno                 000000018000bd90 f   LIBCMTD:dosmap.obj
 0001:0000add0       _fltin2                    000000018000bdd0 f   LIBCMTD:cfin.obj
 0001:0000af20       __STRINGTOLD_L             000000018000bf20 f   LIBCMTD:strgtold.obj
 0001:0000afd0       __addl                     000000018000bfd0 f i LIBCMTD:strgtold.obj
 0001:0000b030       __ld12mul                  000000018000c030 f i LIBCMTD:strgtold.obj
 0001:0000b5a0       __multtenpow12             000000018000c5a0 f i LIBCMTD:strgtold.obj
 0001:0000b6d0       __shl_12                   000000018000c6d0 f i LIBCMTD:strgtold.obj
 0001:0000b770       __shr_12                   000000018000c770 f i LIBCMTD:strgtold.obj
 0001:0000b810       __strgtold12_l             000000018000c810 f   LIBCMTD:strgtold.obj
 0001:0000c5d0       __addlocaleref             000000018000d5d0 f   LIBCMTD:localref.obj
 0001:0000c720       __freetlocinfo             000000018000d720 f   LIBCMTD:localref.obj
 0001:0000cad0       __removelocaleref          000000018000dad0 f   LIBCMTD:localref.obj
 0001:0000cc30       __updatetlocinfo           000000018000dc30 f   LIBCMTD:localref.obj
 0001:0000ccd0       _updatetlocinfoEx_nolock   000000018000dcd0 f   LIBCMTD:localref.obj
 0001:0000cd70       __initmbctable             000000018000dd70 f   LIBCMTD:mbctype.obj
 0001:0000d400       __updatetmbcinfo           000000018000e400 f   LIBCMTD:mbctype.obj
 0001:0000d500       _getmbcp                   000000018000e500 f   LIBCMTD:mbctype.obj
 0001:0000d580       _setmbcp                   000000018000e580 f   LIBCMTD:mbctype.obj
 0001:0000d870       _setmbcp_nolock            000000018000e870 f   LIBCMTD:mbctype.obj
 0001:0000dcc0       _chvalidator               000000018000ecc0 f   LIBCMTD:isctype.obj
 0001:0000dd30       _chvalidator_l             000000018000ed30 f   LIBCMTD:isctype.obj
 0001:0000de40       _isctype                   000000018000ee40 f   LIBCMTD:isctype.obj
 0001:0000de90       _isctype_l                 000000018000ee90 f   LIBCMTD:isctype.obj
 0001:0000e070       __get_flsindex             000000018000f070 f   LIBCMTD:tidtable.obj
 0001:0000e080       __threadhandle             000000018000f080 f   LIBCMTD:tidtable.obj
 0001:0000e090       __threadid                 000000018000f090 f   LIBCMTD:tidtable.obj
 0001:0000e0a0       _freefls                   000000018000f0a0 f   LIBCMTD:tidtable.obj
 0001:0000e2b0       _freeptd                   000000018000f2b0 f   LIBCMTD:tidtable.obj
 0001:0000e300       _getptd                    000000018000f300 f   LIBCMTD:tidtable.obj
 0001:0000e330       _getptd_noexit             000000018000f330 f   LIBCMTD:tidtable.obj
 0001:0000e400       _initptd                   000000018000f400 f   LIBCMTD:tidtable.obj
 0001:0000e520       _mtinit                    000000018000f520 f   LIBCMTD:tidtable.obj
 0001:0000e5e0       _mtterm                    000000018000f5e0 f   LIBCMTD:tidtable.obj
 0001:0000e610       ?_CrtDbgReportW@@YAHHPEBGH00ZZ 000000018000f610 f   LIBCMTD:dbgrptw.obj
 0001:0000e690       _CrtDbgReportW             000000018000f690 f   LIBCMTD:dbgrptw.obj
 0001:0000e710       _CrtDbgReportWV            000000018000f710 f i LIBCMTD:dbgrptw.obj
 0001:0000e770       _CrtSetReportHookW2        000000018000f770 f   LIBCMTD:dbgrptw.obj
 0001:0000eb80       __crtMessageWindowW        000000018000fb80 f   LIBCMTD:dbgrptw.obj
 0001:0000f200       _invoke_watson_if_error    0000000180010200 f i LIBCMTD:dbgrptw.obj
 0001:0000f250       __GSHandlerCheck           0000000180010250 f   LIBCMTD:gshandler.obj
 0001:0000f290       __GSHandlerCheckCommon     0000000180010290 f   LIBCMTD:gshandler.obj
 0001:0000f3a0       __security_check_cookie    00000001800103a0 f   LIBCMTD:amdsecgs.obj
 0001:0000fa60       _strtoi64                  0000000180010a60 f   LIBCMTD:strtoq.obj
 0001:0000fad0       _strtoi64_l                0000000180010ad0 f   LIBCMTD:strtoq.obj
 0001:0000fb10       _strtoui64                 0000000180010b10 f   LIBCMTD:strtoq.obj
 0001:0000fb80       _strtoui64_l               0000000180010b80 f   LIBCMTD:strtoq.obj
 0001:000102b0       _strtol_l                  00000001800112b0 f   LIBCMTD:strtol.obj
 0001:000102f0       _strtoul_l                 00000001800112f0 f   LIBCMTD:strtol.obj
 0001:00010330       strtol                     0000000180011330 f   LIBCMTD:strtol.obj
 0001:000103a0       strtoul                    00000001800113a0 f   LIBCMTD:strtol.obj
 0001:00010410       __isa_available_init       0000000180011410 f   LIBCMTD:cpu_disp.obj
 0001:00010600       ?strrchr@@YAPEADPEADH@Z    0000000180011600 f i LIBCMTD:cvt.obj
 0001:00010620       _cfltcvt                   0000000180011620 f   LIBCMTD:cvt.obj
 0001:00010670       _cfltcvt_l                 0000000180011670 f   LIBCMTD:cvt.obj
 0001:00010790       _cftoa                     0000000180011790 f   LIBCMTD:cvt.obj
 0001:000107e0       _cftoa_l                   00000001800117e0 f   LIBCMTD:cvt.obj
 0001:000112e0       _cftoe                     00000001800122e0 f   LIBCMTD:cvt.obj
 0001:00011900       _cftoe_l                   0000000180012900 f   LIBCMTD:cvt.obj
 0001:00011c40       _cftof                     0000000180012c40 f   LIBCMTD:cvt.obj
 0001:00012040       _cftof_l                   0000000180013040 f   LIBCMTD:cvt.obj
 0001:00012320       _cftog                     0000000180013320 f   LIBCMTD:cvt.obj
 0001:00012370       _cftog_l                   0000000180013370 f   LIBCMTD:cvt.obj
 0001:00012730       _cropzeros                 0000000180013730 f   LIBCMTD:cvt.obj
 0001:00012750       _cropzeros_l               0000000180013750 f   LIBCMTD:cvt.obj
 0001:000128d0       _fassign                   00000001800138d0 f   LIBCMTD:cvt.obj
 0001:00012900       _fassign_l                 0000000180013900 f   LIBCMTD:cvt.obj
 0001:00012970       _forcdecpt                 0000000180013970 f   LIBCMTD:cvt.obj
 0001:00012990       _forcdecpt_l               0000000180013990 f   LIBCMTD:cvt.obj
 0001:00012a90       _positive                  0000000180013a90 f   LIBCMTD:cvt.obj
 0001:00012b20       _initp_misc_cfltcvt_tab    0000000180013b20 f   LIBCMTD:cmiscdat.obj
 0001:00012b70       _FF_MSGBANNER              0000000180013b70 f   LIBCMTD:crt0msg.obj
 0001:00012bc0       _GET_RTERRMSG              0000000180013bc0 f   LIBCMTD:crt0msg.obj
 0001:00012c20       _NMSG_WRITE                0000000180013c20 f   LIBCMTD:crt0msg.obj
 0001:00013050       _set_abort_behavior        0000000180014050 f   LIBCMTD:abort.obj
 0001:00013090       abort                      0000000180014090 f   LIBCMTD:abort.obj
 0001:00013120       __getlocaleinfo            0000000180014120 f   LIBCMTD:inithelp.obj
 0001:000134a0       _initp_misc_purevirt       00000001800144a0 f   LIBCMTD:inithelp.obj
 0001:000134c0       ??0__non_rtti_object@std@@QEAA@AEBV01@@Z 00000001800144c0 f   LIBCMTD:stdexcpt.obj
 0001:00013500       ??0__non_rtti_object@std@@QEAA@PEBD@Z 0000000180014500 f   LIBCMTD:stdexcpt.obj
 0001:00013540       ??0bad_cast@std@@QEAA@AEBV01@@Z 0000000180014540 f   LIBCMTD:stdexcpt.obj
 0001:00013580       ??0bad_cast@std@@QEAA@PEBD@Z 0000000180014580 f   LIBCMTD:stdexcpt.obj
 0001:000135c0       ??0bad_typeid@std@@QEAA@AEBV01@@Z 00000001800145c0 f   LIBCMTD:stdexcpt.obj
 0001:00013600       ??0bad_typeid@std@@QEAA@PEBD@Z 0000000180014600 f   LIBCMTD:stdexcpt.obj
 0001:00013640       ??0exception@std@@QEAA@AEBQEBD@Z 0000000180014640 f   LIBCMTD:stdexcpt.obj
 0001:00013690       ??0exception@std@@QEAA@AEBQEBDH@Z 0000000180014690 f   LIBCMTD:stdexcpt.obj
 0001:000136d0       ??0exception@std@@QEAA@AEBV01@@Z 00000001800146d0 f   LIBCMTD:stdexcpt.obj
 0001:00013720       ??0exception@std@@QEAA@XZ  0000000180014720 f   LIBCMTD:stdexcpt.obj
 0001:00013750       ??1__non_rtti_object@std@@UEAA@XZ 0000000180014750 f   LIBCMTD:stdexcpt.obj
 0001:00013780       ??1bad_cast@std@@UEAA@XZ   0000000180014780 f   LIBCMTD:stdexcpt.obj
 0001:000137b0       ??1bad_typeid@std@@UEAA@XZ 00000001800147b0 f   LIBCMTD:stdexcpt.obj
 0001:000137e0       ??1exception@std@@UEAA@XZ  00000001800147e0 f   LIBCMTD:stdexcpt.obj
 0001:00013810       ??4exception@std@@QEAAAEAV01@AEBV01@@Z 0000000180014810 f   LIBCMTD:stdexcpt.obj
 0001:00013880       ??_G__non_rtti_object@std@@UEAAPEAXI@Z 0000000180014880 f i LIBCMTD:stdexcpt.obj
 0001:00013880       ??_E__non_rtti_object@std@@UEAAPEAXI@Z 0000000180014880 f i LIBCMTD:stdexcpt.obj
 0001:000138c0       ??_Ebad_cast@std@@UEAAPEAXI@Z 00000001800148c0 f i LIBCMTD:stdexcpt.obj
 0001:000138c0       ??_Gbad_cast@std@@UEAAPEAXI@Z 00000001800148c0 f i LIBCMTD:stdexcpt.obj
 0001:00013900       ??_Gbad_typeid@std@@UEAAPEAXI@Z 0000000180014900 f i LIBCMTD:stdexcpt.obj
 0001:00013900       ??_Ebad_typeid@std@@UEAAPEAXI@Z 0000000180014900 f i LIBCMTD:stdexcpt.obj
 0001:00013940       ??_Gexception@std@@UEAAPEAXI@Z 0000000180014940 f i LIBCMTD:stdexcpt.obj
 0001:00013940       ??_Eexception@std@@UEAAPEAXI@Z 0000000180014940 f i LIBCMTD:stdexcpt.obj
 0001:00013980       ?_Copy_str@exception@std@@AEAAXPEBD@Z 0000000180014980 f   LIBCMTD:stdexcpt.obj
 0001:000139f0       ?_Tidy@exception@std@@AEAAXXZ 00000001800149f0 f   LIBCMTD:stdexcpt.obj
 0001:00013a30       ?what@exception@std@@UEBAPEBDXZ 0000000180014a30 f   LIBCMTD:stdexcpt.obj
 0001:00013a70       ?_query_new_handler@@YAP6AH_K@ZXZ 0000000180014a70 f   LIBCMTD:handler.obj
 0001:00013a90       ?_set_new_handler@@YAP6AH_K@ZH@Z 0000000180014a90 f   LIBCMTD:handler.obj
 0001:00013af0       ?_set_new_handler@@YAP6AH_K@ZP6AH0@Z@Z 0000000180014af0 f   LIBCMTD:handler.obj
 0001:00013b40       _callnewh                  0000000180014b40 f   LIBCMTD:handler.obj
 0001:00013b80       _initp_heap_handler        0000000180014b80 f   LIBCMTD:handler.obj
 0001:00013ba0       _CxxThrowException         0000000180014ba0 f   LIBCMTD:throw.obj
 0001:00013cb0       _lock                      0000000180014cb0 f   LIBCMTD:mlock.obj
 0001:00013d10       _lockerr_exit              0000000180014d10 f   LIBCMTD:mlock.obj
 0001:00013d40       _mtdeletelocks             0000000180014d40 f   LIBCMTD:mlock.obj
 0001:00013e60       _mtinitlocknum             0000000180014e60 f   LIBCMTD:mlock.obj
 0001:00013f60       _mtinitlocks               0000000180014f60 f   LIBCMTD:mlock.obj
 0001:00014000       _unlock                    0000000180015000 f   LIBCMTD:mlock.obj
 0001:00014030       _flsbuf                    0000000180015030 f   LIBCMTD:_flsbuf.obj
 0001:000143f0       memset                     00000001800153f0 f   LIBCMTD:memset.obj
 0001:00014500       _output_l                  0000000180015500 f   LIBCMTD:output.obj
 0001:00015d20       get_int64_arg              0000000180016d20 f i LIBCMTD:output.obj
 0001:00015d90       get_int_arg                0000000180016d90 f i LIBCMTD:output.obj
 0001:00015df0       get_short_arg              0000000180016df0 f i LIBCMTD:output.obj
 0001:00016090       _output_s_l                0000000180017090 f   LIBCMTD:outputs.obj
 0001:00017c90       _output_p_l                0000000180018c90 f   LIBCMTD:outputp.obj
 0001:0001c190       _validate_param_reuseA     000000018001d190 f   LIBCMTD:outputp.obj
 0001:0001c500       get_crtdouble_arg          000000018001d500 f i LIBCMTD:outputp.obj
 0001:0001c7b0       strcmp                     000000018001d7b0 f   LIBCMTD:strcmp.obj
 0001:0001c820       ?_Name_base@type_info@@CAPEBDPEBV1@PEAU__type_info_node@@@Z 000000018001d820 f   LIBCMTD:typname.obj
 0001:0001c9f0       ?_Name_base_internal@type_info@@CAPEBDPEBV1@PEAU__type_info_node@@@Z 000000018001d9f0 f   LIBCMTD:typname.obj
 0001:0001cbf0       ?_Type_info_dtor@type_info@@CAXPEAV1@@Z 000000018001dbf0 f   LIBCMTD:typname.obj
 0001:0001cd00       ?_Type_info_dtor_internal@type_info@@CAXPEAV1@@Z 000000018001dd00 f   LIBCMTD:typname.obj
 0001:0001ce10       __clean_type_info_names_internal 000000018001de10 f   LIBCMTD:typname.obj
 0001:0001ce90       __unDNameHelper            000000018001de90 f   LIBCMTD:typname.obj
 0001:0001cf00       _XcptFilter                000000018001df00 f   LIBCMTD:winxfltr.obj
 0001:0001d1a0       __CppXcptFilter            000000018001e1a0 f   LIBCMTD:winxfltr.obj
 0001:0001d260       _get_heap_handle           000000018001e260 f   LIBCMTD:heapinit.obj
 0001:0001d2c0       _heap_init                 000000018001e2c0 f   LIBCMTD:heapinit.obj
 0001:0001d2f0       _heap_term                 000000018001e2f0 f   LIBCMTD:heapinit.obj
 0001:0001d300       _ioinit                    000000018001e300 f   LIBCMTD:ioinit.obj
 0001:0001d330       _ioinit0                   000000018001e330 f   LIBCMTD:ioinit.obj
 0001:0001d360       _ioinitCallback            000000018001e360 f   LIBCMTD:ioinit.obj
 0001:0001d980       _ioterm                    000000018001e980 f   LIBCMTD:ioinit.obj
 0001:0001da60       _set_pgmptr                000000018001ea60 f i LIBCMTD:stdargv.obj
 0001:0001da80       _setargv                   000000018001ea80 f   LIBCMTD:stdargv.obj
 0001:0001e0e0       _setenvp                   000000018001f0e0 f   LIBCMTD:stdenvp.obj
 0001:0001e2f0       __security_init_cookie     000000018001f2f0 f   LIBCMTD:gs_support.obj
 0001:0001e420       DllMain                    000000018001f420 f   LIBCMTD:dllmain.obj
 0001:0001e440       __crtGetEnvironmentStringsA 000000018001f440 f   LIBCMTD:a_env.obj
 0001:0001e620       __crtCaptureCurrentContext 000000018001f620 f   LIBCMTD:winapisupp.obj
 0001:0001e6c0       __crtCapturePreviousContext 000000018001f6c0 f   LIBCMTD:winapisupp.obj
 0001:0001e780       __crtFlsAlloc              000000018001f780 f   LIBCMTD:winapisupp.obj
 0001:0001e7a0       __crtFlsFree               000000018001f7a0 f   LIBCMTD:winapisupp.obj
 0001:0001e7c0       __crtFlsGetValue           000000018001f7c0 f   LIBCMTD:winapisupp.obj
 0001:0001e7e0       __crtFlsSetValue           000000018001f7e0 f   LIBCMTD:winapisupp.obj
 0001:0001e810       __crtGetShowWindowMode     000000018001f810 f   LIBCMTD:winapisupp.obj
 0001:0001e850       __crtIsPackagedApp         000000018001f850 f   LIBCMTD:winapisupp.obj
 0001:0001e890       __crtSetUnhandledExceptionFilter 000000018001f890 f   LIBCMTD:winapisupp.obj
 0001:0001e8b0       __crtTerminateProcess      000000018001f8b0 f   LIBCMTD:winapisupp.obj
 0001:0001e8d0       __crtUnhandledException    000000018001f8d0 f   LIBCMTD:winapisupp.obj
 0001:0001e900       _RTC_Initialize            000000018001f900 f   LIBCMTD:initsect.obj
 0001:0001e940       _RTC_Terminate             000000018001f940 f   LIBCMTD:initsect.obj
 0001:0001e980       _FindPESection             000000018001f980 f   LIBCMTD:pesect.obj
 0001:0001ea30       _IsNonwritableInCurrentImage 000000018001fa30 f   LIBCMTD:pesect.obj
 0001:0001eac0       _ValidateImageBase         000000018001fac0 f   LIBCMTD:pesect.obj
 0001:0001eb40       ?_inconsistency@@YAXXZ     000000018001fb40 f   LIBCMTD:hooks.obj
 0001:0001eb70       ?terminate@@YAXXZ          000000018001fb70 f   LIBCMTD:hooks.obj
 0001:0001eba0       ?unexpected@@YAXXZ         000000018001fba0 f   LIBCMTD:hooks.obj
 0001:0001ebd0       _initp_eh_hooks            000000018001fbd0 f   LIBCMTD:hooks.obj
 0001:0001ec00       _initp_misc_rand_s         000000018001fc00 f   LIBCMTD:rand_s.obj
 0001:0001ec20       rand_s                     000000018001fc20 f   LIBCMTD:rand_s.obj
 0001:0001ef50       __fpecode                  000000018001ff50 f   LIBCMTD:winsig.obj
 0001:0001ef70       __get_sigabrt              000000018001ff70 f   LIBCMTD:winsig.obj
 0001:0001ef90       __pxcptinfoptrs            000000018001ff90 f   LIBCMTD:winsig.obj
 0001:0001efb0       _initp_misc_winsig         000000018001ffb0 f   LIBCMTD:winsig.obj
 0001:0001f0b0       raise                      00000001800200b0 f   LIBCMTD:winsig.obj
 0001:0001f500       signal                     0000000180020500 f   LIBCMTD:winsig.obj
 0001:0001f940       _ftbuf                     0000000180020940 f   LIBCMTD:_sftbuf.obj
 0001:0001fa00       _stbuf                     0000000180020a00 f   LIBCMTD:_sftbuf.obj
 0001:0001fbe0       __raise_securityfailure    0000000180020be0 f   LIBCMTD:gs_report.obj
 0001:0001fc30       __report_gsfailure         0000000180020c30 f   LIBCMTD:gs_report.obj
 0001:0001fd10       __report_rangecheckfailure 0000000180020d10 f   LIBCMTD:gs_report.obj
 0001:0001fd30       __report_securityfailure   0000000180020d30 f   LIBCMTD:gs_report.obj
 0001:0001fdd0       __report_securityfailureEx 0000000180020dd0 f   LIBCMTD:gs_report.obj
 0001:0001fee0       _free_base                 0000000180020ee0 f   LIBCMTD:free.obj
 0001:0001ff40       _realloc_base              0000000180020f40 f   LIBCMTD:realloc.obj
 0001:00020060       _expand_base               0000000180021060 f   LIBCMTD:expand.obj
 0001:00020240       _CrtDbgReport              0000000180021240 f   LIBCMTD:dbgrpt.obj
 0001:000202c0       _CrtDbgReportV             00000001800212c0 f i LIBCMTD:dbgrpt.obj
 0001:00020320       _CrtSetReportHook2         0000000180021320 f   LIBCMTD:dbgrpt.obj
 0001:00020730       __crtMessageWindowA        0000000180021730 f   LIBCMTD:dbgrpt.obj
 0001:00020db0       _heapchk                   0000000180021db0 f   LIBCMTD:heapchk.obj
 0001:00020df0       _heapset                   0000000180021df0 f   LIBCMTD:heapchk.obj
 0001:00020e10       _scprintf                  0000000180021e10 f   LIBCMTD:sprintf.obj
 0001:00020e50       _scprintf_l                0000000180021e50 f   LIBCMTD:sprintf.obj
 0001:00020e90       _scprintf_p                0000000180021e90 f   LIBCMTD:sprintf.obj
 0001:00020ed0       _scprintf_p_l              0000000180021ed0 f   LIBCMTD:sprintf.obj
 0001:00020f10       _snprintf_s                0000000180021f10 f   LIBCMTD:sprintf.obj
 0001:00020f70       _snprintf_s_l              0000000180021f70 f   LIBCMTD:sprintf.obj
 0001:00020fd0       _sprintf_l                 0000000180021fd0 f   LIBCMTD:sprintf.obj
 0001:00021010       _sprintf_p                 0000000180022010 f   LIBCMTD:sprintf.obj
 0001:00021060       _sprintf_p_l               0000000180022060 f   LIBCMTD:sprintf.obj
 0001:000210b0       _sprintf_s_l               00000001800220b0 f   LIBCMTD:sprintf.obj
 0001:00021100       sprintf                    0000000180022100 f   LIBCMTD:sprintf.obj
 0001:00021380       sprintf_s                  0000000180022380 f   LIBCMTD:sprintf.obj
 0001:000213d0       _heap_alloc_base           00000001800223d0 f i LIBCMTD:malloc.obj
 0001:00021440       _malloc_base               0000000180022440 f   LIBCMTD:malloc.obj
 0001:000214e0       _CrtDefaultAllocHook       00000001800224e0 f   LIBCMTD:dbghook.obj
 0001:00021500       __crt_debugger_hook        0000000180022500 f   LIBCMTD:dbghook.obj
 0001:00021520       _local_unwind              0000000180022520 f   LIBCMTD:jmpuwind.obj
 0001:00021550       _NLG_Notify                0000000180022550 f   LIBCMTD:jmpuwind.obj
 0001:00021570       __NLG_Dispatch2            0000000180022570 f   LIBCMTD:jmpuwind.obj
 0001:00021580       __NLG_Return2              0000000180022580 f   LIBCMTD:jmpuwind.obj
 0001:00021590       _CopyMan                   0000000180022590 f i LIBCMTD:intrncvt.obj
 0001:00021600       _FillZeroMan               0000000180022600 f i LIBCMTD:intrncvt.obj
 0001:00021640       _IncMan                    0000000180022640 f i LIBCMTD:intrncvt.obj
 0001:00021720       _IsZeroMan                 0000000180022720 f i LIBCMTD:intrncvt.obj
 0001:00021760       _RoundMan                  0000000180022760 f i LIBCMTD:intrncvt.obj
 0001:00021870       _ShrMan                    0000000180022870 f i LIBCMTD:intrncvt.obj
 0001:000219b0       _ZeroTail                  00000001800229b0 f i LIBCMTD:intrncvt.obj
 0001:00021a60       _ld12cvt                   0000000180022a60 f i LIBCMTD:intrncvt.obj
 0001:00021dd0       _ld12tod                   0000000180022dd0 f   LIBCMTD:intrncvt.obj
 0001:00021e00       _ld12tof                   0000000180022e00 f   LIBCMTD:intrncvt.obj
 0001:00021e30       _ld12told                  0000000180022e30 f   LIBCMTD:intrncvt.obj
 0001:00021f60       __add_12                   0000000180022f60 f i LIBCMTD:mantold.obj
 0001:00022040       __mtold12                  0000000180023040 f   LIBCMTD:mantold.obj
 0001:000221d0       __free_lconv_mon           00000001800231d0 f   LIBCMTD:initmon.obj
 0001:000223e0       __init_monetary            00000001800233e0 f   LIBCMTD:initmon.obj
 0001:00022cb0       __free_lconv_num           0000000180023cb0 f   LIBCMTD:initnum.obj
 0001:00022d90       __init_numeric             0000000180023d90 f   LIBCMTD:initnum.obj
 0001:00023300       __free_lc_time             0000000180024300 f   LIBCMTD:inittime.obj
 0001:00023d60       __init_time                0000000180024d60 f   LIBCMTD:inittime.obj
 0001:000254d0       localeconv                 00000001800264d0 f   LIBCMTD:lconv.obj
 0001:000259b0       _MarkAllocaS               00000001800269b0 f i LIBCMTD:a_map.obj
 0001:000259e0       __crtLCMapStringA          00000001800269e0 f   LIBCMTD:a_map.obj
 0001:00025a90       _freea                     0000000180026a90 f i LIBCMTD:a_map.obj
 0001:00025ca0       __crtGetStringTypeA        0000000180026ca0 f   LIBCMTD:a_str.obj
 0001:00025dc0       ?_ExecutionInCatch@@YAHPEAU_xDISPATCHER_CONTEXT@@PEBU_s_FuncInfo@@@Z 0000000180026dc0 f   LIBCMTD:trnsctrl.obj
 0001:00025e10       ?_GetEstablisherFrame@@YAPEA_KPEA_KPEAU_xDISPATCHER_CONTEXT@@PEBU_s_FuncInfo@@0@Z 0000000180026e10 f   LIBCMTD:trnsctrl.obj
 0001:00025f80       ?_GetRangeOfTrysToCheck@@YAPEBU_s_TryBlockMapEntry@@PEA_KPEBU_s_FuncInfo@@HHPEAI2PEAU_xDISPATCHER_CONTEXT@@@Z 0000000180026f80 f   LIBCMTD:trnsctrl.obj
 0001:000261a0       ?__FrameUnwindToEmptyState@@YAXPEA_KPEAU_xDISPATCHER_CONTEXT@@PEBU_s_FuncInfo@@@Z 00000001800271a0 f   LIBCMTD:trnsctrl.obj
 0001:00026240       ?__SehTransFilter@@YAHPEAU_EXCEPTION_POINTERS@@PEAUEHExceptionRecord@@PEA_KPEAU_CONTEXT@@PEAU_xDISPATCHER_CONTEXT@@PEBU_s_FuncInfo@@PEAH@Z 0000000180027240 f   LIBCMTD:trnsctrl.obj
 0001:00026300       _CallSETranslator          0000000180027300 f   LIBCMTD:trnsctrl.obj
 0001:00026380       _CreateFrameInfo           0000000180027380 f   LIBCMTD:trnsctrl.obj
 0001:00026400       _FindAndUnlinkFrame        0000000180027400 f   LIBCMTD:trnsctrl.obj
 0001:00026490       _GetImageBase              0000000180027490 f   LIBCMTD:trnsctrl.obj
 0001:000264b0       _GetThrowImageBase         00000001800274b0 f   LIBCMTD:trnsctrl.obj
 0001:000264d0       _IsExceptionObjectToBeDestroyed 00000001800274d0 f   LIBCMTD:trnsctrl.obj
 0001:00026530       _MoveContext               0000000180027530 f   LIBCMTD:trnsctrl.obj
 0001:00026560       _SetImageBase              0000000180027560 f   LIBCMTD:trnsctrl.obj
 0001:00026580       _SetThrowImageBase         0000000180027580 f   LIBCMTD:trnsctrl.obj
 0001:000265a0       _UnwindNestedFrames        00000001800275a0 f   LIBCMTD:trnsctrl.obj
 0001:00026710       __CxxFrameHandler          0000000180027710 f   LIBCMTD:trnsctrl.obj
 0001:000267d0       __CxxFrameHandler2         00000001800277d0 f   LIBCMTD:trnsctrl.obj
 0001:00026810       __CxxFrameHandler3         0000000180027810 f   LIBCMTD:trnsctrl.obj
 0001:000268d0       __iswcsym                  00000001800278d0 f i LIBCMTD:_wctype.obj
 0001:00026910       __iswcsymf                 0000000180027910 f i LIBCMTD:_wctype.obj
 0001:00026950       _isleadbyte_l              0000000180027950 f i LIBCMTD:_wctype.obj
 0001:000269b0       _iswalnum_l                00000001800279b0 f i LIBCMTD:_wctype.obj
 0001:000269e0       _iswalpha_l                00000001800279e0 f i LIBCMTD:_wctype.obj
 0001:00026a10       _iswcntrl_l                0000000180027a10 f i LIBCMTD:_wctype.obj
 0001:00026a40       _iswcsym_l                 0000000180027a40 f i LIBCMTD:_wctype.obj
 0001:00026a90       _iswcsymf_l                0000000180027a90 f i LIBCMTD:_wctype.obj
 0001:00026ae0       _iswdigit_l                0000000180027ae0 f i LIBCMTD:_wctype.obj
 0001:00026b10       _iswgraph_l                0000000180027b10 f i LIBCMTD:_wctype.obj
 0001:00026b40       _iswlower_l                0000000180027b40 f i LIBCMTD:_wctype.obj
 0001:00026b70       _iswprint_l                0000000180027b70 f i LIBCMTD:_wctype.obj
 0001:00026ba0       _iswpunct_l                0000000180027ba0 f i LIBCMTD:_wctype.obj
 0001:00026bd0       _iswspace_l                0000000180027bd0 f i LIBCMTD:_wctype.obj
 0001:00026c00       _iswupper_l                0000000180027c00 f i LIBCMTD:_wctype.obj
 0001:00026c30       _iswxdigit_l               0000000180027c30 f i LIBCMTD:_wctype.obj
 0001:00026c60       isleadbyte                 0000000180027c60 f i LIBCMTD:_wctype.obj
 0001:00026c80       iswalnum                   0000000180027c80 f i LIBCMTD:_wctype.obj
 0001:00026ca0       iswalpha                   0000000180027ca0 f i LIBCMTD:_wctype.obj
 0001:00026cc0       iswascii                   0000000180027cc0 f i LIBCMTD:_wctype.obj
 0001:00026cf0       iswcntrl                   0000000180027cf0 f i LIBCMTD:_wctype.obj
 0001:00026d10       iswdigit                   0000000180027d10 f i LIBCMTD:_wctype.obj
 0001:00026d30       iswgraph                   0000000180027d30 f i LIBCMTD:_wctype.obj
 0001:00026d50       iswlower                   0000000180027d50 f i LIBCMTD:_wctype.obj
 0001:00026d70       iswprint                   0000000180027d70 f i LIBCMTD:_wctype.obj
 0001:00026d90       iswpunct                   0000000180027d90 f i LIBCMTD:_wctype.obj
 0001:00026db0       iswspace                   0000000180027db0 f i LIBCMTD:_wctype.obj
 0001:00026dd0       iswupper                   0000000180027dd0 f i LIBCMTD:_wctype.obj
 0001:00026df0       iswxdigit                  0000000180027df0 f i LIBCMTD:_wctype.obj
 0001:00026e10       __init_dummy               0000000180027e10 f   LIBCMTD:wsetloca.obj
 0001:00026e20       _locterm                   0000000180027e20 f   LIBCMTD:wsetloca.obj
 0001:00026e70       ___setlc_active_func       0000000180027e70 f   LIBCMTD:wsetloca.obj
 0001:00026e80       ___unguarded_readlc_active_add_func 0000000180027e80 f   LIBCMTD:wsetloca.obj
 0001:00026e90       __copy_locale_name         0000000180027e90 f   LIBCMTD:wsetloca.obj
 0001:00026f60       __create_locale            0000000180027f60 f   LIBCMTD:wsetloca.obj
 0001:00026f80       __free_locale              0000000180027f80 f   LIBCMTD:wsetloca.obj
 0001:00026fa0       __get_current_locale       0000000180027fa0 f   LIBCMTD:wsetloca.obj
 0001:00026fb0       __lc_lctowcs               0000000180027fb0 f   LIBCMTD:wsetloca.obj
 0001:000270a0       __lc_wcstolc               00000001800280a0 f   LIBCMTD:wsetloca.obj
 0001:00027360       _configthreadlocale        0000000180028360 f   LIBCMTD:wsetloca.obj
 0001:00027520       _create_locale             0000000180028520 f   LIBCMTD:wsetloca.obj
 0001:000275c0       _expandlocale              00000001800285c0 f   LIBCMTD:wsetloca.obj
 0001:00027b30       _free_locale               0000000180028b30 f   LIBCMTD:wsetloca.obj
 0001:00027c20       _get_current_locale        0000000180028c20 f   LIBCMTD:wsetloca.obj
 0001:00027d00       _wcreate_locale            0000000180028d00 f   LIBCMTD:wsetloca.obj
 0001:00027f30       _wcscats                   0000000180028f30 f   LIBCMTD:wsetloca.obj
 0001:00027fe0       _wsetlocale                0000000180028fe0 f   LIBCMTD:wsetloca.obj
 0001:000292f0       memcpy_s                   000000018002a2f0 f   LIBCMTD:memcpy_s.obj
 0001:00029560       wcscpy_s                   000000018002a560 f   LIBCMTD:wcscpy_s.obj
 0001:00029a10       wcslen                     000000018002aa10 f   LIBCMTD:wcslen.obj
 0001:00029a60       __swprintf_l               000000018002aa60 f   LIBCMTD:swprintf.obj
 0001:00029aa0       _scwprintf                 000000018002aaa0 f   LIBCMTD:swprintf.obj
 0001:00029ae0       _scwprintf_l               000000018002aae0 f   LIBCMTD:swprintf.obj
 0001:00029b20       _scwprintf_p               000000018002ab20 f   LIBCMTD:swprintf.obj
 0001:00029b60       _scwprintf_p_l             000000018002ab60 f   LIBCMTD:swprintf.obj
 0001:00029ba0       _snwprintf_s               000000018002aba0 f   LIBCMTD:swprintf.obj
 0001:00029c00       _snwprintf_s_l             000000018002ac00 f   LIBCMTD:swprintf.obj
 0001:00029c60       _swprintf                  000000018002ac60 f   LIBCMTD:swprintf.obj
 0001:00029f40       _swprintf_p                000000018002af40 f   LIBCMTD:swprintf.obj
 0001:00029f90       _swprintf_p_l              000000018002af90 f   LIBCMTD:swprintf.obj
 0001:00029fe0       _swprintf_s_l              000000018002afe0 f   LIBCMTD:swprintf.obj
 0001:0002a030       swprintf_s                 000000018002b030 f   LIBCMTD:swprintf.obj
 0001:0002a080       __crtMessageBoxW           000000018002b080 f   LIBCMTD:crtmboxw.obj
 0001:0002a4f0       __crtMessageBoxWaitThreadW 000000018002b4f0 f   LIBCMTD:crtmboxw.obj
 0001:0002a540       _CrtDbgBreak               000000018002b540 f   LIBCMTD:dbgrptt.obj
 0001:0002a550       _CrtGetReportHook          000000018002b550 f   LIBCMTD:dbgrptt.obj
 0001:0002a560       _CrtSetReportFile          000000018002b560 f   LIBCMTD:dbgrptt.obj
 0001:0002a6c0       _CrtSetReportHook          000000018002b6c0 f   LIBCMTD:dbgrptt.obj
 0001:0002a6f0       _CrtSetReportMode          000000018002b6f0 f   LIBCMTD:dbgrptt.obj
 0001:0002a8b0       _VCrtDbgReportA            000000018002b8b0 f   LIBCMTD:dbgrptt.obj
 0001:0002b280       _VCrtDbgReportW            000000018002c280 f   LIBCMTD:dbgrptt.obj
 0001:0002bdd0       __chkstk                   000000018002cdd0 f   LIBCMTD:chkstk.obj
 0001:0002bdd0       _alloca_probe              000000018002cdd0     LIBCMTD:chkstk.obj
 0001:0002be20       __pctype_func              000000018002ce20 f   LIBCMTD:ctype.obj
 0001:0002be80       __pwctype_func             000000018002ce80 f   LIBCMTD:ctype.obj
 0001:0002be90       __isascii                  000000018002ce90 f i LIBCMTD:_ctype.obj
 0001:0002bec0       __iscsym                   000000018002cec0 f i LIBCMTD:_ctype.obj
 0001:0002bf00       __iscsymf                  000000018002cf00 f i LIBCMTD:_ctype.obj
 0001:0002bf40       __toascii                  000000018002cf40 f i LIBCMTD:_ctype.obj
 0001:0002bf50       _isalnum_l                 000000018002cf50 f i LIBCMTD:_ctype.obj
 0001:0002bff0       _isalpha_l                 000000018002cff0 f i LIBCMTD:_ctype.obj
 0001:0002c090       _iscntrl_l                 000000018002d090 f i LIBCMTD:_ctype.obj
 0001:0002c130       _iscsym_l                  000000018002d130 f i LIBCMTD:_ctype.obj
 0001:0002c180       _iscsymf_l                 000000018002d180 f i LIBCMTD:_ctype.obj
 0001:0002c1d0       _isdigit_l                 000000018002d1d0 f i LIBCMTD:_ctype.obj
 0001:0002c270       _isgraph_l                 000000018002d270 f i LIBCMTD:_ctype.obj
 0001:0002c310       _islower_l                 000000018002d310 f i LIBCMTD:_ctype.obj
 0001:0002c3b0       _isprint_l                 000000018002d3b0 f i LIBCMTD:_ctype.obj
 0001:0002c450       _ispunct_l                 000000018002d450 f i LIBCMTD:_ctype.obj
 0001:0002c4f0       _isspace_l                 000000018002d4f0 f i LIBCMTD:_ctype.obj
 0001:0002c590       _isupper_l                 000000018002d590 f i LIBCMTD:_ctype.obj
 0001:0002c630       _isxdigit_l                000000018002d630 f i LIBCMTD:_ctype.obj
 0001:0002c6d0       isalnum                    000000018002d6d0 f i LIBCMTD:_ctype.obj
 0001:0002c710       isalpha                    000000018002d710 f i LIBCMTD:_ctype.obj
 0001:0002c750       iscntrl                    000000018002d750 f i LIBCMTD:_ctype.obj
 0001:0002c790       isdigit                    000000018002d790 f i LIBCMTD:_ctype.obj
 0001:0002c7d0       isgraph                    000000018002d7d0 f i LIBCMTD:_ctype.obj
 0001:0002c810       islower                    000000018002d810 f i LIBCMTD:_ctype.obj
 0001:0002c850       isprint                    000000018002d850 f i LIBCMTD:_ctype.obj
 0001:0002c890       ispunct                    000000018002d890 f i LIBCMTD:_ctype.obj
 0001:0002c8d0       isspace                    000000018002d8d0 f i LIBCMTD:_ctype.obj
 0001:0002c910       isupper                    000000018002d910 f i LIBCMTD:_ctype.obj
 0001:0002c950       isxdigit                   000000018002d950 f i LIBCMTD:_ctype.obj
 0001:0002c990       _tolower                   000000018002d990 f   LIBCMTD:tolower.obj
 0001:0002c9a0       _tolower_l                 000000018002d9a0 f   LIBCMTD:tolower.obj
 0001:0002cd00       tolower                    000000018002dd00 f   LIBCMTD:tolower.obj
 0001:0002cd50       strcpy_s                   000000018002dd50 f   LIBCMTD:strcpy_s.obj
 0001:0002d200       strlen                     000000018002e200 f   LIBCMTD:strlen.obj
 0001:0002d2b0       strrchr                    000000018002e2b0 f   LIBCMTD:strrchr.obj
 0001:0002d6d0       _fptostr                   000000018002e6d0 f   LIBCMTD:_fptostr.obj
 0001:0002db30       _atodbl                    000000018002eb30 f   LIBCMTD:atodbl.obj
 0001:0002db60       _atodbl_l                  000000018002eb60 f   LIBCMTD:atodbl.obj
 0001:0002dce0       _atoflt                    000000018002ece0 f   LIBCMTD:atodbl.obj
 0001:0002dd10       _atoflt_l                  000000018002ed10 f   LIBCMTD:atodbl.obj
 0001:0002de90       _atoldbl                   000000018002ee90 f   LIBCMTD:atodbl.obj
 0001:0002dec0       _atoldbl_l                 000000018002eec0 f   LIBCMTD:atodbl.obj
 0001:0002e040       __dtold                    000000018002f040 f   LIBCMTD:cfout.obj
 0001:0002e1f0       _fltout2                   000000018002f1f0 f   LIBCMTD:cfout.obj
 0001:0002e300       _get_output_format         000000018002f300 f   LIBCMTD:outputformat.obj
 0001:0002e310       _set_output_format         000000018002f310 f   LIBCMTD:outputformat.obj
 0001:0002e3e0       _fptrap                    000000018002f3e0 f   LIBCMTD:crt0fp.obj
 0001:0002e400       wcscat_s                   000000018002f400 f   LIBCMTD:wcscat_s.obj
 0001:0002ea30       wcsncpy_s                  000000018002fa30 f   LIBCMTD:wcsncpy_s.obj
 0001:0002f0d0       __set_app_type             00000001800300d0 f   LIBCMTD:errmode.obj
 0001:0002f0e0       _set_error_mode            00000001800300e0 f   LIBCMTD:errmode.obj
 0001:0002f1f0       strncpy_s                  00000001800301f0 f   LIBCMTD:strncpy_s.obj
 0001:0002fa20       __crtGetLocaleInfoA        0000000180030a20 f   LIBCMTD:a_loc.obj
 0001:0002fa90       __crtCompareStringEx       0000000180030a90 f   LIBCMTD:winapinls.obj
 0001:0002fb00       __crtEnumSystemLocalesEx   0000000180030b00 f   LIBCMTD:winapinls.obj
 0001:0002fb30       __crtGetDateFormatEx       0000000180030b30 f   LIBCMTD:winapinls.obj
 0001:0002fb80       __crtGetLocaleInfoEx       0000000180030b80 f   LIBCMTD:winapinls.obj
 0001:0002fbc0       __crtGetTimeFormatEx       0000000180030bc0 f   LIBCMTD:winapinls.obj
 0001:0002fc10       __crtGetUserDefaultLocaleName 0000000180030c10 f   LIBCMTD:winapinls.obj
 0001:0002fc40       __crtIsValidLocaleName     0000000180030c40 f   LIBCMTD:winapinls.obj
 0001:0002fc60       __crtLCMapStringEx         0000000180030c60 f   LIBCMTD:winapinls.obj
 0001:0002fcd0       __initstdio                0000000180030cd0 f   LIBCMTD:_file.obj
 0001:0002fdd0       __endstdio                 0000000180030dd0 f   LIBCMTD:_file.obj
 0001:0002fe10       __iob_func                 0000000180030e10 f   LIBCMTD:_file.obj
 0001:0002fe20       _lock_file                 0000000180030e20 f   LIBCMTD:_file.obj
 0001:0002feb0       _lock_file2                0000000180030eb0 f   LIBCMTD:_file.obj
 0001:0002ff00       _unlock_file               0000000180030f00 f   LIBCMTD:_file.obj
 0001:0002ff90       _unlock_file2              0000000180030f90 f   LIBCMTD:_file.obj
 0001:0002ffe0       _fileno                    0000000180030fe0 f   LIBCMTD:fileno.obj
 0001:000300a0       _isatty                    00000001800310a0 f   LIBCMTD:isatty.obj
 0001:000301c0       _write                     00000001800311c0 f   LIBCMTD:write.obj
 0001:00030470       _write_nolock              0000000180031470 f   LIBCMTD:write.obj
 0001:00031640       _lseeki64                  0000000180032640 f   LIBCMTD:lseeki64.obj
 0001:00031900       _lseeki64_nolock           0000000180032900 f   LIBCMTD:lseeki64.obj
 0001:00031a20       _getbuf                    0000000180032a20 f   LIBCMTD:_getbuf.obj
 0001:00031b30       _get_printf_count_output   0000000180032b30 f   LIBCMTD:printf.obj
 0001:00031b60       _printf_l                  0000000180032b60 f   LIBCMTD:printf.obj
 0001:00031ba0       _printf_p                  0000000180032ba0 f   LIBCMTD:printf.obj
 0001:00031be0       _printf_p_l                0000000180032be0 f   LIBCMTD:printf.obj
 0001:00031c20       _printf_s_l                0000000180032c20 f   LIBCMTD:printf.obj
 0001:00031c60       _set_printf_count_output   0000000180032c60 f   LIBCMTD:printf.obj
 0001:00031cd0       printf                     0000000180032cd0 f   LIBCMTD:printf.obj
 0001:00031e50       printf_s                   0000000180032e50 f   LIBCMTD:printf.obj
 0001:00031e90       _wctomb_l                  0000000180032e90 f   LIBCMTD:wctomb.obj
 0001:00031f40       _wctomb_s_l                0000000180032f40 f   LIBCMTD:wctomb.obj
 0001:000323e0       wctomb                     00000001800333e0 f   LIBCMTD:wctomb.obj
 0001:00032450       wctomb_s                   0000000180033450 f   LIBCMTD:wctomb.obj
 0001:000324a0       ??0Block@_HeapManager@@QEAA@XZ 00000001800334a0 f i LIBCMTD:undname.obj
 0001:000324c0       ??0DName@@QEAA@AEAPEBDD@Z  00000001800334c0 f   LIBCMTD:undname.obj
 0001:00032810       ??0DName@@QEAA@AEBV0@@Z    0000000180033810 f i LIBCMTD:undname.obj
 0001:00032840       ??0DName@@QEAA@D@Z         0000000180033840 f   LIBCMTD:undname.obj
 0001:00032940       ??0DName@@QEAA@PEAV0@@Z    0000000180033940 f   LIBCMTD:undname.obj
 0001:00032ac0       ??0DName@@QEAA@PEBD@Z      0000000180033ac0 f   LIBCMTD:undname.obj
 0001:00032bd0       ??0DName@@QEAA@W4DNameStatus@@@Z 0000000180033bd0 f   LIBCMTD:undname.obj
 0001:00032d20       ??0DName@@QEAA@XZ          0000000180033d20 f i LIBCMTD:undname.obj
 0001:00032df0       ??0DName@@QEAA@_J@Z        0000000180033df0 f   LIBCMTD:undname.obj
 0001:00032fb0       ??0DName@@QEAA@_K@Z        0000000180033fb0 f   LIBCMTD:undname.obj
 0001:00033130       ??0DNameNode@@IEAA@XZ      0000000180034130 f   LIBCMTD:undname.obj
 0001:00033150       ??0DNameStatusNode@@AEAA@W4DNameStatus@@@Z 0000000180034150 f   LIBCMTD:undname.obj
 0001:000331c0       ??0Replicator@@QEAA@XZ     00000001800341c0 f i LIBCMTD:undname.obj
 0001:000331e0       ??0UnDecorator@@QEAA@PEADPEBDHP6APEADJ@ZK@Z 00000001800341e0 f i LIBCMTD:undname.obj
 0001:000332b0       ??0charNode@@QEAA@D@Z      00000001800342b0 f   LIBCMTD:undname.obj
 0001:000332f0       ??0pDNameNode@@QEAA@PEAVDName@@@Z 00000001800342f0 f   LIBCMTD:undname.obj
 0001:00033370       ??0pairNode@@QEAA@PEAVDNameNode@@0@Z 0000000180034370 f   LIBCMTD:undname.obj
 0001:000333d0       ??0pcharNode@@QEAA@PEBDH@Z 00000001800343d0 f   LIBCMTD:undname.obj
 0001:000334a0       ??2@YAPEAX_KAEAV_HeapManager@@H@Z 00000001800344a0 f i LIBCMTD:undname.obj
 0001:000334d0       ??4DName@@QEAAAEAV0@AEBV0@@Z 00000001800344d0 f   LIBCMTD:undname.obj
 0001:00033500       ??4DName@@QEAAAEAV0@D@Z    0000000180034500 f i LIBCMTD:undname.obj
 0001:00033600       ??4DName@@QEAAAEAV0@PEAV0@@Z 0000000180034600 f   LIBCMTD:undname.obj
 0001:00033770       ??4DName@@QEAAAEAV0@PEBD@Z 0000000180034770 f   LIBCMTD:undname.obj
 0001:00033870       ??4DName@@QEAAAEAV0@W4DNameStatus@@@Z 0000000180034870 f   LIBCMTD:undname.obj
 0001:000339a0       ??AReplicator@@QEBA?AVDName@@H@Z 00000001800349a0 f   LIBCMTD:undname.obj
 0001:00033a30       ??BUnDecorator@@QEAAPEADXZ 0000000180034a30 f i LIBCMTD:undname.obj
 0001:00033d50       ??H@YA?AVDName@@DAEBV0@@Z  0000000180034d50 f i LIBCMTD:undname.obj
 0001:00033d90       ??H@YA?AVDName@@PEBDAEBV0@@Z 0000000180034d90 f i LIBCMTD:undname.obj
 0001:00033dd0       ??H@YA?AVDName@@W4DNameStatus@@AEBV0@@Z 0000000180034dd0 f i LIBCMTD:undname.obj
 0001:00033e10       ??HDName@@QEBA?AV0@AEBV0@@Z 0000000180034e10 f   LIBCMTD:undname.obj
 0001:00033e60       ??HDName@@QEBA?AV0@D@Z     0000000180034e60 f   LIBCMTD:undname.obj
 0001:00033eb0       ??HDName@@QEBA?AV0@PEAV0@@Z 0000000180034eb0 f   LIBCMTD:undname.obj
 0001:00033f00       ??HDName@@QEBA?AV0@PEBD@Z  0000000180034f00 f   LIBCMTD:undname.obj
 0001:00033f50       ??HDName@@QEBA?AV0@W4DNameStatus@@@Z 0000000180034f50 f   LIBCMTD:undname.obj
 0001:00033fa0       ??YDName@@QEAAAEAV0@AEBV0@@Z 0000000180034fa0 f   LIBCMTD:undname.obj
 0001:00034020       ??YDName@@QEAAAEAV0@D@Z    0000000180035020 f   LIBCMTD:undname.obj
 0001:000340c0       ??YDName@@QEAAAEAV0@PEAV0@@Z 00000001800350c0 f   LIBCMTD:undname.obj
 0001:000341a0       ??YDName@@QEAAAEAV0@PEBD@Z 00000001800351a0 f   LIBCMTD:undname.obj
 0001:00034260       ??YDName@@QEAAAEAV0@W4DNameStatus@@@Z 0000000180035260 f   LIBCMTD:undname.obj
 0001:000342d0       ??YReplicator@@QEAAAEAV0@AEBVDName@@@Z 00000001800352d0 f   LIBCMTD:undname.obj
 0001:00034390       ??_5DName@@QEAAAEAV0@AEBV0@@Z 0000000180035390 f   LIBCMTD:undname.obj
 0001:00034400       ?Constructor@_HeapManager@@QEAAXP6APEAX_K@ZP6AXPEAX@Z@Z 0000000180035400 f i LIBCMTD:undname.obj
 0001:00034460       ?Destructor@_HeapManager@@QEAAXXZ 0000000180035460 f i LIBCMTD:undname.obj
 0001:000344c0       ?UScore@UnDecorator@@SAPEBDW4Tokens@@@Z 00000001800354c0 f   LIBCMTD:undname.obj
 0001:00034500       ?append@DName@@AEAAXPEAVDNameNode@@@Z 0000000180035500 f   LIBCMTD:undname.obj
 0001:000345b0       ?composeDeclaration@UnDecorator@@CA?AVDName@@AEBV2@@Z 00000001800355b0 f i LIBCMTD:undname.obj
 0001:00036670       ?dbGetString@DName@@QEBAPEADXZ 0000000180037670 f   LIBCMTD:undname.obj
 0001:000366a0       ?doAccessSpecifiers@UnDecorator@@SAHXZ 00000001800376a0 f i LIBCMTD:undname.obj
 0001:000366d0       ?doAllocationLanguage@UnDecorator@@SAHXZ 00000001800376d0 f i LIBCMTD:undname.obj
 0001:00036700       ?doAllocationModel@UnDecorator@@SAHXZ 0000000180037700 f i LIBCMTD:undname.obj
 0001:00036730       ?doEcsu@UnDecorator@@SAHXZ 0000000180037730 f i LIBCMTD:undname.obj
 0001:00036760       ?doEllipsis@UnDecorator@@SAHXZ 0000000180037760 f i LIBCMTD:undname.obj
 0001:00036790       ?doFunctionReturns@UnDecorator@@SAHXZ 0000000180037790 f i LIBCMTD:undname.obj
 0001:000367c0       ?doMSKeywords@UnDecorator@@SAHXZ 00000001800377c0 f i LIBCMTD:undname.obj
 0001:000367f0       ?doMemberTypes@UnDecorator@@SAHXZ 00000001800377f0 f i LIBCMTD:undname.obj
 0001:00036820       ?doNameOnly@UnDecorator@@SAHXZ 0000000180037820 f i LIBCMTD:undname.obj
 0001:00036830       ?doNoIdentCharCheck@UnDecorator@@SAHXZ 0000000180037830 f i LIBCMTD:undname.obj
 0001:00036840       ?doPchar@DName@@AEAAXPEBDH@Z 0000000180037840 f   LIBCMTD:undname.obj
 0001:000369d0       ?doPtr64@UnDecorator@@SAHXZ 00000001800379d0 f i LIBCMTD:undname.obj
 0001:00036a00       ?doRestrictionSpec@UnDecorator@@SAHXZ 0000000180037a00 f i LIBCMTD:undname.obj
 0001:00036a30       ?doThisTypes@UnDecorator@@SAHXZ 0000000180037a30 f i LIBCMTD:undname.obj
 0001:00036a60       ?doThrowTypes@UnDecorator@@SAHXZ 0000000180037a60 f i LIBCMTD:undname.obj
 0001:00036a90       ?doTypeOnly@UnDecorator@@SAHXZ 0000000180037a90 f i LIBCMTD:undname.obj
 0001:00036aa0       ?doUnderScore@UnDecorator@@SAHXZ 0000000180037aa0 f i LIBCMTD:undname.obj
 0001:00036ad0       ?getArgumentList@UnDecorator@@CA?AVDName@@XZ 0000000180037ad0 f   LIBCMTD:undname.obj
 0001:00036c70       ?getArgumentTypes@UnDecorator@@CA?AVDName@@XZ 0000000180037c70 f   LIBCMTD:undname.obj
 0001:00036e30       ?getArrayType@UnDecorator@@CA?AVDName@@AEBV2@@Z 0000000180037e30 f i LIBCMTD:undname.obj
 0001:00037120       ?getBasedType@UnDecorator@@CA?AVDName@@XZ 0000000180038120 f   LIBCMTD:undname.obj
 0001:00037210       ?getBasicDataType@UnDecorator@@CA?AVDName@@AEBV2@@Z 0000000180038210 f   LIBCMTD:undname.obj
 0001:00037920       ?getCallIndex@UnDecorator@@CA?AVDName@@XZ 0000000180038920 f i LIBCMTD:undname.obj
 0001:00037940       ?getCallingConvention@UnDecorator@@CA?AVDName@@XZ 0000000180038940 f   LIBCMTD:undname.obj
 0001:00037b10       ?getDataIndirectType@UnDecorator@@CA?AVDName@@AEBV2@PEBD0H@Z 0000000180038b10 f   LIBCMTD:undname.obj
 0001:00038480       ?getDataIndirectType@UnDecorator@@CA?AVDName@@XZ 0000000180039480 f i LIBCMTD:undname.obj
 0001:000384e0       ?getDataType@UnDecorator@@CA?AVDName@@PEAV2@@Z 00000001800394e0 f   LIBCMTD:undname.obj
 0001:00038670       ?getDecoratedName@UnDecorator@@CA?AVDName@@XZ 0000000180039670 f   LIBCMTD:undname.obj
 0001:00038a70       ?getDimension@UnDecorator@@CA?AVDName@@_N@Z 0000000180039a70 f   LIBCMTD:undname.obj
 0001:00038dd0       ?getDispatchTarget@UnDecorator@@CA?AVDName@@XZ 0000000180039dd0 f   LIBCMTD:undname.obj
 0001:00038ea0       ?getDisplacement@UnDecorator@@CA?AVDName@@XZ 0000000180039ea0 f i LIBCMTD:undname.obj
 0001:00038ec0       ?getECSUDataType@UnDecorator@@CA?AVDName@@XZ 0000000180039ec0 f   LIBCMTD:undname.obj
 0001:00039100       ?getECSUName@UnDecorator@@CA?AVDName@@XZ 000000018003a100 f i LIBCMTD:undname.obj
 0001:00039120       ?getEnumType@UnDecorator@@CA?AVDName@@XZ 000000018003a120 f i LIBCMTD:undname.obj
 0001:000392a0       ?getExtendedDataIndirectType@UnDecorator@@CA?AVDName@@AEAPEBDAEA_NH@Z 000000018003a2a0 f   LIBCMTD:undname.obj
 0001:000395c0       ?getExternalDataType@UnDecorator@@CA?AVDName@@AEBV2@@Z 000000018003a5c0 f i LIBCMTD:undname.obj
 0001:00039690       ?getFunctionIndirectType@UnDecorator@@CA?AVDName@@AEBV2@@Z 000000018003a690 f   LIBCMTD:undname.obj
 0001:00039c10       ?getGuardNumber@UnDecorator@@CA?AVDName@@XZ 000000018003ac10 f i LIBCMTD:undname.obj
 0001:00039c30       ?getLastChar@DName@@QEBADXZ 000000018003ac30 f i LIBCMTD:undname.obj
 0001:00039c70       ?getLastChar@DNameStatusNode@@UEBADXZ 000000018003ac70 f i LIBCMTD:undname.obj
 0001:00039cb0       ?getLastChar@charNode@@UEBADXZ 000000018003acb0 f i LIBCMTD:undname.obj
 0001:00039cc0       ?getLastChar@pDNameNode@@UEBADXZ 000000018003acc0 f i LIBCMTD:undname.obj
 0001:00039d00       ?getLastChar@pairNode@@UEBADXZ 000000018003ad00 f i LIBCMTD:undname.obj
 0001:00039d60       ?getLastChar@pcharNode@@UEBADXZ 000000018003ad60 f i LIBCMTD:undname.obj
 0001:00039da0       ?getLexicalFrame@UnDecorator@@CA?AVDName@@XZ 000000018003ada0 f i LIBCMTD:undname.obj
 0001:00039de0       ?getMemory@_HeapManager@@QEAAPEAX_KH@Z 000000018003ade0 f   LIBCMTD:undname.obj
 0001:00039f50       ?getNumberOfDimensions@UnDecorator@@CAHXZ 000000018003af50 f   LIBCMTD:undname.obj
 0001:0003a070       ?getOperatorName@UnDecorator@@CA?AVDName@@_NPEA_N@Z 000000018003b070 f i LIBCMTD:undname.obj
 0001:0003ad10       ?getPointerType@UnDecorator@@CA?AVDName@@AEBV2@0@Z 000000018003bd10 f i LIBCMTD:undname.obj
 0001:0003ad60       ?getPointerTypeArray@UnDecorator@@CA?AVDName@@AEBV2@0@Z 000000018003bd60 f i LIBCMTD:undname.obj
 0001:0003adb0       ?getPrimaryDataType@UnDecorator@@CA?AVDName@@AEBV2@@Z 000000018003bdb0 f   LIBCMTD:undname.obj
 0001:0003b230       ?getPtrRefDataType@UnDecorator@@CA?AVDName@@AEBV2@H@Z 000000018003c230 f i LIBCMTD:undname.obj
 0001:0003b3b0       ?getPtrRefType@UnDecorator@@CA?AVDName@@AEBV2@0PEBD@Z 000000018003c3b0 f   LIBCMTD:undname.obj
 0001:0003b5c0       ?getReferenceType@UnDecorator@@CA?AVDName@@AEBV2@0PEBD@Z 000000018003c5c0 f i LIBCMTD:undname.obj
 0001:0003b600       ?getRestrictionSpec@UnDecorator@@CA?AVDName@@XZ 000000018003c600 f   LIBCMTD:undname.obj
 0001:0003b7a0       ?getReturnType@UnDecorator@@CA?AVDName@@PEAV2@@Z 000000018003c7a0 f   LIBCMTD:undname.obj
 0001:0003b800       ?getScope@UnDecorator@@CA?AVDName@@XZ 000000018003c800 f   LIBCMTD:undname.obj
 0001:0003bdf0       ?getScopedName@UnDecorator@@CA?AVDName@@XZ 000000018003cdf0 f   LIBCMTD:undname.obj
 0001:0003bf60       ?getSignedDimension@UnDecorator@@CA?AVDName@@XZ 000000018003cf60 f   LIBCMTD:undname.obj
 0001:0003bff0       ?getStorageConvention@UnDecorator@@CA?AVDName@@XZ 000000018003cff0 f i LIBCMTD:undname.obj
 0001:0003c010       ?getString@DName@@QEBAPEADPEAD0@Z 000000018003d010 f i LIBCMTD:undname.obj
 0001:0003c060       ?getString@DName@@QEBAPEADPEADH@Z 000000018003d060 f i LIBCMTD:undname.obj
 0001:0003c120       ?getString@DNameStatusNode@@UEBAPEADPEAD0@Z 000000018003d120 f i LIBCMTD:undname.obj
 0001:0003c170       ?getString@charNode@@UEBAPEADPEAD0@Z 000000018003d170 f i LIBCMTD:undname.obj
 0001:0003c1b0       ?getString@pDNameNode@@UEBAPEADPEAD0@Z 000000018003d1b0 f i LIBCMTD:undname.obj
 0001:0003c210       ?getString@pairNode@@UEBAPEADPEAD0@Z 000000018003d210 f i LIBCMTD:undname.obj
 0001:0003c290       ?getString@pcharNode@@UEBAPEADPEAD0@Z 000000018003d290 f i LIBCMTD:undname.obj
 0001:0003c2d0       ?getStringEncoding@UnDecorator@@CA?AVDName@@PEADH@Z 000000018003d2d0 f   LIBCMTD:undname.obj
 0001:0003c410       ?getStringHelper@@YAPEADPEAD00H@Z 000000018003d410 f i LIBCMTD:undname.obj
 0001:0003c480       ?getSymbolName@UnDecorator@@CA?AVDName@@XZ 000000018003d480 f i LIBCMTD:undname.obj
 0001:0003c520       ?getTemplateArgumentList@UnDecorator@@CA?AVDName@@XZ 000000018003d520 f   LIBCMTD:undname.obj
 0001:0003c850       ?getTemplateConstant@UnDecorator@@CA?AVDName@@XZ 000000018003d850 f   LIBCMTD:undname.obj
 0001:0003ce00       ?getTemplateName@UnDecorator@@CA?AVDName@@_N@Z 000000018003de00 f   LIBCMTD:undname.obj
 0001:0003d050       ?getThisType@UnDecorator@@CA?AVDName@@XZ 000000018003e050 f i LIBCMTD:undname.obj
 0001:0003d0b0       ?getThrowTypes@UnDecorator@@CA?AVDName@@XZ 000000018003e0b0 f   LIBCMTD:undname.obj
 0001:0003d1a0       ?getTypeEncoding@UnDecorator@@CAHXZ 000000018003e1a0 f i LIBCMTD:undname.obj
 0001:0003dd50       ?getVCallThunkType@UnDecorator@@CA?AVDName@@XZ 000000018003ed50 f i LIBCMTD:undname.obj
 0001:0003ddd0       ?getVbTableType@UnDecorator@@CA?AVDName@@AEBV2@@Z 000000018003edd0 f i LIBCMTD:undname.obj
 0001:0003de00       ?getVdispMapType@UnDecorator@@CA?AVDName@@AEBV2@@Z 000000018003ee00 f i LIBCMTD:undname.obj
 0001:0003de90       ?getVfTableType@UnDecorator@@CA?AVDName@@AEBV2@@Z 000000018003ee90 f i LIBCMTD:undname.obj
 0001:0003e0c0       ?getZName@UnDecorator@@CA?AVDName@@_N0@Z 000000018003f0c0 f   LIBCMTD:undname.obj
 0001:0003e440       ?haveTemplateParameters@UnDecorator@@SAHXZ 000000018003f440 f i LIBCMTD:undname.obj
 0001:0003e450       ?isArray@DName@@QEBAHXZ    000000018003f450 f i LIBCMTD:undname.obj
 0001:0003e470       ?isComArray@DName@@QEBAHXZ 000000018003f470 f i LIBCMTD:undname.obj
 0001:0003e490       ?isEmpty@DName@@QEBAHXZ    000000018003f490 f i LIBCMTD:undname.obj
 0001:0003e4c0       ?isFull@Replicator@@QEBAHXZ 000000018003f4c0 f i LIBCMTD:undname.obj
 0001:0003e4f0       ?isNoTE@DName@@QEBAHXZ     000000018003f4f0 f i LIBCMTD:undname.obj
 0001:0003e510       ?isPinPtr@DName@@QEBAHXZ   000000018003f510 f i LIBCMTD:undname.obj
 0001:0003e530       ?isPtrRef@DName@@QEBAHXZ   000000018003f530 f i LIBCMTD:undname.obj
 0001:0003e550       ?isUDC@DName@@QEBAHXZ      000000018003f550 f i LIBCMTD:undname.obj
 0001:0003e5a0       ?isUDTThunk@DName@@QEBAHXZ 000000018003f5a0 f i LIBCMTD:undname.obj
 0001:0003e5f0       ?isVCallThunk@DName@@QEBAHXZ 000000018003f5f0 f i LIBCMTD:undname.obj
 0001:0003e610       ?isValid@DName@@QEBAHXZ    000000018003f610 f i LIBCMTD:undname.obj
 0001:0003e650       ?length@DName@@QEBAHXZ     000000018003f650 f i LIBCMTD:undname.obj
 0001:0003e690       ?length@DNameStatusNode@@UEBAHXZ 000000018003f690 f i LIBCMTD:undname.obj
 0001:0003e6a0       ?length@charNode@@UEBAHXZ  000000018003f6a0 f i LIBCMTD:undname.obj
 0001:0003e6b0       ?length@pDNameNode@@UEBAHXZ 000000018003f6b0 f i LIBCMTD:undname.obj
 0001:0003e6f0       ?length@pairNode@@UEBAHXZ  000000018003f6f0 f i LIBCMTD:undname.obj
 0001:0003e760       ?length@pcharNode@@UEBAHXZ 000000018003f760 f i LIBCMTD:undname.obj
 0001:0003e770       ?make@DNameStatusNode@@SAPEAV1@W4DNameStatus@@@Z 000000018003f770 f i LIBCMTD:undname.obj
 0001:0003e820       ?setIsArray@DName@@QEAAXXZ 000000018003f820 f i LIBCMTD:undname.obj
 0001:0003e840       ?setIsComArray@DName@@QEAAXXZ 000000018003f840 f i LIBCMTD:undname.obj
 0001:0003e860       ?setIsNoTE@DName@@QEAAXXZ  000000018003f860 f i LIBCMTD:undname.obj
 0001:0003e880       ?setIsPinPtr@DName@@QEAAXXZ 000000018003f880 f i LIBCMTD:undname.obj
 0001:0003e8a0       ?setIsUDC@DName@@QEAAXXZ   000000018003f8a0 f i LIBCMTD:undname.obj
 0001:0003e8d0       ?setIsVCallThunk@DName@@QEAAXXZ 000000018003f8d0 f i LIBCMTD:undname.obj
 0001:0003e8f0       ?setPtrRef@DName@@QEAAAEAV1@XZ 000000018003f8f0 f i LIBCMTD:undname.obj
 0001:0003e910       ?status@DName@@QEBA?AW4DNameStatus@@XZ 000000018003f910 f i LIBCMTD:undname.obj
 0001:0003ea40       __unDName                  000000018003fa40 f   LIBCMTD:undname.obj
 0001:0003eb20       __unDNameEx                000000018003fb20 f   LIBCMTD:undname.obj
 0001:0003ecd0       _ismbbalnum                000000018003fcd0 f   LIBCMTD:ismbbyte.obj
 0001:0003ed00       _ismbbalnum_l              000000018003fd00 f   LIBCMTD:ismbbyte.obj
 0001:0003ed30       _ismbbalpha                000000018003fd30 f   LIBCMTD:ismbbyte.obj
 0001:0003ed60       _ismbbalpha_l              000000018003fd60 f   LIBCMTD:ismbbyte.obj
 0001:0003ed90       _ismbbgraph                000000018003fd90 f   LIBCMTD:ismbbyte.obj
 0001:0003edc0       _ismbbgraph_l              000000018003fdc0 f   LIBCMTD:ismbbyte.obj
 0001:0003edf0       _ismbbkalnum               000000018003fdf0 f   LIBCMTD:ismbbyte.obj
 0001:0003ee20       _ismbbkalnum_l             000000018003fe20 f   LIBCMTD:ismbbyte.obj
 0001:0003ee50       _ismbbkana                 000000018003fe50 f   LIBCMTD:ismbbyte.obj
 0001:0003ee70       _ismbbkana_l               000000018003fe70 f   LIBCMTD:ismbbyte.obj
 0001:0003ef00       _ismbbkprint               000000018003ff00 f   LIBCMTD:ismbbyte.obj
 0001:0003ef30       _ismbbkprint_l             000000018003ff30 f   LIBCMTD:ismbbyte.obj
 0001:0003ef60       _ismbbkpunct               000000018003ff60 f   LIBCMTD:ismbbyte.obj
 0001:0003ef90       _ismbbkpunct_l             000000018003ff90 f   LIBCMTD:ismbbyte.obj
 0001:0003efc0       _ismbblead                 000000018003ffc0 f   LIBCMTD:ismbbyte.obj
 0001:0003eff0       _ismbblead_l               000000018003fff0 f   LIBCMTD:ismbbyte.obj
 0001:0003f020       _ismbbprint                0000000180040020 f   LIBCMTD:ismbbyte.obj
 0001:0003f050       _ismbbprint_l              0000000180040050 f   LIBCMTD:ismbbyte.obj
 0001:0003f080       _ismbbpunct                0000000180040080 f   LIBCMTD:ismbbyte.obj
 0001:0003f0b0       _ismbbpunct_l              00000001800400b0 f   LIBCMTD:ismbbyte.obj
 0001:0003f0e0       _ismbbtrail                00000001800400e0 f   LIBCMTD:ismbbyte.obj
 0001:0003f110       _ismbbtrail_l              0000000180040110 f   LIBCMTD:ismbbyte.obj
 0001:0003f140       _fflush_nolock             0000000180040140 f   LIBCMTD:fflush.obj
 0001:0003f1c0       _flush                     00000001800401c0 f   LIBCMTD:fflush.obj
 0001:0003f2b0       _flushall                  00000001800402b0 f   LIBCMTD:fflush.obj
 0001:0003f2d0       fflush                     00000001800402d0 f   LIBCMTD:fflush.obj
 0001:0003f490       __DestructExceptionObject  0000000180040490 f   LIBCMTD:frame.obj
 0001:0003f580       ??0bad_exception@std@@QEAA@AEBV01@@Z 0000000180040580 f i LIBCMTD:frame.obj
 0001:0003f5c0       ??0bad_exception@std@@QEAA@PEBD@Z 00000001800405c0 f i LIBCMTD:frame.obj
 0001:0003f600       ??1bad_exception@std@@UEAA@XZ 0000000180040600 f i LIBCMTD:frame.obj
 0001:0003f630       ??_Ebad_exception@std@@UEAAPEAXI@Z 0000000180040630 f i LIBCMTD:frame.obj
 0001:0003f630       ??_Gbad_exception@std@@UEAAPEAXI@Z 0000000180040630 f i LIBCMTD:frame.obj
 0001:00040600       ?__uncaught_exception@@YA_NXZ 0000000180041600 f   LIBCMTD:frame.obj
 0001:00040630       ?_is_exception_typeof@@YAHAEBVtype_info@@PEAU_EXCEPTION_POINTERS@@@Z 0000000180041630 f   LIBCMTD:frame.obj
 0001:00040780       __AdjustPointer            0000000180041780 f   LIBCMTD:frame.obj
 0001:00040800       __BuildCatchObject         0000000180041800 f   LIBCMTD:frame.obj
 0001:00040940       __BuildCatchObjectHelper   0000000180041940 f   LIBCMTD:frame.obj
 0001:00040cd0       __CxxCallCatchBlock        0000000180041cd0 f   LIBCMTD:frame.obj
 0001:00040f40       __CxxDetectRethrow         0000000180041f40 f   LIBCMTD:frame.obj
 0001:00040ff0       __CxxExceptionFilter       0000000180041ff0 f   LIBCMTD:frame.obj
 0001:00041330       __CxxQueryExceptionSize    0000000180042330 f   LIBCMTD:frame.obj
 0001:00041340       __CxxRegisterExceptionObject 0000000180042340 f   LIBCMTD:frame.obj
[...]
 0003:00000158       _crtBreakAlloc             0000000180086158     LIBCMTD:dbgheap.obj
 0003:00000160       __crtDebugFillThreshold    0000000180086160     LIBCMTD:dbgheap.obj
 0003:0000016c       _crtDbgFlag                000000018008616c     LIBCMTD:dbgheap.obj
 0003:000003e0       __ptmbcinfo                00000001800863e0     LIBCMTD:mbctype.obj
 0003:000003f0       _mbctype                   00000001800863f0     LIBCMTD:mbctype.obj
 0003:00000500       _mbcasemap                 0000000180086500     LIBCMTD:mbctype.obj
 0003:00000600       __initialmbcinfo           0000000180086600     LIBCMTD:mbctype.obj
 0003:00000828       __flsindex                 0000000180086828     LIBCMTD:tidtable.obj
 0003:00000840       __wclocalestr              0000000180086840     LIBCMTD:nlsdata.obj
 0003:00000850       __lc_time_c                0000000180086850     LIBCMTD:nlsdata.obj
 0003:00000b10       __ptlocinfo                0000000180086b10     LIBCMTD:nlsdata.obj
 0003:00000b20       __initiallocinfo           0000000180086b20     LIBCMTD:nlsdata.obj
 0003:00000c78       __initiallocalestructinfo  0000000180086c78     LIBCMTD:nlsdata.obj
 0003:00000c88       __mb_cur_max               0000000180086c88     LIBCMTD:nlsdata.obj
 0003:00000c8c       __globallocalestatus       0000000180086c8c     LIBCMTD:glstatus.obj
 0003:00000c90       __security_cookie          0000000180086c90     LIBCMTD:gs_cookie.obj
 0003:00000c98       __security_cookie_complement 0000000180086c98     LIBCMTD:gs_cookie.obj
 0003:00000ca0       __isa_available            0000000180086ca0     LIBCMTD:cpu_disp.obj
 0003:00000ca4       __isa_enabled              0000000180086ca4     LIBCMTD:cpu_disp.obj
 0003:00000cb0       _cfltcvt_tab               0000000180086cb0     LIBCMTD:cmiscdat.obj
 0003:00000d00       __abort_behavior           0000000180086d00     LIBCMTD:abort.obj
 0003:00000d08       ??_R0?AVbad_cast@std@@@8   0000000180086d08     LIBCMTD:stdexcpt.obj
 0003:00000d30       ??_R0?AVbad_typeid@std@@@8 0000000180086d30     LIBCMTD:stdexcpt.obj
 0003:00000d58       ??_R0?AV__non_rtti_object@std@@@8 0000000180086d58     LIBCMTD:stdexcpt.obj
 0003:00000fd0       __nullstring               0000000180086fd0     LIBCMTD:output.obj
 0003:00000fd8       __wnullstring              0000000180086fd8     LIBCMTD:output.obj
 0003:00000fe0       __badioinfo                0000000180086fe0     LIBCMTD:ioinit.obj
 0003:00001048       _pfnAllocHook              0000000180087048     LIBCMTD:dbghook.obj
 0003:00001080       _pow10pos                  0000000180087080     LIBCMTD:constpow.obj
 0003:000011e0       _pow10neg                  00000001800871e0     LIBCMTD:constpow.obj
 0003:00001340       __lconv_static_decimal     0000000180087340     LIBCMTD:lconv.obj
 0003:00001344       __lconv_static_W_decimal   0000000180087344     LIBCMTD:lconv.obj
 0003:00001348       __lconv                    0000000180087348     LIBCMTD:lconv.obj
 0003:00001350       __lconv_c                  0000000180087350     LIBCMTD:lconv.obj
 0003:000013f0       _CrtDbgMode                00000001800873f0     LIBCMTD:dbgrptt.obj
 0003:000013fc       _crtAssertBusy             00000001800873fc     LIBCMTD:dbgrptt.obj
 0003:00001400       _CrtDbgFile                0000000180087400     LIBCMTD:dbgrptt.obj
 0003:00001420       _pctype                    0000000180087420     LIBCMTD:ctype.obj
 0003:00001428       _pwctype                   0000000180087428     LIBCMTD:ctype.obj
 0003:00001430       _iob                       0000000180087430     LIBCMTD:_file.obj
 0003:000017f0       ??_R0?AVDNameNode@@@8      00000001800877f0     LIBCMTD:undname.obj
 0003:00001810       ??_R0?AVcharNode@@@8       0000000180087810     LIBCMTD:undname.obj
 0003:00001830       ??_R0?AVpcharNode@@@8      0000000180087830     LIBCMTD:undname.obj
 0003:00001850       ??_R0?AVpDNameNode@@@8     0000000180087850     LIBCMTD:undname.obj
 0003:00001878       ??_R0?AVDNameStatusNode@@@8 0000000180087878     LIBCMTD:undname.obj
 0003:000018a0       ??_R0?AVpairNode@@@8       00000001800878a0     LIBCMTD:undname.obj
 0003:000018c0       ??_R0?AVbad_exception@std@@@8 00000001800878c0     LIBCMTD:frame.obj
 0003:000018f0       _confh                     00000001800878f0     LIBCMTD:initcon.obj
 0003:00001ee0       __@@_PchSym_@00@UfhvihUibzmUwvhpglkUtvmvhrhUvmtrmvUcGEUwvyftUvmtrmvsvzwOlyq@3F83ADDCD0D320FA 0000000180087ee0     enginehead.obj
 0003:00001ee8       ?g_pAppVariableManager@@3VAppVariableManager@@A 0000000180087ee8     AppVariables.obj
 0003:00003c2c       __fastflag                 0000000180089c2c     LIBCMTD:fpinit.obj
 0003:00003c38       _aenvptr                   0000000180089c38     LIBCMTD:dllcrt0.obj
 0003:00003c40       _wenvptr                   0000000180089c40     LIBCMTD:dllcrt0.obj
 0003:00003c48       _umaskval                  0000000180089c48     LIBCMTD:crt0dat.obj
 0003:00003c4c       _exitflag                  0000000180089c4c     LIBCMTD:crt0dat.obj
 0003:00003c50       _C_Termination_Done        0000000180089c50     LIBCMTD:crt0dat.obj
 0003:00003c54       _C_Exit_Done               0000000180089c54     LIBCMTD:crt0dat.obj
 0003:00003c58       __winitenv                 0000000180089c58     LIBCMTD:crt0dat.obj
 0003:00003c60       __initenv                  0000000180089c60     LIBCMTD:crt0dat.obj
 0003:00003c6c       __argc                     0000000180089c6c     LIBCMTD:crt0dat.obj
 0003:00003c70       __argv                     0000000180089c70     LIBCMTD:crt0dat.obj
 0003:00003c78       __wargv                    0000000180089c78     LIBCMTD:crt0dat.obj
 0003:00003c80       _environ                   0000000180089c80     LIBCMTD:crt0dat.obj
 0003:00003c88       _wenviron                  0000000180089c88     LIBCMTD:crt0dat.obj
 0003:00003c90       _pgmptr                    0000000180089c90     LIBCMTD:crt0dat.obj
 0003:00003c98       _wpgmptr                   0000000180089c98     LIBCMTD:crt0dat.obj
 0003:00003ca0       __crtDebugCheckCount       0000000180089ca0     LIBCMTD:dbgheap.obj
 0003:00003ca8       ?_pfnDumpClient@@3P6AXPEAX_K@ZEA 0000000180089ca8     LIBCMTD:dbgheap.obj
 0003:00003ce0       __pInvalidArgHandler       0000000180089ce0     LIBCMTD:invarg.obj
 0003:00003ce8       __mblocalename             0000000180089ce8     LIBCMTD:mbctype.obj
 0003:00003cf0       __mbcodepage               0000000180089cf0     LIBCMTD:mbctype.obj
 0003:00003cf4       __ismbcodepage             0000000180089cf4     LIBCMTD:mbctype.obj
 0003:00003cf8       __mbulinfo                 0000000180089cf8     LIBCMTD:mbctype.obj
 0003:00003d08       _newmode                   0000000180089d08     LIBCMTD:_newmode.obj
 0003:00003d0c       __favor                    0000000180089d0c     LIBCMTD:cpu_disp.obj
 0003:00003d10       __app_type                 0000000180089d10     LIBCMTD:crt0msg.obj
 0003:00004348       __pPurecall                000000018008a348     LIBCMTD:inithelp.obj
 0003:00004350       ?_pnhHeap@@3P6AH_K@ZEA     000000018008a350     LIBCMTD:handler.obj
 0003:000045c8       _crtheap                   000000018008a5c8     LIBCMTD:heapinit.obj
 0003:000045d0       __ioInitOnce               000000018008a5d0     LIBCMTD:ioinit.obj
 0003:000046e8       ?__pInconsistency@@3P6AXXZEA 000000018008a6e8     LIBCMTD:hooks.obj
 0003:00004720       _stdbuf                    000000018008a720     LIBCMTD:_sftbuf.obj
 0003:00004ca4       __lconv_static_null        000000018008aca4     LIBCMTD:lconv.obj
 0003:00004ca8       __lconv_static_W_null      000000018008aca8     LIBCMTD:lconv.obj
 0003:00004cac       __locale_changed           000000018008acac     LIBCMTD:wsetloca.obj
 0003:00004cd8       _outputformat              000000018008acd8     LIBCMTD:outputformat.obj
 0003:00004cdc       __error_mode               000000018008acdc     LIBCMTD:errmode.obj
 0003:00004ce0       _cflush                    000000018008ace0     LIBCMTD:_file.obj
 0003:00004cf0       ?pArgList@UnDecorator@@0PEAVReplicator@@EA 000000018008acf0     LIBCMTD:undname.obj
 0003:00004cf8       ?pZNameList@UnDecorator@@0PEAVReplicator@@EA 000000018008acf8     LIBCMTD:undname.obj
 0003:00004d00       ?pTemplateArgList@UnDecorator@@0PEAVReplicator@@EA 000000018008ad00     LIBCMTD:undname.obj
 0003:00004d08       ?gName@UnDecorator@@0PEBDEB 000000018008ad08     LIBCMTD:undname.obj
 0003:00004d10       ?name@UnDecorator@@0PEBDEB 000000018008ad10     LIBCMTD:undname.obj
 0003:00004d18       ?outputString@UnDecorator@@0PEADEA 000000018008ad18     LIBCMTD:undname.obj
 0003:00004d20       ?maxStringLength@UnDecorator@@0HA 000000018008ad20     LIBCMTD:undname.obj
 0003:00004d24       ?disableFlags@UnDecorator@@0KA 000000018008ad24     LIBCMTD:undname.obj
 0003:00004d28       ?fExplicitTemplateParams@UnDecorator@@0_NA 000000018008ad28     LIBCMTD:undname.obj
 0003:00004d29       ?fGetTemplateArgumentList@UnDecorator@@0_NA 000000018008ad29     LIBCMTD:undname.obj
 0003:00004d30       ?m_pGetParameter@UnDecorator@@0P6APEADJ@ZEA 000000018008ad30     LIBCMTD:undname.obj
 0003:00004db0       ?nodes@?1??make@DNameStatusNode@@SAPEAV2@W4DNameStatus@@@Z@4PAV2@A 000000018008adb0     LIBCMTD:undname.obj
 0003:00004df0       ??_B?1??make@DNameStatusNode@@SAPEAV1@W4DNameStatus@@@Z@51 000000018008adf0     LIBCMTD:undname.obj
 0003:00004e00       _bufin                     000000018008ae00     <common>
 0003:00006140       __piob                     000000018008c140     <common>
 0003:00006148       _nstream                   000000018008c148     <common>
 0003:00006150       _pReportHookListW          000000018008c150     <common>
 0003:00006168       _pReportHookList           000000018008c168     <common>
 0003:00006170       _pfnReportHook             000000018008c170     <common>
 0003:00006178       __unguarded_readlc_active  000000018008c178     <common>
 0003:00006188       __setlc_active             000000018008c188     <common>
 0003:0000618c       _debugger_hook_dummy       000000018008c18c     <common>
 0003:00006198       _nhandle                   000000018008c198     <common>
 0003:00006220       __pioinfo                  000000018008c220     <common>
 0003:00006420       __dyn_tls_init_callback    000000018008c420     <common>
 0003:00006438       __onexitend                000000018008c438     <common>
 0003:00006440       __onexitbegin              000000018008c440     <common>
 0003:00006448       __mbctype_initialized      000000018008c448     <common>
 0003:0000644c       __env_initialized          000000018008c44c     <common>
 0003:00006450       _acmdln                    000000018008c450     <common>
 0005:00000000       __IMPORT_DESCRIPTOR_utilities 0000000180091000     utilities:utilities.dll
 0005:00000014       __IMPORT_DESCRIPTOR_KERNEL32 0000000180091014     kernel32:KERNEL32.dll
 0005:00000028       __NULL_IMPORT_DESCRIPTOR   0000000180091028     utilities:utilities.dll
 0005:00000458       __imp_GetSystemTimeAsFileTime 0000000180091458     kernel32:KERNEL32.dll
 0005:00000460       __imp_CloseHandle          0000000180091460     kernel32:KERNEL32.dll
 0005:00000468       __imp_CreateFileW          0000000180091468     kernel32:KERNEL32.dll
 0005:00000470       __imp_FlushFileBuffers     0000000180091470     kernel32:KERNEL32.dll
 0005:00000478       __imp_SetStdHandle         0000000180091478     kernel32:KERNEL32.dll
 0005:00000480       __imp_SetFilePointerEx     0000000180091480     kernel32:KERNEL32.dll
 0005:00000488       __imp_GetConsoleMode       0000000180091488     kernel32:KERNEL32.dll
 0005:00000490       __imp_GetConsoleCP         0000000180091490     kernel32:KERNEL32.dll
 0005:00000498       __imp_EnumSystemLocalesEx  0000000180091498     kernel32:KERNEL32.dll
 0005:000004a0       __imp_EncodePointer        00000001800914a0     kernel32:KERNEL32.dll
 0005:000004a8       __imp_DecodePointer        00000001800914a8     kernel32:KERNEL32.dll
 0005:000004b0       __imp_GetCommandLineA      00000001800914b0     kernel32:KERNEL32.dll
 0005:000004b8       __imp_GetCurrentThreadId   00000001800914b8     kernel32:KERNEL32.dll
 0005:000004c0       __imp_GetLastError         00000001800914c0     kernel32:KERNEL32.dll
 0005:000004c8       __imp_ExitProcess          00000001800914c8     kernel32:KERNEL32.dll
 0005:000004d0       __imp_GetModuleHandleExW   00000001800914d0     kernel32:KERNEL32.dll
 0005:000004d8       __imp_GetProcAddress       00000001800914d8     kernel32:KERNEL32.dll
 0005:000004e0       __imp_AreFileApisANSI      00000001800914e0     kernel32:KERNEL32.dll
 0005:000004e8       __imp_MultiByteToWideChar  00000001800914e8     kernel32:KERNEL32.dll
 0005:000004f0       __imp_HeapSize             00000001800914f0     kernel32:KERNEL32.dll
 0005:000004f8       __imp_HeapValidate         00000001800914f8     kernel32:KERNEL32.dll
 0005:00000500       __imp_GetSystemInfo        0000000180091500     kernel32:KERNEL32.dll
 0005:00000508       __imp_RtlUnwindEx          0000000180091508     kernel32:KERNEL32.dll
 0005:00000510       __imp_IsDebuggerPresent    0000000180091510     kernel32:KERNEL32.dll
 0005:00000518       __imp_IsProcessorFeaturePresent 0000000180091518     kernel32:KERNEL32.dll
 0005:00000520       __imp_IsValidCodePage      0000000180091520     kernel32:KERNEL32.dll
 0005:00000528       __imp_GetACP               0000000180091528     kernel32:KERNEL32.dll
 0005:00000530       __imp_GetOEMCP             0000000180091530     kernel32:KERNEL32.dll
 0005:00000538       __imp_GetCPInfo            0000000180091538     kernel32:KERNEL32.dll
 0005:00000540       __imp_SetLastError         0000000180091540     kernel32:KERNEL32.dll
 0005:00000548       __imp_GetCurrentThread     0000000180091548     kernel32:KERNEL32.dll
 0005:00000550       __imp_GetModuleFileNameW   0000000180091550     kernel32:KERNEL32.dll
 0005:00000558       __imp_GetStdHandle         0000000180091558     kernel32:KERNEL32.dll
 0005:00000560       __imp_WriteFile            0000000180091560     kernel32:KERNEL32.dll
 0005:00000568       __imp_RtlPcToFileHeader    0000000180091568     kernel32:KERNEL32.dll
 0005:00000570       __imp_RaiseException       0000000180091570     kernel32:KERNEL32.dll
 0005:00000578       __imp_EnterCriticalSection 0000000180091578     kernel32:KERNEL32.dll
 0005:00000580       __imp_LeaveCriticalSection 0000000180091580     kernel32:KERNEL32.dll
 0005:00000588       __imp_InitializeCriticalSectionAndSpinCount 0000000180091588     kernel32:KERNEL32.dll
 0005:00000590       __imp_DeleteCriticalSection 0000000180091590     kernel32:KERNEL32.dll
 0005:00000598       __imp_FatalAppExitA        0000000180091598     kernel32:KERNEL32.dll
 0005:000005a0       __imp_GetProcessHeap       00000001800915a0     kernel32:KERNEL32.dll
 0005:000005a8       __imp_GetFileType          00000001800915a8     kernel32:KERNEL32.dll
 0005:000005b0       __imp_InitOnceExecuteOnce  00000001800915b0     kernel32:KERNEL32.dll
 0005:000005b8       __imp_GetStartupInfoW      00000001800915b8     kernel32:KERNEL32.dll
 0005:000005c0       __imp_GetModuleFileNameA   00000001800915c0     kernel32:KERNEL32.dll
 0005:000005c8       __imp_QueryPerformanceCounter 00000001800915c8     kernel32:KERNEL32.dll
 0005:000005d0       __imp_GetTickCount64       00000001800915d0     kernel32:KERNEL32.dll
 0005:000005d8       __imp_GetEnvironmentStringsW 00000001800915d8     kernel32:KERNEL32.dll
 0005:000005e0       __imp_FreeEnvironmentStringsW 00000001800915e0     kernel32:KERNEL32.dll
 0005:000005e8       __imp_WideCharToMultiByte  00000001800915e8     kernel32:KERNEL32.dll
 0005:000005f0       __imp_RtlCaptureContext    00000001800915f0     kernel32:KERNEL32.dll
 0005:000005f8       __imp_RtlLookupFunctionEntry 00000001800915f8     kernel32:KERNEL32.dll
 0005:00000600       __imp_RtlVirtualUnwind     0000000180091600     kernel32:KERNEL32.dll
 0005:00000608       __imp_UnhandledExceptionFilter 0000000180091608     kernel32:KERNEL32.dll
 0005:00000610       __imp_SetUnhandledExceptionFilter 0000000180091610     kernel32:KERNEL32.dll
 0005:00000618       __imp_FlsAlloc             0000000180091618     kernel32:KERNEL32.dll
 0005:00000620       __imp_FlsGetValue          0000000180091620     kernel32:KERNEL32.dll
 0005:00000628       __imp_FlsSetValue          0000000180091628     kernel32:KERNEL32.dll
 0005:00000630       __imp_FlsFree              0000000180091630     kernel32:KERNEL32.dll
 0005:00000638       __imp_GetCurrentProcess    0000000180091638     kernel32:KERNEL32.dll
 0005:00000640       __imp_TerminateProcess     0000000180091640     kernel32:KERNEL32.dll
 0005:00000648       __imp_GetModuleHandleW     0000000180091648     kernel32:KERNEL32.dll
 0005:00000650       __imp_FreeLibrary          0000000180091650     kernel32:KERNEL32.dll
 0005:00000658       __imp_LoadLibraryExW       0000000180091658     kernel32:KERNEL32.dll
 0005:00000660       __imp_SetConsoleCtrlHandler 0000000180091660     kernel32:KERNEL32.dll
 0005:00000668       __imp_HeapFree             0000000180091668     kernel32:KERNEL32.dll
 0005:00000670       __imp_HeapReAlloc          0000000180091670     kernel32:KERNEL32.dll
 0005:00000678       __imp_HeapQueryInformation 0000000180091678     kernel32:KERNEL32.dll
 0005:00000680       __imp_HeapAlloc            0000000180091680     kernel32:KERNEL32.dll
 0005:00000688       __imp_GetStringTypeW       0000000180091688     kernel32:KERNEL32.dll
 0005:00000690       __imp_OutputDebugStringW   0000000180091690     kernel32:KERNEL32.dll
 0005:00000698       __imp_WaitForSingleObjectEx 0000000180091698     kernel32:KERNEL32.dll
 0005:000006a0       __imp_CreateThread         00000001800916a0     kernel32:KERNEL32.dll
 0005:000006a8       __imp_LoadLibraryW         00000001800916a8     kernel32:KERNEL32.dll
 0005:000006b0       __imp_OutputDebugStringA   00000001800916b0     kernel32:KERNEL32.dll
 0005:000006b8       __imp_WriteConsoleW        00000001800916b8     kernel32:KERNEL32.dll
 0005:000006c0       __imp_GetTimeFormatEx      00000001800916c0     kernel32:KERNEL32.dll
 0005:000006c8       __imp_GetDateFormatEx      00000001800916c8     kernel32:KERNEL32.dll
 0005:000006d0       __imp_CompareStringEx      00000001800916d0     kernel32:KERNEL32.dll
 0005:000006d8       __imp_GetLocaleInfoEx      00000001800916d8     kernel32:KERNEL32.dll
 0005:000006e0       __imp_GetUserDefaultLocaleName 00000001800916e0     kernel32:KERNEL32.dll
 0005:000006e8       __imp_LCMapStringEx        00000001800916e8     kernel32:KERNEL32.dll
 0005:000006f0       __imp_IsValidLocaleName    00000001800916f0     kernel32:KERNEL32.dll
 0005:000006f8       \177KERNEL32_NULL_THUNK_DATA 00000001800916f8     kernel32:KERNEL32.dll
 0005:000007d0       __imp_??4DataBuffer@DataPacking@@QEAAAEAV01@AEBV01@@Z 00000001800917d0     utilities:utilities.dll
 0005:000007d8       __imp_??1DataBuffer@DataPacking@@QEAA@XZ 00000001800917d8     utilities:utilities.dll
 0005:000007e0       __imp_??0DataBuffer@DataPacking@@QEAA@II@Z 00000001800917e0     utilities:utilities.dll
 0005:000007e8       __imp_?ReleaseInterfacePointer@InterfaceRegistration@@QEAAXPEBDPEAX@Z 00000001800917e8     utilities:utilities.dll
 0005:000007f0       __imp_MessageBoxWIN        00000001800917f0     utilities:utilities.dll
 0005:000007f8       __imp_GetInterfaceRegistration 00000001800917f8     utilities:utilities.dll
 0005:00000800       __imp_?GetInterface@InterfaceRegistration@@QEAAPEAXPEBDH@Z 0000000180091800     utilities:utilities.dll
 0005:00000808       __imp_??0InterfaceElement@@QEAA@P6APEAXXZP6AXPEAX@ZPEBDH_N@Z 0000000180091808     utilities:utilities.dll
 0005:00000810       \177utilities_NULL_THUNK_DATA 0000000180091810     utilities:utilities.dll

 entry point at        0001:00004b80

