 engine

 Timestamp is 52febf5f (Fri Feb 14 17:14:07 2014)

 Preferred load address is 0000000180000000

 Start         Length     Name                   Class
 0001:00000000 0006b77dH .text                   CODE
 0001:0006b780 00001f99H .text$x                 CODE
 0001:0006d720 00001056H .text$yc                CODE
 0001:0006e780 0000103eH .text$yd                CODE
 0002:00000000 00000109H .CRT$XCA                DATA
 0002:00000110 0000011bH .CRT$XCU                DATA
 0002:00000230 00000109H .CRT$XCZ                DATA
 0002:00000340 00000109H .CRT$XIA                DATA
 0002:00000450 00000126H .CRT$XIC                DATA
 0002:00000578 00000109H .CRT$XIZ                DATA
 0002:00000688 00000109H .CRT$XPA                DATA
 0002:00000798 00000113H .CRT$XPX                DATA
 0002:000008b0 00000109H .CRT$XPXA               DATA
 0002:000009c0 00000109H .CRT$XPZ                DATA
 0002:00000ad0 00000109H .CRT$XTA                DATA
 0002:00000be0 00000109H .CRT$XTZ                DATA
 0002:00000cf0 0000fd6fH .rdata                  DATA
 0002:00010a60 00000178H .rdata$debug            DATA
 0002:00010bd8 00000af0H .rdata$r                DATA
 0002:000116c8 00000109H .rtc$IAA                DATA
 0002:000117d8 00000109H .rtc$IZZ                DATA
 0002:000118e8 00000109H .rtc$TAA                DATA
 0002:000119f8 00000109H .rtc$TZZ                DATA
 0002:00011b08 0000329dH .xdata                  DATA
 0002:00014da8 00000211H .xdata$x                DATA
 0002:00014fb9 00000000H .edata                  DATA
 0003:00000000 00001eefH .data                   DATA
 0003:00001f00 000053e1H .bss                    DATA
 0004:00000000 00003054H .pdata                  DATA
 0005:00000000 00000028H .idata$2                DATA
 0005:00000028 00000014H .idata$3                DATA
 0005:00000040 00000420H .idata$4                DATA
 0005:00000460 00000420H .idata$5                DATA
 0005:00000880 0000098aH .idata$6                DATA

  Address         Publics by Value              Rva+Base               Lib:Object

 0000:00000000       ___safe_se_handler_count   0000000000000000     <absolute>
 0000:00000000       ___safe_se_handler_table   0000000000000000     <absolute>
 0000:00000000       __ImageBase                0000000180000000     <linker-defined>
 0001:00000210       ??$MemoryCopyConstruct@UAppVariable@@@Container@@YAXPEAUAppVariable@@AEBU1@@Z 0000000180001210 f i AppVariables.obj
 0001:000002a0       ??$MemoryDestruct@UAppVariable@@@Container@@YAXPEAUAppVariable@@@Z 00000001800012a0 f i AppVariables.obj
 0001:000002b0       ??$vsnprintf_s@$0EAA@@@YAHAEAY0EAA@D_KPEBDPEAD@Z 00000001800012b0 f i AppVariables.obj
 0001:000002e0       ??0?$Vector@UAppVariable@@@Container@@QEAA@XZ 00000001800012e0 f i AppVariables.obj
 0001:000002f0       ??0AppVariable@@QEAA@PEBD0@Z 00000001800012f0 f   AppVariables.obj
 0001:000004a0       ??0AppVariableManager@@QEAA@XZ 00000001800014a0 f i AppVariables.obj
 0001:000004b0       ??1?$Vector@UAppVariable@@@Container@@QEAA@XZ 00000001800014b0 f i AppVariables.obj
 0001:000004f0       ??1AppVariableManager@@QEAA@XZ 00000001800014f0 f i AppVariables.obj
 0001:00000530       ??2@YAPEAX_KPEAX@Z         0000000180001530 f i AppVariables.obj
 0001:00000540       ??A?$Vector@UAppVariable@@@Container@@QEAAAEAUAppVariable@@H@Z 0000000180001540 f i AppVariables.obj
 0001:00000560       ?AddElement@?$Vector@UAppVariable@@@Container@@QEAAIIAEBUAppVariable@@@Z 0000000180001560 f i AppVariables.obj
 0001:00000630       ?AddElementToBack@?$Vector@UAppVariable@@@Container@@QEAAIAEBUAppVariable@@@Z 0000000180001630 f i AppVariables.obj
 0001:00000640       ?Count@?$Vector@UAppVariable@@@Container@@QEBAIXZ 0000000180001640 f i AppVariables.obj
 0001:00000650       ?Element@?$Vector@UAppVariable@@@Container@@QEAAAEAUAppVariable@@I@Z 0000000180001650 f i AppVariables.obj
 0001:00000670       ?GrowVector@?$Vector@UAppVariable@@@Container@@AEAAXI@Z 0000000180001670 f i AppVariables.obj
 0001:000007c0       ?RegisterVariable@AppVariableManager@@QEAAPEAUAppVariable@@PEBD0@Z 00000001800017c0 f   AppVariables.obj
 0001:000008a0       ?ShiftElementsRight@?$Vector@UAppVariable@@@Container@@AEAAXII@Z 00000001800018a0 f i AppVariables.obj
 0001:000008f0       ?c99_snprintf@@YAHPEAD_KPEBDZZ 00000001800018f0 f i AppVariables.obj
 0001:00000950       ?c99_vsnprintf@@YAHPEAD_KPEBD0@Z 0000000180001950 f i AppVariables.obj
 0001:000009b0       ??0CEngine@@QEAA@XZ        00000001800019b0 f   CEngine.obj
 0001:000009e0       ??0CEngineClient@@QEAA@XZ  00000001800019e0 f i CEngine.obj
 0001:000009f0       ??0IEngine@@QEAA@XZ        00000001800019f0 f i CEngine.obj
 0001:00000a10       ??_H@YAXPEAX_KHP6APEAX0@Z@Z 0000000180001a10 f i CEngine.obj
 0001:00000a70       ??_I@YAXPEAX_KHP6AX0@Z@Z   0000000180001a70 f i CEngine.obj
 0001:00000ae0       ?FinishedExecution@CEngine@@UEAA_NXZ 0000000180001ae0 f i CEngine.obj
 0001:00000af0       ?GetPlatform@@YAPEAVIPlatform@@XZ 0000000180001af0 f   CEngine.obj
 0001:00000c20       ?Initialize@CEngine@@UEAAXXZ 0000000180001c20 f   CEngine.obj
 0001:00000cc0       ?InitializeLocal@CEngineClient@@QEAAXXZ 0000000180001cc0 f i CEngine.obj
 0001:00000cd0       ?Run@CEngine@@UEAAXXZ      0000000180001cd0 f   CEngine.obj
 0001:00000d40       ?Shutdown@CEngine@@UEAAXXZ 0000000180001d40 f   CEngine.obj
 0001:00000d80       ?__CreateEngine@@YAPEAXXZ  0000000180001d80 f   CEngine.obj
 0001:00000dd0       ?__DestroyEngine@@YAXPEAX@Z 0000000180001dd0 f   CEngine.obj
 0001:00000de0       ??$strncat_s@$0BAE@@@YAHAEAY0BAE@DPEBD_K@Z 0000000180001de0 f i CExtensions.obj
 0001:00000e00       ??0CExtensions@@QEAA@XZ    0000000180001e00 f   CExtensions.obj
 0001:00000e90       ??0IExtensions@@QEAA@XZ    0000000180001e90 f i CExtensions.obj
 0001:00000eb0       ??0send_buffer_t@@QEAA@XZ  0000000180001eb0 f i CExtensions.obj
 0001:00000ee0       ??1CExtensions@@UEAA@XZ    0000000180001ee0 f i CExtensions.obj
 0001:00000f60       ??1IExtensions@@UEAA@XZ    0000000180001f60 f i CExtensions.obj
 0001:00000f70       ??1send_buffer_t@@QEAA@XZ  0000000180001f70 f i CExtensions.obj
 0001:00000f80       ??_ECExtensions@@UEAAPEAXI@Z 0000000180001f80 f i CExtensions.obj
 0001:00000f80       ??_GCExtensions@@UEAAPEAXI@Z 0000000180001f80 f i CExtensions.obj
 0001:00001010       ??_GIExtensions@@UEAAPEAXI@Z 0000000180002010 f i CExtensions.obj
 0001:00001010       ??_EIExtensions@@UEAAPEAXI@Z 0000000180002010 f i CExtensions.obj
 0001:00001040       ?DestroyAllExtensions@CExtensions@@UEAAXXZ 0000000180002040 f   CExtensions.obj
 0001:00001100       ?DispatchPendingMessages@CExtensions@@QEAAXXZ 0000000180002100 f   CExtensions.obj
 0001:00001220       ?GetNumSendBuffers@CExtensions@@UEBAIXZ 0000000180002220 f i CExtensions.obj
 0001:00001230       ?GetSendBuffer@CExtensions@@UEAAPEAVDataBuffer@DataPacking@@I@Z 0000000180002230 f i CExtensions.obj
 0001:00001390       ?HookExtension@CExtensions@@UEAA_NPEBD@Z 0000000180002390 f   CExtensions.obj
 0001:00001560       ?InvalidateSendBuffers@CExtensions@@UEAAXXZ 0000000180002560 f i CExtensions.obj
 0001:00001570       ?RunExtensions@CExtensions@@UEAAXXZ 0000000180002570 f   CExtensions.obj
 0001:000016d0       ?SendBuffer@CExtensions@@UEAAXPEBDPEAVDataBuffer@DataPacking@@@Z 00000001800026d0 f   CExtensions.obj
 0001:000017fe       util_strncpy               00000001800027fe f   utilities:utilities.dll
 0001:00001804       MessageBoxWIN              0000000180002804 f   utilities:utilities.dll
 0001:0000180a       ??0InterfaceElement@@QEAA@P6APEAXXZP6AXPEAX@ZPEBDH_N@Z 000000018000280a f   utilities:utilities.dll
 0001:00001810       ?GetInterface@InterfaceRegistration@@QEAAPEAXPEBDH@Z 0000000180002810 f   utilities:utilities.dll
 0001:00001816       GetInterfaceRegistration   0000000180002816 f   utilities:utilities.dll
 0001:0000181c       ?ReleaseInterfacePointer@InterfaceRegistration@@QEAAXPEBDPEAX@Z 000000018000281c f   utilities:utilities.dll
 0001:00001822       ??0DataBuffer@DataPacking@@QEAA@II@Z 0000000180002822 f   utilities:utilities.dll
 0001:00001828       ??1DataBuffer@DataPacking@@QEAA@XZ 0000000180002828 f   utilities:utilities.dll
 0001:0000182e       ??4DataBuffer@DataPacking@@QEAAAEAV01@AEBV01@@Z 000000018000282e f   utilities:utilities.dll
 0001:00001840       __onexitinit               0000000180002840 f   LIBCMTD:onexit.obj
 0001:000018b0       _onexit                    00000001800028b0 f   LIBCMTD:onexit.obj
 0001:00001ab0       atexit                     0000000180002ab0 f   LIBCMTD:onexit.obj
 0001:00001af0       _vsnprintf_c               0000000180002af0 f   LIBCMTD:vsnprnc.obj
 0001:00001b60       _vsnprintf_c_l             0000000180002b60 f   LIBCMTD:vsnprnc.obj
 0001:00001bd0       _vsnprintf_helper          0000000180002bd0 f   LIBCMTD:vsnprnc.obj
 0001:00001eb0       _vsnprintf_s               0000000180002eb0 f   LIBCMTD:vsnprnc.obj
 0001:00001eb0       vsnprintf_s                0000000180002eb0 f   LIBCMTD:vsnprnc.obj
 0001:00001f00       _vsnprintf_s_l             0000000180002f00 f   LIBCMTD:vsnprnc.obj
 0001:000024a0       _vsprintf_p                00000001800034a0 f   LIBCMTD:vsnprnc.obj
 0001:00002510       _vsprintf_p_l              0000000180003510 f   LIBCMTD:vsnprnc.obj
 0001:00002580       _vsprintf_s_l              0000000180003580 f   LIBCMTD:vsnprnc.obj
 0001:00002910       vsprintf_s                 0000000180003910 f   LIBCMTD:vsnprnc.obj
 0001:00002950       _vscprintf                 0000000180003950 f   LIBCMTD:vsprintf.obj
 0001:00002980       _vscprintf_helper          0000000180003980 f   LIBCMTD:vsprintf.obj
 0001:00002ad0       _vscprintf_l               0000000180003ad0 f   LIBCMTD:vsprintf.obj
 0001:00002b10       _vscprintf_p               0000000180003b10 f   LIBCMTD:vsprintf.obj
 0001:00002b40       _vscprintf_p_l             0000000180003b40 f   LIBCMTD:vsprintf.obj
 0001:00002b80       _vsprintf_l                0000000180003b80 f   LIBCMTD:vsprintf.obj
 0001:00002df0       vsprintf                   0000000180003df0 f   LIBCMTD:vsprintf.obj
 0001:00002e20       ??0_LocaleUpdate@@QEAA@PEAUlocaleinfo_struct@@@Z 0000000180003e20 f i LIBCMTD:atof.obj
 0001:00002f60       ??1_LocaleUpdate@@QEAA@XZ  0000000180003f60 f i LIBCMTD:atof.obj
 0001:00002fa0       ?GetLocaleT@_LocaleUpdate@@QEAAPEAUlocaleinfo_struct@@XZ 0000000180003fa0 f i LIBCMTD:atof.obj
 0001:00002fb0       __STRINGTOLD               0000000180003fb0 f   LIBCMTD:atof.obj
 0001:00003020       __strgtold12               0000000180004020 f   LIBCMTD:atof.obj
 0001:000030b0       _atof_l                    00000001800040b0 f   LIBCMTD:atof.obj
 0001:000032a0       atof                       00000001800042a0 f   LIBCMTD:atof.obj
 0001:000032c0       _atoi64                    00000001800042c0 f   LIBCMTD:atox.obj
 0001:000032e0       _atoi64_l                  00000001800042e0 f   LIBCMTD:atox.obj
 0001:00003310       _atoi_l                    0000000180004310 f   LIBCMTD:atox.obj
 0001:00003340       _atol_l                    0000000180004340 f   LIBCMTD:atox.obj
 0001:00003370       atoi                       0000000180004370 f   LIBCMTD:atox.obj
 0001:00003390       atol                       0000000180004390 f   LIBCMTD:atox.obj
 0001:000033b0       free                       00000001800043b0 f   LIBCMTD:dbgfree.obj
 0001:000033d0       malloc                     00000001800043d0 f   LIBCMTD:dbgmalloc.obj
 0001:00003410       realloc                    0000000180004410 f   LIBCMTD:dbgrealloc.obj
 0001:00003460       memcpy                     0000000180004460 f   LIBCMTD:memcpy.obj
 0001:00003460       memmove                    0000000180004460     LIBCMTD:memcpy.obj
 0001:00003960       strncmp                    0000000180004960 f   LIBCMTD:strncmp.obj
 0001:000039e0       _fpmath                    00000001800049e0 f   LIBCMTD:fpinit.obj
 0001:00003a00       __setfflag                 0000000180004a00 f   LIBCMTD:fpinit.obj
 0001:00003a30       _cfltcvt_init              0000000180004a30 f   LIBCMTD:fpinit.obj
 0001:00003b40       _get_purecall_handler      0000000180004b40 f   LIBCMTD:purevirt.obj
 0001:00003b60       _purecall                  0000000180004b60 f   LIBCMTD:purevirt.obj
 0001:00003bb0       _set_purecall_handler      0000000180004bb0 f   LIBCMTD:purevirt.obj
 0001:00003bf0       ??0bad_alloc@std@@QEAA@AEBV01@@Z 0000000180004bf0 f i LIBCMTD:new.obj
 0001:00003c30       ??0bad_alloc@std@@QEAA@XZ  0000000180004c30 f i LIBCMTD:new.obj
 0001:00003c80       ??1bad_alloc@std@@UEAA@XZ  0000000180004c80 f i LIBCMTD:new.obj
 0001:00003cb0       ??2@YAPEAX_K@Z             0000000180004cb0 f   LIBCMTD:new.obj
 0001:00003d10       ??_Ebad_alloc@std@@UEAAPEAXI@Z 0000000180004d10 f i LIBCMTD:new.obj
 0001:00003d10       ??_Gbad_alloc@std@@UEAAPEAXI@Z 0000000180004d10 f i LIBCMTD:new.obj
 0001:00003d50       ??3@YAXPEAX@Z              0000000180004d50 f   LIBCMTD:dbgdel.obj
 0001:00003e20       ??0type_info@@AEAA@AEBV0@@Z 0000000180004e20 f   LIBCMTD:typinfo.obj
 0001:00003e40       ??1type_info@@UEAA@XZ      0000000180004e40 f   LIBCMTD:typinfo.obj
 0001:00003e70       ??4type_info@@AEAAAEAV0@AEBV0@@Z 0000000180004e70 f   LIBCMTD:typinfo.obj
 0001:00003e80       ??8type_info@@QEBA_NAEBV0@@Z 0000000180004e80 f   LIBCMTD:typinfo.obj
 0001:00003ed0       ??9type_info@@QEBA_NAEBV0@@Z 0000000180004ed0 f   LIBCMTD:typinfo.obj
 0001:00003f20       ??_Gtype_info@@UEAAPEAXI@Z 0000000180004f20 f i LIBCMTD:typinfo.obj
 0001:00003f20       ??_Etype_info@@UEAAPEAXI@Z 0000000180004f20 f i LIBCMTD:typinfo.obj
 0001:00003f60       ?_name_internal_method@type_info@@QEBAPEBDPEAU__type_info_node@@@Z 0000000180004f60 f   LIBCMTD:typinfo.obj
 0001:00003f90       ?_type_info_dtor_internal_method@type_info@@QEAAXXZ 0000000180004f90 f   LIBCMTD:typinfo.obj
 0001:00003fb0       ?before@type_info@@QEBA_NAEBV1@@Z 0000000180004fb0 f   LIBCMTD:typinfo.obj
 0001:00004000       ?name@type_info@@QEBAPEBDPEAU__type_info_node@@@Z 0000000180005000 f   LIBCMTD:typinfo.obj
 0001:00004030       ?raw_name@type_info@@QEBAPEBDXZ 0000000180005030 f   LIBCMTD:typinfo.obj
 0001:00004040       strncat_s                  0000000180005040 f   LIBCMTD:strncat_s.obj
 0001:000047b0       _CRT_INIT                  00000001800057b0 f   LIBCMTD:dllcrt0.obj
 0001:000049a0       _DllMainCRTStartup         00000001800059a0 f   LIBCMTD:dllcrt0.obj
 0001:00004b40       __DllXcptFilter            0000000180005b40 f   LIBCMTD:dllcrt0.obj
 0001:00004b90       __copy_path_to_wide_string 0000000180005b90 f   LIBCMTD:crt0dat.obj
 0001:00004e10       __crtCorExitProcess        0000000180005e10 f   LIBCMTD:crt0dat.obj
 0001:00004e60       __crtExitProcess           0000000180005e60 f   LIBCMTD:crt0dat.obj
 0001:00004e80       __freeCrtMemory            0000000180005e80 f   LIBCMTD:crt0dat.obj
 0001:000050a0       _amsg_exit                 00000001800060a0 f   LIBCMTD:crt0dat.obj
 0001:000050d0       _c_exit                    00000001800060d0 f   LIBCMTD:crt0dat.obj
 0001:000050f0       _cexit                     00000001800060f0 f   LIBCMTD:crt0dat.obj
 0001:00005110       _cinit                     0000000180006110 f   LIBCMTD:crt0dat.obj
 0001:000051c0       _exit                      00000001800061c0 f   LIBCMTD:crt0dat.obj
 0001:000051e0       _get_pgmptr                00000001800061e0 f   LIBCMTD:crt0dat.obj
 0001:00005350       _get_wpgmptr               0000000180006350 f   LIBCMTD:crt0dat.obj
 0001:000054c0       _init_pointers             00000001800064c0 f   LIBCMTD:crt0dat.obj
 0001:00005570       _initterm_e                0000000180006570 f   LIBCMTD:crt0dat.obj
 0001:000055d0       _lockexit                  00000001800065d0 f   LIBCMTD:crt0dat.obj
 0001:000055f0       _unlockexit                00000001800065f0 f   LIBCMTD:crt0dat.obj
 0001:00005820       exit                       0000000180006820 f   LIBCMTD:crt0dat.obj
 0001:00005d70       _CrtCheckMemory            0000000180006d70 f   LIBCMTD:dbgheap.obj
 0001:00006310       _CrtDoForAllClientObjects  0000000180007310 f   LIBCMTD:dbgheap.obj
 0001:00006440       _CrtDumpMemoryLeaks        0000000180007440 f   LIBCMTD:dbgheap.obj
 0001:00006500       _CrtGetAllocHook           0000000180007500 f   LIBCMTD:dbgheap.obj
 0001:00006510       _CrtGetCheckCount          0000000180007510 f   LIBCMTD:dbgheap.obj
 0001:00006520       _CrtGetDumpClient          0000000180007520 f   LIBCMTD:dbgheap.obj
 0001:00006530       _CrtIsMemoryBlock          0000000180007530 f   LIBCMTD:dbgheap.obj
 0001:000066b0       _CrtIsValidHeapPointer     00000001800076b0 f   LIBCMTD:dbgheap.obj
 0001:00006710       _CrtIsValidPointer         0000000180007710 f   LIBCMTD:dbgheap.obj
 0001:00006750       _CrtMemCheckpoint          0000000180007750 f   LIBCMTD:dbgheap.obj
 0001:000069e0       _CrtMemDifference          00000001800079e0 f   LIBCMTD:dbgheap.obj
 0001:00006d10       _CrtMemDumpAllObjectsSince 0000000180007d10 f   LIBCMTD:dbgheap.obj
 0001:00006d60       _CrtMemDumpStatistics      0000000180007d60 f   LIBCMTD:dbgheap.obj
 0001:00006ef0       _CrtReportBlockType        0000000180007ef0 f   LIBCMTD:dbgheap.obj
 0001:00006f30       _CrtSetAllocHook           0000000180007f30 f   LIBCMTD:dbgheap.obj
 0001:00006f60       _CrtSetBreakAlloc          0000000180007f60 f   LIBCMTD:dbgheap.obj
 0001:00006f90       _CrtSetCheckCount          0000000180007f90 f   LIBCMTD:dbgheap.obj
 0001:00006fb0       _CrtSetDbgBlockType        0000000180007fb0 f   LIBCMTD:dbgheap.obj
 0001:00007080       _CrtSetDbgFlag             0000000180008080 f   LIBCMTD:dbgheap.obj
 0001:000071c0       _CrtSetDebugFillThreshold  00000001800081c0 f   LIBCMTD:dbgheap.obj
 0001:000071f0       _CrtSetDumpClient          00000001800081f0 f   LIBCMTD:dbgheap.obj
 0001:00007220       _aligned_free              0000000180008220 f   LIBCMTD:dbgheap.obj
 0001:00007240       _aligned_free_dbg          0000000180008240 f   LIBCMTD:dbgheap.obj
 0001:00007330       _aligned_malloc            0000000180008330 f   LIBCMTD:dbgheap.obj
 0001:00007360       _aligned_malloc_dbg        0000000180008360 f   LIBCMTD:dbgheap.obj
 0001:000073a0       _aligned_msize             00000001800083a0 f   LIBCMTD:dbgheap.obj
 0001:000073d0       _aligned_msize_dbg         00000001800083d0 f   LIBCMTD:dbgheap.obj
 0001:00007590       _aligned_offset_malloc     0000000180008590 f   LIBCMTD:dbgheap.obj
 0001:000075d0       _aligned_offset_malloc_dbg 00000001800085d0 f   LIBCMTD:dbgheap.obj
 0001:000078b0       _aligned_offset_realloc    00000001800088b0 f   LIBCMTD:dbgheap.obj
 0001:00007900       _aligned_offset_realloc_dbg 0000000180008900 f   LIBCMTD:dbgheap.obj
 0001:00007da0       _aligned_offset_recalloc   0000000180008da0 f   LIBCMTD:dbgheap.obj
 0001:00007e00       _aligned_offset_recalloc_dbg 0000000180008e00 f   LIBCMTD:dbgheap.obj
 0001:00007f20       _aligned_realloc           0000000180008f20 f   LIBCMTD:dbgheap.obj
 0001:00007f60       _aligned_realloc_dbg       0000000180008f60 f   LIBCMTD:dbgheap.obj
 0001:00007fb0       _aligned_recalloc          0000000180008fb0 f   LIBCMTD:dbgheap.obj
 0001:00008000       _aligned_recalloc_dbg      0000000180009000 f   LIBCMTD:dbgheap.obj
 0001:00008060       _calloc_dbg                0000000180009060 f   LIBCMTD:dbgheap.obj
 0001:000080e0       _calloc_dbg_impl           00000001800090e0 f   LIBCMTD:dbgheap.obj
 0001:00008190       _expand                    0000000180009190 f   LIBCMTD:dbgheap.obj
 0001:000081d0       _expand_dbg                00000001800091d0 f   LIBCMTD:dbgheap.obj
 0001:000082f0       _free_dbg                  00000001800092f0 f   LIBCMTD:dbgheap.obj
 0001:00008330       _free_dbg_nolock           0000000180009330 f   LIBCMTD:dbgheap.obj
 0001:00008a20       _free_nolock               0000000180009a20 f   LIBCMTD:dbgheap.obj
 0001:00008a40       _heap_alloc                0000000180009a40 f   LIBCMTD:dbgheap.obj
 0001:00008a70       _heap_alloc_dbg            0000000180009a70 f   LIBCMTD:dbgheap.obj
 0001:00008f90       _invoke_watson_if_oneof    0000000180009f90 f i LIBCMTD:dbgheap.obj
 0001:00009000       _malloc_dbg                000000018000a000 f   LIBCMTD:dbgheap.obj
 0001:00009050       _msize                     000000018000a050 f   LIBCMTD:dbgheap.obj
 0001:00009070       _msize_dbg                 000000018000a070 f   LIBCMTD:dbgheap.obj
 0001:000092b0       _nh_malloc                 000000018000a2b0 f   LIBCMTD:dbgheap.obj
 0001:000092f0       _nh_malloc_dbg             000000018000a2f0 f   LIBCMTD:dbgheap.obj
 0001:00009690       _realloc_dbg               000000018000a690 f   LIBCMTD:dbgheap.obj
 0001:00009700       _recalloc                  000000018000a700 f   LIBCMTD:dbgheap.obj
 0001:00009750       _recalloc_dbg              000000018000a750 f   LIBCMTD:dbgheap.obj
 0001:0000a150       __C_specific_handler       000000018000b150 f   LIBCMTD:chandler.obj
 0001:0000a570       ?_invalid_parameter@@YAXPEBG00I_K@Z 000000018000b570 f   LIBCMTD:invarg.obj
 0001:0000a5b0       ?_invoke_watson@@YAXPEBG00I_K@Z 000000018000b5b0 f   LIBCMTD:invarg.obj
 0001:0000a5f0       _call_reportfault          000000018000b5f0 f   LIBCMTD:invarg.obj
 0001:0000a720       _get_invalid_parameter_handler 000000018000b720 f   LIBCMTD:invarg.obj
 0001:0000a760       _initp_misc_invarg         000000018000b760 f   LIBCMTD:invarg.obj
 0001:0000a780       _invalid_parameter         000000018000b780 f   LIBCMTD:invarg.obj
 0001:0000a810       _invoke_watson             000000018000b810 f   LIBCMTD:invarg.obj
 0001:0000a870       _set_invalid_parameter_handler 000000018000b870 f   LIBCMTD:invarg.obj
 0001:0000a8d0       _flsbuf                    000000018000b8d0 f   LIBCMTD:_flsbuf.obj
 0001:0000ac80       ?_CrtDbgReportW@@YAHHPEBGH00ZZ 000000018000bc80 f   LIBCMTD:dbgrptw.obj
 0001:0000ad00       _CrtDbgReportW             000000018000bd00 f   LIBCMTD:dbgrptw.obj
 0001:0000ad80       _CrtDbgReportWV            000000018000bd80 f i LIBCMTD:dbgrptw.obj
 0001:0000ade0       _CrtSetReportHookW2        000000018000bde0 f   LIBCMTD:dbgrptw.obj
 0001:0000b1f0       __crtMessageWindowW        000000018000c1f0 f   LIBCMTD:dbgrptw.obj
 0001:0000b870       _invoke_watson_if_error    000000018000c870 f i LIBCMTD:dbgrptw.obj
 0001:0000b8d0       memset                     000000018000c8d0 f   LIBCMTD:memset.obj
 0001:0000b9e0       _output_l                  000000018000c9e0 f   LIBCMTD:output.obj
 0001:0000d200       get_int64_arg              000000018000e200 f i LIBCMTD:output.obj
 0001:0000d270       get_int_arg                000000018000e270 f i LIBCMTD:output.obj
 0001:0000d2d0       get_short_arg              000000018000e2d0 f i LIBCMTD:output.obj
 0001:0000d570       _output_s_l                000000018000e570 f   LIBCMTD:outputs.obj
 0001:0000f170       _output_p_l                0000000180010170 f   LIBCMTD:outputp.obj
 0001:00013670       _validate_param_reuseA     0000000180014670 f   LIBCMTD:outputp.obj
 0001:000139e0       get_crtdouble_arg          00000001800149e0 f i LIBCMTD:outputp.obj
 0001:00013c80       __doserrno                 0000000180014c80 f   LIBCMTD:dosmap.obj
 0001:00013cb0       _dosmaperr                 0000000180014cb0 f   LIBCMTD:dosmap.obj
 0001:00013ce0       _errno                     0000000180014ce0 f   LIBCMTD:dosmap.obj
 0001:00013d10       _get_doserrno              0000000180014d10 f   LIBCMTD:dosmap.obj
 0001:00013dd0       _get_errno                 0000000180014dd0 f   LIBCMTD:dosmap.obj
 0001:00013e90       _get_errno_from_oserr      0000000180014e90 f   LIBCMTD:dosmap.obj
 0001:00013f20       _set_doserrno              0000000180014f20 f   LIBCMTD:dosmap.obj
 0001:00013f60       _set_errno                 0000000180014f60 f   LIBCMTD:dosmap.obj
 0001:00013fa0       _fltin2                    0000000180014fa0 f   LIBCMTD:cfin.obj
 0001:000140f0       __STRINGTOLD_L             00000001800150f0 f   LIBCMTD:strgtold.obj
 0001:000141a0       __addl                     00000001800151a0 f i LIBCMTD:strgtold.obj
 0001:00014200       __ld12mul                  0000000180015200 f i LIBCMTD:strgtold.obj
 0001:00014770       __multtenpow12             0000000180015770 f i LIBCMTD:strgtold.obj
 0001:000148a0       __shl_12                   00000001800158a0 f i LIBCMTD:strgtold.obj
 0001:00014940       __shr_12                   0000000180015940 f i LIBCMTD:strgtold.obj
 0001:000149e0       __strgtold12_l             00000001800159e0 f   LIBCMTD:strgtold.obj
 0001:000157a0       __addlocaleref             00000001800167a0 f   LIBCMTD:localref.obj
 0001:000158f0       __freetlocinfo             00000001800168f0 f   LIBCMTD:localref.obj
 0001:00015ca0       __removelocaleref          0000000180016ca0 f   LIBCMTD:localref.obj
 0001:00015e00       __updatetlocinfo           0000000180016e00 f   LIBCMTD:localref.obj
 0001:00015ea0       _updatetlocinfoEx_nolock   0000000180016ea0 f   LIBCMTD:localref.obj
 0001:00015f40       __initmbctable             0000000180016f40 f   LIBCMTD:mbctype.obj
 0001:000165d0       __updatetmbcinfo           00000001800175d0 f   LIBCMTD:mbctype.obj
 0001:000166d0       _getmbcp                   00000001800176d0 f   LIBCMTD:mbctype.obj
 0001:00016750       _setmbcp                   0000000180017750 f   LIBCMTD:mbctype.obj
 0001:00016a40       _setmbcp_nolock            0000000180017a40 f   LIBCMTD:mbctype.obj
 0001:00016e90       _chvalidator               0000000180017e90 f   LIBCMTD:isctype.obj
 0001:00016f00       _chvalidator_l             0000000180017f00 f   LIBCMTD:isctype.obj
 0001:00017010       _isctype                   0000000180018010 f   LIBCMTD:isctype.obj
 0001:00017060       _isctype_l                 0000000180018060 f   LIBCMTD:isctype.obj
 0001:00017240       __get_flsindex             0000000180018240 f   LIBCMTD:tidtable.obj
 0001:00017250       __threadhandle             0000000180018250 f   LIBCMTD:tidtable.obj
 0001:00017260       __threadid                 0000000180018260 f   LIBCMTD:tidtable.obj
 0001:00017270       _freefls                   0000000180018270 f   LIBCMTD:tidtable.obj
 0001:00017480       _freeptd                   0000000180018480 f   LIBCMTD:tidtable.obj
 0001:000174d0       _getptd                    00000001800184d0 f   LIBCMTD:tidtable.obj
 0001:00017500       _getptd_noexit             0000000180018500 f   LIBCMTD:tidtable.obj
 0001:000175d0       _initptd                   00000001800185d0 f   LIBCMTD:tidtable.obj
 0001:000176f0       _mtinit                    00000001800186f0 f   LIBCMTD:tidtable.obj
 0001:000177b0       _mtterm                    00000001800187b0 f   LIBCMTD:tidtable.obj
 0001:000177e0       __GSHandlerCheck           00000001800187e0 f   LIBCMTD:gshandler.obj
 0001:00017820       __GSHandlerCheckCommon     0000000180018820 f   LIBCMTD:gshandler.obj
 0001:00017930       __security_check_cookie    0000000180018930 f   LIBCMTD:amdsecgs.obj
 0001:00017ff0       _strtoi64                  0000000180018ff0 f   LIBCMTD:strtoq.obj
 0001:00018060       _strtoi64_l                0000000180019060 f   LIBCMTD:strtoq.obj
 0001:000180a0       _strtoui64                 00000001800190a0 f   LIBCMTD:strtoq.obj
 0001:00018110       _strtoui64_l               0000000180019110 f   LIBCMTD:strtoq.obj
 0001:00018840       _strtol_l                  0000000180019840 f   LIBCMTD:strtol.obj
 0001:00018880       _strtoul_l                 0000000180019880 f   LIBCMTD:strtol.obj
 0001:000188c0       strtol                     00000001800198c0 f   LIBCMTD:strtol.obj
 0001:00018930       strtoul                    0000000180019930 f   LIBCMTD:strtol.obj
 0001:000189a0       __isa_available_init       00000001800199a0 f   LIBCMTD:cpu_disp.obj
 0001:00018b90       ?strrchr@@YAPEADPEADH@Z    0000000180019b90 f i LIBCMTD:cvt.obj
 0001:00018bb0       _cfltcvt                   0000000180019bb0 f   LIBCMTD:cvt.obj
 0001:00018c00       _cfltcvt_l                 0000000180019c00 f   LIBCMTD:cvt.obj
 0001:00018d20       _cftoa                     0000000180019d20 f   LIBCMTD:cvt.obj
 0001:00018d70       _cftoa_l                   0000000180019d70 f   LIBCMTD:cvt.obj
 0001:00019870       _cftoe                     000000018001a870 f   LIBCMTD:cvt.obj
 0001:00019e90       _cftoe_l                   000000018001ae90 f   LIBCMTD:cvt.obj
 0001:0001a1d0       _cftof                     000000018001b1d0 f   LIBCMTD:cvt.obj
 0001:0001a5d0       _cftof_l                   000000018001b5d0 f   LIBCMTD:cvt.obj
 0001:0001a8b0       _cftog                     000000018001b8b0 f   LIBCMTD:cvt.obj
 0001:0001a900       _cftog_l                   000000018001b900 f   LIBCMTD:cvt.obj
 0001:0001acc0       _cropzeros                 000000018001bcc0 f   LIBCMTD:cvt.obj
 0001:0001ace0       _cropzeros_l               000000018001bce0 f   LIBCMTD:cvt.obj
 0001:0001ae60       _fassign                   000000018001be60 f   LIBCMTD:cvt.obj
 0001:0001ae90       _fassign_l                 000000018001be90 f   LIBCMTD:cvt.obj
 0001:0001af00       _forcdecpt                 000000018001bf00 f   LIBCMTD:cvt.obj
 0001:0001af20       _forcdecpt_l               000000018001bf20 f   LIBCMTD:cvt.obj
 0001:0001b020       _positive                  000000018001c020 f   LIBCMTD:cvt.obj
 0001:0001b0b0       _initp_misc_cfltcvt_tab    000000018001c0b0 f   LIBCMTD:cmiscdat.obj
 0001:0001b100       _FF_MSGBANNER              000000018001c100 f   LIBCMTD:crt0msg.obj
 0001:0001b150       _GET_RTERRMSG              000000018001c150 f   LIBCMTD:crt0msg.obj
 0001:0001b1b0       _NMSG_WRITE                000000018001c1b0 f   LIBCMTD:crt0msg.obj
 0001:0001b5e0       _set_abort_behavior        000000018001c5e0 f   LIBCMTD:abort.obj
 0001:0001b620       abort                      000000018001c620 f   LIBCMTD:abort.obj
 0001:0001b6b0       __getlocaleinfo            000000018001c6b0 f   LIBCMTD:inithelp.obj
 0001:0001ba30       _initp_misc_purevirt       000000018001ca30 f   LIBCMTD:inithelp.obj
 0001:0001ba50       ??0__non_rtti_object@std@@QEAA@AEBV01@@Z 000000018001ca50 f   LIBCMTD:stdexcpt.obj
 0001:0001ba90       ??0__non_rtti_object@std@@QEAA@PEBD@Z 000000018001ca90 f   LIBCMTD:stdexcpt.obj
 0001:0001bad0       ??0bad_cast@std@@QEAA@AEBV01@@Z 000000018001cad0 f   LIBCMTD:stdexcpt.obj
 0001:0001bb10       ??0bad_cast@std@@QEAA@PEBD@Z 000000018001cb10 f   LIBCMTD:stdexcpt.obj
 0001:0001bb50       ??0bad_typeid@std@@QEAA@AEBV01@@Z 000000018001cb50 f   LIBCMTD:stdexcpt.obj
 0001:0001bb90       ??0bad_typeid@std@@QEAA@PEBD@Z 000000018001cb90 f   LIBCMTD:stdexcpt.obj
 0001:0001bbd0       ??0exception@std@@QEAA@AEBQEBD@Z 000000018001cbd0 f   LIBCMTD:stdexcpt.obj
 0001:0001bc20       ??0exception@std@@QEAA@AEBQEBDH@Z 000000018001cc20 f   LIBCMTD:stdexcpt.obj
 0001:0001bc60       ??0exception@std@@QEAA@AEBV01@@Z 000000018001cc60 f   LIBCMTD:stdexcpt.obj
 0001:0001bcb0       ??0exception@std@@QEAA@XZ  000000018001ccb0 f   LIBCMTD:stdexcpt.obj
 0001:0001bce0       ??1__non_rtti_object@std@@UEAA@XZ 000000018001cce0 f   LIBCMTD:stdexcpt.obj
 0001:0001bd10       ??1bad_cast@std@@UEAA@XZ   000000018001cd10 f   LIBCMTD:stdexcpt.obj
 0001:0001bd40       ??1bad_typeid@std@@UEAA@XZ 000000018001cd40 f   LIBCMTD:stdexcpt.obj
 0001:0001bd70       ??1exception@std@@UEAA@XZ  000000018001cd70 f   LIBCMTD:stdexcpt.obj
 0001:0001bda0       ??4exception@std@@QEAAAEAV01@AEBV01@@Z 000000018001cda0 f   LIBCMTD:stdexcpt.obj
 0001:0001be10       ??_G__non_rtti_object@std@@UEAAPEAXI@Z 000000018001ce10 f i LIBCMTD:stdexcpt.obj
 0001:0001be10       ??_E__non_rtti_object@std@@UEAAPEAXI@Z 000000018001ce10 f i LIBCMTD:stdexcpt.obj
 0001:0001be50       ??_Gbad_cast@std@@UEAAPEAXI@Z 000000018001ce50 f i LIBCMTD:stdexcpt.obj
 0001:0001be50       ??_Ebad_cast@std@@UEAAPEAXI@Z 000000018001ce50 f i LIBCMTD:stdexcpt.obj
 0001:0001be90       ??_Gbad_typeid@std@@UEAAPEAXI@Z 000000018001ce90 f i LIBCMTD:stdexcpt.obj
 0001:0001be90       ??_Ebad_typeid@std@@UEAAPEAXI@Z 000000018001ce90 f i LIBCMTD:stdexcpt.obj
 0001:0001bed0       ??_Gexception@std@@UEAAPEAXI@Z 000000018001ced0 f i LIBCMTD:stdexcpt.obj
 0001:0001bed0       ??_Eexception@std@@UEAAPEAXI@Z 000000018001ced0 f i LIBCMTD:stdexcpt.obj
 0001:0001bf10       ?_Copy_str@exception@std@@AEAAXPEBD@Z 000000018001cf10 f   LIBCMTD:stdexcpt.obj
 0001:0001bf80       ?_Tidy@exception@std@@AEAAXXZ 000000018001cf80 f   LIBCMTD:stdexcpt.obj
 0001:0001bfc0       ?what@exception@std@@UEBAPEBDXZ 000000018001cfc0 f   LIBCMTD:stdexcpt.obj
 0001:0001c000       ?_query_new_handler@@YAP6AH_K@ZXZ 000000018001d000 f   LIBCMTD:handler.obj
 0001:0001c020       ?_set_new_handler@@YAP6AH_K@ZH@Z 000000018001d020 f   LIBCMTD:handler.obj
 0001:0001c080       ?_set_new_handler@@YAP6AH_K@ZP6AH0@Z@Z 000000018001d080 f   LIBCMTD:handler.obj
 0001:0001c0d0       _callnewh                  000000018001d0d0 f   LIBCMTD:handler.obj
 0001:0001c110       _initp_heap_handler        000000018001d110 f   LIBCMTD:handler.obj
 0001:0001c130       _CxxThrowException         000000018001d130 f   LIBCMTD:throw.obj
 0001:0001c240       _lock                      000000018001d240 f   LIBCMTD:mlock.obj
 0001:0001c2a0       _lockerr_exit              000000018001d2a0 f   LIBCMTD:mlock.obj
 0001:0001c2d0       _mtdeletelocks             000000018001d2d0 f   LIBCMTD:mlock.obj
 0001:0001c3f0       _mtinitlocknum             000000018001d3f0 f   LIBCMTD:mlock.obj
 0001:0001c4f0       _mtinitlocks               000000018001d4f0 f   LIBCMTD:mlock.obj
 0001:0001c590       _unlock                    000000018001d590 f   LIBCMTD:mlock.obj
 0001:0001c5d0       strcmp                     000000018001d5d0 f   LIBCMTD:strcmp.obj
 0001:0001c640       ?_Name_base@type_info@@CAPEBDPEBV1@PEAU__type_info_node@@@Z 000000018001d640 f   LIBCMTD:typname.obj
 0001:0001c810       ?_Name_base_internal@type_info@@CAPEBDPEBV1@PEAU__type_info_node@@@Z 000000018001d810 f   LIBCMTD:typname.obj
 0001:0001ca10       ?_Type_info_dtor@type_info@@CAXPEAV1@@Z 000000018001da10 f   LIBCMTD:typname.obj
 0001:0001cb20       ?_Type_info_dtor_internal@type_info@@CAXPEAV1@@Z 000000018001db20 f   LIBCMTD:typname.obj
 0001:0001cc30       __clean_type_info_names_internal 000000018001dc30 f   LIBCMTD:typname.obj
 0001:0001ccb0       __unDNameHelper            000000018001dcb0 f   LIBCMTD:typname.obj
 0001:0001cd20       _XcptFilter                000000018001dd20 f   LIBCMTD:winxfltr.obj
 0001:0001cfc0       __CppXcptFilter            000000018001dfc0 f   LIBCMTD:winxfltr.obj
 0001:0001d080       _get_heap_handle           000000018001e080 f   LIBCMTD:heapinit.obj
 0001:0001d0e0       _heap_init                 000000018001e0e0 f   LIBCMTD:heapinit.obj
 0001:0001d110       _heap_term                 000000018001e110 f   LIBCMTD:heapinit.obj
 0001:0001d120       _ioinit                    000000018001e120 f   LIBCMTD:ioinit.obj
 0001:0001d150       _ioinit0                   000000018001e150 f   LIBCMTD:ioinit.obj
 0001:0001d180       _ioinitCallback            000000018001e180 f   LIBCMTD:ioinit.obj
 0001:0001d7a0       _ioterm                    000000018001e7a0 f   LIBCMTD:ioinit.obj
 0001:0001d880       _set_pgmptr                000000018001e880 f i LIBCMTD:stdargv.obj
 0001:0001d8a0       _setargv                   000000018001e8a0 f   LIBCMTD:stdargv.obj
 0001:0001df00       _setenvp                   000000018001ef00 f   LIBCMTD:stdenvp.obj
 0001:0001e110       __security_init_cookie     000000018001f110 f   LIBCMTD:gs_support.obj
 0001:0001e240       DllMain                    000000018001f240 f   LIBCMTD:dllmain.obj
 0001:0001e260       __crtGetEnvironmentStringsA 000000018001f260 f   LIBCMTD:a_env.obj
 0001:0001e440       __crtCaptureCurrentContext 000000018001f440 f   LIBCMTD:winapisupp.obj
 0001:0001e4e0       __crtCapturePreviousContext 000000018001f4e0 f   LIBCMTD:winapisupp.obj
 0001:0001e5a0       __crtFlsAlloc              000000018001f5a0 f   LIBCMTD:winapisupp.obj
 0001:0001e5c0       __crtFlsFree               000000018001f5c0 f   LIBCMTD:winapisupp.obj
 0001:0001e5e0       __crtFlsGetValue           000000018001f5e0 f   LIBCMTD:winapisupp.obj
 0001:0001e600       __crtFlsSetValue           000000018001f600 f   LIBCMTD:winapisupp.obj
 0001:0001e630       __crtGetShowWindowMode     000000018001f630 f   LIBCMTD:winapisupp.obj
 0001:0001e670       __crtIsPackagedApp         000000018001f670 f   LIBCMTD:winapisupp.obj
 0001:0001e6b0       __crtSetUnhandledExceptionFilter 000000018001f6b0 f   LIBCMTD:winapisupp.obj
 0001:0001e6d0       __crtTerminateProcess      000000018001f6d0 f   LIBCMTD:winapisupp.obj
 0001:0001e6f0       __crtUnhandledException    000000018001f6f0 f   LIBCMTD:winapisupp.obj
 0001:0001e720       _RTC_Initialize            000000018001f720 f   LIBCMTD:initsect.obj
 0001:0001e760       _RTC_Terminate             000000018001f760 f   LIBCMTD:initsect.obj
 0001:0001e7a0       _FindPESection             000000018001f7a0 f   LIBCMTD:pesect.obj
 0001:0001e850       _IsNonwritableInCurrentImage 000000018001f850 f   LIBCMTD:pesect.obj
 0001:0001e8e0       _ValidateImageBase         000000018001f8e0 f   LIBCMTD:pesect.obj
 0001:0001e960       ?_inconsistency@@YAXXZ     000000018001f960 f   LIBCMTD:hooks.obj
 0001:0001e990       ?terminate@@YAXXZ          000000018001f990 f   LIBCMTD:hooks.obj
 0001:0001e9c0       ?unexpected@@YAXXZ         000000018001f9c0 f   LIBCMTD:hooks.obj
 0001:0001e9f0       _initp_eh_hooks            000000018001f9f0 f   LIBCMTD:hooks.obj
 0001:0001ea20       _initp_misc_rand_s         000000018001fa20 f   LIBCMTD:rand_s.obj
 0001:0001ea40       rand_s                     000000018001fa40 f   LIBCMTD:rand_s.obj
 0001:0001ed70       __fpecode                  000000018001fd70 f   LIBCMTD:winsig.obj
 0001:0001ed90       __get_sigabrt              000000018001fd90 f   LIBCMTD:winsig.obj
 0001:0001edb0       __pxcptinfoptrs            000000018001fdb0 f   LIBCMTD:winsig.obj
 0001:0001edd0       _initp_misc_winsig         000000018001fdd0 f   LIBCMTD:winsig.obj
 0001:0001eed0       raise                      000000018001fed0 f   LIBCMTD:winsig.obj
 0001:0001f320       signal                     0000000180020320 f   LIBCMTD:winsig.obj
 0001:0001f760       _ftbuf                     0000000180020760 f   LIBCMTD:_sftbuf.obj
 0001:0001f820       _stbuf                     0000000180020820 f   LIBCMTD:_sftbuf.obj
 0001:0001fa00       __raise_securityfailure    0000000180020a00 f   LIBCMTD:gs_report.obj
 0001:0001fa50       __report_gsfailure         0000000180020a50 f   LIBCMTD:gs_report.obj
 0001:0001fb30       __report_rangecheckfailure 0000000180020b30 f   LIBCMTD:gs_report.obj
 0001:0001fb50       __report_securityfailure   0000000180020b50 f   LIBCMTD:gs_report.obj
 0001:0001fbf0       __report_securityfailureEx 0000000180020bf0 f   LIBCMTD:gs_report.obj
 0001:0001fd00       _free_base                 0000000180020d00 f   LIBCMTD:free.obj
 0001:0001fd60       _realloc_base              0000000180020d60 f   LIBCMTD:realloc.obj
 0001:0001fe80       _expand_base               0000000180020e80 f   LIBCMTD:expand.obj
 0001:00020060       _CrtDbgReport              0000000180021060 f   LIBCMTD:dbgrpt.obj
 0001:000200e0       _CrtDbgReportV             00000001800210e0 f i LIBCMTD:dbgrpt.obj
 0001:00020140       _CrtSetReportHook2         0000000180021140 f   LIBCMTD:dbgrpt.obj
 0001:00020550       __crtMessageWindowA        0000000180021550 f   LIBCMTD:dbgrpt.obj
 0001:00020bd0       _heapchk                   0000000180021bd0 f   LIBCMTD:heapchk.obj
 0001:00020c10       _heapset                   0000000180021c10 f   LIBCMTD:heapchk.obj
 0001:00020c30       _scprintf                  0000000180021c30 f   LIBCMTD:sprintf.obj
 0001:00020c70       _scprintf_l                0000000180021c70 f   LIBCMTD:sprintf.obj
 0001:00020cb0       _scprintf_p                0000000180021cb0 f   LIBCMTD:sprintf.obj
 0001:00020cf0       _scprintf_p_l              0000000180021cf0 f   LIBCMTD:sprintf.obj
 0001:00020d30       _snprintf_s                0000000180021d30 f   LIBCMTD:sprintf.obj
 0001:00020d90       _snprintf_s_l              0000000180021d90 f   LIBCMTD:sprintf.obj
 0001:00020df0       _sprintf_l                 0000000180021df0 f   LIBCMTD:sprintf.obj
 0001:00020e30       _sprintf_p                 0000000180021e30 f   LIBCMTD:sprintf.obj
 0001:00020e80       _sprintf_p_l               0000000180021e80 f   LIBCMTD:sprintf.obj
 0001:00020ed0       _sprintf_s_l               0000000180021ed0 f   LIBCMTD:sprintf.obj
 0001:00020f20       sprintf                    0000000180021f20 f   LIBCMTD:sprintf.obj
 0001:000211a0       sprintf_s                  00000001800221a0 f   LIBCMTD:sprintf.obj
 0001:000211f0       _heap_alloc_base           00000001800221f0 f i LIBCMTD:malloc.obj
 0001:00021260       _malloc_base               0000000180022260 f   LIBCMTD:malloc.obj
 0001:00021300       _CrtDefaultAllocHook       0000000180022300 f   LIBCMTD:dbghook.obj
 0001:00021320       __crt_debugger_hook        0000000180022320 f   LIBCMTD:dbghook.obj
 0001:00021340       _local_unwind              0000000180022340 f   LIBCMTD:jmpuwind.obj
 0001:00021370       _NLG_Notify                0000000180022370 f   LIBCMTD:jmpuwind.obj
 0001:00021390       __NLG_Dispatch2            0000000180022390 f   LIBCMTD:jmpuwind.obj
 0001:000213a0       __NLG_Return2              00000001800223a0 f   LIBCMTD:jmpuwind.obj
 0001:000213b0       __initstdio                00000001800223b0 f   LIBCMTD:_file.obj
 0001:000214b0       __endstdio                 00000001800224b0 f   LIBCMTD:_file.obj
 0001:000214f0       __iob_func                 00000001800224f0 f   LIBCMTD:_file.obj
 0001:00021500       _lock_file                 0000000180022500 f   LIBCMTD:_file.obj
 0001:00021590       _lock_file2                0000000180022590 f   LIBCMTD:_file.obj
 0001:000215e0       _unlock_file               00000001800225e0 f   LIBCMTD:_file.obj
 0001:00021670       _unlock_file2              0000000180022670 f   LIBCMTD:_file.obj
 0001:000216c0       _fileno                    00000001800226c0 f   LIBCMTD:fileno.obj
 0001:00021780       _isatty                    0000000180022780 f   LIBCMTD:isatty.obj
 0001:000218a0       _write                     00000001800228a0 f   LIBCMTD:write.obj
 0001:00021b50       _write_nolock              0000000180022b50 f   LIBCMTD:write.obj
 0001:00022d20       _lseeki64                  0000000180023d20 f   LIBCMTD:lseeki64.obj
 0001:00022fe0       _lseeki64_nolock           0000000180023fe0 f   LIBCMTD:lseeki64.obj
 0001:00023100       _getbuf                    0000000180024100 f   LIBCMTD:_getbuf.obj
 0001:00023210       memcpy_s                   0000000180024210 f   LIBCMTD:memcpy_s.obj
 0001:00023480       wcscpy_s                   0000000180024480 f   LIBCMTD:wcscpy_s.obj
 0001:00023930       wcslen                     0000000180024930 f   LIBCMTD:wcslen.obj
 0001:00023980       __swprintf_l               0000000180024980 f   LIBCMTD:swprintf.obj
 0001:000239c0       _scwprintf                 00000001800249c0 f   LIBCMTD:swprintf.obj
 0001:00023a00       _scwprintf_l               0000000180024a00 f   LIBCMTD:swprintf.obj
 0001:00023a40       _scwprintf_p               0000000180024a40 f   LIBCMTD:swprintf.obj
 0001:00023a80       _scwprintf_p_l             0000000180024a80 f   LIBCMTD:swprintf.obj
 0001:00023ac0       _snwprintf_s               0000000180024ac0 f   LIBCMTD:swprintf.obj
 0001:00023b20       _snwprintf_s_l             0000000180024b20 f   LIBCMTD:swprintf.obj
 0001:00023b80       _swprintf                  0000000180024b80 f   LIBCMTD:swprintf.obj
 0001:00023e60       _swprintf_p                0000000180024e60 f   LIBCMTD:swprintf.obj
 0001:00023eb0       _swprintf_p_l              0000000180024eb0 f   LIBCMTD:swprintf.obj
 0001:00023f00       _swprintf_s_l              0000000180024f00 f   LIBCMTD:swprintf.obj
 0001:00023f50       swprintf_s                 0000000180024f50 f   LIBCMTD:swprintf.obj
 0001:00023fa0       __crtMessageBoxW           0000000180024fa0 f   LIBCMTD:crtmboxw.obj
 0001:00024410       __crtMessageBoxWaitThreadW 0000000180025410 f   LIBCMTD:crtmboxw.obj
 0001:00024460       _CrtDbgBreak               0000000180025460 f   LIBCMTD:dbgrptt.obj
 0001:00024470       _CrtGetReportHook          0000000180025470 f   LIBCMTD:dbgrptt.obj
 0001:00024480       _CrtSetReportFile          0000000180025480 f   LIBCMTD:dbgrptt.obj
 0001:000245e0       _CrtSetReportHook          00000001800255e0 f   LIBCMTD:dbgrptt.obj
 0001:00024610       _CrtSetReportMode          0000000180025610 f   LIBCMTD:dbgrptt.obj
 0001:000247d0       _VCrtDbgReportA            00000001800257d0 f   LIBCMTD:dbgrptt.obj
 0001:000251a0       _VCrtDbgReportW            00000001800261a0 f   LIBCMTD:dbgrptt.obj
 0001:00025cf0       _alloca_probe              0000000180026cf0     LIBCMTD:chkstk.obj
 0001:00025cf0       __chkstk                   0000000180026cf0 f   LIBCMTD:chkstk.obj
 0001:00025d40       __iswcsym                  0000000180026d40 f i LIBCMTD:_wctype.obj
 0001:00025d80       __iswcsymf                 0000000180026d80 f i LIBCMTD:_wctype.obj
 0001:00025dc0       _isleadbyte_l              0000000180026dc0 f i LIBCMTD:_wctype.obj
 0001:00025e20       _iswalnum_l                0000000180026e20 f i LIBCMTD:_wctype.obj
 0001:00025e50       _iswalpha_l                0000000180026e50 f i LIBCMTD:_wctype.obj
 0001:00025e80       _iswcntrl_l                0000000180026e80 f i LIBCMTD:_wctype.obj
 0001:00025eb0       _iswcsym_l                 0000000180026eb0 f i LIBCMTD:_wctype.obj
 0001:00025f00       _iswcsymf_l                0000000180026f00 f i LIBCMTD:_wctype.obj
 0001:00025f50       _iswdigit_l                0000000180026f50 f i LIBCMTD:_wctype.obj
 0001:00025f80       _iswgraph_l                0000000180026f80 f i LIBCMTD:_wctype.obj
 0001:00025fb0       _iswlower_l                0000000180026fb0 f i LIBCMTD:_wctype.obj
 0001:00025fe0       _iswprint_l                0000000180026fe0 f i LIBCMTD:_wctype.obj
 0001:00026010       _iswpunct_l                0000000180027010 f i LIBCMTD:_wctype.obj
 0001:00026040       _iswspace_l                0000000180027040 f i LIBCMTD:_wctype.obj
 0001:00026070       _iswupper_l                0000000180027070 f i LIBCMTD:_wctype.obj
 0001:000260a0       _iswxdigit_l               00000001800270a0 f i LIBCMTD:_wctype.obj
 0001:000260d0       isleadbyte                 00000001800270d0 f i LIBCMTD:_wctype.obj
 0001:000260f0       iswalnum                   00000001800270f0 f i LIBCMTD:_wctype.obj
 0001:00026110       iswalpha                   0000000180027110 f i LIBCMTD:_wctype.obj
 0001:00026130       iswascii                   0000000180027130 f i LIBCMTD:_wctype.obj
 0001:00026160       iswcntrl                   0000000180027160 f i LIBCMTD:_wctype.obj
 0001:00026180       iswdigit                   0000000180027180 f i LIBCMTD:_wctype.obj
 0001:000261a0       iswgraph                   00000001800271a0 f i LIBCMTD:_wctype.obj
 0001:000261c0       iswlower                   00000001800271c0 f i LIBCMTD:_wctype.obj
 0001:000261e0       iswprint                   00000001800271e0 f i LIBCMTD:_wctype.obj
 0001:00026200       iswpunct                   0000000180027200 f i LIBCMTD:_wctype.obj
 0001:00026220       iswspace                   0000000180027220 f i LIBCMTD:_wctype.obj
 0001:00026240       iswupper                   0000000180027240 f i LIBCMTD:_wctype.obj
 0001:00026260       iswxdigit                  0000000180027260 f i LIBCMTD:_wctype.obj
 0001:00026290       strlen                     0000000180027290 f   LIBCMTD:strlen.obj
 0001:00026340       _get_printf_count_output   0000000180027340 f   LIBCMTD:printf.obj
 0001:00026370       _printf_l                  0000000180027370 f   LIBCMTD:printf.obj
 0001:000263b0       _printf_p                  00000001800273b0 f   LIBCMTD:printf.obj
 0001:000263f0       _printf_p_l                00000001800273f0 f   LIBCMTD:printf.obj
 0001:00026430       _printf_s_l                0000000180027430 f   LIBCMTD:printf.obj
 0001:00026470       _set_printf_count_output   0000000180027470 f   LIBCMTD:printf.obj
 0001:000264e0       printf                     00000001800274e0 f   LIBCMTD:printf.obj
 0001:00026660       printf_s                   0000000180027660 f   LIBCMTD:printf.obj
 0001:000266a0       _wctomb_l                  00000001800276a0 f   LIBCMTD:wctomb.obj
 0001:00026750       _wctomb_s_l                0000000180027750 f   LIBCMTD:wctomb.obj
 0001:00026bf0       wctomb                     0000000180027bf0 f   LIBCMTD:wctomb.obj
 0001:00026c60       wctomb_s                   0000000180027c60 f   LIBCMTD:wctomb.obj
 0001:00026cb0       _CopyMan                   0000000180027cb0 f i LIBCMTD:intrncvt.obj
 0001:00026d20       _FillZeroMan               0000000180027d20 f i LIBCMTD:intrncvt.obj
 0001:00026d60       _IncMan                    0000000180027d60 f i LIBCMTD:intrncvt.obj
 0001:00026e40       _IsZeroMan                 0000000180027e40 f i LIBCMTD:intrncvt.obj
 0001:00026e80       _RoundMan                  0000000180027e80 f i LIBCMTD:intrncvt.obj
 0001:00026f90       _ShrMan                    0000000180027f90 f i LIBCMTD:intrncvt.obj
 0001:000270d0       _ZeroTail                  00000001800280d0 f i LIBCMTD:intrncvt.obj
 0001:00027180       _ld12cvt                   0000000180028180 f i LIBCMTD:intrncvt.obj
 0001:000274f0       _ld12tod                   00000001800284f0 f   LIBCMTD:intrncvt.obj
 0001:00027520       _ld12tof                   0000000180028520 f   LIBCMTD:intrncvt.obj
 0001:00027550       _ld12told                  0000000180028550 f   LIBCMTD:intrncvt.obj
 0001:00027680       __add_12                   0000000180028680 f i LIBCMTD:mantold.obj
 0001:00027760       __mtold12                  0000000180028760 f   LIBCMTD:mantold.obj
 0001:000278f0       __free_lconv_mon           00000001800288f0 f   LIBCMTD:initmon.obj
 0001:00027b00       __init_monetary            0000000180028b00 f   LIBCMTD:initmon.obj
 0001:000283d0       __free_lconv_num           00000001800293d0 f   LIBCMTD:initnum.obj
 0001:000284b0       __init_numeric             00000001800294b0 f   LIBCMTD:initnum.obj
 0001:00028a20       __free_lc_time             0000000180029a20 f   LIBCMTD:inittime.obj
 0001:00029480       __init_time                000000018002a480 f   LIBCMTD:inittime.obj
 0001:0002abf0       localeconv                 000000018002bbf0 f   LIBCMTD:lconv.obj
 0001:0002b0d0       _MarkAllocaS               000000018002c0d0 f i LIBCMTD:a_map.obj
 0001:0002b100       __crtLCMapStringA          000000018002c100 f   LIBCMTD:a_map.obj
 0001:0002b1b0       _freea                     000000018002c1b0 f i LIBCMTD:a_map.obj
 0001:0002b3c0       __crtGetStringTypeA        000000018002c3c0 f   LIBCMTD:a_str.obj
 0001:0002b4e0       ?_ExecutionInCatch@@YAHPEAU_xDISPATCHER_CONTEXT@@PEBU_s_FuncInfo@@@Z 000000018002c4e0 f   LIBCMTD:trnsctrl.obj
 0001:0002b530       ?_GetEstablisherFrame@@YAPEA_KPEA_KPEAU_xDISPATCHER_CONTEXT@@PEBU_s_FuncInfo@@0@Z 000000018002c530 f   LIBCMTD:trnsctrl.obj
 0001:0002b6a0       ?_GetRangeOfTrysToCheck@@YAPEBU_s_TryBlockMapEntry@@PEA_KPEBU_s_FuncInfo@@HHPEAI2PEAU_xDISPATCHER_CONTEXT@@@Z 000000018002c6a0 f   LIBCMTD:trnsctrl.obj
 0001:0002b8c0       ?__FrameUnwindToEmptyState@@YAXPEA_KPEAU_xDISPATCHER_CONTEXT@@PEBU_s_FuncInfo@@@Z 000000018002c8c0 f   LIBCMTD:trnsctrl.obj
 0001:0002b960       ?__SehTransFilter@@YAHPEAU_EXCEPTION_POINTERS@@PEAUEHExceptionRecord@@PEA_KPEAU_CONTEXT@@PEAU_xDISPATCHER_CONTEXT@@PEBU_s_FuncInfo@@PEAH@Z 000000018002c960 f   LIBCMTD:trnsctrl.obj
 0001:0002ba20       _CallSETranslator          000000018002ca20 f   LIBCMTD:trnsctrl.obj
 0001:0002baa0       _CreateFrameInfo           000000018002caa0 f   LIBCMTD:trnsctrl.obj
 0001:0002bb20       _FindAndUnlinkFrame        000000018002cb20 f   LIBCMTD:trnsctrl.obj
 0001:0002bbb0       _GetImageBase              000000018002cbb0 f   LIBCMTD:trnsctrl.obj
 0001:0002bbd0       _GetThrowImageBase         000000018002cbd0 f   LIBCMTD:trnsctrl.obj
 0001:0002bbf0       _IsExceptionObjectToBeDestroyed 000000018002cbf0 f   LIBCMTD:trnsctrl.obj
 0001:0002bc50       _MoveContext               000000018002cc50 f   LIBCMTD:trnsctrl.obj
 0001:0002bc80       _SetImageBase              000000018002cc80 f   LIBCMTD:trnsctrl.obj
 0001:0002bca0       _SetThrowImageBase         000000018002cca0 f   LIBCMTD:trnsctrl.obj
 0001:0002bcc0       _UnwindNestedFrames        000000018002ccc0 f   LIBCMTD:trnsctrl.obj
 0001:0002be30       __CxxFrameHandler          000000018002ce30 f   LIBCMTD:trnsctrl.obj
 0001:0002bef0       __CxxFrameHandler2         000000018002cef0 f   LIBCMTD:trnsctrl.obj
 0001:0002bf30       __CxxFrameHandler3         000000018002cf30 f   LIBCMTD:trnsctrl.obj
 0001:0002bff0       __init_dummy               000000018002cff0 f   LIBCMTD:wsetloca.obj
 0001:0002c000       _locterm                   000000018002d000 f   LIBCMTD:wsetloca.obj
 0001:0002c050       ___setlc_active_func       000000018002d050 f   LIBCMTD:wsetloca.obj
 0001:0002c060       ___unguarded_readlc_active_add_func 000000018002d060 f   LIBCMTD:wsetloca.obj
 0001:0002c070       __copy_locale_name         000000018002d070 f   LIBCMTD:wsetloca.obj
 0001:0002c140       __create_locale            000000018002d140 f   LIBCMTD:wsetloca.obj
 0001:0002c160       __free_locale              000000018002d160 f   LIBCMTD:wsetloca.obj
 0001:0002c180       __get_current_locale       000000018002d180 f   LIBCMTD:wsetloca.obj
 0001:0002c190       __lc_lctowcs               000000018002d190 f   LIBCMTD:wsetloca.obj
 0001:0002c280       __lc_wcstolc               000000018002d280 f   LIBCMTD:wsetloca.obj
 0001:0002c540       _configthreadlocale        000000018002d540 f   LIBCMTD:wsetloca.obj
 0001:0002c700       _create_locale             000000018002d700 f   LIBCMTD:wsetloca.obj
 0001:0002c7a0       _expandlocale              000000018002d7a0 f   LIBCMTD:wsetloca.obj
 0001:0002cd10       _free_locale               000000018002dd10 f   LIBCMTD:wsetloca.obj
 0001:0002ce00       _get_current_locale        000000018002de00 f   LIBCMTD:wsetloca.obj
 0001:0002cee0       _wcreate_locale            000000018002dee0 f   LIBCMTD:wsetloca.obj
 0001:0002d110       _wcscats                   000000018002e110 f   LIBCMTD:wsetloca.obj
 0001:0002d1c0       _wsetlocale                000000018002e1c0 f   LIBCMTD:wsetloca.obj
 0001:0002e4d0       __pctype_func              000000018002f4d0 f   LIBCMTD:ctype.obj
 0001:0002e530       __pwctype_func             000000018002f530 f   LIBCMTD:ctype.obj
 0001:0002e540       __isascii                  000000018002f540 f i LIBCMTD:_ctype.obj
 0001:0002e570       __iscsym                   000000018002f570 f i LIBCMTD:_ctype.obj
 0001:0002e5b0       __iscsymf                  000000018002f5b0 f i LIBCMTD:_ctype.obj
 0001:0002e5f0       __toascii                  000000018002f5f0 f i LIBCMTD:_ctype.obj
 0001:0002e600       _isalnum_l                 000000018002f600 f i LIBCMTD:_ctype.obj
 0001:0002e6a0       _isalpha_l                 000000018002f6a0 f i LIBCMTD:_ctype.obj
 0001:0002e740       _iscntrl_l                 000000018002f740 f i LIBCMTD:_ctype.obj
 0001:0002e7e0       _iscsym_l                  000000018002f7e0 f i LIBCMTD:_ctype.obj
 0001:0002e830       _iscsymf_l                 000000018002f830 f i LIBCMTD:_ctype.obj
 0001:0002e880       _isdigit_l                 000000018002f880 f i LIBCMTD:_ctype.obj
 0001:0002e920       _isgraph_l                 000000018002f920 f i LIBCMTD:_ctype.obj
 0001:0002e9c0       _islower_l                 000000018002f9c0 f i LIBCMTD:_ctype.obj
 0001:0002ea60       _isprint_l                 000000018002fa60 f i LIBCMTD:_ctype.obj
 0001:0002eb00       _ispunct_l                 000000018002fb00 f i LIBCMTD:_ctype.obj
 0001:0002eba0       _isspace_l                 000000018002fba0 f i LIBCMTD:_ctype.obj
 0001:0002ec40       _isupper_l                 000000018002fc40 f i LIBCMTD:_ctype.obj
 0001:0002ece0       _isxdigit_l                000000018002fce0 f i LIBCMTD:_ctype.obj
 0001:0002ed80       isalnum                    000000018002fd80 f i LIBCMTD:_ctype.obj
 0001:0002edc0       isalpha                    000000018002fdc0 f i LIBCMTD:_ctype.obj
 0001:0002ee00       iscntrl                    000000018002fe00 f i LIBCMTD:_ctype.obj
 0001:0002ee40       isdigit                    000000018002fe40 f i LIBCMTD:_ctype.obj
 0001:0002ee80       isgraph                    000000018002fe80 f i LIBCMTD:_ctype.obj
 0001:0002eec0       islower                    000000018002fec0 f i LIBCMTD:_ctype.obj
 0001:0002ef00       isprint                    000000018002ff00 f i LIBCMTD:_ctype.obj
 0001:0002ef40       ispunct                    000000018002ff40 f i LIBCMTD:_ctype.obj
 0001:0002ef80       isspace                    000000018002ff80 f i LIBCMTD:_ctype.obj
 0001:0002efc0       isupper                    000000018002ffc0 f i LIBCMTD:_ctype.obj
 0001:0002f000       isxdigit                   0000000180030000 f i LIBCMTD:_ctype.obj
 0001:0002f040       _tolower                   0000000180030040 f   LIBCMTD:tolower.obj
 0001:0002f050       _tolower_l                 0000000180030050 f   LIBCMTD:tolower.obj
 0001:0002f3b0       tolower                    00000001800303b0 f   LIBCMTD:tolower.obj
 0001:0002f400       strcpy_s                   0000000180030400 f   LIBCMTD:strcpy_s.obj
 0001:0002f8a0       strrchr                    00000001800308a0 f   LIBCMTD:strrchr.obj
 0001:0002fcc0       _fptostr                   0000000180030cc0 f   LIBCMTD:_fptostr.obj
 0001:00030120       _atodbl                    0000000180031120 f   LIBCMTD:atodbl.obj
 0001:00030150       _atodbl_l                  0000000180031150 f   LIBCMTD:atodbl.obj
 0001:000302d0       _atoflt                    00000001800312d0 f   LIBCMTD:atodbl.obj
 0001:00030300       _atoflt_l                  0000000180031300 f   LIBCMTD:atodbl.obj
 0001:00030480       _atoldbl                   0000000180031480 f   LIBCMTD:atodbl.obj
 0001:000304b0       _atoldbl_l                 00000001800314b0 f   LIBCMTD:atodbl.obj
 0001:00030630       __dtold                    0000000180031630 f   LIBCMTD:cfout.obj
 0001:000307e0       _fltout2                   00000001800317e0 f   LIBCMTD:cfout.obj
 0001:000308f0       _get_output_format         00000001800318f0 f   LIBCMTD:outputformat.obj
 0001:00030900       _set_output_format         0000000180031900 f   LIBCMTD:outputformat.obj
 0001:000309d0       _fptrap                    00000001800319d0 f   LIBCMTD:crt0fp.obj
 0001:000309f0       wcscat_s                   00000001800319f0 f   LIBCMTD:wcscat_s.obj
 0001:00031020       wcsncpy_s                  0000000180032020 f   LIBCMTD:wcsncpy_s.obj
 0001:000316c0       __set_app_type             00000001800326c0 f   LIBCMTD:errmode.obj
 0001:000316d0       _set_error_mode            00000001800326d0 f   LIBCMTD:errmode.obj
 0001:000317e0       strncpy_s                  00000001800327e0 f   LIBCMTD:strncpy_s.obj
 0001:00032010       __crtGetLocaleInfoA        0000000180033010 f   LIBCMTD:a_loc.obj
 0001:00032080       __crtCompareStringEx       0000000180033080 f   LIBCMTD:winapinls.obj
 0001:000320f0       __crtEnumSystemLocalesEx   00000001800330f0 f   LIBCMTD:winapinls.obj
 0001:00032120       __crtGetDateFormatEx       0000000180033120 f   LIBCMTD:winapinls.obj
 0001:00032170       __crtGetLocaleInfoEx       0000000180033170 f   LIBCMTD:winapinls.obj
 0001:000321b0       __crtGetTimeFormatEx       00000001800331b0 f   LIBCMTD:winapinls.obj
 0001:00032200       __crtGetUserDefaultLocaleName 0000000180033200 f   LIBCMTD:winapinls.obj
 0001:00032230       __crtIsValidLocaleName     0000000180033230 f   LIBCMTD:winapinls.obj
 0001:00032250       __crtLCMapStringEx         0000000180033250 f   LIBCMTD:winapinls.obj
 0001:000322c0       ??0Block@_HeapManager@@QEAA@XZ 00000001800332c0 f i LIBCMTD:undname.obj
 0001:000322e0       ??0DName@@QEAA@AEAPEBDD@Z  00000001800332e0 f   LIBCMTD:undname.obj
 0001:00032630       ??0DName@@QEAA@AEBV0@@Z    0000000180033630 f i LIBCMTD:undname.obj
 0001:00032660       ??0DName@@QEAA@D@Z         0000000180033660 f   LIBCMTD:undname.obj
 0001:00032760       ??0DName@@QEAA@PEAV0@@Z    0000000180033760 f   LIBCMTD:undname.obj
 0001:000328e0       ??0DName@@QEAA@PEBD@Z      00000001800338e0 f   LIBCMTD:undname.obj
 0001:000329f0       ??0DName@@QEAA@W4DNameStatus@@@Z 00000001800339f0 f   LIBCMTD:undname.obj
 0001:00032b40       ??0DName@@QEAA@XZ          0000000180033b40 f i LIBCMTD:undname.obj
 0001:00032c10       ??0DName@@QEAA@_J@Z        0000000180033c10 f   LIBCMTD:undname.obj
 0001:00032dd0       ??0DName@@QEAA@_K@Z        0000000180033dd0 f   LIBCMTD:undname.obj
 0001:00032f50       ??0DNameNode@@IEAA@XZ      0000000180033f50 f   LIBCMTD:undname.obj
 0001:00032f70       ??0DNameStatusNode@@AEAA@W4DNameStatus@@@Z 0000000180033f70 f   LIBCMTD:undname.obj
 0001:00032fe0       ??0Replicator@@QEAA@XZ     0000000180033fe0 f i LIBCMTD:undname.obj
 0001:00033000       ??0UnDecorator@@QEAA@PEADPEBDHP6APEADJ@ZK@Z 0000000180034000 f i LIBCMTD:undname.obj
 0001:000330d0       ??0charNode@@QEAA@D@Z      00000001800340d0 f   LIBCMTD:undname.obj
 0001:00033110       ??0pDNameNode@@QEAA@PEAVDName@@@Z 0000000180034110 f   LIBCMTD:undname.obj
 0001:00033190       ??0pairNode@@QEAA@PEAVDNameNode@@0@Z 0000000180034190 f   LIBCMTD:undname.obj
 0001:000331f0       ??0pcharNode@@QEAA@PEBDH@Z 00000001800341f0 f   LIBCMTD:undname.obj
 0001:000332c0       ??2@YAPEAX_KAEAV_HeapManager@@H@Z 00000001800342c0 f i LIBCMTD:undname.obj
 0001:000332f0       ??4DName@@QEAAAEAV0@AEBV0@@Z 00000001800342f0 f   LIBCMTD:undname.obj
 0001:00033320       ??4DName@@QEAAAEAV0@D@Z    0000000180034320 f i LIBCMTD:undname.obj
 0001:00033420       ??4DName@@QEAAAEAV0@PEAV0@@Z 0000000180034420 f   LIBCMTD:undname.obj
 0001:00033590       ??4DName@@QEAAAEAV0@PEBD@Z 0000000180034590 f   LIBCMTD:undname.obj
 0001:00033690       ??4DName@@QEAAAEAV0@W4DNameStatus@@@Z 0000000180034690 f   LIBCMTD:undname.obj
 0001:000337c0       ??AReplicator@@QEBA?AVDName@@H@Z 00000001800347c0 f   LIBCMTD:undname.obj
 0001:00033850       ??BUnDecorator@@QEAAPEADXZ 0000000180034850 f i LIBCMTD:undname.obj
 0001:00033b70       ??H@YA?AVDName@@DAEBV0@@Z  0000000180034b70 f i LIBCMTD:undname.obj
 0001:00033bb0       ??H@YA?AVDName@@PEBDAEBV0@@Z 0000000180034bb0 f i LIBCMTD:undname.obj
 0001:00033bf0       ??H@YA?AVDName@@W4DNameStatus@@AEBV0@@Z 0000000180034bf0 f i LIBCMTD:undname.obj
 0001:00033c30       ??HDName@@QEBA?AV0@AEBV0@@Z 0000000180034c30 f   LIBCMTD:undname.obj
 0001:00033c80       ??HDName@@QEBA?AV0@D@Z     0000000180034c80 f   LIBCMTD:undname.obj
 0001:00033cd0       ??HDName@@QEBA?AV0@PEAV0@@Z 0000000180034cd0 f   LIBCMTD:undname.obj
 0001:00033d20       ??HDName@@QEBA?AV0@PEBD@Z  0000000180034d20 f   LIBCMTD:undname.obj
 0001:00033d70       ??HDName@@QEBA?AV0@W4DNameStatus@@@Z 0000000180034d70 f   LIBCMTD:undname.obj
 0001:00033dc0       ??YDName@@QEAAAEAV0@AEBV0@@Z 0000000180034dc0 f   LIBCMTD:undname.obj
 0001:00033e40       ??YDName@@QEAAAEAV0@D@Z    0000000180034e40 f   LIBCMTD:undname.obj
 0001:00033ee0       ??YDName@@QEAAAEAV0@PEAV0@@Z 0000000180034ee0 f   LIBCMTD:undname.obj
 0001:00033fc0       ??YDName@@QEAAAEAV0@PEBD@Z 0000000180034fc0 f   LIBCMTD:undname.obj
 0001:00034080       ??YDName@@QEAAAEAV0@W4DNameStatus@@@Z 0000000180035080 f   LIBCMTD:undname.obj
 0001:000340f0       ??YReplicator@@QEAAAEAV0@AEBVDName@@@Z 00000001800350f0 f   LIBCMTD:undname.obj
 0001:000341b0       ??_5DName@@QEAAAEAV0@AEBV0@@Z 00000001800351b0 f   LIBCMTD:undname.obj
 0001:00034220       ?Constructor@_HeapManager@@QEAAXP6APEAX_K@ZP6AXPEAX@Z@Z 0000000180035220 f i LIBCMTD:undname.obj
 0001:00034280       ?Destructor@_HeapManager@@QEAAXXZ 0000000180035280 f i LIBCMTD:undname.obj
 0001:000342e0       ?UScore@UnDecorator@@SAPEBDW4Tokens@@@Z 00000001800352e0 f   LIBCMTD:undname.obj
 0001:00034320       ?append@DName@@AEAAXPEAVDNameNode@@@Z 0000000180035320 f   LIBCMTD:undname.obj
 0001:000343d0       ?composeDeclaration@UnDecorator@@CA?AVDName@@AEBV2@@Z 00000001800353d0 f i LIBCMTD:undname.obj
 0001:00036490       ?dbGetString@DName@@QEBAPEADXZ 0000000180037490 f   LIBCMTD:undname.obj
 0001:000364c0       ?doAccessSpecifiers@UnDecorator@@SAHXZ 00000001800374c0 f i LIBCMTD:undname.obj
 0001:000364f0       ?doAllocationLanguage@UnDecorator@@SAHXZ 00000001800374f0 f i LIBCMTD:undname.obj
 0001:00036520       ?doAllocationModel@UnDecorator@@SAHXZ 0000000180037520 f i LIBCMTD:undname.obj
 0001:00036550       ?doEcsu@UnDecorator@@SAHXZ 0000000180037550 f i LIBCMTD:undname.obj
 0001:00036580       ?doEllipsis@UnDecorator@@SAHXZ 0000000180037580 f i LIBCMTD:undname.obj
 0001:000365b0       ?doFunctionReturns@UnDecorator@@SAHXZ 00000001800375b0 f i LIBCMTD:undname.obj
 0001:000365e0       ?doMSKeywords@UnDecorator@@SAHXZ 00000001800375e0 f i LIBCMTD:undname.obj
 0001:00036610       ?doMemberTypes@UnDecorator@@SAHXZ 0000000180037610 f i LIBCMTD:undname.obj
 0001:00036640       ?doNameOnly@UnDecorator@@SAHXZ 0000000180037640 f i LIBCMTD:undname.obj
 0001:00036650       ?doNoIdentCharCheck@UnDecorator@@SAHXZ 0000000180037650 f i LIBCMTD:undname.obj
 0001:00036660       ?doPchar@DName@@AEAAXPEBDH@Z 0000000180037660 f   LIBCMTD:undname.obj
 0001:000367f0       ?doPtr64@UnDecorator@@SAHXZ 00000001800377f0 f i LIBCMTD:undname.obj
 0001:00036820       ?doRestrictionSpec@UnDecorator@@SAHXZ 0000000180037820 f i LIBCMTD:undname.obj
 0001:00036850       ?doThisTypes@UnDecorator@@SAHXZ 0000000180037850 f i LIBCMTD:undname.obj
 0001:00036880       ?doThrowTypes@UnDecorator@@SAHXZ 0000000180037880 f i LIBCMTD:undname.obj
 0001:000368b0       ?doTypeOnly@UnDecorator@@SAHXZ 00000001800378b0 f i LIBCMTD:undname.obj
 0001:000368c0       ?doUnderScore@UnDecorator@@SAHXZ 00000001800378c0 f i LIBCMTD:undname.obj
 0001:000368f0       ?getArgumentList@UnDecorator@@CA?AVDName@@XZ 00000001800378f0 f   LIBCMTD:undname.obj
 0001:00036a90       ?getArgumentTypes@UnDecorator@@CA?AVDName@@XZ 0000000180037a90 f   LIBCMTD:undname.obj
 0001:00036c50       ?getArrayType@UnDecorator@@CA?AVDName@@AEBV2@@Z 0000000180037c50 f i LIBCMTD:undname.obj
 0001:00036f40       ?getBasedType@UnDecorator@@CA?AVDName@@XZ 0000000180037f40 f   LIBCMTD:undname.obj
 0001:00037030       ?getBasicDataType@UnDecorator@@CA?AVDName@@AEBV2@@Z 0000000180038030 f   LIBCMTD:undname.obj
 0001:00037740       ?getCallIndex@UnDecorator@@CA?AVDName@@XZ 0000000180038740 f i LIBCMTD:undname.obj
 0001:00037760       ?getCallingConvention@UnDecorator@@CA?AVDName@@XZ 0000000180038760 f   LIBCMTD:undname.obj
 0001:00037930       ?getDataIndirectType@UnDecorator@@CA?AVDName@@AEBV2@PEBD0H@Z 0000000180038930 f   LIBCMTD:undname.obj
 0001:000382a0       ?getDataIndirectType@UnDecorator@@CA?AVDName@@XZ 00000001800392a0 f i LIBCMTD:undname.obj
 0001:00038300       ?getDataType@UnDecorator@@CA?AVDName@@PEAV2@@Z 0000000180039300 f   LIBCMTD:undname.obj
 0001:00038490       ?getDecoratedName@UnDecorator@@CA?AVDName@@XZ 0000000180039490 f   LIBCMTD:undname.obj
 0001:00038890       ?getDimension@UnDecorator@@CA?AVDName@@_N@Z 0000000180039890 f   LIBCMTD:undname.obj
 0001:00038bf0       ?getDispatchTarget@UnDecorator@@CA?AVDName@@XZ 0000000180039bf0 f   LIBCMTD:undname.obj
 0001:00038cc0       ?getDisplacement@UnDecorator@@CA?AVDName@@XZ 0000000180039cc0 f i LIBCMTD:undname.obj
 0001:00038ce0       ?getECSUDataType@UnDecorator@@CA?AVDName@@XZ 0000000180039ce0 f   LIBCMTD:undname.obj
 0001:00038f20       ?getECSUName@UnDecorator@@CA?AVDName@@XZ 0000000180039f20 f i LIBCMTD:undname.obj
 0001:00038f40       ?getEnumType@UnDecorator@@CA?AVDName@@XZ 0000000180039f40 f i LIBCMTD:undname.obj
 0001:000390c0       ?getExtendedDataIndirectType@UnDecorator@@CA?AVDName@@AEAPEBDAEA_NH@Z 000000018003a0c0 f   LIBCMTD:undname.obj
 0001:000393e0       ?getExternalDataType@UnDecorator@@CA?AVDName@@AEBV2@@Z 000000018003a3e0 f i LIBCMTD:undname.obj
 0001:000394b0       ?getFunctionIndirectType@UnDecorator@@CA?AVDName@@AEBV2@@Z 000000018003a4b0 f   LIBCMTD:undname.obj
 0001:00039a30       ?getGuardNumber@UnDecorator@@CA?AVDName@@XZ 000000018003aa30 f i LIBCMTD:undname.obj
 0001:00039a50       ?getLastChar@DName@@QEBADXZ 000000018003aa50 f i LIBCMTD:undname.obj
 0001:00039a90       ?getLastChar@DNameStatusNode@@UEBADXZ 000000018003aa90 f i LIBCMTD:undname.obj
 0001:00039ad0       ?getLastChar@charNode@@UEBADXZ 000000018003aad0 f i LIBCMTD:undname.obj
 0001:00039ae0       ?getLastChar@pDNameNode@@UEBADXZ 000000018003aae0 f i LIBCMTD:undname.obj
 0001:00039b20       ?getLastChar@pairNode@@UEBADXZ 000000018003ab20 f i LIBCMTD:undname.obj
 0001:00039b80       ?getLastChar@pcharNode@@UEBADXZ 000000018003ab80 f i LIBCMTD:undname.obj
 0001:00039bc0       ?getLexicalFrame@UnDecorator@@CA?AVDName@@XZ 000000018003abc0 f i LIBCMTD:undname.obj
 0001:00039c00       ?getMemory@_HeapManager@@QEAAPEAX_KH@Z 000000018003ac00 f   LIBCMTD:undname.obj
 0001:00039d70       ?getNumberOfDimensions@UnDecorator@@CAHXZ 000000018003ad70 f   LIBCMTD:undname.obj
 0001:00039e90       ?getOperatorName@UnDecorator@@CA?AVDName@@_NPEA_N@Z 000000018003ae90 f i LIBCMTD:undname.obj
 0001:0003ab30       ?getPointerType@UnDecorator@@CA?AVDName@@AEBV2@0@Z 000000018003bb30 f i LIBCMTD:undname.obj
 0001:0003ab80       ?getPointerTypeArray@UnDecorator@@CA?AVDName@@AEBV2@0@Z 000000018003bb80 f i LIBCMTD:undname.obj
 0001:0003abd0       ?getPrimaryDataType@UnDecorator@@CA?AVDName@@AEBV2@@Z 000000018003bbd0 f   LIBCMTD:undname.obj
 0001:0003b050       ?getPtrRefDataType@UnDecorator@@CA?AVDName@@AEBV2@H@Z 000000018003c050 f i LIBCMTD:undname.obj
 0001:0003b1d0       ?getPtrRefType@UnDecorator@@CA?AVDName@@AEBV2@0PEBD@Z 000000018003c1d0 f   LIBCMTD:undname.obj
 0001:0003b3e0       ?getReferenceType@UnDecorator@@CA?AVDName@@AEBV2@0PEBD@Z 000000018003c3e0 f i LIBCMTD:undname.obj
 0001:0003b420       ?getRestrictionSpec@UnDecorator@@CA?AVDName@@XZ 000000018003c420 f   LIBCMTD:undname.obj
 0001:0003b5c0       ?getReturnType@UnDecorator@@CA?AVDName@@PEAV2@@Z 000000018003c5c0 f   LIBCMTD:undname.obj
 0001:0003b620       ?getScope@UnDecorator@@CA?AVDName@@XZ 000000018003c620 f   LIBCMTD:undname.obj
 0001:0003bc10       ?getScopedName@UnDecorator@@CA?AVDName@@XZ 000000018003cc10 f   LIBCMTD:undname.obj
 0001:0003bd80       ?getSignedDimension@UnDecorator@@CA?AVDName@@XZ 000000018003cd80 f   LIBCMTD:undname.obj
 0001:0003be10       ?getStorageConvention@UnDecorator@@CA?AVDName@@XZ 000000018003ce10 f i LIBCMTD:undname.obj
 0001:0003be30       ?getString@DName@@QEBAPEADPEAD0@Z 000000018003ce30 f i LIBCMTD:undname.obj
 0001:0003be80       ?getString@DName@@QEBAPEADPEADH@Z 000000018003ce80 f i LIBCMTD:undname.obj
 0001:0003bf40       ?getString@DNameStatusNode@@UEBAPEADPEAD0@Z 000000018003cf40 f i LIBCMTD:undname.obj
 0001:0003bf90       ?getString@charNode@@UEBAPEADPEAD0@Z 000000018003cf90 f i LIBCMTD:undname.obj
 0001:0003bfd0       ?getString@pDNameNode@@UEBAPEADPEAD0@Z 000000018003cfd0 f i LIBCMTD:undname.obj
 0001:0003c030       ?getString@pairNode@@UEBAPEADPEAD0@Z 000000018003d030 f i LIBCMTD:undname.obj
 0001:0003c0b0       ?getString@pcharNode@@UEBAPEADPEAD0@Z 000000018003d0b0 f i LIBCMTD:undname.obj
 0001:0003c0f0       ?getStringEncoding@UnDecorator@@CA?AVDName@@PEADH@Z 000000018003d0f0 f   LIBCMTD:undname.obj
 0001:0003c230       ?getStringHelper@@YAPEADPEAD00H@Z 000000018003d230 f i LIBCMTD:undname.obj
 0001:0003c2a0       ?getSymbolName@UnDecorator@@CA?AVDName@@XZ 000000018003d2a0 f i LIBCMTD:undname.obj
 0001:0003c340       ?getTemplateArgumentList@UnDecorator@@CA?AVDName@@XZ 000000018003d340 f   LIBCMTD:undname.obj
 0001:0003c670       ?getTemplateConstant@UnDecorator@@CA?AVDName@@XZ 000000018003d670 f   LIBCMTD:undname.obj
 0001:0003cc20       ?getTemplateName@UnDecorator@@CA?AVDName@@_N@Z 000000018003dc20 f   LIBCMTD:undname.obj
 0001:0003ce70       ?getThisType@UnDecorator@@CA?AVDName@@XZ 000000018003de70 f i LIBCMTD:undname.obj
 0001:0003ced0       ?getThrowTypes@UnDecorator@@CA?AVDName@@XZ 000000018003ded0 f   LIBCMTD:undname.obj
 0001:0003cfc0       ?getTypeEncoding@UnDecorator@@CAHXZ 000000018003dfc0 f i LIBCMTD:undname.obj
 0001:0003db70       ?getVCallThunkType@UnDecorator@@CA?AVDName@@XZ 000000018003eb70 f i LIBCMTD:undname.obj
 0001:0003dbf0       ?getVbTableType@UnDecorator@@CA?AVDName@@AEBV2@@Z 000000018003ebf0 f i LIBCMTD:undname.obj
 0001:0003dc20       ?getVdispMapType@UnDecorator@@CA?AVDName@@AEBV2@@Z 000000018003ec20 f i LIBCMTD:undname.obj
 0001:0003dcb0       ?getVfTableType@UnDecorator@@CA?AVDName@@AEBV2@@Z 000000018003ecb0 f i LIBCMTD:undname.obj
 0001:0003dee0       ?getZName@UnDecorator@@CA?AVDName@@_N0@Z 000000018003eee0 f   LIBCMTD:undname.obj
 0001:0003e260       ?haveTemplateParameters@UnDecorator@@SAHXZ 000000018003f260 f i LIBCMTD:undname.obj
 0001:0003e270       ?isArray@DName@@QEBAHXZ    000000018003f270 f i LIBCMTD:undname.obj
 0001:0003e290       ?isComArray@DName@@QEBAHXZ 000000018003f290 f i LIBCMTD:undname.obj
 0001:0003e2b0       ?isEmpty@DName@@QEBAHXZ    000000018003f2b0 f i LIBCMTD:undname.obj
 0001:0003e2e0       ?isFull@Replicator@@QEBAHXZ 000000018003f2e0 f i LIBCMTD:undname.obj
 0001:0003e310       ?isNoTE@DName@@QEBAHXZ     000000018003f310 f i LIBCMTD:undname.obj
 0001:0003e330       ?isPinPtr@DName@@QEBAHXZ   000000018003f330 f i LIBCMTD:undname.obj
 0001:0003e350       ?isPtrRef@DName@@QEBAHXZ   000000018003f350 f i LIBCMTD:undname.obj
 0001:0003e370       ?isUDC@DName@@QEBAHXZ      000000018003f370 f i LIBCMTD:undname.obj
 0001:0003e3c0       ?isUDTThunk@DName@@QEBAHXZ 000000018003f3c0 f i LIBCMTD:undname.obj
 0001:0003e410       ?isVCallThunk@DName@@QEBAHXZ 000000018003f410 f i LIBCMTD:undname.obj
 0001:0003e430       ?isValid@DName@@QEBAHXZ    000000018003f430 f i LIBCMTD:undname.obj
 0001:0003e470       ?length@DName@@QEBAHXZ     000000018003f470 f i LIBCMTD:undname.obj
 0001:0003e4b0       ?length@DNameStatusNode@@UEBAHXZ 000000018003f4b0 f i LIBCMTD:undname.obj
 0001:0003e4c0       ?length@charNode@@UEBAHXZ  000000018003f4c0 f i LIBCMTD:undname.obj
 0001:0003e4d0       ?length@pDNameNode@@UEBAHXZ 000000018003f4d0 f i LIBCMTD:undname.obj
 0001:0003e510       ?length@pairNode@@UEBAHXZ  000000018003f510 f i LIBCMTD:undname.obj
 0001:0003e580       ?length@pcharNode@@UEBAHXZ 000000018003f580 f i LIBCMTD:undname.obj
 0001:0003e590       ?make@DNameStatusNode@@SAPEAV1@W4DNameStatus@@@Z 000000018003f590 f i LIBCMTD:undname.obj
 0001:0003e640       ?setIsArray@DName@@QEAAXXZ 000000018003f640 f i LIBCMTD:undname.obj
 0001:0003e660       ?setIsComArray@DName@@QEAAXXZ 000000018003f660 f i LIBCMTD:undname.obj
 0001:0003e680       ?setIsNoTE@DName@@QEAAXXZ  000000018003f680 f i LIBCMTD:undname.obj
 0001:0003e6a0       ?setIsPinPtr@DName@@QEAAXXZ 000000018003f6a0 f i LIBCMTD:undname.obj
 0001:0003e6c0       ?setIsUDC@DName@@QEAAXXZ   000000018003f6c0 f i LIBCMTD:undname.obj
 0001:0003e6f0       ?setIsVCallThunk@DName@@QEAAXXZ 000000018003f6f0 f i LIBCMTD:undname.obj
 0001:0003e710       ?setPtrRef@DName@@QEAAAEAV1@XZ 000000018003f710 f i LIBCMTD:undname.obj
 0001:0003e730       ?status@DName@@QEBA?AW4DNameStatus@@XZ 000000018003f730 f i LIBCMTD:undname.obj
 0001:0003e860       __unDName                  000000018003f860 f   LIBCMTD:undname.obj
 0001:0003e940       __unDNameEx                000000018003f940 f   LIBCMTD:undname.obj
 0001:0003eaf0       _ismbbalnum                000000018003faf0 f   LIBCMTD:ismbbyte.obj
 0001:0003eb20       _ismbbalnum_l              000000018003fb20 f   LIBCMTD:ismbbyte.obj
 0001:0003eb50       _ismbbalpha                000000018003fb50 f   LIBCMTD:ismbbyte.obj
 0001:0003eb80       _ismbbalpha_l              000000018003fb80 f   LIBCMTD:ismbbyte.obj
 0001:0003ebb0       _ismbbgraph                000000018003fbb0 f   LIBCMTD:ismbbyte.obj
 0001:0003ebe0       _ismbbgraph_l              000000018003fbe0 f   LIBCMTD:ismbbyte.obj
 0001:0003ec10       _ismbbkalnum               000000018003fc10 f   LIBCMTD:ismbbyte.obj
 0001:0003ec40       _ismbbkalnum_l             000000018003fc40 f   LIBCMTD:ismbbyte.obj
 0001:0003ec70       _ismbbkana                 000000018003fc70 f   LIBCMTD:ismbbyte.obj
 0001:0003ec90       _ismbbkana_l               000000018003fc90 f   LIBCMTD:ismbbyte.obj
 0001:0003ed20       _ismbbkprint               000000018003fd20 f   LIBCMTD:ismbbyte.obj
 0001:0003ed50       _ismbbkprint_l             000000018003fd50 f   LIBCMTD:ismbbyte.obj
 0001:0003ed80       _ismbbkpunct               000000018003fd80 f   LIBCMTD:ismbbyte.obj
 0001:0003edb0       _ismbbkpunct_l             000000018003fdb0 f   LIBCMTD:ismbbyte.obj
 0001:0003ede0       _ismbblead                 000000018003fde0 f   LIBCMTD:ismbbyte.obj
 0001:0003ee10       _ismbblead_l               000000018003fe10 f   LIBCMTD:ismbbyte.obj
 0001:0003ee40       _ismbbprint                000000018003fe40 f   LIBCMTD:ismbbyte.obj
 0001:0003ee70       _ismbbprint_l              000000018003fe70 f   LIBCMTD:ismbbyte.obj
 0001:0003eea0       _ismbbpunct                000000018003fea0 f   LIBCMTD:ismbbyte.obj
 0001:0003eed0       _ismbbpunct_l              000000018003fed0 f   LIBCMTD:ismbbyte.obj
 0001:0003ef00       _ismbbtrail                000000018003ff00 f   LIBCMTD:ismbbyte.obj
 0001:0003ef30       _ismbbtrail_l              000000018003ff30 f   LIBCMTD:ismbbyte.obj
 0001:0003ef60       _fflush_nolock             000000018003ff60 f   LIBCMTD:fflush.obj
 0001:0003efe0       _flush                     000000018003ffe0 f   LIBCMTD:fflush.obj
 0001:0003f0d0       _flushall                  00000001800400d0 f   LIBCMTD:fflush.obj
 0001:0003f0f0       fflush                     00000001800400f0 f   LIBCMTD:fflush.obj
 0001:0003f2b0       _fcloseall                 00000001800402b0 f   LIBCMTD:closeall.obj
 0001:0003f3b0       __lock_fhandle             00000001800403b0 f   LIBCMTD:osfinfo.obj
 0001:0003f480       _alloc_osfhnd              0000000180040480 f   LIBCMTD:osfinfo.obj
 0001:0003f780       _free_osfhnd               0000000180040780 f   LIBCMTD:osfinfo.obj
 0001:0003f8b0       _get_osfhandle             00000001800408b0 f   LIBCMTD:osfinfo.obj
 0001:0003fac0       _open_osfhandle            0000000180040ac0 f   LIBCMTD:osfinfo.obj
 0001:0003fd30       _set_osfhnd                0000000180040d30 f   LIBCMTD:osfinfo.obj
 0001:0003fe40       _unlock_fhandle            0000000180040e40 f   LIBCMTD:osfinfo.obj
 0001:0003fe80       _mbtowc_l                  0000000180040e80 f   LIBCMTD:mbtowc.obj
 0001:000401c0       mbtowc                     00000001800411c0 f   LIBCMTD:mbtowc.obj
 0001:000401f0       _putwch                    00000001800411f0 f   LIBCMTD:putwch.obj
 0001:00040230       _putwch_nolock             0000000180041230 f   LIBCMTD:putwch.obj
 0001:000402a0       __vswprintf_l              00000001800412a0 f   LIBCMTD:vswprint.obj
 0001:000402e0       _vscwprintf                00000001800412e0 f   LIBCMTD:vswprint.obj
 0001:00040310       _vscwprintf_helper         0000000180041310 f   LIBCMTD:vswprint.obj
 0001:00040460       _vscwprintf_l              0000000180041460 f   LIBCMTD:vswprint.obj
 0001:000404a0       _vscwprintf_p              00000001800414a0 f   LIBCMTD:vswprint.obj
[...]
 0003:00000170       __crtDebugFillThreshold    0000000180086170     LIBCMTD:dbgheap.obj
 0003:0000017c       _crtDbgFlag                000000018008617c     LIBCMTD:dbgheap.obj
 0003:00000190       __nullstring               0000000180086190     LIBCMTD:output.obj
 0003:00000198       __wnullstring              0000000180086198     LIBCMTD:output.obj
 0003:00000410       __ptmbcinfo                0000000180086410     LIBCMTD:mbctype.obj
 0003:00000420       _mbctype                   0000000180086420     LIBCMTD:mbctype.obj
 0003:00000530       _mbcasemap                 0000000180086530     LIBCMTD:mbctype.obj
 0003:00000630       __initialmbcinfo           0000000180086630     LIBCMTD:mbctype.obj
 0003:00000858       __flsindex                 0000000180086858     LIBCMTD:tidtable.obj
 0003:00000860       __wclocalestr              0000000180086860     LIBCMTD:nlsdata.obj
 0003:00000870       __lc_time_c                0000000180086870     LIBCMTD:nlsdata.obj
 0003:00000b30       __ptlocinfo                0000000180086b30     LIBCMTD:nlsdata.obj
 0003:00000b40       __initiallocinfo           0000000180086b40     LIBCMTD:nlsdata.obj
 0003:00000c98       __initiallocalestructinfo  0000000180086c98     LIBCMTD:nlsdata.obj
 0003:00000ca8       __mb_cur_max               0000000180086ca8     LIBCMTD:nlsdata.obj
 0003:00000cac       __globallocalestatus       0000000180086cac     LIBCMTD:glstatus.obj
 0003:00000cb0       __security_cookie          0000000180086cb0     LIBCMTD:gs_cookie.obj
 0003:00000cb8       __security_cookie_complement 0000000180086cb8     LIBCMTD:gs_cookie.obj
 0003:00000cc0       __isa_available            0000000180086cc0     LIBCMTD:cpu_disp.obj
 0003:00000cc4       __isa_enabled              0000000180086cc4     LIBCMTD:cpu_disp.obj
 0003:00000cd0       _cfltcvt_tab               0000000180086cd0     LIBCMTD:cmiscdat.obj
 0003:00000d20       __abort_behavior           0000000180086d20     LIBCMTD:abort.obj
 0003:00000d28       ??_R0?AVbad_cast@std@@@8   0000000180086d28     LIBCMTD:stdexcpt.obj
 0003:00000d50       ??_R0?AVbad_typeid@std@@@8 0000000180086d50     LIBCMTD:stdexcpt.obj
 0003:00000d78       ??_R0?AV__non_rtti_object@std@@@8 0000000180086d78     LIBCMTD:stdexcpt.obj
 0003:00000ff0       __badioinfo                0000000180086ff0     LIBCMTD:ioinit.obj
 0003:00001058       _pfnAllocHook              0000000180087058     LIBCMTD:dbghook.obj
 0003:00001060       _iob                       0000000180087060     LIBCMTD:_file.obj
 0003:00001420       _CrtDbgMode                0000000180087420     LIBCMTD:dbgrptt.obj
 0003:0000142c       _crtAssertBusy             000000018008742c     LIBCMTD:dbgrptt.obj
 0003:00001430       _CrtDbgFile                0000000180087430     LIBCMTD:dbgrptt.obj
 0003:00001480       _pow10pos                  0000000180087480     LIBCMTD:constpow.obj
 0003:000015e0       _pow10neg                  00000001800875e0     LIBCMTD:constpow.obj
 0003:00001740       __lconv_static_decimal     0000000180087740     LIBCMTD:lconv.obj
 0003:00001744       __lconv_static_W_decimal   0000000180087744     LIBCMTD:lconv.obj
 0003:00001748       __lconv                    0000000180087748     LIBCMTD:lconv.obj
 0003:00001750       __lconv_c                  0000000180087750     LIBCMTD:lconv.obj
 0003:000017f0       _pctype                    00000001800877f0     LIBCMTD:ctype.obj
 0003:000017f8       _pwctype                   00000001800877f8     LIBCMTD:ctype.obj
 0003:00001800       ??_R0?AVDNameNode@@@8      0000000180087800     LIBCMTD:undname.obj
 0003:00001820       ??_R0?AVcharNode@@@8       0000000180087820     LIBCMTD:undname.obj
 0003:00001840       ??_R0?AVpcharNode@@@8      0000000180087840     LIBCMTD:undname.obj
 0003:00001860       ??_R0?AVpDNameNode@@@8     0000000180087860     LIBCMTD:undname.obj
 0003:00001888       ??_R0?AVDNameStatusNode@@@8 0000000180087888     LIBCMTD:undname.obj
 0003:000018b0       ??_R0?AVpairNode@@@8       00000001800878b0     LIBCMTD:undname.obj
 0003:000018d0       ??_R0?AVbad_exception@std@@@8 00000001800878d0     LIBCMTD:frame.obj
 0003:00001900       _confh                     0000000180087900     LIBCMTD:initcon.obj
 0003:00001f00       __@@_PchSym_@00@UfhvihUibzmUwvhpglkUtvmvhrhUvmtrmvUcGEUwvyftUvmtrmvsvzwOlyq@AF532F32BE13DDB4 0000000180087f00     enginehead.obj
 0003:00002d80       ?g_pAppVariableManager@@3VAppVariableManager@@A 0000000180088d80     AppVariables.obj
 0003:00004abc       __fastflag                 000000018008aabc     LIBCMTD:fpinit.obj
 0003:00004ac8       _aenvptr                   000000018008aac8     LIBCMTD:dllcrt0.obj
 0003:00004ad0       _wenvptr                   000000018008aad0     LIBCMTD:dllcrt0.obj
 0003:00004ad8       _umaskval                  000000018008aad8     LIBCMTD:crt0dat.obj
 0003:00004adc       _exitflag                  000000018008aadc     LIBCMTD:crt0dat.obj
 0003:00004ae0       _C_Termination_Done        000000018008aae0     LIBCMTD:crt0dat.obj
 0003:00004ae4       _C_Exit_Done               000000018008aae4     LIBCMTD:crt0dat.obj
 0003:00004ae8       __winitenv                 000000018008aae8     LIBCMTD:crt0dat.obj
 0003:00004af0       __initenv                  000000018008aaf0     LIBCMTD:crt0dat.obj
 0003:00004afc       __argc                     000000018008aafc     LIBCMTD:crt0dat.obj
 0003:00004b00       __argv                     000000018008ab00     LIBCMTD:crt0dat.obj
 0003:00004b08       __wargv                    000000018008ab08     LIBCMTD:crt0dat.obj
 0003:00004b10       _environ                   000000018008ab10     LIBCMTD:crt0dat.obj
 0003:00004b18       _wenviron                  000000018008ab18     LIBCMTD:crt0dat.obj
 0003:00004b20       _pgmptr                    000000018008ab20     LIBCMTD:crt0dat.obj
 0003:00004b28       _wpgmptr                   000000018008ab28     LIBCMTD:crt0dat.obj
 0003:00004b30       __crtDebugCheckCount       000000018008ab30     LIBCMTD:dbgheap.obj
 0003:00004b38       ?_pfnDumpClient@@3P6AXPEAX_K@ZEA 000000018008ab38     LIBCMTD:dbgheap.obj
 0003:00004b70       __pInvalidArgHandler       000000018008ab70     LIBCMTD:invarg.obj
 0003:00004b78       __mblocalename             000000018008ab78     LIBCMTD:mbctype.obj
 0003:00004b80       __mbcodepage               000000018008ab80     LIBCMTD:mbctype.obj
 0003:00004b84       __ismbcodepage             000000018008ab84     LIBCMTD:mbctype.obj
 0003:00004b88       __mbulinfo                 000000018008ab88     LIBCMTD:mbctype.obj
 0003:00004b98       _newmode                   000000018008ab98     LIBCMTD:_newmode.obj
 0003:00004b9c       __favor                    000000018008ab9c     LIBCMTD:cpu_disp.obj
 0003:00004ba0       __app_type                 000000018008aba0     LIBCMTD:crt0msg.obj
 0003:000051d8       __pPurecall                000000018008b1d8     LIBCMTD:inithelp.obj
 0003:000051e0       ?_pnhHeap@@3P6AH_K@ZEA     000000018008b1e0     LIBCMTD:handler.obj
 0003:00005458       _crtheap                   000000018008b458     LIBCMTD:heapinit.obj
 0003:00005460       __ioInitOnce               000000018008b460     LIBCMTD:ioinit.obj
 0003:00005578       ?__pInconsistency@@3P6AXXZEA 000000018008b578     LIBCMTD:hooks.obj
 0003:000055b0       _stdbuf                    000000018008b5b0     LIBCMTD:_sftbuf.obj
 0003:00005b34       _cflush                    000000018008bb34     LIBCMTD:_file.obj
 0003:00005b68       __lconv_static_null        000000018008bb68     LIBCMTD:lconv.obj
 0003:00005b6c       __lconv_static_W_null      000000018008bb6c     LIBCMTD:lconv.obj
 0003:00005b70       __locale_changed           000000018008bb70     LIBCMTD:wsetloca.obj
 0003:00005b74       _outputformat              000000018008bb74     LIBCMTD:outputformat.obj
 0003:00005b78       __error_mode               000000018008bb78     LIBCMTD:errmode.obj
 0003:00005b80       ?pArgList@UnDecorator@@0PEAVReplicator@@EA 000000018008bb80     LIBCMTD:undname.obj
 0003:00005b88       ?pZNameList@UnDecorator@@0PEAVReplicator@@EA 000000018008bb88     LIBCMTD:undname.obj
 0003:00005b90       ?pTemplateArgList@UnDecorator@@0PEAVReplicator@@EA 000000018008bb90     LIBCMTD:undname.obj
 0003:00005b98       ?gName@UnDecorator@@0PEBDEB 000000018008bb98     LIBCMTD:undname.obj
 0003:00005ba0       ?name@UnDecorator@@0PEBDEB 000000018008bba0     LIBCMTD:undname.obj
 0003:00005ba8       ?outputString@UnDecorator@@0PEADEA 000000018008bba8     LIBCMTD:undname.obj
 0003:00005bb0       ?maxStringLength@UnDecorator@@0HA 000000018008bbb0     LIBCMTD:undname.obj
 0003:00005bb4       ?disableFlags@UnDecorator@@0KA 000000018008bbb4     LIBCMTD:undname.obj
 0003:00005bb8       ?fExplicitTemplateParams@UnDecorator@@0_NA 000000018008bbb8     LIBCMTD:undname.obj
 0003:00005bb9       ?fGetTemplateArgumentList@UnDecorator@@0_NA 000000018008bbb9     LIBCMTD:undname.obj
 0003:00005bc0       ?m_pGetParameter@UnDecorator@@0P6APEADJ@ZEA 000000018008bbc0     LIBCMTD:undname.obj
 0003:00005c40       ?nodes@?1??make@DNameStatusNode@@SAPEAV2@W4DNameStatus@@@Z@4PAV2@A 000000018008bc40     LIBCMTD:undname.obj
 0003:00005c80       ??_B?1??make@DNameStatusNode@@SAPEAV1@W4DNameStatus@@@Z@51 000000018008bc80     LIBCMTD:undname.obj
 0003:00005c84       __unguarded_readlc_active  000000018008bc84     <common>
 0003:00005c94       __setlc_active             000000018008bc94     <common>
 0003:00005c98       _pReportHookListW          000000018008bc98     <common>
 0003:00005cb0       _pReportHookList           000000018008bcb0     <common>
 0003:00005cb8       _pfnReportHook             000000018008bcb8     <common>
 0003:00005cc0       _bufin                     000000018008bcc0     <common>
 0003:00007000       __piob                     000000018008d000     <common>
 0003:00007008       _nstream                   000000018008d008     <common>
 0003:0000700c       _debugger_hook_dummy       000000018008d00c     <common>
 0003:00007018       _nhandle                   000000018008d018     <common>
 0003:000070a0       __pioinfo                  000000018008d0a0     <common>
 0003:000072a0       __dyn_tls_init_callback    000000018008d2a0     <common>
 0003:000072b8       __onexitend                000000018008d2b8     <common>
 0003:000072c0       __onexitbegin              000000018008d2c0     <common>
 0003:000072c8       __mbctype_initialized      000000018008d2c8     <common>
 0003:000072cc       __env_initialized          000000018008d2cc     <common>
 0003:000072d0       _acmdln                    000000018008d2d0     <common>
 0005:00000000       __IMPORT_DESCRIPTOR_utilities 0000000180092000     utilities:utilities.dll
 0005:00000014       __IMPORT_DESCRIPTOR_KERNEL32 0000000180092014     kernel32:KERNEL32.dll
 0005:00000028       __NULL_IMPORT_DESCRIPTOR   0000000180092028     utilities:utilities.dll
 0005:00000460       __imp_QueryPerformanceCounter 0000000180092460     kernel32:KERNEL32.dll
 0005:00000468       __imp_CloseHandle          0000000180092468     kernel32:KERNEL32.dll
 0005:00000470       __imp_CreateFileW          0000000180092470     kernel32:KERNEL32.dll
 0005:00000478       __imp_FlushFileBuffers     0000000180092478     kernel32:KERNEL32.dll
 0005:00000480       __imp_SetStdHandle         0000000180092480     kernel32:KERNEL32.dll
 0005:00000488       __imp_EnumSystemLocalesEx  0000000180092488     kernel32:KERNEL32.dll
 0005:00000490       __imp_IsValidLocaleName    0000000180092490     kernel32:KERNEL32.dll
 0005:00000498       __imp_LCMapStringEx        0000000180092498     kernel32:KERNEL32.dll
 0005:000004a0       __imp_GetUserDefaultLocaleName 00000001800924a0     kernel32:KERNEL32.dll
 0005:000004a8       __imp_GetLocaleInfoEx      00000001800924a8     kernel32:KERNEL32.dll
 0005:000004b0       __imp_EncodePointer        00000001800924b0     kernel32:KERNEL32.dll
 0005:000004b8       __imp_DecodePointer        00000001800924b8     kernel32:KERNEL32.dll
 0005:000004c0       __imp_GetCommandLineA      00000001800924c0     kernel32:KERNEL32.dll
 0005:000004c8       __imp_GetCurrentThreadId   00000001800924c8     kernel32:KERNEL32.dll
 0005:000004d0       __imp_GetLastError         00000001800924d0     kernel32:KERNEL32.dll
 0005:000004d8       __imp_ExitProcess          00000001800924d8     kernel32:KERNEL32.dll
 0005:000004e0       __imp_GetModuleHandleExW   00000001800924e0     kernel32:KERNEL32.dll
 0005:000004e8       __imp_GetProcAddress       00000001800924e8     kernel32:KERNEL32.dll
 0005:000004f0       __imp_AreFileApisANSI      00000001800924f0     kernel32:KERNEL32.dll
 0005:000004f8       __imp_MultiByteToWideChar  00000001800924f8     kernel32:KERNEL32.dll
 0005:00000500       __imp_HeapSize             0000000180092500     kernel32:KERNEL32.dll
 0005:00000508       __imp_HeapValidate         0000000180092508     kernel32:KERNEL32.dll
 0005:00000510       __imp_GetSystemInfo        0000000180092510     kernel32:KERNEL32.dll
 0005:00000518       __imp_RtlUnwindEx          0000000180092518     kernel32:KERNEL32.dll
 0005:00000520       __imp_IsDebuggerPresent    0000000180092520     kernel32:KERNEL32.dll
 0005:00000528       __imp_IsProcessorFeaturePresent 0000000180092528     kernel32:KERNEL32.dll
 0005:00000530       __imp_GetModuleFileNameW   0000000180092530     kernel32:KERNEL32.dll
 0005:00000538       __imp_IsValidCodePage      0000000180092538     kernel32:KERNEL32.dll
 0005:00000540       __imp_GetACP               0000000180092540     kernel32:KERNEL32.dll
 0005:00000548       __imp_GetOEMCP             0000000180092548     kernel32:KERNEL32.dll
 0005:00000550       __imp_GetCPInfo            0000000180092550     kernel32:KERNEL32.dll
 0005:00000558       __imp_SetLastError         0000000180092558     kernel32:KERNEL32.dll
 0005:00000560       __imp_GetCurrentThread     0000000180092560     kernel32:KERNEL32.dll
 0005:00000568       __imp_GetStdHandle         0000000180092568     kernel32:KERNEL32.dll
 0005:00000570       __imp_WriteFile            0000000180092570     kernel32:KERNEL32.dll
 0005:00000578       __imp_RtlPcToFileHeader    0000000180092578     kernel32:KERNEL32.dll
 0005:00000580       __imp_RaiseException       0000000180092580     kernel32:KERNEL32.dll
 0005:00000588       __imp_EnterCriticalSection 0000000180092588     kernel32:KERNEL32.dll
 0005:00000590       __imp_LeaveCriticalSection 0000000180092590     kernel32:KERNEL32.dll
 0005:00000598       __imp_InitializeCriticalSectionAndSpinCount 0000000180092598     kernel32:KERNEL32.dll
 0005:000005a0       __imp_DeleteCriticalSection 00000001800925a0     kernel32:KERNEL32.dll
 0005:000005a8       __imp_FatalAppExitA        00000001800925a8     kernel32:KERNEL32.dll
 0005:000005b0       __imp_GetProcessHeap       00000001800925b0     kernel32:KERNEL32.dll
 0005:000005b8       __imp_GetFileType          00000001800925b8     kernel32:KERNEL32.dll
 0005:000005c0       __imp_InitOnceExecuteOnce  00000001800925c0     kernel32:KERNEL32.dll
 0005:000005c8       __imp_GetStartupInfoW      00000001800925c8     kernel32:KERNEL32.dll
 0005:000005d0       __imp_GetModuleFileNameA   00000001800925d0     kernel32:KERNEL32.dll
 0005:000005d8       __imp_GetSystemTimeAsFileTime 00000001800925d8     kernel32:KERNEL32.dll
 0005:000005e0       __imp_GetTickCount64       00000001800925e0     kernel32:KERNEL32.dll
 0005:000005e8       __imp_GetEnvironmentStringsW 00000001800925e8     kernel32:KERNEL32.dll
 0005:000005f0       __imp_FreeEnvironmentStringsW 00000001800925f0     kernel32:KERNEL32.dll
 0005:000005f8       __imp_WideCharToMultiByte  00000001800925f8     kernel32:KERNEL32.dll
 0005:00000600       __imp_RtlCaptureContext    0000000180092600     kernel32:KERNEL32.dll
 0005:00000608       __imp_RtlLookupFunctionEntry 0000000180092608     kernel32:KERNEL32.dll
 0005:00000610       __imp_RtlVirtualUnwind     0000000180092610     kernel32:KERNEL32.dll
 0005:00000618       __imp_UnhandledExceptionFilter 0000000180092618     kernel32:KERNEL32.dll
 0005:00000620       __imp_SetUnhandledExceptionFilter 0000000180092620     kernel32:KERNEL32.dll
 0005:00000628       __imp_FlsAlloc             0000000180092628     kernel32:KERNEL32.dll
 0005:00000630       __imp_FlsGetValue          0000000180092630     kernel32:KERNEL32.dll
 0005:00000638       __imp_FlsSetValue          0000000180092638     kernel32:KERNEL32.dll
 0005:00000640       __imp_FlsFree              0000000180092640     kernel32:KERNEL32.dll
 0005:00000648       __imp_GetCurrentProcess    0000000180092648     kernel32:KERNEL32.dll
 0005:00000650       __imp_TerminateProcess     0000000180092650     kernel32:KERNEL32.dll
 0005:00000658       __imp_GetModuleHandleW     0000000180092658     kernel32:KERNEL32.dll
 0005:00000660       __imp_FreeLibrary          0000000180092660     kernel32:KERNEL32.dll
 0005:00000668       __imp_LoadLibraryExW       0000000180092668     kernel32:KERNEL32.dll
 0005:00000670       __imp_SetConsoleCtrlHandler 0000000180092670     kernel32:KERNEL32.dll
 0005:00000678       __imp_HeapFree             0000000180092678     kernel32:KERNEL32.dll
 0005:00000680       __imp_HeapReAlloc          0000000180092680     kernel32:KERNEL32.dll
 0005:00000688       __imp_HeapQueryInformation 0000000180092688     kernel32:KERNEL32.dll
 0005:00000690       __imp_HeapAlloc            0000000180092690     kernel32:KERNEL32.dll
 0005:00000698       __imp_GetConsoleCP         0000000180092698     kernel32:KERNEL32.dll
 0005:000006a0       __imp_GetConsoleMode       00000001800926a0     kernel32:KERNEL32.dll
 0005:000006a8       __imp_SetFilePointerEx     00000001800926a8     kernel32:KERNEL32.dll
 0005:000006b0       __imp_OutputDebugStringW   00000001800926b0     kernel32:KERNEL32.dll
 0005:000006b8       __imp_WaitForSingleObjectEx 00000001800926b8     kernel32:KERNEL32.dll
 0005:000006c0       __imp_CreateThread         00000001800926c0     kernel32:KERNEL32.dll
 0005:000006c8       __imp_LoadLibraryW         00000001800926c8     kernel32:KERNEL32.dll
 0005:000006d0       __imp_OutputDebugStringA   00000001800926d0     kernel32:KERNEL32.dll
 0005:000006d8       __imp_WriteConsoleW        00000001800926d8     kernel32:KERNEL32.dll
 0005:000006e0       __imp_GetStringTypeW       00000001800926e0     kernel32:KERNEL32.dll
 0005:000006e8       __imp_GetTimeFormatEx      00000001800926e8     kernel32:KERNEL32.dll
 0005:000006f0       __imp_GetDateFormatEx      00000001800926f0     kernel32:KERNEL32.dll
 0005:000006f8       __imp_CompareStringEx      00000001800926f8     kernel32:KERNEL32.dll
 0005:00000700       \177KERNEL32_NULL_THUNK_DATA 0000000180092700     kernel32:KERNEL32.dll
 0005:000007d8       __imp_??4DataBuffer@DataPacking@@QEAAAEAV01@AEBV01@@Z 00000001800927d8     utilities:utilities.dll
 0005:000007e0       __imp_??1DataBuffer@DataPacking@@QEAA@XZ 00000001800927e0     utilities:utilities.dll
 0005:000007e8       __imp_??0DataBuffer@DataPacking@@QEAA@II@Z 00000001800927e8     utilities:utilities.dll
 0005:000007f0       __imp_?ReleaseInterfacePointer@InterfaceRegistration@@QEAAXPEBDPEAX@Z 00000001800927f0     utilities:utilities.dll
 0005:000007f8       __imp_GetInterfaceRegistration 00000001800927f8     utilities:utilities.dll
 0005:00000800       __imp_?GetInterface@InterfaceRegistration@@QEAAPEAXPEBDH@Z 0000000180092800     utilities:utilities.dll
 0005:00000808       __imp_??0InterfaceElement@@QEAA@P6APEAXXZP6AXPEAX@ZPEBDH_N@Z 0000000180092808     utilities:utilities.dll
 0005:00000810       __imp_MessageBoxWIN        0000000180092810     utilities:utilities.dll
 0005:00000818       __imp_util_strncpy         0000000180092818     utilities:utilities.dll
 0005:00000820       \177utilities_NULL_THUNK_DATA 0000000180092820     utilities:utilities.dll

 entry point at        0001:000049a0

