 utilities

 Timestamp is 52fd3df5 (Thu Feb 13 13:49:41 2014)

 Preferred load address is 0000000180000000

 Start         Length     Name                   Class
 0001:00000000 0008e731H .text                   CODE
 0001:0008e740 000021a1H .text$x                 CODE
 0001:000908f0 000013fcH .text$yc                CODE
 0001:00091cf0 0000113cH .text$yd                CODE
 0002:00000000 00000109H .CRT$XCA                DATA
 0002:00000110 00000109H .CRT$XCC                DATA
 0002:00000220 000001c9H .CRT$XCU                DATA
 0002:000003f0 00000109H .CRT$XCZ                DATA
 0002:00000500 00000109H .CRT$XIA                DATA
 0002:00000610 00000126H .CRT$XIC                DATA
 0002:00000738 00000109H .CRT$XIZ                DATA
 0002:00000848 00000109H .CRT$XPA                DATA
 0002:00000958 00000113H .CRT$XPX                DATA
 0002:00000a70 00000109H .CRT$XPXA               DATA
 0002:00000b80 00000109H .CRT$XPZ                DATA
 0002:00000c90 00000109H .CRT$XTA                DATA
 0002:00000da0 00000109H .CRT$XTZ                DATA
 0002:00000eb0 00015e86H .rdata                  DATA
 0002:00016d38 0000017cH .rdata$debug            DATA
 0002:00016eb8 000012efH .rdata$r                DATA
 0002:000181a8 00000109H .rtc$IAA                DATA
 0002:000182b8 00000109H .rtc$IZZ                DATA
 0002:000183c8 00000109H .rtc$TAA                DATA
 0002:000184d8 00000109H .rtc$TZZ                DATA
 0002:000185e8 00005df5H .xdata                  DATA
 0002:0001e3e0 00000598H .xdata$x                DATA
 0002:0001e980 0000024bH .edata                  DATA
 0003:00000000 00002420H .data                   DATA
 0003:00002420 0000c5a0H .bss                    DATA
 0004:00000000 00004eb4H .pdata                  DATA
 0005:00000000 00000028H .idata$2                DATA
 0005:00000028 00000014H .idata$3                DATA
 0005:00000040 00000400H .idata$4                DATA
 0005:00000440 00000400H .idata$5                DATA
 0005:00000840 0000085fH .idata$6                DATA

  Address         Publics by Value              Rva+Base               Lib:Object

 0000:00000000       ___safe_se_handler_count   0000000000000000     <absolute>
 0000:00000000       ___safe_se_handler_table   0000000000000000     <absolute>
 0000:00000000       __ImageBase                0000000180000000     <linker-defined>
 0001:000014d0       ??4InterfaceElement@@QEAAAEAV0@AEBV0@@Z 00000001800024d0 f i allhead.obj
 0001:00001510       ?SetFromString@Variant@Utility@@QEAAXPEBD@Z 0000000180002510 f   variant.obj
 0001:00001520       ?ToString@Variant@Utility@@QEBAPEBDXZ 0000000180002520 f   variant.obj
 0001:00001530       ??$DataMapInit@VCDataMappable@@@@YAPEAUdatamap_t@@PEAVCDataMappable@@@Z 0000000180002530 f   data_mappable.obj
 0001:00001570       ?GetBaseMap@CDataMappable@@SAPEAUdatamap_t@@XZ 0000000180002570 f   data_mappable.obj
 0001:00001580       ??$vsnprintf_s@$0EAA@@@YAHAEAY0EAA@D_KPEBDPEAD@Z 0000000180002580 f i data_networkpack.obj
 0001:000015b0       ?GetDataSize@@YA_KW4data_types@@@Z 00000001800025b0 f i data_networkpack.obj
 0001:000016f0       ?PackageMappables@NetworkPackage@DataPacking@@QEAAPEAVDataBuffer@2@QEAPEAVCDataMappable@@I@Z 00000001800026f0 f   data_networkpack.obj
 0001:000017d0       ?SetBlockGrowth@DataBuffer@DataPacking@@QEAAXI@Z 00000001800027d0 f i data_networkpack.obj
 0001:00001840       ?WriteDataMaps@NetworkPackage@DataPacking@@QEAAXPEAVCDataMappable@@@Z 0000000180002840 f   data_networkpack.obj
 0001:00001a40       ?WriteObject@NetworkPackage@DataPacking@@QEAAXPEAVCDataMappable@@PEAUobjdesc_t@@@Z 0000000180002a40 f   data_networkpack.obj
 0001:00001b90       ?WriteTypeFromClass@NetworkPackage@DataPacking@@QEAAXPEAVCDataMappable@@PEAUobjdesc_t@@PEAE@Z 0000000180002b90 f   data_networkpack.obj
 0001:00001c50       ?c99_snprintf@@YAHPEAD_KPEBDZZ 0000000180002c50 f i data_networkpack.obj
 0001:00001cb0       ?c99_vsnprintf@@YAHPEAD_KPEBD0@Z 0000000180002cb0 f i data_networkpack.obj
 0001:00001d10       ?num_networked_obj@@YAHPEAUdatamap_t@@@Z 0000000180002d10 f i data_networkpack.obj
 0001:00001e40       ?UnpackToMappables@NetworkUnpackage@DataPacking@@QEAAXQEAPEAVCDataMappable@@I@Z 0000000180002e40 f   data_networkunpack.obj
 0001:00001f70       ?WriteToMappable@NetworkUnpackage@DataPacking@@QEAAXPEAPEAVCDataMappable@@I@Z 0000000180002f70 f   data_networkunpack.obj
 0001:00001fc0       ??0DataBuffer@DataPacking@@QEAA@II@Z 0000000180002fc0 f   data_pack.obj
 0001:000020b0       ??0DataBuffer@DataPacking@@QEAA@PEBV01@@Z 00000001800030b0 f   data_pack.obj
 0001:000022a0       ??1DataBuffer@DataPacking@@QEAA@XZ 00000001800032a0 f   data_pack.obj
 0001:000022f0       ??4DataBuffer@DataPacking@@QEAAAEAV01@AEBV01@@Z 00000001800032f0 f   data_pack.obj
 0001:000023e0       ?CreateBlock@DataBuffer@DataPacking@@AEAAPEAUdata_block@12@PEBDI@Z 00000001800033e0 f   data_pack.obj
 0001:00002510       ?CreateBuffer@DataBuffer@DataPacking@@QEAAPEAEI@Z 0000000180003510 f   data_pack.obj
 0001:00002580       ?EndWritting@DataBuffer@DataPacking@@QEAAXXZ 0000000180003580 f   data_pack.obj
 0001:000025c0       ?GetBlockGrowth@DataBuffer@DataPacking@@QEBAHXZ 00000001800035c0 f i data_pack.obj
 0001:000026b0       ?ReadFromBlock@DataBuffer@DataPacking@@QEAAPEAEII@Z 00000001800036b0 f   data_pack.obj
 0001:00002780       ?ResizeBlockData@DataBuffer@DataPacking@@QEAA_NI@Z 0000000180003780 f   data_pack.obj
 0001:00002800       ?ResizeBufferData@DataBuffer@DataPacking@@QEAA_NI@Z 0000000180003800 f   data_pack.obj
 0001:000028e0       ?SetBufferPos@DataBuffer@DataPacking@@QEAA_NI@Z 00000001800038e0 f   data_pack.obj
 0001:00002900       ?StartWritting@DataBuffer@DataPacking@@QEAA_NPEBD@Z 0000000180003900 f   data_pack.obj
 0001:00002950       ?WriteBlock@DataBuffer@DataPacking@@QEAA_NPEBDPEBEI@Z 0000000180003950 f   data_pack.obj
 0001:000029f0       ?WriteBuffer@DataBuffer@DataPacking@@QEAA_NPEBEI@Z 00000001800039f0 f   data_pack.obj
 0001:00002a90       ??$?8II@std@@YA_NAEBV?$allocator@I@0@0@Z 0000000180003a90 f i Bitslice.obj
 0001:00002aa0       ??$?8V?$_Vector_iterator@V?$_Vector_val@U?$_Simple_types@I@std@@@std@@@std@@V01@@std@@YA_NAEBV?$move_iterator@V?$_Vector_iterator@V?$_Vector_val@U?$_Simple_types@I@std@@@std@@@std@@@0@0@Z 0000000180003aa0 f i Bitslice.obj
 0001:00002ab0       ??$?8V?$allocator@I@std@@V01@@std@@YA_NAEBU?$_Wrap_alloc@V?$allocator@I@std@@@0@0@Z 0000000180003ab0 f i Bitslice.obj
 0001:00002ac0       ??$?9V?$_Vector_iterator@V?$_Vector_val@U?$_Simple_types@I@std@@@std@@@std@@V01@@std@@YA_NAEBV?$move_iterator@V?$_Vector_iterator@V?$_Vector_val@U?$_Simple_types@I@std@@@std@@@std@@@0@0@Z 0000000180003ac0 f i Bitslice.obj
 0001:00002ae0       ??$?9V?$allocator@I@std@@V01@@std@@YA_NAEBU?$_Wrap_alloc@V?$allocator@I@std@@@0@0@Z 0000000180003ae0 f i Bitslice.obj
 0001:00002af0       ??$?GV?$_Vector_iterator@V?$_Vector_val@U?$_Simple_types@I@std@@@std@@@std@@V01@@std@@YA_JAEAV?$move_iterator@V?$_Vector_iterator@V?$_Vector_val@U?$_Simple_types@I@std@@@std@@@std@@@0@AEBV10@@Z 0000000180003af0 f i Bitslice.obj
 0001:00002ff0       ??$?MV?$_Vector_iterator@V?$_Vector_val@U?$_Simple_types@I@std@@@std@@@std@@V01@@std@@YA_NAEBV?$move_iterator@V?$_Vector_iterator@V?$_Vector_val@U?$_Simple_types@I@std@@@std@@@std@@@0@0@Z 0000000180003ff0 f i Bitslice.obj
 0001:00003000       ??$Bitslice@I@@YAXAEAV?$vector@IV?$allocator@I@std@@@std@@AEAV?$vector@V?$vector@IV?$allocator@I@std@@@std@@V?$allocator@V?$vector@IV?$allocator@I@std@@@std@@@2@@1@@Z 0000000180004000 f i Bitslice.obj
 0001:00003400       ??$_Advance@PEAI_J@std@@YAXAEAPEAI_JUrandom_access_iterator_tag@0@@Z 0000000180004400 f i Bitslice.obj
 0001:00003410       ??$_Allocate@H@std@@YAPEAH_KPEAH@Z 0000000180004410 f i Bitslice.obj
 0001:00003460       ??$_Allocate@I@std@@YAPEAI_KPEAI@Z 0000000180004460 f i Bitslice.obj
 0001:000034b0       ??$_Allocate@U_Container_proxy@std@@@std@@YAPEAU_Container_proxy@0@_KPEAU10@@Z 00000001800044b0 f i Bitslice.obj
 0001:000034f0       ??$_Allocate@V?$vector@IV?$allocator@I@std@@@std@@@std@@YAPEAV?$vector@IV?$allocator@I@std@@@0@_KPEAV10@@Z 00000001800044f0 f i Bitslice.obj
 0001:00003530       ??$_Copy_backward@PEAIPEAI@std@@YAPEAIPEAI00@Z 0000000180004530 f i Bitslice.obj
 0001:00003570       ??$_Copy_backward@PEAIPEAI@std@@YAPEAIPEAI00U_Scalar_ptr_iterator_tag@0@@Z 0000000180004570 f i Bitslice.obj
 0001:000035b0       ??$_Debug_pointer@I@std@@YAXPEAIPEB_WI@Z 00000001800045b0 f i Bitslice.obj
 0001:000035d0       ??$_Debug_pointer@V?$move_iterator@V?$_Vector_iterator@V?$_Vector_val@U?$_Simple_types@I@std@@@std@@@std@@@std@@@std@@YAXAEAV?$move_iterator@V?$_Vector_iterator@V?$_Vector_val@U?$_Simple_types@I@std@@@std@@@std@@@0@PEB_WI@Z 00000001800045d0 f i Bitslice.obj
 0001:000035e0       ??$_Debug_pointer@V?$vector@IV?$allocator@I@std@@@std@@@std@@YAXPEAV?$vector@IV?$allocator@I@std@@@0@PEB_WI@Z 00000001800045e0 f i Bitslice.obj
 0001:00003600       ??$_Debug_range2@PEAI@std@@YAXPEAI0PEB_WIUrandom_access_iterator_tag@0@@Z 0000000180004600 f i Bitslice.obj
 0001:000036a0       ??$_Debug_range2@PEAV?$vector@IV?$allocator@I@std@@@std@@@std@@YAXPEAV?$vector@IV?$allocator@I@std@@@0@0PEB_WIUrandom_access_iterator_tag@0@@Z 00000001800046a0 f i Bitslice.obj
 0001:00003740       ??$_Debug_range2@V?$move_iterator@V?$_Vector_iterator@V?$_Vector_val@U?$_Simple_types@I@std@@@std@@@std@@@std@@@std@@YAXV?$move_iterator@V?$_Vector_iterator@V?$_Vector_val@U?$_Simple_types@I@std@@@std@@@std@@@0@0PEB_WIUrandom_access_iterator_tag@0@@Z 0000000180004740 f i Bitslice.obj
 0001:00003810       ??$_Debug_range@PEAI@std@@YAXPEAI0PEB_WI@Z 0000000180004810 f i Bitslice.obj
 0001:00003830       ??$_Debug_range@PEAV?$vector@IV?$allocator@I@std@@@std@@@std@@YAXPEAV?$vector@IV?$allocator@I@std@@@0@0PEB_WI@Z 0000000180004830 f i Bitslice.obj
 0001:00003850       ??$_Debug_range@V?$move_iterator@V?$_Vector_iterator@V?$_Vector_val@U?$_Simple_types@I@std@@@std@@@std@@@std@@@std@@YAXV?$move_iterator@V?$_Vector_iterator@V?$_Vector_val@U?$_Simple_types@I@std@@@std@@@std@@@0@0PEB_WI@Z 0000000180004850 f i Bitslice.obj
 0001:00003990       ??$_Destroy_range@U?$_Wrap_alloc@V?$allocator@H@std@@@std@@@std@@YAXPEAH0AEAU?$_Wrap_alloc@V?$allocator@H@std@@@0@@Z 0000000180004990 f i Bitslice.obj
 0001:000039a0       ??$_Destroy_range@U?$_Wrap_alloc@V?$allocator@H@std@@@std@@@std@@YAXPEAH0AEAU?$_Wrap_alloc@V?$allocator@H@std@@@0@U_Scalar_ptr_iterator_tag@0@@Z 00000001800049a0 f i Bitslice.obj
 0001:000039b0       ??$_Destroy_range@U?$_Wrap_alloc@V?$allocator@I@std@@@std@@@std@@YAXPEAI0AEAU?$_Wrap_alloc@V?$allocator@I@std@@@0@@Z 00000001800049b0 f i Bitslice.obj
 0001:000039c0       ??$_Destroy_range@U?$_Wrap_alloc@V?$allocator@I@std@@@std@@@std@@YAXPEAI0AEAU?$_Wrap_alloc@V?$allocator@I@std@@@0@U_Scalar_ptr_iterator_tag@0@@Z 00000001800049c0 f i Bitslice.obj
 0001:000039d0       ??$_Destroy_range@U?$_Wrap_alloc@V?$allocator@V?$vector@IV?$allocator@I@std@@@std@@@std@@@std@@@std@@YAXPEAV?$vector@IV?$allocator@I@std@@@0@0AEAU?$_Wrap_alloc@V?$allocator@V?$vector@IV?$allocator@I@std@@@std@@@std@@@0@@Z 00000001800049d0 f i Bitslice.obj
 0001:00003a10       ??$_Destroy_range@U?$_Wrap_alloc@V?$allocator@V?$vector@IV?$allocator@I@std@@@std@@@std@@@std@@@std@@YAXPEAV?$vector@IV?$allocator@I@std@@@0@0AEAU?$_Wrap_alloc@V?$allocator@V?$vector@IV?$allocator@I@std@@@std@@@std@@@0@U_Nonscalar_ptr_iterator_tag@0@@Z 0000000180004a10 f i Bitslice.obj
 0001:00003a50       ??$_Dist_type@PEAI@std@@YAPEA_JPEAI@Z 0000000180004a50 f i Bitslice.obj
 0001:00003a60       ??$_Distance2@PEAI_J@std@@YAXPEAI0AEA_JUrandom_access_iterator_tag@0@@Z 0000000180004a60 f i Bitslice.obj
 0001:00003af0       ??$_Distance2@V?$move_iterator@V?$_Vector_iterator@V?$_Vector_val@U?$_Simple_types@I@std@@@std@@@std@@@std@@_K@std@@YAXV?$move_iterator@V?$_Vector_iterator@V?$_Vector_val@U?$_Simple_types@I@std@@@std@@@std@@@0@0AEA_KUrandom_access_iterator_tag@0@@Z 0000000180004af0 f i Bitslice.obj
 0001:00003b90       ??$_Distance@V?$move_iterator@V?$_Vector_iterator@V?$_Vector_val@U?$_Simple_types@I@std@@@std@@@std@@@std@@_K@std@@YAXV?$move_iterator@V?$_Vector_iterator@V?$_Vector_val@U?$_Simple_types@I@std@@@std@@@std@@@0@0AEA_K@Z 0000000180004b90 f i Bitslice.obj
 0001:00003cb0       ??$_Equal@V?$_Vector_iterator@V?$_Vector_val@U?$_Simple_types@I@std@@@std@@@std@@@?$move_iterator@V?$_Vector_iterator@V?$_Vector_val@U?$_Simple_types@I@std@@@std@@@std@@@std@@QEBA_NAEBV01@@Z 0000000180004cb0 f i Bitslice.obj
 0001:00003fc0       ??$_Fill@PEAII@std@@YAXPEAI0AEBI@Z 0000000180004fc0 f i Bitslice.obj
 0001:00003ff0       ??$_Fill_n@PEAH_KH@std@@YAPEAHPEAH_KAEBH@Z 0000000180004ff0 f i Bitslice.obj
 0001:00004020       ??$_Fill_n@PEAI_KI@std@@YAPEAIPEAI_KAEBI@Z 0000000180005020 f i Bitslice.obj
 0001:00004050       ??$_Insert@V?$move_iterator@V?$_Vector_iterator@V?$_Vector_val@U?$_Simple_types@I@std@@@std@@@std@@@std@@@?$vector@IV?$allocator@I@std@@@std@@QEAAXV?$_Vector_const_iterator@V?$_Vector_val@U?$_Simple_types@I@std@@@std@@@1@V?$move_iterator@V?$_Vector_iterator@V?$_Vector_val@U?$_Simple_types@I@std@@@std@@@std@@@1@1Uforward_iterator_tag@1@@Z 0000000180005050 f i Bitslice.obj
 0001:00004520       ??$_Iter_cat@PEAI@std@@YA?AUrandom_access_iterator_tag@0@AEBQEAI@Z 0000000180005520 f i Bitslice.obj
 0001:00004530       ??$_Iter_cat@PEAV?$vector@IV?$allocator@I@std@@@std@@@std@@YA?AUrandom_access_iterator_tag@0@AEBQEAV?$vector@IV?$allocator@I@std@@@0@@Z 0000000180005530 f i Bitslice.obj
 0001:00004540       ??$_Iter_cat@V?$move_iterator@V?$_Vector_iterator@V?$_Vector_val@U?$_Simple_types@I@std@@@std@@@std@@@std@@@std@@YA?AUrandom_access_iterator_tag@0@AEBV?$move_iterator@V?$_Vector_iterator@V?$_Vector_val@U?$_Simple_types@I@std@@@std@@@std@@@0@@Z 0000000180005540 f i Bitslice.obj
 0001:00004550       ??$_Less@V?$_Vector_iterator@V?$_Vector_val@U?$_Simple_types@I@std@@@std@@@std@@@?$move_iterator@V?$_Vector_iterator@V?$_Vector_val@U?$_Simple_types@I@std@@@std@@@std@@@std@@QEBA_NAEBV01@@Z 0000000180005550 f i Bitslice.obj
 0001:00004860       ??$_Move@AEAI@std@@YA$$QEAIAEAI@Z 0000000180005860 f i Bitslice.obj
 0001:00004870       ??$_Move@PEAIPEAI@std@@YAPEAIPEAI00@Z 0000000180005870 f i Bitslice.obj
 0001:000048c0       ??$_Move@PEAIPEAI@std@@YAPEAIPEAI00U_Scalar_ptr_iterator_tag@0@@Z 00000001800058c0 f i Bitslice.obj
 0001:00004910       ??$_Move@PEAV?$vector@IV?$allocator@I@std@@@std@@PEAV12@@std@@YAPEAV?$vector@IV?$allocator@I@std@@@0@PEAV10@00@Z 0000000180005910 f i Bitslice.obj
 0001:00004920       ??$_Move@PEAV?$vector@IV?$allocator@I@std@@@std@@PEAV12@@std@@YAPEAV?$vector@IV?$allocator@I@std@@@0@PEAV10@00U_Nonscalar_ptr_iterator_tag@0@@Z 0000000180005920 f i Bitslice.obj
 0001:00004a10       ??$_Ptr_cat@HH@std@@YA?AU_Scalar_ptr_iterator_tag@0@PEAH0@Z 0000000180005a10 f i Bitslice.obj
 0001:00004a20       ??$_Ptr_cat@II@std@@YA?AU_Scalar_ptr_iterator_tag@0@PEAI0@Z 0000000180005a20 f i Bitslice.obj
 0001:00004a30       ??$_Ptr_cat@V?$move_iterator@V?$_Vector_iterator@V?$_Vector_val@U?$_Simple_types@I@std@@@std@@@std@@@std@@PEAI@std@@YA?AU_Nonscalar_ptr_iterator_tag@0@AEAV?$move_iterator@V?$_Vector_iterator@V?$_Vector_val@U?$_Simple_types@I@std@@@std@@@std@@@0@AEAPEAI@Z 0000000180005a30 f i Bitslice.obj
 0001:00004a40       ??$_Ptr_cat@V?$vector@IV?$allocator@I@std@@@std@@V12@@std@@YA?AU_Nonscalar_ptr_iterator_tag@0@PEAV?$vector@IV?$allocator@I@std@@@0@0@Z 0000000180005a40 f i Bitslice.obj
 0001:00004a50       ??$_Rotate@PEAI@std@@YAXPEAI00Urandom_access_iterator_tag@0@@Z 0000000180005a50 f i Bitslice.obj
 0001:00004a70       ??$_Rotate@PEAI_JI@std@@YAXPEAI00PEA_J0@Z 0000000180005a70 f i Bitslice.obj
 0001:00004b60       ??$_Ucopy@V?$move_iterator@V?$_Vector_iterator@V?$_Vector_val@U?$_Simple_types@I@std@@@std@@@std@@@std@@@?$vector@IV?$allocator@I@std@@@std@@IEAAPEAIV?$move_iterator@V?$_Vector_iterator@V?$_Vector_val@U?$_Simple_types@I@std@@@std@@@std@@@1@0PEAI@Z 0000000180005b60 f i Bitslice.obj
 0001:00004c80       ??$_Umove@PEAI@?$vector@IV?$allocator@I@std@@@std@@IEAAPEAIPEAI00@Z 0000000180005c80 f i Bitslice.obj
 0001:00004cd0       ??$_Umove@PEAV?$vector@IV?$allocator@I@std@@@std@@@?$vector@V?$vector@IV?$allocator@I@std@@@std@@V?$allocator@V?$vector@IV?$allocator@I@std@@@std@@@2@@std@@IEAAPEAV?$vector@IV?$allocator@I@std@@@1@PEAV21@00@Z 0000000180005cd0 f i Bitslice.obj
 0001:00004d20       ??$_Unchecked@PEAI@std@@YAPEAIPEAI@Z 0000000180005d20 f i Bitslice.obj
 0001:00004d30       ??$_Uninit_copy@V?$move_iterator@V?$_Vector_iterator@V?$_Vector_val@U?$_Simple_types@I@std@@@std@@@std@@@std@@PEAIV?$allocator@I@2@@std@@YAPEAIV?$move_iterator@V?$_Vector_iterator@V?$_Vector_val@U?$_Simple_types@I@std@@@std@@@std@@@0@0PEAIAEAU?$_Wrap_alloc@V?$allocator@I@std@@@0@U_Nonscalar_ptr_iterator_tag@0@@Z 0000000180005d30 f i Bitslice.obj
 0001:00004f70       ??$_Uninit_def_fill_n@PEAV?$vector@IV?$allocator@I@std@@@std@@_KV?$allocator@V?$vector@IV?$allocator@I@std@@@std@@@2@V12@@std@@YAXPEAV?$vector@IV?$allocator@I@std@@@0@_KAEAU?$_Wrap_alloc@V?$allocator@V?$vector@IV?$allocator@I@std@@@std@@@std@@@0@0U_Nonscalar_ptr_iterator_tag@0@@Z 0000000180005f70 f i Bitslice.obj
 0001:00005000       ??$_Uninit_fill_n@H_KHH@std@@YAXPEAH_KPEBHAEAU?$_Wrap_alloc@V?$allocator@H@std@@@0@0U_Scalar_ptr_iterator_tag@0@@Z 0000000180006000 f i Bitslice.obj
 0001:00005030       ??$_Uninit_fill_n@I_KII@std@@YAXPEAI_KPEBIAEAU?$_Wrap_alloc@V?$allocator@I@std@@@0@0U_Scalar_ptr_iterator_tag@0@@Z 0000000180006030 f i Bitslice.obj
 0001:00005060       ??$_Uninit_move@III@std@@YAPEAIPEAI00AEAU?$_Wrap_alloc@V?$allocator@I@std@@@0@0U_Scalar_ptr_iterator_tag@0@@Z 0000000180006060 f i Bitslice.obj
 0001:00005160       ??$_Uninit_move@PEAV?$vector@IV?$allocator@I@std@@@std@@PEAV12@V?$allocator@V?$vector@IV?$allocator@I@std@@@std@@@2@V12@@std@@YAPEAV?$vector@IV?$allocator@I@std@@@0@PEAV10@00AEAU?$_Wrap_alloc@V?$allocator@V?$vector@IV?$allocator@I@std@@@std@@@std@@@0@0U_Nonscalar_ptr_iterator_tag@0@@Z 0000000180006160 f i Bitslice.obj
 0001:00005330       ??$_Uninitialized_copy@V?$move_iterator@V?$_Vector_iterator@V?$_Vector_val@U?$_Simple_types@I@std@@@std@@@std@@@std@@PEAIU?$_Wrap_alloc@V?$allocator@I@std@@@2@@std@@YAPEAIV?$move_iterator@V?$_Vector_iterator@V?$_Vector_val@U?$_Simple_types@I@std@@@std@@@std@@@0@0PEAIAEAU?$_Wrap_alloc@V?$allocator@I@std@@@0@@Z 0000000180006330 f i Bitslice.obj
 0001:00005470       ??$_Uninitialized_default_fill_n@PEAV?$vector@IV?$allocator@I@std@@@std@@_KU?$_Wrap_alloc@V?$allocator@V?$vector@IV?$allocator@I@std@@@std@@@std@@@2@@std@@YAXPEAV?$vector@IV?$allocator@I@std@@@0@_KAEAU?$_Wrap_alloc@V?$allocator@V?$vector@IV?$allocator@I@std@@@std@@@std@@@0@@Z 0000000180006470 f i Bitslice.obj
 0001:00005500       ??$_Uninitialized_fill_n@PEAH_KHU?$_Wrap_alloc@V?$allocator@H@std@@@std@@@std@@YAXPEAH_KPEBHAEAU?$_Wrap_alloc@V?$allocator@H@std@@@0@@Z 0000000180006500 f i Bitslice.obj
 0001:00005530       ??$_Uninitialized_fill_n@PEAI_KIU?$_Wrap_alloc@V?$allocator@I@std@@@std@@@std@@YAXPEAI_KPEBIAEAU?$_Wrap_alloc@V?$allocator@I@std@@@0@@Z 0000000180006530 f i Bitslice.obj
 0001:00005560       ??$_Uninitialized_move@PEAIPEAIU?$_Wrap_alloc@V?$allocator@I@std@@@std@@@std@@YAPEAIPEAI00AEAU?$_Wrap_alloc@V?$allocator@I@std@@@0@@Z 0000000180006560 f i Bitslice.obj
 0001:00005590       ??$_Uninitialized_move@PEAV?$vector@IV?$allocator@I@std@@@std@@PEAV12@U?$_Wrap_alloc@V?$allocator@V?$vector@IV?$allocator@I@std@@@std@@@std@@@2@@std@@YAPEAV?$vector@IV?$allocator@I@std@@@0@PEAV10@00AEAU?$_Wrap_alloc@V?$allocator@V?$vector@IV?$allocator@I@std@@@std@@@std@@@0@@Z 0000000180006590 f i Bitslice.obj
 0001:000055c0       ??$_Val_type@PEAH@std@@YAPEAHPEAH@Z 00000001800065c0 f i Bitslice.obj
 0001:000055d0       ??$_Val_type@PEAI@std@@YAPEAIPEAI@Z 00000001800065d0 f i Bitslice.obj
 0001:000055e0       ??$_Val_type@PEAV?$vector@IV?$allocator@I@std@@@std@@@std@@YAPEAV?$vector@IV?$allocator@I@std@@@0@PEAV10@@Z 00000001800065e0 f i Bitslice.obj
 0001:000055f0       ??$addressof@$$CBH@std@@YAPEBHAEBH@Z 00000001800065f0 f i Bitslice.obj
 0001:00005600       ??$addressof@$$CBI@std@@YAPEBIAEBI@Z 0000000180006600 f i Bitslice.obj
 0001:00005610       ??$addressof@I@std@@YAPEAIAEAI@Z 0000000180006610 f i Bitslice.obj
 0001:00005620       ??$advance@PEAI_J@std@@YAXAEAPEAI_J@Z 0000000180006620 f i Bitslice.obj
 0001:00005630       ??$assign@V?$move_iterator@V?$_Vector_iterator@V?$_Vector_val@U?$_Simple_types@I@std@@@std@@@std@@@std@@@?$vector@IV?$allocator@I@std@@@std@@QEAAXV?$move_iterator@V?$_Vector_iterator@V?$_Vector_val@U?$_Simple_types@I@std@@@std@@@std@@@1@0@Z 0000000180006630 f i Bitslice.obj
 0001:00005d00       ??$construct@II@?$_Wrap_alloc@V?$allocator@I@std@@@std@@QEAAXPEAI$$QEAI@Z 0000000180006d00 f i Bitslice.obj
 0001:00005d10       ??$construct@II@?$allocator@I@std@@QEAAXPEAI$$QEAI@Z 0000000180006d10 f i Bitslice.obj
 0001:00005d20       ??$construct@II@?$allocator_traits@V?$allocator@I@std@@@std@@SAXAEAV?$allocator@I@1@PEAI$$QEAI@Z 0000000180006d20 f i Bitslice.obj
 0001:00005d30       ??$construct@U_Container_proxy@std@@U12@@?$allocator@U_Container_proxy@std@@@std@@QEAAXPEAU_Container_proxy@1@$$QEAU21@@Z 0000000180006d30 f i Bitslice.obj
 0001:00005d50       ??$construct@V?$vector@IV?$allocator@I@std@@@std@@@?$allocator_traits@V?$allocator@V?$vector@IV?$allocator@I@std@@@std@@@std@@@std@@SAXAEAV?$allocator@V?$vector@IV?$allocator@I@std@@@std@@@1@PEAV?$vector@IV?$allocator@I@std@@@1@@Z 0000000180006d50 f i Bitslice.obj
 0001:00005dc0       ??$construct@V?$vector@IV?$allocator@I@std@@@std@@V12@@?$_Wrap_alloc@V?$allocator@V?$vector@IV?$allocator@I@std@@@std@@@std@@@std@@QEAAXPEAV?$vector@IV?$allocator@I@std@@@1@$$QEAV21@@Z 0000000180006dc0 f i Bitslice.obj
 0001:00005e50       ??$construct@V?$vector@IV?$allocator@I@std@@@std@@V12@@?$allocator@V?$vector@IV?$allocator@I@std@@@std@@@std@@QEAAXPEAV?$vector@IV?$allocator@I@std@@@1@$$QEAV21@@Z 0000000180006e50 f i Bitslice.obj
 0001:00005ee0       ??$construct@V?$vector@IV?$allocator@I@std@@@std@@V12@@?$allocator_traits@V?$allocator@V?$vector@IV?$allocator@I@std@@@std@@@std@@@std@@SAXAEAV?$allocator@V?$vector@IV?$allocator@I@std@@@std@@@1@PEAV?$vector@IV?$allocator@I@std@@@1@$$QEAV31@@Z 0000000180006ee0 f i Bitslice.obj
 0001:00005f70       ??$destroy@I@?$_Wrap_alloc@V?$allocator@I@std@@@std@@QEAAXPEAI@Z 0000000180006f70 f i Bitslice.obj
 0001:00005f80       ??$destroy@I@?$allocator@I@std@@QEAAXPEAI@Z 0000000180006f80 f i Bitslice.obj
 0001:00005f90       ??$destroy@I@?$allocator_traits@V?$allocator@I@std@@@std@@SAXAEAV?$allocator@I@1@PEAI@Z 0000000180006f90 f i Bitslice.obj
 0001:00005fa0       ??$destroy@U_Container_proxy@std@@@?$allocator@U_Container_proxy@std@@@std@@QEAAXPEAU_Container_proxy@1@@Z 0000000180006fa0 f i Bitslice.obj
 0001:00005fb0       ??$destroy@V?$vector@IV?$allocator@I@std@@@std@@@?$_Wrap_alloc@V?$allocator@V?$vector@IV?$allocator@I@std@@@std@@@std@@@std@@QEAAXPEAV?$vector@IV?$allocator@I@std@@@1@@Z 0000000180006fb0 f i Bitslice.obj
 0001:00005fc0       ??$destroy@V?$vector@IV?$allocator@I@std@@@std@@@?$allocator@V?$vector@IV?$allocator@I@std@@@std@@@std@@QEAAXPEAV?$vector@IV?$allocator@I@std@@@1@@Z 0000000180006fc0 f i Bitslice.obj
 0001:00005fd0       ??$destroy@V?$vector@IV?$allocator@I@std@@@std@@@?$allocator_traits@V?$allocator@V?$vector@IV?$allocator@I@std@@@std@@@std@@@std@@SAXAEAV?$allocator@V?$vector@IV?$allocator@I@std@@@std@@@1@PEAV?$vector@IV?$allocator@I@std@@@1@@Z 0000000180006fd0 f i Bitslice.obj
 0001:00005fe0       ??$distance@PEAI@std@@YA_JPEAI0@Z 0000000180006fe0 f i Bitslice.obj
 0001:00006060       ??$fill@PEAII@std@@YAXPEAI0AEBI@Z 0000000180007060 f i Bitslice.obj
 0001:00006130       ??$forward@I@std@@YA$$QEAIAEAI@Z 0000000180007130 f i Bitslice.obj
 0001:00006140       ??$forward@U_Container_proxy@std@@@std@@YA$$QEAU_Container_proxy@0@AEAU10@@Z 0000000180007140 f i Bitslice.obj
 0001:00006150       ??$forward@V?$vector@IV?$allocator@I@std@@@std@@@std@@YA$$QEAV?$vector@IV?$allocator@I@std@@@0@AEAV10@@Z 0000000180007150 f i Bitslice.obj
 0001:00006160       ??$getbit@I@@YAIAEAII@Z    0000000180007160 f i Bitslice.obj
 0001:00006180       ??$insert@V?$move_iterator@V?$_Vector_iterator@V?$_Vector_val@U?$_Simple_types@I@std@@@std@@@std@@@std@@@?$vector@IV?$allocator@I@std@@@std@@QEAA?AV?$_Vector_iterator@V?$_Vector_val@U?$_Simple_types@I@std@@@std@@@1@V?$_Vector_const_iterator@V?$_Vector_val@U?$_Simple_types@I@std@@@std@@@1@V?$move_iterator@V?$_Vector_iterator@V?$_Vector_val@U?$_Simple_types@I@std@@@std@@@std@@@1@1@Z 0000000180007180 f i Bitslice.obj
 0001:00006490       ??$iter_swap@PEAIPEAI@std@@YAXPEAI0@Z 0000000180007490 f i Bitslice.obj
 0001:000064a0       ??$make_move_iterator@V?$_Vector_iterator@V?$_Vector_val@U?$_Simple_types@I@std@@@std@@@std@@@std@@YA?AV?$move_iterator@V?$_Vector_iterator@V?$_Vector_val@U?$_Simple_types@I@std@@@std@@@std@@@0@V?$_Vector_iterator@V?$_Vector_val@U?$_Simple_types@I@std@@@std@@@0@@Z 00000001800074a0 f i Bitslice.obj
 0001:000065f0       ??$move@AEAI@std@@YA$$QEAIAEAI@Z 00000001800075f0 f i Bitslice.obj
 0001:00006600       ??$move@AEAV?$vector@IV?$allocator@I@std@@@std@@@std@@YA$$QEAV?$vector@IV?$allocator@I@std@@@0@AEAV10@@Z 0000000180007600 f i Bitslice.obj
 0001:00006610       ??$rotate@PEAI@std@@YAPEAIPEAI00@Z 0000000180007610 f i Bitslice.obj
 0001:000067c0       ??$swap@I@std@@YAXAEAI0@Z  00000001800077c0 f i Bitslice.obj
 0001:000067d0       ??0?$_Iterator012@Urandom_access_iterator_tag@std@@I_JPEBIAEBIU_Iterator_base12@2@@std@@QEAA@AEBU01@@Z 00000001800077d0 f i Bitslice.obj
 0001:00006810       ??0?$_Iterator012@Urandom_access_iterator_tag@std@@I_JPEBIAEBIU_Iterator_base12@2@@std@@QEAA@XZ 0000000180007810 f i Bitslice.obj
 0001:00006820       ??0?$_Iterator012@Urandom_access_iterator_tag@std@@V?$vector@IV?$allocator@I@std@@@2@_JPEBV32@AEBV32@U_Iterator_base12@2@@std@@QEAA@AEBU01@@Z 0000000180007820 f i Bitslice.obj
 0001:00006860       ??0?$_Iterator012@Urandom_access_iterator_tag@std@@V?$vector@IV?$allocator@I@std@@@2@_JPEBV32@AEBV32@U_Iterator_base12@2@@std@@QEAA@XZ 0000000180007860 f i Bitslice.obj
 0001:00006870       ??0?$_Vector_alloc@$0A@U?$_Vec_base_types@HV?$allocator@H@std@@@std@@@std@@QEAA@AEBV?$allocator@H@1@@Z 0000000180007870 f i Bitslice.obj
 0001:000068e0       ??0?$_Vector_alloc@$0A@U?$_Vec_base_types@IV?$allocator@I@std@@@std@@@std@@QEAA@AEBV?$allocator@I@1@@Z 00000001800078e0 f i Bitslice.obj
 0001:00006950       ??0?$_Vector_alloc@$0A@U?$_Vec_base_types@V?$vector@IV?$allocator@I@std@@@std@@V?$allocator@V?$vector@IV?$allocator@I@std@@@std@@@2@@std@@@std@@QEAA@AEBV?$allocator@V?$vector@IV?$allocator@I@std@@@std@@@1@@Z 0000000180007950 f i Bitslice.obj
 0001:000069c0       ??0?$_Vector_const_iterator@V?$_Vector_val@U?$_Simple_types@I@std@@@std@@@std@@QEAA@AEBV01@@Z 00000001800079c0 f i Bitslice.obj
 0001:00006a10       ??0?$_Vector_const_iterator@V?$_Vector_val@U?$_Simple_types@I@std@@@std@@@std@@QEAA@PEAIPEBU_Container_base12@1@@Z 0000000180007a10 f i Bitslice.obj
 0001:00006a40       ??0?$_Vector_const_iterator@V?$_Vector_val@U?$_Simple_types@V?$vector@IV?$allocator@I@std@@@std@@@std@@@std@@@std@@QEAA@AEBV01@@Z 0000000180007a40 f i Bitslice.obj
 0001:00006a90       ??0?$_Vector_const_iterator@V?$_Vector_val@U?$_Simple_types@V?$vector@IV?$allocator@I@std@@@std@@@std@@@std@@@std@@QEAA@PEAV?$vector@IV?$allocator@I@std@@@1@PEBU_Container_base12@1@@Z 0000000180007a90 f i Bitslice.obj
 0001:00006ac0       ??0?$_Vector_iterator@V?$_Vector_val@U?$_Simple_types@I@std@@@std@@@std@@QEAA@AEBV01@@Z 0000000180007ac0 f i Bitslice.obj
 0001:00006b10       ??0?$_Vector_iterator@V?$_Vector_val@U?$_Simple_types@I@std@@@std@@@std@@QEAA@PEAIPEBU_Container_base12@1@@Z 0000000180007b10 f i Bitslice.obj
 0001:00006b40       ??0?$_Vector_iterator@V?$_Vector_val@U?$_Simple_types@V?$vector@IV?$allocator@I@std@@@std@@@std@@@std@@@std@@QEAA@AEBV01@@Z 0000000180007b40 f i Bitslice.obj
 0001:00006b90       ??0?$_Vector_iterator@V?$_Vector_val@U?$_Simple_types@V?$vector@IV?$allocator@I@std@@@std@@@std@@@std@@@std@@QEAA@PEAV?$vector@IV?$allocator@I@std@@@1@PEBU_Container_base12@1@@Z 0000000180007b90 f i Bitslice.obj
 0001:00006bc0       ??0?$_Vector_val@U?$_Simple_types@H@std@@@std@@QEAA@XZ 0000000180007bc0 f i Bitslice.obj
 0001:00006be0       ??0?$_Vector_val@U?$_Simple_types@I@std@@@std@@QEAA@XZ 0000000180007be0 f i Bitslice.obj
 0001:00006c00       ??0?$_Vector_val@U?$_Simple_types@V?$vector@IV?$allocator@I@std@@@std@@@std@@@std@@QEAA@XZ 0000000180007c00 f i Bitslice.obj
 0001:00006c20       ??0?$_Wrap_alloc@V?$allocator@H@std@@@std@@QEAA@XZ 0000000180007c20 f i Bitslice.obj
 0001:00006c30       ??0?$_Wrap_alloc@V?$allocator@I@std@@@std@@QEAA@XZ 0000000180007c30 f i Bitslice.obj
 0001:00006c40       ??0?$_Wrap_alloc@V?$allocator@V?$vector@IV?$allocator@I@std@@@std@@@std@@@std@@QEAA@XZ 0000000180007c40 f i Bitslice.obj
 0001:00006c50       ??0?$allocator@H@std@@QEAA@XZ 0000000180007c50 f i Bitslice.obj
 0001:00006c60       ??0?$allocator@I@std@@QEAA@AEBV01@@Z 0000000180007c60 f i Bitslice.obj
 0001:00006c70       ??0?$allocator@I@std@@QEAA@XZ 0000000180007c70 f i Bitslice.obj
 0001:00006c80       ??0?$allocator@U_Container_proxy@std@@@std@@QEAA@XZ 0000000180007c80 f i Bitslice.obj
 0001:00006c90       ??0?$allocator@V?$vector@IV?$allocator@I@std@@@std@@@std@@QEAA@XZ 0000000180007c90 f i Bitslice.obj
 0001:00006ca0       ??0?$move_iterator@V?$_Vector_iterator@V?$_Vector_val@U?$_Simple_types@I@std@@@std@@@std@@@std@@QEAA@AEBV01@@Z 0000000180007ca0 f i Bitslice.obj
 0001:00006cf0       ??0?$move_iterator@V?$_Vector_iterator@V?$_Vector_val@U?$_Simple_types@I@std@@@std@@@std@@@std@@QEAA@V?$_Vector_iterator@V?$_Vector_val@U?$_Simple_types@I@std@@@std@@@1@@Z 0000000180007cf0 f i Bitslice.obj
 0001:00006d70       ??0?$vector@HV?$allocator@H@std@@@std@@QEAA@_KAEBH@Z 0000000180007d70 f i Bitslice.obj
 0001:00006e40       ??0?$vector@IV?$allocator@I@std@@@std@@QEAA@$$QEAV01@@Z 0000000180007e40 f i Bitslice.obj
 0001:00006ec0       ??0?$vector@IV?$allocator@I@std@@@std@@QEAA@XZ 0000000180007ec0 f i Bitslice.obj
 0001:00006f30       ??0?$vector@V?$vector@IV?$allocator@I@std@@@std@@V?$allocator@V?$vector@IV?$allocator@I@std@@@std@@@2@@std@@QEAA@XZ 0000000180007f30 f i Bitslice.obj
 0001:00006fa0       ??0_Container_base12@std@@QEAA@XZ 0000000180007fa0 f i Bitslice.obj
 0001:00006fb0       ??0_Container_proxy@std@@QEAA@XZ 0000000180007fb0 f i Bitslice.obj
 0001:00006fc0       ??0_Iterator_base12@std@@QEAA@AEBU01@@Z 0000000180007fc0 f i Bitslice.obj
 0001:00007000       ??0_Iterator_base12@std@@QEAA@XZ 0000000180008000 f i Bitslice.obj
 0001:00007010       ??1?$_Iterator012@Urandom_access_iterator_tag@std@@I_JPEBIAEBIU_Iterator_base12@2@@std@@QEAA@XZ 0000000180008010 f i Bitslice.obj
 0001:00007050       ??1?$_Iterator012@Urandom_access_iterator_tag@std@@V?$vector@IV?$allocator@I@std@@@2@_JPEBV32@AEBV32@U_Iterator_base12@2@@std@@QEAA@XZ 0000000180008050 f i Bitslice.obj
 0001:00007090       ??1?$_Vector_alloc@$0A@U?$_Vec_base_types@HV?$allocator@H@std@@@std@@@std@@QEAA@XZ 0000000180008090 f i Bitslice.obj
 0001:00007110       ??1?$_Vector_alloc@$0A@U?$_Vec_base_types@IV?$allocator@I@std@@@std@@@std@@QEAA@XZ 0000000180008110 f i Bitslice.obj
 0001:00007190       ??1?$_Vector_alloc@$0A@U?$_Vec_base_types@V?$vector@IV?$allocator@I@std@@@std@@V?$allocator@V?$vector@IV?$allocator@I@std@@@std@@@2@@std@@@std@@QEAA@XZ 0000000180008190 f i Bitslice.obj
 0001:00007210       ??1?$_Vector_const_iterator@V?$_Vector_val@U?$_Simple_types@I@std@@@std@@@std@@QEAA@XZ 0000000180008210 f i Bitslice.obj
 0001:00007250       ??1?$_Vector_const_iterator@V?$_Vector_val@U?$_Simple_types@V?$vector@IV?$allocator@I@std@@@std@@@std@@@std@@@std@@QEAA@XZ 0000000180008250 f i Bitslice.obj
 0001:00007290       ??1?$_Vector_iterator@V?$_Vector_val@U?$_Simple_types@I@std@@@std@@@std@@QEAA@XZ 0000000180008290 f i Bitslice.obj
 0001:000072d0       ??1?$_Vector_iterator@V?$_Vector_val@U?$_Simple_types@V?$vector@IV?$allocator@I@std@@@std@@@std@@@std@@@std@@QEAA@XZ 00000001800082d0 f i Bitslice.obj
 0001:00007310       ??1?$_Vector_val@U?$_Simple_types@H@std@@@std@@QEAA@XZ 0000000180008310 f i Bitslice.obj
 0001:00007390       ??1?$_Vector_val@U?$_Simple_types@I@std@@@std@@QEAA@XZ 0000000180008390 f i Bitslice.obj
 0001:00007410       ??1?$_Vector_val@U?$_Simple_types@V?$vector@IV?$allocator@I@std@@@std@@@std@@@std@@QEAA@XZ 0000000180008410 f i Bitslice.obj
 0001:00007490       ??1?$move_iterator@V?$_Vector_iterator@V?$_Vector_val@U?$_Simple_types@I@std@@@std@@@std@@@std@@QEAA@XZ 0000000180008490 f i Bitslice.obj
 0001:000074d0       ??1?$vector@HV?$allocator@H@std@@@std@@QEAA@XZ 00000001800084d0 f i Bitslice.obj
 0001:00007590       ??1?$vector@IV?$allocator@I@std@@@std@@QEAA@XZ 0000000180008590 f i Bitslice.obj
 0001:00007650       ??1?$vector@V?$vector@IV?$allocator@I@std@@@std@@V?$allocator@V?$vector@IV?$allocator@I@std@@@std@@@2@@std@@QEAA@XZ 0000000180008650 f i Bitslice.obj
 0001:000076e0       ??1_Container_base12@std@@QEAA@XZ 00000001800086e0 f i Bitslice.obj
 0001:00007760       ??1_Iterator_base12@std@@QEAA@XZ 0000000180008760 f i Bitslice.obj
 0001:000077a0       ??2@YAPEAX_KPEAX@Z         00000001800087a0 f i Bitslice.obj
 0001:000077b0       ??4?$vector@IV?$allocator@I@std@@@std@@QEAAAEAV01@$$QEAV01@@Z 00000001800087b0 f i Bitslice.obj
 0001:00007820       ??4_Iterator_base12@std@@QEAAAEAU01@AEBU01@@Z 0000000180008820 f i Bitslice.obj
 0001:00007890       ??8?$_Vector_const_iterator@V?$_Vector_val@U?$_Simple_types@I@std@@@std@@@std@@QEBA_NAEBV01@@Z 0000000180008890 f i Bitslice.obj
 0001:000078d0       ??8?$_Vector_const_iterator@V?$_Vector_val@U?$_Simple_types@V?$vector@IV?$allocator@I@std@@@std@@@std@@@std@@@std@@QEBA_NAEBV01@@Z 00000001800088d0 f i Bitslice.obj
 0001:00007910       ??9?$_Vector_const_iterator@V?$_Vector_val@U?$_Simple_types@I@std@@@std@@@std@@QEBA_NAEBV01@@Z 0000000180008910 f i Bitslice.obj
 0001:00007950       ??9?$_Vector_const_iterator@V?$_Vector_val@U?$_Simple_types@V?$vector@IV?$allocator@I@std@@@std@@@std@@@std@@@std@@QEBA_NAEBV01@@Z 0000000180008950 f i Bitslice.obj
 0001:00007990       ??A?$vector@HV?$allocator@H@std@@@std@@QEAAAEAH_K@Z 0000000180008990 f i Bitslice.obj
 0001:00007a70       ??A?$vector@IV?$allocator@I@std@@@std@@QEAAAEAI_K@Z 0000000180008a70 f i Bitslice.obj
 0001:00007b50       ??A?$vector@V?$vector@IV?$allocator@I@std@@@std@@V?$allocator@V?$vector@IV?$allocator@I@std@@@std@@@2@@std@@QEAAAEAV?$vector@IV?$allocator@I@std@@@1@_K@Z 0000000180008b50 f i Bitslice.obj
 0001:00007c30       ??D?$_Vector_const_iterator@V?$_Vector_val@U?$_Simple_types@I@std@@@std@@@std@@QEBAAEBIXZ 0000000180008c30 f i Bitslice.obj
 0001:00007d10       ??D?$_Vector_iterator@V?$_Vector_val@U?$_Simple_types@I@std@@@std@@@std@@QEBAAEAIXZ 0000000180008d10 f i Bitslice.obj
 0001:00007d20       ??D?$move_iterator@V?$_Vector_iterator@V?$_Vector_val@U?$_Simple_types@I@std@@@std@@@std@@@std@@QEBA$$QEAIXZ 0000000180008d20 f i Bitslice.obj
 0001:00007d30       ??E?$_Vector_const_iterator@V?$_Vector_val@U?$_Simple_types@I@std@@@std@@@std@@QEAAAEAV01@XZ 0000000180008d30 f i Bitslice.obj
 0001:00007e10       ??E?$_Vector_iterator@V?$_Vector_val@U?$_Simple_types@I@std@@@std@@@std@@QEAAAEAV01@XZ 0000000180008e10 f i Bitslice.obj
 0001:00007e30       ??E?$move_iterator@V?$_Vector_iterator@V?$_Vector_val@U?$_Simple_types@I@std@@@std@@@std@@@std@@QEAAAEAV01@XZ 0000000180008e30 f i Bitslice.obj
 0001:00007e50       ??G?$_Vector_const_iterator@V?$_Vector_val@U?$_Simple_types@I@std@@@std@@@std@@QEBA_JAEBV01@@Z 0000000180008e50 f i Bitslice.obj
 0001:00007e90       ??G?$_Vector_iterator@V?$_Vector_val@U?$_Simple_types@I@std@@@std@@@std@@QEBA_JAEBV?$_Vector_const_iterator@V?$_Vector_val@U?$_Simple_types@I@std@@@std@@@1@@Z 0000000180008e90 f i Bitslice.obj
 0001:00007ed0       ??H?$_Vector_iterator@V?$_Vector_val@U?$_Simple_types@I@std@@@std@@@std@@QEBA?AV01@_J@Z 0000000180008ed0 f i Bitslice.obj
 0001:00008160       ??H?$_Vector_iterator@V?$_Vector_val@U?$_Simple_types@V?$vector@IV?$allocator@I@std@@@std@@@std@@@std@@@std@@QEBA?AV01@_J@Z 0000000180009160 f i Bitslice.obj
 0001:000083f0       ??M?$_Vector_const_iterator@V?$_Vector_val@U?$_Simple_types@I@std@@@std@@@std@@QEBA_NAEBV01@@Z 00000001800093f0 f i Bitslice.obj
 0001:00008430       ??M?$_Vector_const_iterator@V?$_Vector_val@U?$_Simple_types@V?$vector@IV?$allocator@I@std@@@std@@@std@@@std@@@std@@QEBA_NAEBV01@@Z 0000000180009430 f i Bitslice.obj
 0001:00008470       ??Y?$_Vector_const_iterator@V?$_Vector_val@U?$_Simple_types@I@std@@@std@@@std@@QEAAAEAV01@_J@Z 0000000180009470 f i Bitslice.obj
 0001:00008570       ??Y?$_Vector_const_iterator@V?$_Vector_val@U?$_Simple_types@V?$vector@IV?$allocator@I@std@@@std@@@std@@@std@@@std@@QEAAAEAV01@_J@Z 0000000180009570 f i Bitslice.obj
 0001:00008670       ??Y?$_Vector_iterator@V?$_Vector_val@U?$_Simple_types@I@std@@@std@@@std@@QEAAAEAV01@_J@Z 0000000180009670 f i Bitslice.obj
 0001:00008690       ??Y?$_Vector_iterator@V?$_Vector_val@U?$_Simple_types@V?$vector@IV?$allocator@I@std@@@std@@@std@@@std@@@std@@QEAAAEAV01@_J@Z 0000000180009690 f i Bitslice.obj
 0001:000086b0       ??_G?$vector@IV?$allocator@I@std@@@std@@QEAAPEAXI@Z 00000001800096b0 f i Bitslice.obj
 0001:000086f0       ?FactorSlices@@YAXAEAV?$vector@V?$vector@IV?$allocator@I@std@@@std@@V?$allocator@V?$vector@IV?$allocator@I@std@@@std@@@2@@std@@@Z 00000001800096f0 f   Bitslice.obj
 0001:00008fd0       ?_Adopt@_Iterator_base12@std@@QEAAXPEBU_Container_base12@2@@Z 0000000180009fd0 f i Bitslice.obj
 0001:00009070       ?_Alloc_proxy@?$_Vector_alloc@$0A@U?$_Vec_base_types@HV?$allocator@H@std@@@std@@@std@@QEAAXXZ 000000018000a070 f i Bitslice.obj
 0001:000090c0       ?_Alloc_proxy@?$_Vector_alloc@$0A@U?$_Vec_base_types@IV?$allocator@I@std@@@std@@@std@@QEAAXXZ 000000018000a0c0 f i Bitslice.obj
 0001:00009110       ?_Alloc_proxy@?$_Vector_alloc@$0A@U?$_Vec_base_types@V?$vector@IV?$allocator@I@std@@@std@@V?$allocator@V?$vector@IV?$allocator@I@std@@@std@@@2@@std@@@std@@QEAAXXZ 000000018000a110 f i Bitslice.obj
 0001:00009160       ?_Assign_rv@?$vector@IV?$allocator@I@std@@@std@@QEAAX$$QEAV12@@Z 000000018000a160 f i Bitslice.obj
 0001:00009200       ?_Buy@?$vector@HV?$allocator@H@std@@@std@@IEAA_N_K@Z 000000018000a200 f i Bitslice.obj
 0001:000092a0       ?_Change_alloc@?$_Vector_alloc@$0A@U?$_Vec_base_types@IV?$allocator@I@std@@@std@@@std@@QEAAXAEBU?$_Wrap_alloc@V?$allocator@I@std@@@2@@Z 000000018000a2a0 f i Bitslice.obj
 0001:000092b0       ?_Clrcont@_Iterator_base12@std@@QEAAXXZ 000000018000a2b0 f i Bitslice.obj
 0001:000092c0       ?_Compat@?$_Vector_const_iterator@V?$_Vector_val@U?$_Simple_types@I@std@@@std@@@std@@QEBAXAEBV12@@Z 000000018000a2c0 f i Bitslice.obj
 0001:00009390       ?_Compat@?$_Vector_const_iterator@V?$_Vector_val@U?$_Simple_types@V?$vector@IV?$allocator@I@std@@@std@@@std@@@std@@@std@@QEBAXAEBV12@@Z 000000018000a390 f i Bitslice.obj
 0001:00009460       ?_Construct_n@?$vector@HV?$allocator@H@std@@@std@@QEAAX_KPEBH@Z 000000018000a460 f i Bitslice.obj
 0001:000094d0       ?_Destroy@?$vector@HV?$allocator@H@std@@@std@@IEAAXPEAH0@Z 000000018000a4d0 f i Bitslice.obj
 0001:000094e0       ?_Destroy@?$vector@IV?$allocator@I@std@@@std@@IEAAXPEAI0@Z 000000018000a4e0 f i Bitslice.obj
 0001:000094f0       ?_Destroy@?$vector@V?$vector@IV?$allocator@I@std@@@std@@V?$allocator@V?$vector@IV?$allocator@I@std@@@std@@@2@@std@@IEAAXPEAV?$vector@IV?$allocator@I@std@@@2@0@Z 000000018000a4f0 f i Bitslice.obj
 0001:00009530       ?_Free_proxy@?$_Vector_alloc@$0A@U?$_Vec_base_types@HV?$allocator@H@std@@@std@@@std@@QEAAXXZ 000000018000a530 f i Bitslice.obj
 0001:000095c0       ?_Free_proxy@?$_Vector_alloc@$0A@U?$_Vec_base_types@IV?$allocator@I@std@@@std@@@std@@QEAAXXZ 000000018000a5c0 f i Bitslice.obj
 0001:00009650       ?_Free_proxy@?$_Vector_alloc@$0A@U?$_Vec_base_types@V?$vector@IV?$allocator@I@std@@@std@@V?$allocator@V?$vector@IV?$allocator@I@std@@@std@@@2@@std@@@std@@QEAAXXZ 000000018000a650 f i Bitslice.obj
 0001:000096e0       ?_Getal@?$_Vector_alloc@$0A@U?$_Vec_base_types@HV?$allocator@H@std@@@std@@@std@@QEBA?AU?$_Wrap_alloc@V?$allocator@H@std@@@2@XZ 000000018000a6e0 f i Bitslice.obj
 0001:000096f0       ?_Getal@?$_Vector_alloc@$0A@U?$_Vec_base_types@IV?$allocator@I@std@@@std@@@std@@QEBA?AU?$_Wrap_alloc@V?$allocator@I@std@@@2@XZ 000000018000a6f0 f i Bitslice.obj
 0001:00009700       ?_Getal@?$_Vector_alloc@$0A@U?$_Vec_base_types@V?$vector@IV?$allocator@I@std@@@std@@V?$allocator@V?$vector@IV?$allocator@I@std@@@std@@@2@@std@@@std@@QEBA?AU?$_Wrap_alloc@V?$allocator@V?$vector@IV?$allocator@I@std@@@std@@@std@@@2@XZ 000000018000a700 f i Bitslice.obj
 0001:00009710       ?_Getcont@_Iterator_base12@std@@QEBAPEBU_Container_base12@2@XZ 000000018000a710 f i Bitslice.obj
 0001:00009730       ?_Getpfirst@_Container_base12@std@@QEBAPEAPEAU_Iterator_base12@2@XZ 000000018000a730 f i Bitslice.obj
 0001:00009750       ?_Getpnext@_Iterator_base12@std@@QEAAPEAPEAU12@XZ 000000018000a750 f i Bitslice.obj
 0001:00009760       ?_Grow_to@?$vector@IV?$allocator@I@std@@@std@@IEBA_K_K@Z 000000018000a760 f i Bitslice.obj
 0001:000097b0       ?_Grow_to@?$vector@V?$vector@IV?$allocator@I@std@@@std@@V?$allocator@V?$vector@IV?$allocator@I@std@@@std@@@2@@std@@IEBA_K_K@Z 000000018000a7b0 f i Bitslice.obj
 0001:00009800       ?_Insert_n@?$vector@IV?$allocator@I@std@@@std@@IEAA?AV?$_Vector_iterator@V?$_Vector_val@U?$_Simple_types@I@std@@@std@@@2@V?$_Vector_const_iterator@V?$_Vector_val@U?$_Simple_types@I@std@@@std@@@2@_KAEBI@Z 000000018000a800 f i Bitslice.obj
 0001:00009d40       ?_Make_iter@?$vector@IV?$allocator@I@std@@@std@@QEBA?AV?$_Vector_iterator@V?$_Vector_val@U?$_Simple_types@I@std@@@std@@@2@V?$_Vector_const_iterator@V?$_Vector_val@U?$_Simple_types@I@std@@@std@@@2@@Z 000000018000ad40 f i Bitslice.obj
 0001:00009dc0       ?_Make_iter@?$vector@V?$vector@IV?$allocator@I@std@@@std@@V?$allocator@V?$vector@IV?$allocator@I@std@@@std@@@2@@std@@QEBA?AV?$_Vector_iterator@V?$_Vector_val@U?$_Simple_types@V?$vector@IV?$allocator@I@std@@@std@@@std@@@std@@@2@V?$_Vector_const_iterator@V?$_Vector_val@U?$_Simple_types@V?$vector@IV?$allocator@I@std@@@std@@@std@@@std@@@2@@Z 000000018000adc0 f i Bitslice.obj
 0001:00009e40       ?_Orphan_all@_Container_base12@std@@QEAAXXZ 000000018000ae40 f i Bitslice.obj
 0001:00009ec0       ?_Orphan_me@_Iterator_base12@std@@QEAAXXZ 000000018000aec0 f i Bitslice.obj
 0001:00009f50       ?_Orphan_range@?$vector@IV?$allocator@I@std@@@std@@IEBAXPEAI0@Z 000000018000af50 f i Bitslice.obj
 0001:0000a000       ?_Orphan_range@?$vector@V?$vector@IV?$allocator@I@std@@@std@@V?$allocator@V?$vector@IV?$allocator@I@std@@@std@@@2@@std@@IEBAXPEAV?$vector@IV?$allocator@I@std@@@2@0@Z 000000018000b000 f i Bitslice.obj
 0001:0000a0b0       ?_Reallocate@?$vector@V?$vector@IV?$allocator@I@std@@@std@@V?$allocator@V?$vector@IV?$allocator@I@std@@@std@@@2@@std@@IEAAX_K@Z 000000018000b0b0 f i Bitslice.obj
 0001:0000a240       ?_Reserve@?$vector@V?$vector@IV?$allocator@I@std@@@std@@V?$allocator@V?$vector@IV?$allocator@I@std@@@std@@@2@@std@@IEAAX_K@Z 000000018000b240 f i Bitslice.obj
 0001:0000a2f0       ?_Swap_all@_Container_base12@std@@QEAAXAEAU12@@Z 000000018000b2f0 f i Bitslice.obj
 0001:0000a360       ?_Tidy@?$vector@HV?$allocator@H@std@@@std@@IEAAXXZ 000000018000b360 f i Bitslice.obj
 0001:0000a3a0       ?_Tidy@?$vector@IV?$allocator@I@std@@@std@@IEAAXXZ 000000018000b3a0 f i Bitslice.obj
 0001:0000a3e0       ?_Tidy@?$vector@V?$vector@IV?$allocator@I@std@@@std@@V?$allocator@V?$vector@IV?$allocator@I@std@@@std@@@2@@std@@IEAAXXZ 000000018000b3e0 f i Bitslice.obj
 0001:0000a470       ?_Ufill@?$vector@HV?$allocator@H@std@@@std@@IEAAPEAHPEAH_KPEBH@Z 000000018000b470 f i Bitslice.obj
 0001:0000a4a0       ?_Ufill@?$vector@IV?$allocator@I@std@@@std@@IEAAPEAIPEAI_KPEBI@Z 000000018000b4a0 f i Bitslice.obj
 0001:0000a4d0       ?_Unused_capacity@?$vector@IV?$allocator@I@std@@@std@@QEBA_KXZ 000000018000b4d0 f i Bitslice.obj
 0001:0000a4e0       ?_Unused_capacity@?$vector@V?$vector@IV?$allocator@I@std@@@std@@V?$allocator@V?$vector@IV?$allocator@I@std@@@std@@@2@@std@@QEBA_KXZ 000000018000b4e0 f i Bitslice.obj
 0001:0000a4f0       ?_Xlen@?$vector@HV?$allocator@H@std@@@std@@IEBAXXZ 000000018000b4f0 f i Bitslice.obj
 0001:0000a510       ?_Xlen@?$vector@IV?$allocator@I@std@@@std@@IEBAXXZ 000000018000b510 f i Bitslice.obj
 0001:0000a530       ?_Xlen@?$vector@V?$vector@IV?$allocator@I@std@@@std@@V?$allocator@V?$vector@IV?$allocator@I@std@@@std@@@2@@std@@IEBAXXZ 000000018000b530 f i Bitslice.obj
 0001:0000a550       ?allocate@?$_Wrap_alloc@V?$allocator@H@std@@@std@@QEAAPEAH_K@Z 000000018000b550 f i Bitslice.obj
 0001:0000a5a0       ?allocate@?$_Wrap_alloc@V?$allocator@I@std@@@std@@QEAAPEAI_K@Z 000000018000b5a0 f i Bitslice.obj
 0001:0000a5f0       ?allocate@?$_Wrap_alloc@V?$allocator@V?$vector@IV?$allocator@I@std@@@std@@@std@@@std@@QEAAPEAV?$vector@IV?$allocator@I@std@@@2@_K@Z 000000018000b5f0 f i Bitslice.obj
 0001:0000a640       ?allocate@?$allocator@H@std@@QEAAPEAH_K@Z 000000018000b640 f i Bitslice.obj
 0001:0000a690       ?allocate@?$allocator@I@std@@QEAAPEAI_K@Z 000000018000b690 f i Bitslice.obj
 0001:0000a6e0       ?allocate@?$allocator@U_Container_proxy@std@@@std@@QEAAPEAU_Container_proxy@2@_K@Z 000000018000b6e0 f i Bitslice.obj
 0001:0000a730       ?allocate@?$allocator@V?$vector@IV?$allocator@I@std@@@std@@@std@@QEAAPEAV?$vector@IV?$allocator@I@std@@@2@_K@Z 000000018000b730 f i Bitslice.obj
 0001:0000a780       ?base@?$move_iterator@V?$_Vector_iterator@V?$_Vector_val@U?$_Simple_types@I@std@@@std@@@std@@@std@@QEBA?AV?$_Vector_iterator@V?$_Vector_val@U?$_Simple_types@I@std@@@std@@@2@XZ 000000018000b780 f i Bitslice.obj
 0001:0000a7e0       ?begin@?$vector@IV?$allocator@I@std@@@std@@QEAA?AV?$_Vector_iterator@V?$_Vector_val@U?$_Simple_types@I@std@@@std@@@2@XZ 000000018000b7e0 f i Bitslice.obj
 0001:0000a820       ?begin@?$vector@V?$vector@IV?$allocator@I@std@@@std@@V?$allocator@V?$vector@IV?$allocator@I@std@@@std@@@2@@std@@QEAA?AV?$_Vector_iterator@V?$_Vector_val@U?$_Simple_types@V?$vector@IV?$allocator@I@std@@@std@@@std@@@std@@@2@XZ 000000018000b820 f i Bitslice.obj
 0001:0000a860       ?capacity@?$vector@IV?$allocator@I@std@@@std@@QEBA_KXZ 000000018000b860 f i Bitslice.obj
 0001:0000a870       ?capacity@?$vector@V?$vector@IV?$allocator@I@std@@@std@@V?$allocator@V?$vector@IV?$allocator@I@std@@@std@@@2@@std@@QEBA_KXZ 000000018000b870 f i Bitslice.obj
 0001:0000a880       ?clear@?$vector@IV?$allocator@I@std@@@std@@QEAAXXZ 000000018000b880 f i Bitslice.obj
 0001:0000a920       ?clear@?$vector@V?$vector@IV?$allocator@I@std@@@std@@V?$allocator@V?$vector@IV?$allocator@I@std@@@std@@@2@@std@@QEAAXXZ 000000018000b920 f i Bitslice.obj
 0001:0000aa00       ?construct@?$_Wrap_alloc@V?$allocator@V?$vector@IV?$allocator@I@std@@@std@@@std@@@std@@QEAAXPEAV?$vector@IV?$allocator@I@std@@@2@@Z 000000018000ba00 f i Bitslice.obj
 0001:0000aa70       ?construct@?$allocator@V?$vector@IV?$allocator@I@std@@@std@@@std@@QEAAXPEAV?$vector@IV?$allocator@I@std@@@2@@Z 000000018000ba70 f i Bitslice.obj
 0001:0000aae0       ?countbits@@YAHAEAV?$vector@IV?$allocator@I@std@@@std@@@Z 000000018000bae0 f   Bitslice.obj
 0001:0000ac10       ?countxor@@YAHAEAV?$vector@IV?$allocator@I@std@@@std@@0@Z 000000018000bc10 f   Bitslice.obj
 0001:0000ae30       ?deallocate@?$_Wrap_alloc@V?$allocator@H@std@@@std@@QEAAXPEAH_K@Z 000000018000be30 f i Bitslice.obj
 0001:0000ae40       ?deallocate@?$_Wrap_alloc@V?$allocator@I@std@@@std@@QEAAXPEAI_K@Z 000000018000be40 f i Bitslice.obj
 0001:0000ae50       ?deallocate@?$_Wrap_alloc@V?$allocator@V?$vector@IV?$allocator@I@std@@@std@@@std@@@std@@QEAAXPEAV?$vector@IV?$allocator@I@std@@@2@_K@Z 000000018000be50 f i Bitslice.obj
 0001:0000ae60       ?deallocate@?$allocator@H@std@@QEAAXPEAH_K@Z 000000018000be60 f i Bitslice.obj
 0001:0000ae70       ?deallocate@?$allocator@I@std@@QEAAXPEAI_K@Z 000000018000be70 f i Bitslice.obj
 0001:0000ae80       ?deallocate@?$allocator@U_Container_proxy@std@@@std@@QEAAXPEAU_Container_proxy@2@_K@Z 000000018000be80 f i Bitslice.obj
 0001:0000ae90       ?deallocate@?$allocator@V?$vector@IV?$allocator@I@std@@@std@@@std@@QEAAXPEAV?$vector@IV?$allocator@I@std@@@2@_K@Z 000000018000be90 f i Bitslice.obj
 0001:0000aea0       ?end@?$vector@IV?$allocator@I@std@@@std@@QEAA?AV?$_Vector_iterator@V?$_Vector_val@U?$_Simple_types@I@std@@@std@@@2@XZ 000000018000bea0 f i Bitslice.obj
 0001:0000aee0       ?end@?$vector@V?$vector@IV?$allocator@I@std@@@std@@V?$allocator@V?$vector@IV?$allocator@I@std@@@std@@@2@@std@@QEAA?AV?$_Vector_iterator@V?$_Vector_val@U?$_Simple_types@V?$vector@IV?$allocator@I@std@@@std@@@std@@@std@@@2@XZ 000000018000bee0 f i Bitslice.obj
 0001:0000af20       ?erase@?$vector@IV?$allocator@I@std@@@std@@QEAA?AV?$_Vector_iterator@V?$_Vector_val@U?$_Simple_types@I@std@@@std@@@2@V?$_Vector_const_iterator@V?$_Vector_val@U?$_Simple_types@I@std@@@std@@@2@0@Z 000000018000bf20 f i Bitslice.obj
 0001:0000ba90       ?erase@?$vector@V?$vector@IV?$allocator@I@std@@@std@@V?$allocator@V?$vector@IV?$allocator@I@std@@@std@@@2@@std@@QEAA?AV?$_Vector_iterator@V?$_Vector_val@U?$_Simple_types@V?$vector@IV?$allocator@I@std@@@std@@@std@@@std@@@2@V?$_Vector_const_iterator@V?$_Vector_val@U?$_Simple_types@V?$vector@IV?$allocator@I@std@@@std@@@std@@@std@@@2@0@Z 000000018000ca90 f i Bitslice.obj
 0001:0000c610       ?foo@@YAXXZ                000000018000d610 f   Bitslice.obj
 0001:0000c910       ?max_size@?$_Wrap_alloc@V?$allocator@H@std@@@std@@QEBA_KXZ 000000018000d910 f i Bitslice.obj
 0001:0000c920       ?max_size@?$_Wrap_alloc@V?$allocator@I@std@@@std@@QEBA_KXZ 000000018000d920 f i Bitslice.obj
 0001:0000c930       ?max_size@?$_Wrap_alloc@V?$allocator@V?$vector@IV?$allocator@I@std@@@std@@@std@@@std@@QEBA_KXZ 000000018000d930 f i Bitslice.obj
 0001:0000c940       ?max_size@?$allocator@H@std@@QEBA_KXZ 000000018000d940 f i Bitslice.obj
 0001:0000c950       ?max_size@?$allocator@I@std@@QEBA_KXZ 000000018000d950 f i Bitslice.obj
 0001:0000c960       ?max_size@?$allocator@V?$vector@IV?$allocator@I@std@@@std@@@std@@QEBA_KXZ 000000018000d960 f i Bitslice.obj
 0001:0000c970       ?max_size@?$allocator_traits@V?$allocator@H@std@@@std@@SA_KAEBV?$allocator@H@2@@Z 000000018000d970 f i Bitslice.obj
 0001:0000c980       ?max_size@?$allocator_traits@V?$allocator@I@std@@@std@@SA_KAEBV?$allocator@I@2@@Z 000000018000d980 f i Bitslice.obj
 0001:0000c990       ?max_size@?$allocator_traits@V?$allocator@V?$vector@IV?$allocator@I@std@@@std@@@std@@@std@@SA_KAEBV?$allocator@V?$vector@IV?$allocator@I@std@@@std@@@2@@Z 000000018000d990 f i Bitslice.obj
 0001:0000c9a0       ?max_size@?$vector@HV?$allocator@H@std@@@std@@QEBA_KXZ 000000018000d9a0 f i Bitslice.obj
 0001:0000c9b0       ?max_size@?$vector@IV?$allocator@I@std@@@std@@QEBA_KXZ 000000018000d9b0 f i Bitslice.obj
 0001:0000c9c0       ?max_size@?$vector@V?$vector@IV?$allocator@I@std@@@std@@V?$allocator@V?$vector@IV?$allocator@I@std@@@std@@@2@@std@@QEBA_KXZ 000000018000d9c0 f i Bitslice.obj
 0001:0000c9d0       ?resize@?$vector@IV?$allocator@I@std@@@std@@QEAAX_KAEBI@Z 000000018000d9d0 f i Bitslice.obj
 0001:0000d070       ?resize@?$vector@V?$vector@IV?$allocator@I@std@@@std@@V?$allocator@V?$vector@IV?$allocator@I@std@@@std@@@2@@std@@QEAAX_K@Z 000000018000e070 f i Bitslice.obj
 0001:0000d640       ?size@?$vector@HV?$allocator@H@std@@@std@@QEBA_KXZ 000000018000e640 f i Bitslice.obj
 0001:0000d650       ?size@?$vector@IV?$allocator@I@std@@@std@@QEBA_KXZ 000000018000e650 f i Bitslice.obj
 0001:0000d660       ?size@?$vector@V?$vector@IV?$allocator@I@std@@@std@@V?$allocator@V?$vector@IV?$allocator@I@std@@@std@@@2@@std@@QEBA_KXZ 000000018000e660 f i Bitslice.obj
 0001:0000d670       ?xoreq@@YAXAEAV?$vector@IV?$allocator@I@std@@@std@@0@Z 000000018000e670 f   Bitslice.obj
 0001:0000d890       ??$test_window2@$07@@YA_NXZ 000000018000e890 f i Bitvec.obj
 0001:0000da50       ??$test_window2@$0BA@@@YA_NXZ 000000018000ea50 f i Bitvec.obj
 0001:0000dc40       ??$test_window2@$0BI@@@YA_NXZ 000000018000ec40 f i Bitvec.obj
 0001:0000de30       ??$test_window2@$0CA@@@YA_NXZ 000000018000ee30 f i Bitvec.obj
 0001:0000e010       ??$test_window2@$0CI@@@YA_NXZ 000000018000f010 f i Bitvec.obj
 0001:0000e240       ??$test_window2@$0DA@@@YA_NXZ 000000018000f240 f i Bitvec.obj
 0001:0000e470       ??$test_window2@$0DI@@@YA_NXZ 000000018000f470 f i Bitvec.obj
 0001:0000e6a0       ??$test_window2@$0EA@@@YA_NXZ 000000018000f6a0 f i Bitvec.obj
 0001:0000e880       ??$window@_K@@YAIAEA_KHH@Z 000000018000f880 f i Bitvec.obj
 0001:0000e8a0       ??0Rand@@QEAA@I@Z          000000018000f8a0 f i Bitvec.obj
 0001:0000e8c0       ?assert@@YAX_N@Z           000000018000f8c0 f   Bitvec.obj
 0001:0000e8d0       ?clearbit@@YAXPEAXHI@Z     000000018000f8d0 f   Bitvec.obj
 0001:0000e900       ?countbits@@YAHI@Z         000000018000f900 f   Bitvec.obj
 0001:0000e950       ?flipbit@@YAXPEAXHI@Z      000000018000f950 f   Bitvec.obj
 0001:0000e980       ?getbit@@YAIPEBXHI@Z       000000018000f980 f   Bitvec.obj
 0001:0000e9b0       ?getbit_wrap@@YAIPEBXHI@Z  000000018000f9b0 f   Bitvec.obj
 0001:0000e9e0       ?lrot1@@YAXPEAXHH@Z        000000018000f9e0 f   Bitvec.obj
 0001:0000eb20       ?lrot32@@YAXPEAXHH@Z       000000018000fb20 f   Bitvec.obj
 0001:0000ec20       ?lrot8@@YAXPEAXHH@Z        000000018000fc20 f   Bitvec.obj
 0001:0000ed30       ?lshift1@@YAXPEAXHH@Z      000000018000fd30 f   Bitvec.obj
 0001:0000ede0       ?lshift32@@YAXPEAXHH@Z     000000018000fde0 f   Bitvec.obj
 0001:0000eef0       ?lshift8@@YAXPEAXHH@Z      000000018000fef0 f   Bitvec.obj
 0001:0000efe0       ?mix@Rand@@QEAAXXZ         000000018000ffe0 f i Bitvec.obj
 0001:0000f020       ?parity@@YAII@Z            0000000180010020 f   Bitvec.obj
 0001:0000f050       ?popcount@@YAII@Z          0000000180010050 f   Bitvec.obj
 0001:0000f0a0       ?printbits2@@YAXPEBEH@Z    00000001800100a0 f   Bitvec.obj
 0001:0000f160       ?printbits@@YAXPEBXH@Z     0000000180010160 f   Bitvec.obj
 0001:0000f260       ?printbytes2@@YAXPEBXH@Z   0000000180010260 f   Bitvec.obj
 0001:0000f2c0       ?printbytes@@YAXPEBXH@Z    00000001800102c0 f   Bitvec.obj
 0001:0000f340       ?printhex32@@YAXPEBXH@Z    0000000180010340 f   Bitvec.obj
 0001:0000f3d0       ?rand_p@Rand@@QEAAXPEAXH@Z 00000001800103d0 f i Bitvec.obj
 0001:0000f4d0       ?rand_u32@Rand@@QEAAIXZ    00000001800104d0 f i Bitvec.obj
 0001:0000f520       ?rand_u64@Rand@@QEAA_KXZ   0000000180010520 f i Bitvec.obj
 0001:0000f570       ?reseed@Rand@@QEAAXI@Z     0000000180010570 f i Bitvec.obj
 0001:0000f6a0       ?rrot1@@YAXPEAXHH@Z        00000001800106a0 f   Bitvec.obj
 0001:0000f7d0       ?rrot32@@YAXPEAXHH@Z       00000001800107d0 f   Bitvec.obj
 0001:0000f8d0       ?rrot8@@YAXPEAXHH@Z        00000001800108d0 f   Bitvec.obj
 0001:0000f9c0       ?rshift1@@YAXPEAXHH@Z      00000001800109c0 f   Bitvec.obj
 0001:0000fa70       ?rshift32@@YAXPEAXHH@Z     0000000180010a70 f   Bitvec.obj
 0001:0000fb80       ?rshift8@@YAXPEAXHH@Z      0000000180010b80 f   Bitvec.obj
 0001:0000fc90       ?setbit@@YAXPEAXHI@Z       0000000180010c90 f   Bitvec.obj
 0001:0000fcc0       ?setbit@@YAXPEAXHII@Z      0000000180010cc0 f   Bitvec.obj
 0001:0000fd20       ?test_shift@@YA_NXZ        0000000180010d20 f   Bitvec.obj
 0001:000105c0       ?test_window@@YA_NXZ       00000001800115c0 f   Bitvec.obj
 0001:000107d0       ?window1@@YAIPEAXHHH@Z     00000001800117d0 f   Bitvec.obj
 0001:000108a0       ?window32@@YAIPEAXHHH@Z    00000001800118a0 f   Bitvec.obj
 0001:00010990       ?window8@@YAIPEAXHHH@Z     0000000180011990 f   Bitvec.obj
 0001:00010af0       ?window@@YAIPEAXHHH@Z      0000000180011af0 f i Bitvec.obj
 0001:00010b10       ?crc32@@YAXPEBXHIPEAX@Z    0000000180011b10 f   crc.obj
 0001:00010c90       ?lookup3@@YAIPEBXHI@Z      0000000180011c90 f   lookup3.obj
 0001:00010f00       ?lookup3_test@@YAXPEBXHIPEAX@Z 0000000180011f00 f   lookup3.obj
 0001:00010f20       ?md5@@YAXPEAEHQEAE@Z       0000000180011f20 f   md5.obj
 0001:00010f90       ?md5_32@@YAXPEBXHIPEAX@Z   0000000180011f90 f   md5.obj
 0001:00011010       ?md5_finish@@YAXPEAUmd5_context@@QEAE@Z 0000000180012010 f   md5.obj
 0001:00011f50       ?md5_starts@@YAXPEAUmd5_context@@@Z 0000000180012f50 f   md5.obj
 0001:00011f80       ?md5_update@@YAXPEAUmd5_context@@PEAEH@Z 0000000180012f80 f   md5.obj
 0001:00012090       ?md5hash@@YAIPEBXHI@Z      0000000180013090 f   md5.obj
 0001:00012100       ?MurmurHash1@@YAIPEBXHI@Z  0000000180013100 f   MurmurHash1.obj
 0001:000121c0       ?MurmurHash1Aligned@@YAIPEBXHI@Z 00000001800131c0 f   MurmurHash1.obj
 0001:00012410       ?MurmurHash2@@YAIPEBXHI@Z  0000000180013410 f   MurmurHash2.obj
 0001:000124d0       ?MurmurHash2A@@YAIPEBXHI@Z 00000001800134d0 f   MurmurHash2.obj
 0001:000125d0       ?MurmurHash64A@@YA_KPEBXH_K@Z 00000001800135d0 f   MurmurHash2.obj
 0001:00012730       ?MurmurHash64B@@YA_KPEBXH_K@Z 0000000180013730 f   MurmurHash2.obj
 0001:00012890       ?MurmurHashAligned2@@YAIPEBXHI@Z 0000000180013890 f   MurmurHash2.obj
 0001:00012b80       ?MurmurHashNeutral2@@YAIPEBXHI@Z 0000000180013b80 f   MurmurHash2.obj
 0001:00012c70       ?MurmurHash3_x64_128@@YAXPEBXHIPEAX@Z 0000000180013c70 f   MurmurHash3.obj
 0001:00012f80       ?MurmurHash3_x86_128@@YAXPEBXHIPEAX@Z 0000000180013f80 f   MurmurHash3.obj
 0001:00013360       ?MurmurHash3_x86_32@@YAXPEBXHIPEAX@Z 0000000180014360 f   MurmurHash3.obj
 0001:00013460       ?fmix32@@YAII@Z            0000000180014460 f i MurmurHash3.obj
 0001:00013490       ?fmix64@@YA_K_K@Z          0000000180014490 f i MurmurHash3.obj
 0001:000134e0       ?getblock32@@YAIPEBIH@Z    00000001800144e0 f i MurmurHash3.obj
 0001:000134f0       ?getblock64@@YA_KPEB_KH@Z  00000001800144f0 f i MurmurHash3.obj
 0001:00013500       ?SetAffinity@@YAXH@Z       0000000180014500 f   Platform.obj
 0001:00013550       ?testRDTSC@@YAXXZ          0000000180014550 f   Platform.obj
 0001:00013570       PMurHash32                 0000000180014570 f   PMurHash.obj
 0001:00013620       PMurHash32_Process         0000000180014620 f   PMurHash.obj
 0001:000137e0       PMurHash32_Result          00000001800147e0 f   PMurHash.obj
 0001:00013850       PMurHash32_test            0000000180014850 f   PMurHash.obj
 0001:00013920       ?SHA1_Final@@YAXPEAUSHA1_CTX@@QEAE@Z 0000000180014920 f   sha1.obj
 0001:00013aa0       ?SHA1_Init@@YAXPEAUSHA1_CTX@@@Z 0000000180014aa0 f   sha1.obj
 0001:00013ae0       ?SHA1_Transform@@YAXQEAIQEBE@Z 0000000180014ae0 f   sha1.obj
 0001:00015480       ?SHA1_Update@@YAXPEAUSHA1_CTX@@PEBE_K@Z 0000000180016480 f   sha1.obj
 0001:000155a0       ?sha1_32a@@YAXPEBXHIPEAX@Z 00000001800165a0 f   sha1.obj
 0001:00015630       ?End@SpookyHash@@SAXAEA_K00000000000@Z 0000000180016630 f i Spooky.obj
 0001:00015aa0       ?EndPartial@SpookyHash@@SAXAEA_K00000000000@Z 0000000180016aa0 f i Spooky.obj
 0001:00015c40       ?Final@SpookyHash@@QEAAXPEA_K0@Z 0000000180016c40 f   Spooky.obj
 0001:00016200       ?Hash128@SpookyHash@@SAXPEBX_KPEA_K2@Z 0000000180017200 f   Spooky.obj
 0001:00016820       ?Init@SpookyHash@@QEAAX_K0@Z 0000000180017820 f   Spooky.obj
 0001:00016850       ?Mix@SpookyHash@@SAXPEB_KAEA_K11111111111@Z 0000000180017850 f i Spooky.obj
 0001:00016ae0       ?Rot64@SpookyHash@@SA_K_KH@Z 0000000180017ae0 f i Spooky.obj
 0001:00016af0       ?Short@SpookyHash@@CAXPEBX_KPEA_K2@Z 0000000180017af0 f   Spooky.obj
 0001:00016eb0       ?ShortEnd@SpookyHash@@SAXAEA_K000@Z 0000000180017eb0 f i Spooky.obj
 0001:00016fc0       ?ShortMix@SpookyHash@@SAXAEA_K000@Z 0000000180017fc0 f i Spooky.obj
 0001:000170f0       ?Update@SpookyHash@@QEAAXPEBX_K@Z 00000001800180f0 f   Spooky.obj
 0001:000177f0       ?SuperFastHash@@YAIPEBCH@Z 00000001800187f0 f   SuperFastHash.obj
 0001:00017910       ?SuperFastHash@@YAXPEBXHIPEAX@Z 0000000180018910 f   SuperFastHash.obj
 0001:00017930       ?get16bits@@YAGPEBX@Z      0000000180018930 f i SuperFastHash.obj
 0001:00017940       ?GenerateMixingConstants@@YAXXZ 0000000180018940 f   Types.obj
 0001:00017b50       ?blackhole@@YAXI@Z         0000000180018b50 f   Types.obj
 0001:00017b60       ?isprime@@YA_NI@Z          0000000180018b60 f   Types.obj
 0001:00017dc0       ?whitehole@@YAIXZ          0000000180018dc0 f   Types.obj
 0001:00017dd0       ??0InterfaceElement@@QEAA@P6APEAXXZP6AXPEAX@ZPEBDH_N@Z 0000000180018dd0 f   interfaces.obj
 0001:00017ee0       ??0InterfaceRegistration@@QEAA@XZ 0000000180018ee0 f   interfaces.obj
 0001:00017ef0       ?GetInterface@InterfaceRegistration@@QEAAPEAXPEBDH@Z 0000000180018ef0 f   interfaces.obj
 0001:00018160       ?RegisterInterface@InterfaceRegistration@@QEAAXPEAVInterfaceElement@@@Z 0000000180019160 f   interfaces.obj
 0001:00018260       ?ReleaseAllInterfacePointers@InterfaceRegistration@@QEAAXXZ 0000000180019260 f   interfaces.obj
 0001:00018370       ?ReleaseInterfacePointer@InterfaceRegistration@@QEAAXPEBDPEAX@Z 0000000180019370 f   interfaces.obj
 0001:00018460       GetInterfaceRegistration   0000000180019460 f   interfaces.obj
 0001:00018470       ??$vsnprintf_s@$0IAA@@@YAHAEAY0IAA@D_KPEBDPEAD@Z 0000000180019470 f i logging.obj
 0001:00018580       Error                      0000000180019580 f   logging.obj
 0001:00018630       Msg                        0000000180019630 f   logging.obj
 0001:00018660       Warning                    0000000180019660 f   logging.obj
 0001:00018690       ??0MemoryBucketAllocator@@QEAA@IPEAUMemoryBucket@@@Z 0000000180019690 f   memory_bucket.obj
 0001:000186b0       ??0iMemoryAllocator@@QEAA@XZ 00000001800196b0 f i memory_bucket.obj
 0001:000186d0       ?Allocate@MemoryBucketAllocator@@UEAAPEAXI@Z 00000001800196d0 f   memory_bucket.obj
 0001:00018770       ?AllocateToBucket@MemoryBucketAllocator@@AEAAPEAXI@Z 0000000180019770 f   memory_bucket.obj
 0001:000187e0       ?Deallocate@MemoryBucketAllocator@@UEAAXPEAX@Z 00000001800197e0 f   memory_bucket.obj
 0001:00018950       ?GetBlockInBucketByMemory@MemoryBucketAllocator@@AEAAIPEAXI@Z 0000000180019950 f   memory_bucket.obj
 0001:00018a00       ?GetBucketOccupiedByMemory@MemoryBucketAllocator@@AEAA_NPEAXAEAI@Z 0000000180019a00 f   memory_bucket.obj
 0001:00018b50       ??0GeneralAllocator@@QEAA@IPEAE@Z 0000000180019b50 f   memory_pool.obj
 0001:00018b80       ??0MemoryPool@@QEAA@XZ     0000000180019b80 f   memory_pool.obj
 0001:00018bc0       ??0iMemoryPool@@QEAA@XZ    0000000180019bc0 f i memory_pool.obj
 0001:00018be0       ??1MemoryPool@@QEAA@XZ     0000000180019be0 f   memory_pool.obj
 0001:00018c00       ?Allocate@GeneralAllocator@@UEAAPEAXI@Z 0000000180019c00 f   memory_pool.obj
 0001:00018d50       ?CreateBucketAllocator@MemoryPool@@UEAAPEAViMemoryAllocator@@PEBDIPEAUbucket_info@@@Z 0000000180019d50 f   memory_pool.obj
 0001:00018ff0       ?CreateGeneralAllocator@MemoryPool@@UEAAPEAViMemoryAllocator@@PEBDI@Z 0000000180019ff0 f   memory_pool.obj
 0001:00019180       ?Deallocate@GeneralAllocator@@UEAAXPEAX@Z 000000018001a180 f   memory_pool.obj
 0001:00019270       ?Initialize@MemoryPool@@UEAAXXZ 000000018001a270 f   memory_pool.obj
 0001:000193e0       ?SplitMemoryBlock@@YA_NPEAUalloc_block@@I@Z 000000018001a3e0 f   memory_pool.obj
 0001:00019430       ?TryAllocation@MemoryPool@@UEAAPEAXIPEBDI@Z 000000018001a430 f   memory_pool.obj
 0001:000194c0       GetMemoryPool              000000018001a4c0 f   memory_pool.obj
 0001:000194d0       ??$strncat_s@$0BAA@@@YAHAEAY0BAA@DPEBD_K@Z 000000018001a4d0 f i keyvalues.obj
 0001:000194f0       ??0Keyvalues@Utility@@QEAA@XZ 000000018001a4f0 f   keyvalues.obj
 0001:000195e0       ??0Variant@Utility@@QEAA@XZ 000000018001a5e0 f i keyvalues.obj
 0001:00019600       ??1Keyvalues@Utility@@QEAA@XZ 000000018001a600 f   keyvalues.obj
 0001:000196a0       ??_GKeyvalues@Utility@@QEAAPEAXI@Z 000000018001a6a0 f i keyvalues.obj
 0001:000196e0       ?AddChild@Keyvalues@Utility@@AEAAXPEAV12@@Z 000000018001a6e0 f   keyvalues.obj
 0001:00019810       ?AddIndentation@Utility@@YAXPEAU_iobuf@@I@Z 000000018001a810 f   keyvalues.obj
 0001:00019870       ?CreateKey@Keyvalues@Utility@@QEAAPEAV12@PEBD@Z 000000018001a870 f   keyvalues.obj
 0001:00019960       ?GetKey@Keyvalues@Utility@@QEBAPEAV12@PEBD@Z 000000018001a960 f   keyvalues.obj
 0001:000199f0       ?GetName@Keyvalues@Utility@@QEBAPEBDXZ 000000018001a9f0 f i keyvalues.obj
 0001:00019a00       ?GetVariant@Keyvalues@Utility@@QEBAAEBVVariant@2@XZ 000000018001aa00 f i keyvalues.obj
 0001:00019af0       ?HasChildren@Keyvalues@Utility@@QEBA_NXZ 000000018001aaf0 f i keyvalues.obj
 0001:00019b00       ?ParseKey@Keyvalues@Utility@@AEAA_NPEAPEBDAEA_K@Z 000000018001ab00 f   keyvalues.obj
 0001:0001a040       ?PopulateFile@Keyvalues@Utility@@QEAA_NPEAU_iobuf@@@Z 000000018001b040 f   keyvalues.obj
 0001:0001a430       ?PopulateWithBuffer@Keyvalues@Utility@@QEAA_NPEBD_K0@Z 000000018001b430 f   keyvalues.obj
 0001:0001a4f0       ?PopulateWithFile@Keyvalues@Utility@@QEAA_NPEAU_iobuf@@PEBD@Z 000000018001b4f0 f   keyvalues.obj
 0001:0001a6c0       ?SetFloat@Variant@Utility@@QEAAXM@Z 000000018001b6c0 f i keyvalues.obj
 0001:0001a6d0       ?SetInt@Variant@Utility@@QEAAXH@Z 000000018001b6d0 f i keyvalues.obj
 0001:0001a6e0       ?SetName@Keyvalues@Utility@@AEAAXPEBD_K@Z 000000018001b6e0 f   keyvalues.obj
 0001:0001a6f0       ?SetValue@Keyvalues@Utility@@AEAAXPEBD_K@Z 000000018001b6f0 f   keyvalues.obj
 0001:0001a7c0       ?SkipCommentLines@Keyvalues@Utility@@IEAA_NPEAPEBDAEA_K@Z 000000018001b7c0 f   keyvalues.obj
 0001:0001a870       ?WriteBranch@Keyvalues@Utility@@QEAA_NPEAU_iobuf@@I@Z 000000018001b870 f   keyvalues.obj
 0001:0001ab70       ?WriteName@Utility@@YAXPEAU_iobuf@@PEBD@Z 000000018001bb70 f   keyvalues.obj
 0001:0001ac20       ?WriteVariant@Utility@@YAXPEAU_iobuf@@PEBDPEBVVariant@1@@Z 000000018001bc20 f   keyvalues.obj
 0001:0001ac90       ?TokenSubtract@ScriptParse@@YAMPEAULexTokenVariable@1@0@Z 000000018001bc90 f   lexer.obj
 0001:0001aca0       ?TokenAdd@ScriptParse@@YAMPEAULexTokenVariable@1@0@Z 000000018001bca0 f   lexer.obj
 0001:0001acb0       ?TokenMultiply@ScriptParse@@YAMPEAULexTokenVariable@1@0@Z 000000018001bcb0 f   lexer.obj
 0001:0001acc0       ?TokenModulo@ScriptParse@@YAMPEAULexTokenVariable@1@0@Z 000000018001bcc0 f   lexer.obj
 0001:0001ace0       ?TokenDivide@ScriptParse@@YAMPEAULexTokenVariable@1@0@Z 000000018001bce0 f   lexer.obj
 0001:0001acf0       ??0CPostfixEvaluate@ScriptParse@@QEAA@XZ 000000018001bcf0 f   lexer.obj
 0001:0001ad10       ??0CScriptLexer@ScriptParse@@QEAA@XZ 000000018001bd10 f   lexer.obj
 0001:0001ae10       ??0CScriptParse@ScriptParse@@QEAA@XZ 000000018001be10 f   lexer.obj
 0001:0001ae80       ?AddTokenToOperatorStack@CScriptParse@ScriptParse@@AEAAXPEAUiLexToken@2@@Z 000000018001be80 f   lexer.obj
 0001:0001aef0       ?AddTokenToOutput@CScriptParse@ScriptParse@@AEAAXPEAUiLexToken@2@@Z 000000018001bef0 f i lexer.obj
 0001:0001af00       ?Analyze@CScriptLexer@ScriptParse@@QEAAXPEBD@Z 000000018001bf00 f   lexer.obj
 0001:0001b1f0       ?Evaluate@CPostfixEvaluate@ScriptParse@@QEAAMPEAPEAUiLexToken@2@I@Z 000000018001c1f0 f   lexer.obj
 0001:0001b2c0       ?EvaluateOperator@CPostfixEvaluate@ScriptParse@@AEAAXPEAUiLexToken@2@@Z 000000018001c2c0 f i lexer.obj
 0001:0001b320       ?Parse@CScriptParse@ScriptParse@@QEAAXPEAPEAUiLexToken@2@I@Z 000000018001c320 f   lexer.obj
 0001:0001b400       ?PopVariableStack@CPostfixEvaluate@ScriptParse@@AEAAPEAULexTokenVariable@2@XZ 000000018001c400 f i lexer.obj
 0001:0001b410       ?PrintOutput@CScriptParse@ScriptParse@@QEAAXXZ 000000018001c410 f   lexer.obj
 0001:0001b4b0       ?PushOperator@CScriptLexer@ScriptParse@@AEAAXPEBD@Z 000000018001c4b0 f i lexer.obj
 0001:0001b540       ?PushToVariableStack@CPostfixEvaluate@ScriptParse@@AEAAXPEAULexTokenVariable@2@@Z 000000018001c540 f i lexer.obj
 0001:0001b550       ?PushVariable@CScriptLexer@ScriptParse@@AEAAXPEBD_N@Z 000000018001c550 f   lexer.obj
 0001:0001b620       ?IsFilePath@Utility@@YA_NPEBD@Z 000000018001c620 f   string_helpers.obj
 0001:0001b690       ?NextToken@Utility@@YAPEBDPEADPEBDD@Z 000000018001c690 f   string_helpers.obj
 0001:0001b700       ?ReplaceCharacters@Utility@@YAXPEADDD@Z 000000018001c700 f   string_helpers.obj
 0001:0001b750       ?StripFileExtension@Utility@@YAXPEAD@Z 000000018001c750 f   string_helpers.obj
 0001:0001b7a0       ?StripFileName@Utility@@YAXPEAD@Z 000000018001c7a0 f   string_helpers.obj
 0001:0001b890       ?StripPathEndSlash@Utility@@YAXPEAD@Z 000000018001c890 f   string_helpers.obj
 0001:0001b8e0       ??0CStringPool@@QEAA@PEBD@Z 000000018001c8e0 f   string_pool.obj
 0001:0001b8f0       ?AllocateString@CStringPool@@QEAA?AVCStringPtr@@PEBD@Z 000000018001c8f0 f   string_pool.obj
 0001:0001b900       ??0CUtlFilePath@@QEAA@PEBD@Z 000000018001c900 f   util_filepath.obj
 0001:0001b940       ??0CUtlFilePath@@QEAA@_K@Z 000000018001c940 f   util_filepath.obj
 0001:0001b970       ??1CUtlString@@QEAA@XZ     000000018001c970 f i util_filepath.obj
 0001:0001b990       ?AppendFileName@CUtlFilePath@@QEAAXPEBD@Z 000000018001c990 f   util_filepath.obj
 0001:0001bb30       ?Element@CUtlString@@QEBAAEBD_K@Z 000000018001cb30 f i util_filepath.obj
 0001:0001bbc0       ?GetFileExtension@CUtlFilePath@@QEBAPEBDXZ 000000018001cbc0 f   util_filepath.obj
 0001:0001bd50       ?GetFileExtension@CUtlFilePath@@QEBAXPEAD_K@Z 000000018001cd50 f   util_filepath.obj
 0001:0001bd60       ?GetFileName@CUtlFilePath@@QEBAPEBDXZ 000000018001cd60 f   util_filepath.obj
 0001:0001bf00       ?GetFileName@CUtlFilePath@@QEBAXPEAD_K_N@Z 000000018001cf00 f   util_filepath.obj
 0001:0001bf10       ?GetNumCharacters@CUtlString@@QEBA_KXZ 000000018001cf10 f i util_filepath.obj
 0001:0001c000       ?PopFolder@CUtlFilePath@@QEAAXXZ 000000018001d000 f   util_filepath.obj
 0001:0001c120       ?PushFolder@CUtlFilePath@@QEAAXPEBD@Z 000000018001d120 f   util_filepath.obj
 0001:0001c1d0       ?SetupPath@CUtlFilePath@@AEAAXXZ 000000018001d1d0 f   util_filepath.obj
 0001:0001c3e0       ?StripFileName@CUtlFilePath@@QEAAXXZ 000000018001d3e0 f   util_filepath.obj
 0001:0001c4c0       ??0CUtlString@@QEAA@AEAV0@@Z 000000018001d4c0 f   util_string.obj
 0001:0001c5d0       ??0CUtlString@@QEAA@PEBD@Z 000000018001d5d0 f   util_string.obj
 0001:0001c690       ??0CUtlString@@QEAA@_K@Z   000000018001d690 f   util_string.obj
 0001:0001c6e0       ??ACUtlString@@QEBAD_K@Z   000000018001d6e0 f i util_string.obj
 0001:0001c770       ?Clear@CUtlString@@QEAAXXZ 000000018001d770 f i util_string.obj
 0001:0001c790       ?CompareStringsCaseInsensitive@CUtlString@@QEBAHAEBV1@@Z 000000018001d790 f   util_string.obj
 0001:0001c950       ?CompareStringsCaseSensitive@CUtlString@@QEBAHAEBV1@@Z 000000018001d950 f   util_string.obj
 0001:0001cae0       ?ConcatString@CUtlString@@QEAAXAEBV1@@Z 000000018001dae0 f   util_string.obj
 0001:0001cc00       ?ConcatString@CUtlString@@QEAAXPEBD@Z 000000018001dc00 f   util_string.obj
 0001:0001ccb0       ?CountCharacters@CUtlString@@QEBA_KD@Z 000000018001dcb0 f   util_string.obj
 0001:0001cdc0       ?IsEmpty@CUtlString@@QEBA_NXZ 000000018001ddc0 f i util_string.obj
 0001:0001cdd0       ?NextToken@CUtlString@@QEAAPEBDPEADPEBDD@Z 000000018001ddd0 f   util_string.obj
 0001:0001cee0       ?PopCharacters@CUtlString@@QEAAX_K@Z 000000018001dee0 f   util_string.obj
 0001:0001cf20       ?PushCharacter@CUtlString@@QEAAXD@Z 000000018001df20 f   util_string.obj
 0001:0001cf80       ?RemoveCharacters@CUtlString@@QEAAX_K0@Z 000000018001df80 f   util_string.obj
 0001:0001d070       ?ReplaceCharacters@CUtlString@@QEAAXDD@Z 000000018001e070 f   util_string.obj
 0001:0001d0b0       ?SetupMem@CUtlString@@AEAA_N_K@Z 000000018001e0b0 f   util_string.obj
 0001:0001d2b0       ?ToLowerCase@CUtlString@@QEAAXXZ 000000018001e2b0 f   util_string.obj
 0001:0001d310       ?ToUpperCase@CUtlString@@QEAAXXZ 000000018001e310 f   util_string.obj
 0001:0001d370       ?VarArgs@CUtlString@@QEAAXPEADZZ 000000018001e370 f   util_string.obj
 0001:0001d470       ?ceil@@YAMM@Z              000000018001e470 f i util_string.obj
 0001:0001d4b0       ?GetPlatform@@YAPEAVIPlatform@@XZ 000000018001e4b0 f   utilities.obj
 0001:0001d4f4       GetCurrentProcess          000000018001e4f4 f   kernel32:KERNEL32.dll
 0001:0001d4fa       GetCurrentThread           000000018001e4fa f   kernel32:KERNEL32.dll
 0001:0001d500       SetThreadPriority          000000018001e500 f   kernel32:KERNEL32.dll
 0001:0001d506       SetProcessAffinityMask     000000018001e506 f   kernel32:KERNEL32.dll
 0001:0001d50c       MessageBoxA                000000018001e50c f   user32:USER32.dll
 0001:0001d520       ??0_Init_locks@std@@QEAA@XZ 000000018001e520 f   libcpmtd:xlock.obj
 0001:0001d590       ??0_Lockit@std@@QEAA@H@Z   000000018001e590 f   libcpmtd:xlock.obj
 0001:0001d600       ??0_Lockit@std@@QEAA@XZ    000000018001e600 f   libcpmtd:xlock.obj
 0001:0001d660       ??1_Init_locks@std@@QEAA@XZ 000000018001e660 f   libcpmtd:xlock.obj
 0001:0001d6d0       ??1_Lockit@std@@QEAA@XZ    000000018001e6d0 f   libcpmtd:xlock.obj
 0001:0001d720       ?_Init_locks_ctor@_Init_locks@std@@CAXPEAV12@@Z 000000018001e720 f   libcpmtd:xlock.obj
 0001:0001d790       ?_Init_locks_dtor@_Init_locks@std@@CAXPEAV12@@Z 000000018001e790 f   libcpmtd:xlock.obj
 0001:0001d800       ?_Lockit_ctor@_Lockit@std@@CAXPEAV12@@Z 000000018001e800 f   libcpmtd:xlock.obj
 0001:0001d830       ?_Lockit_ctor@_Lockit@std@@CAXPEAV12@H@Z 000000018001e830 f   libcpmtd:xlock.obj
 0001:0001d890       ?_Lockit_ctor@_Lockit@std@@SAXH@Z 000000018001e890 f   libcpmtd:xlock.obj
 0001:0001d8e0       ?_Lockit_dtor@_Lockit@std@@CAXPEAV12@@Z 000000018001e8e0 f   libcpmtd:xlock.obj
 0001:0001d910       ?_Lockit_dtor@_Lockit@std@@SAXH@Z 000000018001e910 f   libcpmtd:xlock.obj
 0001:0001d960       ?_Debug_message@std@@YAXPEBG0I@Z 000000018001e960 f   libcpmtd:stdthrow.obj
 0001:0001d990       ?_Debug_message@std@@YAXPEB_W0I@Z 000000018001e990 f   libcpmtd:stdthrow.obj
 0001:0001d9e0       ??$_Allocate@D@std@@YAPEAD_KPEAD@Z 000000018001e9e0 f i libcpmtd:xthrow.obj
 0001:0001da30       ??$_Debug_pointer@D@std@@YAXPEBDPEB_WI@Z 000000018001ea30 f i libcpmtd:xthrow.obj
 0001:0001da70       ??$addressof@D@std@@YAPEADAEAD@Z 000000018001ea70 f i libcpmtd:xthrow.obj
 0001:0001da80       ??$construct@PEADAEAPEAD@?$_Wrap_alloc@V?$allocator@D@std@@@std@@QEAAXPEAPEADAEAPEAD@Z 000000018001ea80 f i libcpmtd:xthrow.obj
 0001:0001dac0       ??$construct@PEADAEAPEAD@?$allocator@D@std@@QEAAXPEAPEADAEAPEAD@Z 000000018001eac0 f i libcpmtd:xthrow.obj
 0001:0001db40       ??$construct@PEADAEAPEAD@?$allocator_traits@V?$allocator@D@std@@@std@@SAXAEAV?$allocator@D@1@PEAPEADAEAPEAD@Z 000000018001eb40 f i libcpmtd:xthrow.obj
 0001:0001db80       ??$destroy@PEAD@?$_Wrap_alloc@V?$allocator@D@std@@@std@@QEAAXPEAPEAD@Z 000000018001eb80 f i libcpmtd:xthrow.obj
 0001:0001dbb0       ??$destroy@PEAD@?$allocator@D@std@@QEAAXPEAPEAD@Z 000000018001ebb0 f i libcpmtd:xthrow.obj
 0001:0001dbc0       ??$destroy@PEAD@?$allocator_traits@V?$allocator@D@std@@@std@@SAXAEAV?$allocator@D@1@PEAPEAD@Z 000000018001ebc0 f i libcpmtd:xthrow.obj
 0001:0001dbf0       ??$forward@AEAPEAD@std@@YAAEAPEADAEAPEAD@Z 000000018001ebf0 f i libcpmtd:xthrow.obj
 0001:0001dc00       ??0?$_String_alloc@$0A@U?$_String_base_types@DV?$allocator@D@std@@@std@@@std@@QEAA@AEBV?$allocator@D@1@@Z 000000018001ec00 f i libcpmtd:xthrow.obj
 0001:0001dc40       ??0?$_String_val@U?$_Simple_types@D@std@@@std@@QEAA@XZ 000000018001ec40 f i libcpmtd:xthrow.obj
 0001:0001dc80       ??0?$_Wrap_alloc@V?$allocator@D@std@@@std@@QEAA@XZ 000000018001ec80 f i libcpmtd:xthrow.obj
 0001:0001dca0       ??0?$allocator@D@std@@QEAA@XZ 000000018001eca0 f i libcpmtd:xthrow.obj
 0001:0001dcb0       ??0?$basic_string@DU?$char_traits@D@std@@V?$allocator@D@2@@std@@QEAA@PEBD@Z 000000018001ecb0 f i libcpmtd:xthrow.obj
 0001:0001dd10       ??0_Generic_error_category@std@@QEAA@XZ 000000018001ed10 f i libcpmtd:xthrow.obj
 0001:0001dd40       ??0_Ignore@std@@QEAA@XZ    000000018001ed40 f i libcpmtd:xthrow.obj
 0001:0001dd50       ??0_Iostream_error_category@std@@QEAA@XZ 000000018001ed50 f i libcpmtd:xthrow.obj
 0001:0001dd80       ??0_System_error_category@std@@QEAA@XZ 000000018001ed80 f i libcpmtd:xthrow.obj
 0001:0001ddb0       ??0bad_alloc@std@@QEAA@AEBV01@@Z 000000018001edb0 f i libcpmtd:xthrow.obj
 0001:0001ddf0       ??0bad_alloc@std@@QEAA@XZ  000000018001edf0 f i libcpmtd:xthrow.obj
 0001:0001de40       ??0bad_function_call@std@@QEAA@AEBV01@@Z 000000018001ee40 f i libcpmtd:xthrow.obj
 0001:0001de80       ??0bad_function_call@std@@QEAA@PEBD@Z 000000018001ee80 f i libcpmtd:xthrow.obj
 0001:0001dec0       ??0error_category@std@@QEAA@XZ 000000018001eec0 f i libcpmtd:xthrow.obj
 0001:0001dee0       ??0error_condition@std@@QEAA@HAEBVerror_category@1@@Z 000000018001eee0 f i libcpmtd:xthrow.obj
 0001:0001df10       ??0id@locale@std@@QEAA@_K@Z 000000018001ef10 f i libcpmtd:xthrow.obj
 0001:0001df30       ??0invalid_argument@std@@QEAA@AEBV01@@Z 000000018001ef30 f i libcpmtd:xthrow.obj
 0001:0001df70       ??0invalid_argument@std@@QEAA@PEBD@Z 000000018001ef70 f i libcpmtd:xthrow.obj
 0001:0001dfb0       ??0length_error@std@@QEAA@AEBV01@@Z 000000018001efb0 f i libcpmtd:xthrow.obj
 0001:0001dff0       ??0length_error@std@@QEAA@PEBD@Z 000000018001eff0 f i libcpmtd:xthrow.obj
 0001:0001e030       ??0logic_error@std@@QEAA@AEBV01@@Z 000000018001f030 f i libcpmtd:xthrow.obj
 0001:0001e070       ??0logic_error@std@@QEAA@PEBD@Z 000000018001f070 f i libcpmtd:xthrow.obj
 0001:0001e0b0       ??0out_of_range@std@@QEAA@AEBV01@@Z 000000018001f0b0 f i libcpmtd:xthrow.obj
 0001:0001e0f0       ??0out_of_range@std@@QEAA@PEBD@Z 000000018001f0f0 f i libcpmtd:xthrow.obj
 0001:0001e130       ??0overflow_error@std@@QEAA@AEBV01@@Z 000000018001f130 f i libcpmtd:xthrow.obj
 0001:0001e170       ??0overflow_error@std@@QEAA@PEBD@Z 000000018001f170 f i libcpmtd:xthrow.obj
 0001:0001e1b0       ??0regex_error@std@@QEAA@AEBV01@@Z 000000018001f1b0 f i libcpmtd:xthrow.obj
 0001:0001e200       ??0regex_error@std@@QEAA@W4error_type@regex_constants@1@@Z 000000018001f200 f i libcpmtd:xthrow.obj
 0001:0001e250       ??0runtime_error@std@@QEAA@AEBV01@@Z 000000018001f250 f i libcpmtd:xthrow.obj
 0001:0001e290       ??0runtime_error@std@@QEAA@PEBD@Z 000000018001f290 f i libcpmtd:xthrow.obj
 0001:0001e2d0       ??1?$_String_alloc@$0A@U?$_String_base_types@DV?$allocator@D@std@@@std@@@std@@QEAA@XZ 000000018001f2d0 f i libcpmtd:xthrow.obj
 0001:0001e300       ??1?$_String_val@U?$_Simple_types@D@std@@@std@@QEAA@XZ 000000018001f300 f i libcpmtd:xthrow.obj
 0001:0001e320       ??1_Generic_error_category@std@@UEAA@XZ 000000018001f320 f i libcpmtd:xthrow.obj
 0001:0001e340       ??1_Iostream_error_category@std@@UEAA@XZ 000000018001f340 f i libcpmtd:xthrow.obj
 0001:0001e360       ??1_System_error_category@std@@UEAA@XZ 000000018001f360 f i libcpmtd:xthrow.obj
 0001:0001e380       ??1bad_alloc@std@@UEAA@XZ  000000018001f380 f i libcpmtd:xthrow.obj
 0001:0001e3b0       ??1bad_function_call@std@@UEAA@XZ 000000018001f3b0 f i libcpmtd:xthrow.obj
 0001:0001e3d0       ??1error_category@std@@UEAA@XZ 000000018001f3d0 f i libcpmtd:xthrow.obj
 0001:0001e3f0       ??1invalid_argument@std@@UEAA@XZ 000000018001f3f0 f i libcpmtd:xthrow.obj
 0001:0001e410       ??1length_error@std@@UEAA@XZ 000000018001f410 f i libcpmtd:xthrow.obj
 0001:0001e430       ??1logic_error@std@@UEAA@XZ 000000018001f430 f i libcpmtd:xthrow.obj
 0001:0001e450       ??1out_of_range@std@@UEAA@XZ 000000018001f450 f i libcpmtd:xthrow.obj
 0001:0001e470       ??1overflow_error@std@@UEAA@XZ 000000018001f470 f i libcpmtd:xthrow.obj
[...]
 0003:00000f70       __ptmbcinfo                00000001800b3f70     LIBCMTD:mbctype.obj
 0003:00000f80       _mbctype                   00000001800b3f80     LIBCMTD:mbctype.obj
 0003:00001090       _mbcasemap                 00000001800b4090     LIBCMTD:mbctype.obj
 0003:00001190       __initialmbcinfo           00000001800b4190     LIBCMTD:mbctype.obj
 0003:000013b8       __isa_available            00000001800b43b8     LIBCMTD:cpu_disp.obj
 0003:000013bc       __isa_enabled              00000001800b43bc     LIBCMTD:cpu_disp.obj
 0003:000013c0       _pfnAllocHook              00000001800b43c0     LIBCMTD:dbghook.obj
 0003:000013d0       __security_cookie          00000001800b43d0     LIBCMTD:gs_cookie.obj
 0003:000013d8       __security_cookie_complement 00000001800b43d8     LIBCMTD:gs_cookie.obj
 0003:000013e0       _CrtDbgMode                00000001800b43e0     LIBCMTD:dbgrptt.obj
 0003:000013ec       _crtAssertBusy             00000001800b43ec     LIBCMTD:dbgrptt.obj
 0003:000013f0       _CrtDbgFile                00000001800b43f0     LIBCMTD:dbgrptt.obj
 0003:00001410       __abort_behavior           00000001800b4410     LIBCMTD:abort.obj
 0003:00001420       __badioinfo                00000001800b4420     LIBCMTD:ioinit.obj
 0003:00001480       __flsindex                 00000001800b4480     LIBCMTD:tidtable.obj
 0003:00001484       __wclocalestr              00000001800b4484     LIBCMTD:nlsdata.obj
 0003:00001490       __lc_time_c                00000001800b4490     LIBCMTD:nlsdata.obj
 0003:00001750       __ptlocinfo                00000001800b4750     LIBCMTD:nlsdata.obj
 0003:00001760       __initiallocinfo           00000001800b4760     LIBCMTD:nlsdata.obj
 0003:000018b8       __initiallocalestructinfo  00000001800b48b8     LIBCMTD:nlsdata.obj
 0003:000018c8       __mb_cur_max               00000001800b48c8     LIBCMTD:nlsdata.obj
 0003:000018cc       __globallocalestatus       00000001800b48cc     LIBCMTD:glstatus.obj
 0003:000018d8       ??_R0?AVbad_exception@std@@@8 00000001800b48d8     LIBCMTD:frame.obj
 0003:00001910       ??_R0?AVDNameNode@@@8      00000001800b4910     LIBCMTD:undname.obj
 0003:00001930       ??_R0?AVcharNode@@@8       00000001800b4930     LIBCMTD:undname.obj
 0003:00001950       ??_R0?AVpcharNode@@@8      00000001800b4950     LIBCMTD:undname.obj
 0003:00001970       ??_R0?AVpDNameNode@@@8     00000001800b4970     LIBCMTD:undname.obj
 0003:00001998       ??_R0?AVDNameStatusNode@@@8 00000001800b4998     LIBCMTD:undname.obj
 0003:000019c0       ??_R0?AVpairNode@@@8       00000001800b49c0     LIBCMTD:undname.obj
 0003:00001a10       _pow10pos                  00000001800b4a10     LIBCMTD:constpow.obj
 0003:00001b70       _pow10neg                  00000001800b4b70     LIBCMTD:constpow.obj
 0003:00001cd0       __lconv_static_decimal     00000001800b4cd0     LIBCMTD:lconv.obj
 0003:00001cd4       __lconv_static_W_decimal   00000001800b4cd4     LIBCMTD:lconv.obj
 0003:00001cd8       __lconv                    00000001800b4cd8     LIBCMTD:lconv.obj
 0003:00001ce0       __lconv_c                  00000001800b4ce0     LIBCMTD:lconv.obj
 0003:00001d78       _pctype                    00000001800b4d78     LIBCMTD:ctype.obj
 0003:00001d80       _pwctype                   00000001800b4d80     LIBCMTD:ctype.obj
 0003:00001d90       _confh                     00000001800b4d90     LIBCMTD:initcon.obj
 0003:00002420       __@@_PchSym_@00@UfhvihUibzmUwvhpglkUtvmvhrhUfgrorgrvhUcGEUwvyftUzoosvzwOlyq@DA618BC4EF9C4D86 00000001800b5420     allhead.obj
 0003:00004fc8       ?g_rand2@@3URand@@A        00000001800b7fc8     Random.obj
 0003:00004fd8       ?g_rand1@@3URand@@A        00000001800b7fd8     Random.obj
 0003:00004fe8       ?g_rand3@@3URand@@A        00000001800b7fe8     Random.obj
 0003:00004ff8       ?g_rand4@@3URand@@A        00000001800b7ff8     Random.obj
 0003:000089f0       ?s_charTranslator@Keyvalues@Utility@@0PAW4KVCharType@12@A 00000001800bb9f0     keyvalues.obj
 0003:00008df0       ?s_bTranslatorInit@Keyvalues@Utility@@0_NA 00000001800bbdf0     keyvalues.obj
 0003:0000c138       ?_Generic_object@?$_Error_objects@H@std@@2V_Generic_error_category@2@A 00000001800bf138     libcpmtd:xthrow.obj
 0003:0000c140       ?_Iostream_object@?$_Error_objects@H@std@@2V_Iostream_error_category@2@A 00000001800bf140     libcpmtd:xthrow.obj
 0003:0000c148       ?_System_object@?$_Error_objects@H@std@@2V_System_error_category@2@A 00000001800bf148     libcpmtd:xthrow.obj
 0003:0000c150       ?id@?$num_put@DV?$back_insert_iterator@V?$basic_string@DU?$char_traits@D@std@@V?$allocator@D@2@@std@@@std@@@std@@2V0locale@2@A 00000001800bf150     libcpmtd:xthrow.obj
 0003:0000c158       ?id@?$num_put@_WV?$back_insert_iterator@V?$basic_string@_WU?$char_traits@_W@std@@V?$allocator@_W@2@@std@@@std@@@std@@2V0locale@2@A 00000001800bf158     libcpmtd:xthrow.obj
 0003:0000c160       ?id@?$numpunct@D@std@@2V0locale@2@A 00000001800bf160     libcpmtd:xthrow.obj
 0003:0000c168       ?id@?$numpunct@_W@std@@2V0locale@2@A 00000001800bf168     libcpmtd:xthrow.obj
 0003:0000c178       _umaskval                  00000001800bf178     LIBCMTD:crt0dat.obj
 0003:0000c17c       _exitflag                  00000001800bf17c     LIBCMTD:crt0dat.obj
 0003:0000c180       _C_Termination_Done        00000001800bf180     LIBCMTD:crt0dat.obj
 0003:0000c184       _C_Exit_Done               00000001800bf184     LIBCMTD:crt0dat.obj
 0003:0000c188       __winitenv                 00000001800bf188     LIBCMTD:crt0dat.obj
 0003:0000c190       __initenv                  00000001800bf190     LIBCMTD:crt0dat.obj
 0003:0000c19c       __argc                     00000001800bf19c     LIBCMTD:crt0dat.obj
 0003:0000c1a0       __argv                     00000001800bf1a0     LIBCMTD:crt0dat.obj
 0003:0000c1a8       __wargv                    00000001800bf1a8     LIBCMTD:crt0dat.obj
 0003:0000c1b0       _environ                   00000001800bf1b0     LIBCMTD:crt0dat.obj
 0003:0000c1b8       _wenviron                  00000001800bf1b8     LIBCMTD:crt0dat.obj
 0003:0000c1c0       _pgmptr                    00000001800bf1c0     LIBCMTD:crt0dat.obj
 0003:0000c1c8       _wpgmptr                   00000001800bf1c8     LIBCMTD:crt0dat.obj
 0003:0000c1d0       __pInvalidArgHandler       00000001800bf1d0     LIBCMTD:invarg.obj
 0003:0000c1d8       _cflush                    00000001800bf1d8     LIBCMTD:_file.obj
 0003:0000c1e8       __fastflag                 00000001800bf1e8     LIBCMTD:fpinit.obj
 0003:0000c1f8       _aenvptr                   00000001800bf1f8     LIBCMTD:dllcrt0.obj
 0003:0000c200       _wenvptr                   00000001800bf200     LIBCMTD:dllcrt0.obj
 0003:0000c468       ?_pnhHeap@@3P6AH_K@ZEA     00000001800bf468     LIBCMTD:handler.obj
 0003:0000c470       __crtDebugCheckCount       00000001800bf470     LIBCMTD:dbgheap.obj
 0003:0000c478       ?_pfnDumpClient@@3P6AXPEAX_K@ZEA 00000001800bf478     LIBCMTD:dbgheap.obj
 0003:0000c4b0       __app_type                 00000001800bf4b0     LIBCMTD:crt0msg.obj
 0003:0000cae8       ?__pInconsistency@@3P6AXXZEA 00000001800bfae8     LIBCMTD:hooks.obj
 0003:0000caf0       __pPurecall                00000001800bfaf0     LIBCMTD:inithelp.obj
 0003:0000cb28       __mblocalename             00000001800bfb28     LIBCMTD:mbctype.obj
 0003:0000cb30       __mbcodepage               00000001800bfb30     LIBCMTD:mbctype.obj
 0003:0000cb34       __ismbcodepage             00000001800bfb34     LIBCMTD:mbctype.obj
 0003:0000cb38       __mbulinfo                 00000001800bfb38     LIBCMTD:mbctype.obj
 0003:0000cb48       _stdbuf                    00000001800bfb48     LIBCMTD:_sftbuf.obj
 0003:0000cb58       __favor                    00000001800bfb58     LIBCMTD:cpu_disp.obj
 0003:0000cb5c       _newmode                   00000001800bfb5c     LIBCMTD:_newmode.obj
 0003:0000d100       __error_mode               00000001800c0100     LIBCMTD:errmode.obj
 0003:0000d108       __ioInitOnce               00000001800c0108     LIBCMTD:ioinit.obj
 0003:0000d120       __locale_changed           00000001800c0120     LIBCMTD:wsetloca.obj
 0003:0000d128       _crtheap                   00000001800c0128     LIBCMTD:heapinit.obj
 0003:0000d238       ?pArgList@UnDecorator@@0PEAVReplicator@@EA 00000001800c0238     LIBCMTD:undname.obj
 0003:0000d240       ?pZNameList@UnDecorator@@0PEAVReplicator@@EA 00000001800c0240     LIBCMTD:undname.obj
 0003:0000d248       ?pTemplateArgList@UnDecorator@@0PEAVReplicator@@EA 00000001800c0248     LIBCMTD:undname.obj
 0003:0000d250       ?gName@UnDecorator@@0PEBDEB 00000001800c0250     LIBCMTD:undname.obj
 0003:0000d258       ?name@UnDecorator@@0PEBDEB 00000001800c0258     LIBCMTD:undname.obj
 0003:0000d260       ?outputString@UnDecorator@@0PEADEA 00000001800c0260     LIBCMTD:undname.obj
 0003:0000d268       ?maxStringLength@UnDecorator@@0HA 00000001800c0268     LIBCMTD:undname.obj
 0003:0000d26c       ?disableFlags@UnDecorator@@0KA 00000001800c026c     LIBCMTD:undname.obj
 0003:0000d270       ?fExplicitTemplateParams@UnDecorator@@0_NA 00000001800c0270     LIBCMTD:undname.obj
 0003:0000d271       ?fGetTemplateArgumentList@UnDecorator@@0_NA 00000001800c0271     LIBCMTD:undname.obj
 0003:0000d278       ?m_pGetParameter@UnDecorator@@0P6APEADJ@ZEA 00000001800c0278     LIBCMTD:undname.obj
 0003:0000d300       ?nodes@?1??make@DNameStatusNode@@SAPEAV2@W4DNameStatus@@@Z@4PAV2@A 00000001800c0300     LIBCMTD:undname.obj
 0003:0000d340       ??_B?1??make@DNameStatusNode@@SAPEAV1@W4DNameStatus@@@Z@51 00000001800c0340     LIBCMTD:undname.obj
 0003:0000d344       __lconv_static_null        00000001800c0344     LIBCMTD:lconv.obj
 0003:0000d348       __lconv_static_W_null      00000001800c0348     LIBCMTD:lconv.obj
 0003:0000d34c       _outputformat              00000001800c034c     LIBCMTD:outputformat.obj
 0003:0000d350       __unguarded_readlc_active  00000001800c0350     <common>
 0003:0000d360       __setlc_active             00000001800c0360     <common>
 0003:0000d364       _nhandle                   00000001800c0364     <common>
 0003:0000d3e0       __pioinfo                  00000001800c03e0     <common>
 0003:0000d5e0       _pReportHookListW          00000001800c05e0     <common>
 0003:0000d5f8       _pReportHookList           00000001800c05f8     <common>
 0003:0000d600       _pfnReportHook             00000001800c0600     <common>
 0003:0000d608       _debugger_hook_dummy       00000001800c0608     <common>
 0003:0000d618       _acmdln                    00000001800c0618     <common>
 0003:0000d640       _bufin                     00000001800c0640     <common>
 0003:0000e980       __piob                     00000001800c1980     <common>
 0003:0000e988       _nstream                   00000001800c1988     <common>
 0003:0000e990       __dyn_tls_init_callback    00000001800c1990     <common>
 0003:0000e9a8       __onexitend                00000001800c19a8     <common>
 0003:0000e9b0       __onexitbegin              00000001800c19b0     <common>
 0003:0000e9b8       __mbctype_initialized      00000001800c19b8     <common>
 0003:0000e9bc       __env_initialized          00000001800c19bc     <common>
 0005:00000000       __IMPORT_DESCRIPTOR_KERNEL32 00000001800c8000     kernel32:KERNEL32.dll
 0005:00000014       __IMPORT_DESCRIPTOR_USER32 00000001800c8014     user32:USER32.dll
 0005:00000028       __NULL_IMPORT_DESCRIPTOR   00000001800c8028     kernel32:KERNEL32.dll
 0005:00000440       __imp_GetCurrentProcess    00000001800c8440     kernel32:KERNEL32.dll
 0005:00000448       __imp_GetCurrentThread     00000001800c8448     kernel32:KERNEL32.dll
 0005:00000450       __imp_SetThreadPriority    00000001800c8450     kernel32:KERNEL32.dll
 0005:00000458       __imp_SetProcessAffinityMask 00000001800c8458     kernel32:KERNEL32.dll
 0005:00000460       __imp_CloseHandle          00000001800c8460     kernel32:KERNEL32.dll
 0005:00000468       __imp_SetStdHandle         00000001800c8468     kernel32:KERNEL32.dll
 0005:00000470       __imp_EnterCriticalSection 00000001800c8470     kernel32:KERNEL32.dll
 0005:00000478       __imp_LeaveCriticalSection 00000001800c8478     kernel32:KERNEL32.dll
 0005:00000480       __imp_InitializeCriticalSectionEx 00000001800c8480     kernel32:KERNEL32.dll
 0005:00000488       __imp_DeleteCriticalSection 00000001800c8488     kernel32:KERNEL32.dll
 0005:00000490       __imp_Sleep                00000001800c8490     kernel32:KERNEL32.dll
 0005:00000498       __imp_EncodePointer        00000001800c8498     kernel32:KERNEL32.dll
 0005:000004a0       __imp_DecodePointer        00000001800c84a0     kernel32:KERNEL32.dll
 0005:000004a8       __imp_GetLastError         00000001800c84a8     kernel32:KERNEL32.dll
 0005:000004b0       __imp_ExitProcess          00000001800c84b0     kernel32:KERNEL32.dll
 0005:000004b8       __imp_GetModuleHandleExW   00000001800c84b8     kernel32:KERNEL32.dll
 0005:000004c0       __imp_GetProcAddress       00000001800c84c0     kernel32:KERNEL32.dll
 0005:000004c8       __imp_AreFileApisANSI      00000001800c84c8     kernel32:KERNEL32.dll
 0005:000004d0       __imp_MultiByteToWideChar  00000001800c84d0     kernel32:KERNEL32.dll
 0005:000004d8       __imp_IsDebuggerPresent    00000001800c84d8     kernel32:KERNEL32.dll
 0005:000004e0       __imp_IsProcessorFeaturePresent 00000001800c84e0     kernel32:KERNEL32.dll
 0005:000004e8       __imp_GetModuleFileNameW   00000001800c84e8     kernel32:KERNEL32.dll
 0005:000004f0       __imp_GetStdHandle         00000001800c84f0     kernel32:KERNEL32.dll
 0005:000004f8       __imp_GetFileType          00000001800c84f8     kernel32:KERNEL32.dll
 0005:00000500       __imp_WriteConsoleW        00000001800c8500     kernel32:KERNEL32.dll
 0005:00000508       __imp_GetCommandLineA      00000001800c8508     kernel32:KERNEL32.dll
 0005:00000510       __imp_GetCurrentThreadId   00000001800c8510     kernel32:KERNEL32.dll
 0005:00000518       __imp_InitializeCriticalSectionAndSpinCount 00000001800c8518     kernel32:KERNEL32.dll
 0005:00000520       __imp_FatalAppExitA        00000001800c8520     kernel32:KERNEL32.dll
 0005:00000528       __imp_RtlPcToFileHeader    00000001800c8528     kernel32:KERNEL32.dll
 0005:00000530       __imp_RaiseException       00000001800c8530     kernel32:KERNEL32.dll
 0005:00000538       __imp_RtlLookupFunctionEntry 00000001800c8538     kernel32:KERNEL32.dll
 0005:00000540       __imp_RtlUnwindEx          00000001800c8540     kernel32:KERNEL32.dll
 0005:00000548       __imp_HeapSize             00000001800c8548     kernel32:KERNEL32.dll
 0005:00000550       __imp_HeapValidate         00000001800c8550     kernel32:KERNEL32.dll
 0005:00000558       __imp_GetSystemInfo        00000001800c8558     kernel32:KERNEL32.dll
 0005:00000560       __imp_RtlCaptureContext    00000001800c8560     kernel32:KERNEL32.dll
 0005:00000568       __imp_RtlVirtualUnwind     00000001800c8568     kernel32:KERNEL32.dll
 0005:00000570       __imp_UnhandledExceptionFilter 00000001800c8570     kernel32:KERNEL32.dll
 0005:00000578       __imp_SetUnhandledExceptionFilter 00000001800c8578     kernel32:KERNEL32.dll
 0005:00000580       __imp_FlsAlloc             00000001800c8580     kernel32:KERNEL32.dll
 0005:00000588       __imp_FlsGetValue          00000001800c8588     kernel32:KERNEL32.dll
 0005:00000590       __imp_FlsSetValue          00000001800c8590     kernel32:KERNEL32.dll
 0005:00000598       __imp_FlsFree              00000001800c8598     kernel32:KERNEL32.dll
 0005:000005a0       __imp_TerminateProcess     00000001800c85a0     kernel32:KERNEL32.dll
 0005:000005a8       __imp_GetStartupInfoW      00000001800c85a8     kernel32:KERNEL32.dll
 0005:000005b0       __imp_GetModuleHandleW     00000001800c85b0     kernel32:KERNEL32.dll
 0005:000005b8       __imp_WriteFile            00000001800c85b8     kernel32:KERNEL32.dll
 0005:000005c0       __imp_FreeLibrary          00000001800c85c0     kernel32:KERNEL32.dll
 0005:000005c8       __imp_LoadLibraryExW       00000001800c85c8     kernel32:KERNEL32.dll
 0005:000005d0       __imp_SetConsoleCtrlHandler 00000001800c85d0     kernel32:KERNEL32.dll
 0005:000005d8       __imp_IsValidCodePage      00000001800c85d8     kernel32:KERNEL32.dll
 0005:000005e0       __imp_GetACP               00000001800c85e0     kernel32:KERNEL32.dll
 0005:000005e8       __imp_GetOEMCP             00000001800c85e8     kernel32:KERNEL32.dll
 0005:000005f0       __imp_GetCPInfo            00000001800c85f0     kernel32:KERNEL32.dll
 0005:000005f8       __imp_OutputDebugStringW   00000001800c85f8     kernel32:KERNEL32.dll
 0005:00000600       __imp_WaitForSingleObjectEx 00000001800c8600     kernel32:KERNEL32.dll
 0005:00000608       __imp_CreateThread         00000001800c8608     kernel32:KERNEL32.dll
 0005:00000610       __imp_LoadLibraryW         00000001800c8610     kernel32:KERNEL32.dll
 0005:00000618       __imp_OutputDebugStringA   00000001800c8618     kernel32:KERNEL32.dll
 0005:00000620       __imp_InitOnceExecuteOnce  00000001800c8620     kernel32:KERNEL32.dll
 0005:00000628       __imp_SetLastError         00000001800c8628     kernel32:KERNEL32.dll
 0005:00000630       __imp_WideCharToMultiByte  00000001800c8630     kernel32:KERNEL32.dll
 0005:00000638       __imp_GetProcessHeap       00000001800c8638     kernel32:KERNEL32.dll
 0005:00000640       __imp_GetModuleFileNameA   00000001800c8640     kernel32:KERNEL32.dll
 0005:00000648       __imp_QueryPerformanceCounter 00000001800c8648     kernel32:KERNEL32.dll
 0005:00000650       __imp_GetSystemTimeAsFileTime 00000001800c8650     kernel32:KERNEL32.dll
 0005:00000658       __imp_GetTickCount64       00000001800c8658     kernel32:KERNEL32.dll
 0005:00000660       __imp_GetEnvironmentStringsW 00000001800c8660     kernel32:KERNEL32.dll
 0005:00000668       __imp_FreeEnvironmentStringsW 00000001800c8668     kernel32:KERNEL32.dll
 0005:00000670       __imp_GetConsoleCP         00000001800c8670     kernel32:KERNEL32.dll
 0005:00000678       __imp_GetConsoleMode       00000001800c8678     kernel32:KERNEL32.dll
 0005:00000680       __imp_SetFilePointerEx     00000001800c8680     kernel32:KERNEL32.dll
 0005:00000688       __imp_HeapFree             00000001800c8688     kernel32:KERNEL32.dll
 0005:00000690       __imp_HeapReAlloc          00000001800c8690     kernel32:KERNEL32.dll
 0005:00000698       __imp_HeapQueryInformation 00000001800c8698     kernel32:KERNEL32.dll
 0005:000006a0       __imp_HeapAlloc            00000001800c86a0     kernel32:KERNEL32.dll
 0005:000006a8       __imp_GetTimeFormatEx      00000001800c86a8     kernel32:KERNEL32.dll
 0005:000006b0       __imp_GetDateFormatEx      00000001800c86b0     kernel32:KERNEL32.dll
 0005:000006b8       __imp_CompareStringEx      00000001800c86b8     kernel32:KERNEL32.dll
 0005:000006c0       __imp_GetLocaleInfoEx      00000001800c86c0     kernel32:KERNEL32.dll
 0005:000006c8       __imp_GetUserDefaultLocaleName 00000001800c86c8     kernel32:KERNEL32.dll
 0005:000006d0       __imp_LCMapStringEx        00000001800c86d0     kernel32:KERNEL32.dll
 0005:000006d8       __imp_IsValidLocaleName    00000001800c86d8     kernel32:KERNEL32.dll
 0005:000006e0       __imp_EnumSystemLocalesEx  00000001800c86e0     kernel32:KERNEL32.dll
 0005:000006e8       __imp_GetStringTypeW       00000001800c86e8     kernel32:KERNEL32.dll
 0005:000006f0       __imp_FlushFileBuffers     00000001800c86f0     kernel32:KERNEL32.dll
 0005:000006f8       __imp_CreateFileW          00000001800c86f8     kernel32:KERNEL32.dll
 0005:00000700       \177KERNEL32_NULL_THUNK_DATA 00000001800c8700     kernel32:KERNEL32.dll
 0005:000007e0       __imp_MessageBoxA          00000001800c87e0     user32:USER32.dll
 0005:000007e8       \177USER32_NULL_THUNK_DATA 00000001800c87e8     user32:USER32.dll

 entry point at        0001:00027120

