 utilities

 Timestamp is 52fd9b90 (Thu Feb 13 20:29:04 2014)

 Preferred load address is 0000000180000000

 Start         Length     Name                   Class
 0001:00000000 0008e531H .text                   CODE
 0001:0008e540 000021a1H .text$x                 CODE
 0001:000906f0 000013fcH .text$yc                CODE
 0001:00091af0 0000113cH .text$yd                CODE
 0002:00000000 00000109H .CRT$XCA                DATA
 0002:00000110 00000109H .CRT$XCC                DATA
 0002:00000220 000001c9H .CRT$XCU                DATA
 0002:000003f0 00000109H .CRT$XCZ                DATA
 0002:00000500 00000109H .CRT$XIA                DATA
 0002:00000610 00000126H .CRT$XIC                DATA
 0002:00000738 00000109H .CRT$XIZ                DATA
 0002:00000848 00000109H .CRT$XPA                DATA
 0002:00000958 00000113H .CRT$XPX                DATA
 0002:00000a70 00000109H .CRT$XPXA               DATA
 0002:00000b80 00000109H .CRT$XPZ                DATA
 0002:00000c90 00000109H .CRT$XTA                DATA
 0002:00000da0 00000109H .CRT$XTZ                DATA
 0002:00000eb0 00015e99H .rdata                  DATA
 0002:00016d4c 0000017cH .rdata$debug            DATA
 0002:00016ec8 000012efH .rdata$r                DATA
 0002:000181b8 00000109H .rtc$IAA                DATA
 0002:000182c8 00000109H .rtc$IZZ                DATA
 0002:000183d8 00000109H .rtc$TAA                DATA
 0002:000184e8 00000109H .rtc$TZZ                DATA
 0002:000185f8 00005c63H .xdata                  DATA
 0002:0001e260 00000598H .xdata$x                DATA
 0002:0001e800 00000dc2H .edata                  DATA
 0003:00000000 00002434H .data                   DATA
 0003:00002440 0000c5acH .bss                    DATA
 0004:00000000 00004e0cH .pdata                  DATA
 0005:00000000 00000028H .idata$2                DATA
 0005:00000028 00000014H .idata$3                DATA
 0005:00000040 00000400H .idata$4                DATA
 0005:00000440 00000400H .idata$5                DATA
 0005:00000840 0000085fH .idata$6                DATA

  Address         Publics by Value              Rva+Base               Lib:Object

 0000:00000000       ___safe_se_handler_table   0000000000000000     <absolute>
 0000:00000000       ___safe_se_handler_count   0000000000000000     <absolute>
 0000:00000000       __ImageBase                0000000180000000     <linker-defined>
 0001:00001540       ??4InterfaceElement@@QEAAAEAV0@AEBV0@@Z 0000000180002540 f i allhead.obj
 0001:00001580       ??4InterfaceRegistration@@QEAAAEAV0@AEBV0@@Z 0000000180002580 f i allhead.obj
 0001:00001590       MessageBoxWIN              0000000180002590 f   debug.obj
 0001:000015a0       ?SetFromString@Variant@Utility@@QEAAXPEBD@Z 00000001800025a0 f   variant.obj
 0001:000015b0       ?ToString@Variant@Utility@@QEBAPEBDXZ 00000001800025b0 f   variant.obj
 0001:000015c0       ??$DataMapInit@VCDataMappable@@@@YAPEAUdatamap_t@@PEAVCDataMappable@@@Z 00000001800025c0 f   data_mappable.obj
 0001:00001600       ?GetBaseMap@CDataMappable@@SAPEAUdatamap_t@@XZ 0000000180002600 f   data_mappable.obj
 0001:00001610       ??$vsnprintf_s@$0EAA@@@YAHAEAY0EAA@D_KPEBDPEAD@Z 0000000180002610 f i data_networkpack.obj
 0001:00001640       ??0DataBuffer@DataPacking@@AEAA@AEBV01@@Z 0000000180002640 f i data_networkpack.obj
 0001:00001650       ??0NetworkPackage@DataPacking@@QEAA@XZ 0000000180002650 f i data_networkpack.obj
 0001:00001660       ??1NetworkPackage@DataPacking@@QEAA@XZ 0000000180002660 f i data_networkpack.obj
 0001:000016a0       ??4NetworkPackage@DataPacking@@QEAAAEAV01@AEBV01@@Z 00000001800026a0 f i data_networkpack.obj
 0001:000016b0       ??_FDataBuffer@DataPacking@@QEAAXXZ 00000001800026b0 f i data_networkpack.obj
 0001:000016c0       ??_GDataBuffer@DataPacking@@QEAAPEAXI@Z 00000001800026c0 f i data_networkpack.obj
 0001:00001700       ?GetBlockGrowth@DataBuffer@DataPacking@@QEBAHXZ 0000000180002700 f i data_networkpack.obj
 0001:00001710       ?GetDataSize@@YA_KW4data_types@@@Z 0000000180002710 f i data_networkpack.obj
 0001:00001770       ?GetError@DataBuffer@DataPacking@@QEAA?AW4buffer_error@12@XZ 0000000180002770 f i data_networkpack.obj
 0001:00001860       ?PackageMappables@NetworkPackage@DataPacking@@QEAAPEAVDataBuffer@2@QEAPEAVCDataMappable@@I@Z 0000000180002860 f   data_networkpack.obj
 0001:00001940       ?SetBlockGrowth@DataBuffer@DataPacking@@QEAAXI@Z 0000000180002940 f i data_networkpack.obj
 0001:000019b0       ?WriteDataMaps@NetworkPackage@DataPacking@@QEAAXPEAVCDataMappable@@@Z 00000001800029b0 f   data_networkpack.obj
 0001:00001bb0       ?WriteObject@NetworkPackage@DataPacking@@QEAAXPEAVCDataMappable@@PEAUobjdesc_t@@@Z 0000000180002bb0 f   data_networkpack.obj
 0001:00001d00       ?WriteTypeFromClass@NetworkPackage@DataPacking@@QEAAXPEAVCDataMappable@@PEAUobjdesc_t@@PEAE@Z 0000000180002d00 f   data_networkpack.obj
 0001:00001dc0       ?c99_snprintf@@YAHPEAD_KPEBDZZ 0000000180002dc0 f i data_networkpack.obj
 0001:00001e20       ?c99_vsnprintf@@YAHPEAD_KPEBD0@Z 0000000180002e20 f i data_networkpack.obj
 0001:00001e80       ?num_networked_obj@@YAHPEAUdatamap_t@@@Z 0000000180002e80 f i data_networkpack.obj
 0001:00001ed0       ??0NetworkUnpackage@DataPacking@@QEAA@PEAVDataBuffer@1@@Z 0000000180002ed0 f i data_networkunpack.obj
 0001:00001ee0       ??4NetworkUnpackage@DataPacking@@QEAAAEAV01@AEBV01@@Z 0000000180002ee0 f i data_networkunpack.obj
 0001:00001fd0       ?UnpackToMappables@NetworkUnpackage@DataPacking@@QEAAXQEAPEAVCDataMappable@@I@Z 0000000180002fd0 f   data_networkunpack.obj
 0001:000020e0       ?WriteToMappable@NetworkUnpackage@DataPacking@@QEAAXPEAPEAVCDataMappable@@I@Z 00000001800030e0 f   data_networkunpack.obj
 0001:00002130       ??0DataBuffer@DataPacking@@QEAA@II@Z 0000000180003130 f   data_pack.obj
 0001:00002220       ??0DataBuffer@DataPacking@@QEAA@PEBV01@@Z 0000000180003220 f   data_pack.obj
 0001:000023f0       ??1DataBuffer@DataPacking@@QEAA@XZ 00000001800033f0 f   data_pack.obj
 0001:00002440       ??4DataBuffer@DataPacking@@QEAAAEAV01@AEBV01@@Z 0000000180003440 f   data_pack.obj
 0001:00002530       ?CreateBlock@DataBuffer@DataPacking@@AEAAPEAUdata_block@12@PEBDI@Z 0000000180003530 f   data_pack.obj
 0001:00002660       ?CreateBuffer@DataBuffer@DataPacking@@QEAAPEAEI@Z 0000000180003660 f   data_pack.obj
 0001:000026d0       ?EndWritting@DataBuffer@DataPacking@@QEAAXXZ 00000001800036d0 f   data_pack.obj
 0001:000027f0       ?ReadFromBlock@DataBuffer@DataPacking@@QEAAPEAEII@Z 00000001800037f0 f   data_pack.obj
 0001:000028b0       ?ResizeBlockData@DataBuffer@DataPacking@@QEAA_NI@Z 00000001800038b0 f   data_pack.obj
 0001:00002930       ?ResizeBufferData@DataBuffer@DataPacking@@QEAA_NI@Z 0000000180003930 f   data_pack.obj
 0001:00002a10       ?SetBufferPos@DataBuffer@DataPacking@@QEAA_NI@Z 0000000180003a10 f   data_pack.obj
 0001:00002a30       ?StartWritting@DataBuffer@DataPacking@@QEAA_NPEBD@Z 0000000180003a30 f   data_pack.obj
 0001:00002a80       ?WriteBlock@DataBuffer@DataPacking@@QEAA_NPEBDPEBEI@Z 0000000180003a80 f   data_pack.obj
 0001:00002b20       ?WriteBuffer@DataBuffer@DataPacking@@QEAA_NPEBEI@Z 0000000180003b20 f   data_pack.obj
 0001:00002bc0       ??$?8II@std@@YA_NAEBV?$allocator@I@0@0@Z 0000000180003bc0 f i Bitslice.obj
 0001:00002bd0       ??$?8V?$_Vector_iterator@V?$_Vector_val@U?$_Simple_types@I@std@@@std@@@std@@V01@@std@@YA_NAEBV?$move_iterator@V?$_Vector_iterator@V?$_Vector_val@U?$_Simple_types@I@std@@@std@@@std@@@0@0@Z 0000000180003bd0 f i Bitslice.obj
 0001:00002be0       ??$?8V?$allocator@I@std@@V01@@std@@YA_NAEBU?$_Wrap_alloc@V?$allocator@I@std@@@0@0@Z 0000000180003be0 f i Bitslice.obj
 0001:00002bf0       ??$?9V?$_Vector_iterator@V?$_Vector_val@U?$_Simple_types@I@std@@@std@@@std@@V01@@std@@YA_NAEBV?$move_iterator@V?$_Vector_iterator@V?$_Vector_val@U?$_Simple_types@I@std@@@std@@@std@@@0@0@Z 0000000180003bf0 f i Bitslice.obj
 0001:00002c10       ??$?9V?$allocator@I@std@@V01@@std@@YA_NAEBU?$_Wrap_alloc@V?$allocator@I@std@@@0@0@Z 0000000180003c10 f i Bitslice.obj
 0001:00002c20       ??$?GV?$_Vector_iterator@V?$_Vector_val@U?$_Simple_types@I@std@@@std@@@std@@V01@@std@@YA_JAEAV?$move_iterator@V?$_Vector_iterator@V?$_Vector_val@U?$_Simple_types@I@std@@@std@@@std@@@0@AEBV10@@Z 0000000180003c20 f i Bitslice.obj
 0001:00003120       ??$?MV?$_Vector_iterator@V?$_Vector_val@U?$_Simple_types@I@std@@@std@@@std@@V01@@std@@YA_NAEBV?$move_iterator@V?$_Vector_iterator@V?$_Vector_val@U?$_Simple_types@I@std@@@std@@@std@@@0@0@Z 0000000180004120 f i Bitslice.obj
 0001:00003130       ??$Bitslice@I@@YAXAEAV?$vector@IV?$allocator@I@std@@@std@@AEAV?$vector@V?$vector@IV?$allocator@I@std@@@std@@V?$allocator@V?$vector@IV?$allocator@I@std@@@std@@@2@@1@@Z 0000000180004130 f i Bitslice.obj
 0001:00003530       ??$_Advance@PEAI_J@std@@YAXAEAPEAI_JUrandom_access_iterator_tag@0@@Z 0000000180004530 f i Bitslice.obj
 0001:00003540       ??$_Allocate@H@std@@YAPEAH_KPEAH@Z 0000000180004540 f i Bitslice.obj
 0001:00003590       ??$_Allocate@I@std@@YAPEAI_KPEAI@Z 0000000180004590 f i Bitslice.obj
 0001:000035e0       ??$_Allocate@U_Container_proxy@std@@@std@@YAPEAU_Container_proxy@0@_KPEAU10@@Z 00000001800045e0 f i Bitslice.obj
 0001:00003620       ??$_Allocate@V?$vector@IV?$allocator@I@std@@@std@@@std@@YAPEAV?$vector@IV?$allocator@I@std@@@0@_KPEAV10@@Z 0000000180004620 f i Bitslice.obj
 0001:00003660       ??$_Copy_backward@PEAIPEAI@std@@YAPEAIPEAI00@Z 0000000180004660 f i Bitslice.obj
 0001:000036a0       ??$_Copy_backward@PEAIPEAI@std@@YAPEAIPEAI00U_Scalar_ptr_iterator_tag@0@@Z 00000001800046a0 f i Bitslice.obj
 0001:000036e0       ??$_Debug_pointer@I@std@@YAXPEAIPEB_WI@Z 00000001800046e0 f i Bitslice.obj
 0001:00003700       ??$_Debug_pointer@V?$move_iterator@V?$_Vector_iterator@V?$_Vector_val@U?$_Simple_types@I@std@@@std@@@std@@@std@@@std@@YAXAEAV?$move_iterator@V?$_Vector_iterator@V?$_Vector_val@U?$_Simple_types@I@std@@@std@@@std@@@0@PEB_WI@Z 0000000180004700 f i Bitslice.obj
 0001:00003710       ??$_Debug_pointer@V?$vector@IV?$allocator@I@std@@@std@@@std@@YAXPEAV?$vector@IV?$allocator@I@std@@@0@PEB_WI@Z 0000000180004710 f i Bitslice.obj
 0001:00003730       ??$_Debug_range2@PEAI@std@@YAXPEAI0PEB_WIUrandom_access_iterator_tag@0@@Z 0000000180004730 f i Bitslice.obj
 0001:000037d0       ??$_Debug_range2@PEAV?$vector@IV?$allocator@I@std@@@std@@@std@@YAXPEAV?$vector@IV?$allocator@I@std@@@0@0PEB_WIUrandom_access_iterator_tag@0@@Z 00000001800047d0 f i Bitslice.obj
 0001:00003870       ??$_Debug_range2@V?$move_iterator@V?$_Vector_iterator@V?$_Vector_val@U?$_Simple_types@I@std@@@std@@@std@@@std@@@std@@YAXV?$move_iterator@V?$_Vector_iterator@V?$_Vector_val@U?$_Simple_types@I@std@@@std@@@std@@@0@0PEB_WIUrandom_access_iterator_tag@0@@Z 0000000180004870 f i Bitslice.obj
 0001:00003940       ??$_Debug_range@PEAI@std@@YAXPEAI0PEB_WI@Z 0000000180004940 f i Bitslice.obj
 0001:00003960       ??$_Debug_range@PEAV?$vector@IV?$allocator@I@std@@@std@@@std@@YAXPEAV?$vector@IV?$allocator@I@std@@@0@0PEB_WI@Z 0000000180004960 f i Bitslice.obj
 0001:00003980       ??$_Debug_range@V?$move_iterator@V?$_Vector_iterator@V?$_Vector_val@U?$_Simple_types@I@std@@@std@@@std@@@std@@@std@@YAXV?$move_iterator@V?$_Vector_iterator@V?$_Vector_val@U?$_Simple_types@I@std@@@std@@@std@@@0@0PEB_WI@Z 0000000180004980 f i Bitslice.obj
 0001:00003ac0       ??$_Destroy_range@U?$_Wrap_alloc@V?$allocator@H@std@@@std@@@std@@YAXPEAH0AEAU?$_Wrap_alloc@V?$allocator@H@std@@@0@@Z 0000000180004ac0 f i Bitslice.obj
 0001:00003ad0       ??$_Destroy_range@U?$_Wrap_alloc@V?$allocator@H@std@@@std@@@std@@YAXPEAH0AEAU?$_Wrap_alloc@V?$allocator@H@std@@@0@U_Scalar_ptr_iterator_tag@0@@Z 0000000180004ad0 f i Bitslice.obj
 0001:00003ae0       ??$_Destroy_range@U?$_Wrap_alloc@V?$allocator@I@std@@@std@@@std@@YAXPEAI0AEAU?$_Wrap_alloc@V?$allocator@I@std@@@0@@Z 0000000180004ae0 f i Bitslice.obj
 0001:00003af0       ??$_Destroy_range@U?$_Wrap_alloc@V?$allocator@I@std@@@std@@@std@@YAXPEAI0AEAU?$_Wrap_alloc@V?$allocator@I@std@@@0@U_Scalar_ptr_iterator_tag@0@@Z 0000000180004af0 f i Bitslice.obj
 0001:00003b00       ??$_Destroy_range@U?$_Wrap_alloc@V?$allocator@V?$vector@IV?$allocator@I@std@@@std@@@std@@@std@@@std@@YAXPEAV?$vector@IV?$allocator@I@std@@@0@0AEAU?$_Wrap_alloc@V?$allocator@V?$vector@IV?$allocator@I@std@@@std@@@std@@@0@@Z 0000000180004b00 f i Bitslice.obj
 0001:00003b40       ??$_Destroy_range@U?$_Wrap_alloc@V?$allocator@V?$vector@IV?$allocator@I@std@@@std@@@std@@@std@@@std@@YAXPEAV?$vector@IV?$allocator@I@std@@@0@0AEAU?$_Wrap_alloc@V?$allocator@V?$vector@IV?$allocator@I@std@@@std@@@std@@@0@U_Nonscalar_ptr_iterator_tag@0@@Z 0000000180004b40 f i Bitslice.obj
 0001:00003b80       ??$_Dist_type@PEAI@std@@YAPEA_JPEAI@Z 0000000180004b80 f i Bitslice.obj
 0001:00003b90       ??$_Distance2@PEAI_J@std@@YAXPEAI0AEA_JUrandom_access_iterator_tag@0@@Z 0000000180004b90 f i Bitslice.obj
 0001:00003c20       ??$_Distance2@V?$move_iterator@V?$_Vector_iterator@V?$_Vector_val@U?$_Simple_types@I@std@@@std@@@std@@@std@@_K@std@@YAXV?$move_iterator@V?$_Vector_iterator@V?$_Vector_val@U?$_Simple_types@I@std@@@std@@@std@@@0@0AEA_KUrandom_access_iterator_tag@0@@Z 0000000180004c20 f i Bitslice.obj
 0001:00003cc0       ??$_Distance@V?$move_iterator@V?$_Vector_iterator@V?$_Vector_val@U?$_Simple_types@I@std@@@std@@@std@@@std@@_K@std@@YAXV?$move_iterator@V?$_Vector_iterator@V?$_Vector_val@U?$_Simple_types@I@std@@@std@@@std@@@0@0AEA_K@Z 0000000180004cc0 f i Bitslice.obj
 0001:00003de0       ??$_Equal@V?$_Vector_iterator@V?$_Vector_val@U?$_Simple_types@I@std@@@std@@@std@@@?$move_iterator@V?$_Vector_iterator@V?$_Vector_val@U?$_Simple_types@I@std@@@std@@@std@@@std@@QEBA_NAEBV01@@Z 0000000180004de0 f i Bitslice.obj
 0001:000040f0       ??$_Fill@PEAII@std@@YAXPEAI0AEBI@Z 00000001800050f0 f i Bitslice.obj
 0001:00004120       ??$_Fill_n@PEAH_KH@std@@YAPEAHPEAH_KAEBH@Z 0000000180005120 f i Bitslice.obj
 0001:00004150       ??$_Fill_n@PEAI_KI@std@@YAPEAIPEAI_KAEBI@Z 0000000180005150 f i Bitslice.obj
 0001:00004180       ??$_Insert@V?$move_iterator@V?$_Vector_iterator@V?$_Vector_val@U?$_Simple_types@I@std@@@std@@@std@@@std@@@?$vector@IV?$allocator@I@std@@@std@@QEAAXV?$_Vector_const_iterator@V?$_Vector_val@U?$_Simple_types@I@std@@@std@@@1@V?$move_iterator@V?$_Vector_iterator@V?$_Vector_val@U?$_Simple_types@I@std@@@std@@@std@@@1@1Uforward_iterator_tag@1@@Z 0000000180005180 f i Bitslice.obj
 0001:00004650       ??$_Iter_cat@PEAI@std@@YA?AUrandom_access_iterator_tag@0@AEBQEAI@Z 0000000180005650 f i Bitslice.obj
 0001:00004660       ??$_Iter_cat@PEAV?$vector@IV?$allocator@I@std@@@std@@@std@@YA?AUrandom_access_iterator_tag@0@AEBQEAV?$vector@IV?$allocator@I@std@@@0@@Z 0000000180005660 f i Bitslice.obj
 0001:00004670       ??$_Iter_cat@V?$move_iterator@V?$_Vector_iterator@V?$_Vector_val@U?$_Simple_types@I@std@@@std@@@std@@@std@@@std@@YA?AUrandom_access_iterator_tag@0@AEBV?$move_iterator@V?$_Vector_iterator@V?$_Vector_val@U?$_Simple_types@I@std@@@std@@@std@@@0@@Z 0000000180005670 f i Bitslice.obj
 0001:00004680       ??$_Less@V?$_Vector_iterator@V?$_Vector_val@U?$_Simple_types@I@std@@@std@@@std@@@?$move_iterator@V?$_Vector_iterator@V?$_Vector_val@U?$_Simple_types@I@std@@@std@@@std@@@std@@QEBA_NAEBV01@@Z 0000000180005680 f i Bitslice.obj
 0001:00004990       ??$_Move@AEAI@std@@YA$$QEAIAEAI@Z 0000000180005990 f i Bitslice.obj
 0001:000049a0       ??$_Move@PEAIPEAI@std@@YAPEAIPEAI00@Z 00000001800059a0 f i Bitslice.obj
 0001:000049f0       ??$_Move@PEAIPEAI@std@@YAPEAIPEAI00U_Scalar_ptr_iterator_tag@0@@Z 00000001800059f0 f i Bitslice.obj
 0001:00004a40       ??$_Move@PEAV?$vector@IV?$allocator@I@std@@@std@@PEAV12@@std@@YAPEAV?$vector@IV?$allocator@I@std@@@0@PEAV10@00@Z 0000000180005a40 f i Bitslice.obj
 0001:00004a50       ??$_Move@PEAV?$vector@IV?$allocator@I@std@@@std@@PEAV12@@std@@YAPEAV?$vector@IV?$allocator@I@std@@@0@PEAV10@00U_Nonscalar_ptr_iterator_tag@0@@Z 0000000180005a50 f i Bitslice.obj
 0001:00004b40       ??$_Ptr_cat@HH@std@@YA?AU_Scalar_ptr_iterator_tag@0@PEAH0@Z 0000000180005b40 f i Bitslice.obj
 0001:00004b50       ??$_Ptr_cat@II@std@@YA?AU_Scalar_ptr_iterator_tag@0@PEAI0@Z 0000000180005b50 f i Bitslice.obj
 0001:00004b60       ??$_Ptr_cat@V?$move_iterator@V?$_Vector_iterator@V?$_Vector_val@U?$_Simple_types@I@std@@@std@@@std@@@std@@PEAI@std@@YA?AU_Nonscalar_ptr_iterator_tag@0@AEAV?$move_iterator@V?$_Vector_iterator@V?$_Vector_val@U?$_Simple_types@I@std@@@std@@@std@@@0@AEAPEAI@Z 0000000180005b60 f i Bitslice.obj
 0001:00004b70       ??$_Ptr_cat@V?$vector@IV?$allocator@I@std@@@std@@V12@@std@@YA?AU_Nonscalar_ptr_iterator_tag@0@PEAV?$vector@IV?$allocator@I@std@@@0@0@Z 0000000180005b70 f i Bitslice.obj
 0001:00004b80       ??$_Rotate@PEAI@std@@YAXPEAI00Urandom_access_iterator_tag@0@@Z 0000000180005b80 f i Bitslice.obj
 0001:00004ba0       ??$_Rotate@PEAI_JI@std@@YAXPEAI00PEA_J0@Z 0000000180005ba0 f i Bitslice.obj
 0001:00004c90       ??$_Ucopy@V?$move_iterator@V?$_Vector_iterator@V?$_Vector_val@U?$_Simple_types@I@std@@@std@@@std@@@std@@@?$vector@IV?$allocator@I@std@@@std@@IEAAPEAIV?$move_iterator@V?$_Vector_iterator@V?$_Vector_val@U?$_Simple_types@I@std@@@std@@@std@@@1@0PEAI@Z 0000000180005c90 f i Bitslice.obj
 0001:00004db0       ??$_Umove@PEAI@?$vector@IV?$allocator@I@std@@@std@@IEAAPEAIPEAI00@Z 0000000180005db0 f i Bitslice.obj
 0001:00004e00       ??$_Umove@PEAV?$vector@IV?$allocator@I@std@@@std@@@?$vector@V?$vector@IV?$allocator@I@std@@@std@@V?$allocator@V?$vector@IV?$allocator@I@std@@@std@@@2@@std@@IEAAPEAV?$vector@IV?$allocator@I@std@@@1@PEAV21@00@Z 0000000180005e00 f i Bitslice.obj
 0001:00004e50       ??$_Unchecked@PEAI@std@@YAPEAIPEAI@Z 0000000180005e50 f i Bitslice.obj
 0001:00004e60       ??$_Uninit_copy@V?$move_iterator@V?$_Vector_iterator@V?$_Vector_val@U?$_Simple_types@I@std@@@std@@@std@@@std@@PEAIV?$allocator@I@2@@std@@YAPEAIV?$move_iterator@V?$_Vector_iterator@V?$_Vector_val@U?$_Simple_types@I@std@@@std@@@std@@@0@0PEAIAEAU?$_Wrap_alloc@V?$allocator@I@std@@@0@U_Nonscalar_ptr_iterator_tag@0@@Z 0000000180005e60 f i Bitslice.obj
 0001:000050a0       ??$_Uninit_def_fill_n@PEAV?$vector@IV?$allocator@I@std@@@std@@_KV?$allocator@V?$vector@IV?$allocator@I@std@@@std@@@2@V12@@std@@YAXPEAV?$vector@IV?$allocator@I@std@@@0@_KAEAU?$_Wrap_alloc@V?$allocator@V?$vector@IV?$allocator@I@std@@@std@@@std@@@0@0U_Nonscalar_ptr_iterator_tag@0@@Z 00000001800060a0 f i Bitslice.obj
 0001:00005130       ??$_Uninit_fill_n@H_KHH@std@@YAXPEAH_KPEBHAEAU?$_Wrap_alloc@V?$allocator@H@std@@@0@0U_Scalar_ptr_iterator_tag@0@@Z 0000000180006130 f i Bitslice.obj
 0001:00005160       ??$_Uninit_fill_n@I_KII@std@@YAXPEAI_KPEBIAEAU?$_Wrap_alloc@V?$allocator@I@std@@@0@0U_Scalar_ptr_iterator_tag@0@@Z 0000000180006160 f i Bitslice.obj
 0001:00005190       ??$_Uninit_move@III@std@@YAPEAIPEAI00AEAU?$_Wrap_alloc@V?$allocator@I@std@@@0@0U_Scalar_ptr_iterator_tag@0@@Z 0000000180006190 f i Bitslice.obj
 0001:00005290       ??$_Uninit_move@PEAV?$vector@IV?$allocator@I@std@@@std@@PEAV12@V?$allocator@V?$vector@IV?$allocator@I@std@@@std@@@2@V12@@std@@YAPEAV?$vector@IV?$allocator@I@std@@@0@PEAV10@00AEAU?$_Wrap_alloc@V?$allocator@V?$vector@IV?$allocator@I@std@@@std@@@std@@@0@0U_Nonscalar_ptr_iterator_tag@0@@Z 0000000180006290 f i Bitslice.obj
 0001:00005460       ??$_Uninitialized_copy@V?$move_iterator@V?$_Vector_iterator@V?$_Vector_val@U?$_Simple_types@I@std@@@std@@@std@@@std@@PEAIU?$_Wrap_alloc@V?$allocator@I@std@@@2@@std@@YAPEAIV?$move_iterator@V?$_Vector_iterator@V?$_Vector_val@U?$_Simple_types@I@std@@@std@@@std@@@0@0PEAIAEAU?$_Wrap_alloc@V?$allocator@I@std@@@0@@Z 0000000180006460 f i Bitslice.obj
 0001:000055a0       ??$_Uninitialized_default_fill_n@PEAV?$vector@IV?$allocator@I@std@@@std@@_KU?$_Wrap_alloc@V?$allocator@V?$vector@IV?$allocator@I@std@@@std@@@std@@@2@@std@@YAXPEAV?$vector@IV?$allocator@I@std@@@0@_KAEAU?$_Wrap_alloc@V?$allocator@V?$vector@IV?$allocator@I@std@@@std@@@std@@@0@@Z 00000001800065a0 f i Bitslice.obj
 0001:00005630       ??$_Uninitialized_fill_n@PEAH_KHU?$_Wrap_alloc@V?$allocator@H@std@@@std@@@std@@YAXPEAH_KPEBHAEAU?$_Wrap_alloc@V?$allocator@H@std@@@0@@Z 0000000180006630 f i Bitslice.obj
 0001:00005660       ??$_Uninitialized_fill_n@PEAI_KIU?$_Wrap_alloc@V?$allocator@I@std@@@std@@@std@@YAXPEAI_KPEBIAEAU?$_Wrap_alloc@V?$allocator@I@std@@@0@@Z 0000000180006660 f i Bitslice.obj
 0001:00005690       ??$_Uninitialized_move@PEAIPEAIU?$_Wrap_alloc@V?$allocator@I@std@@@std@@@std@@YAPEAIPEAI00AEAU?$_Wrap_alloc@V?$allocator@I@std@@@0@@Z 0000000180006690 f i Bitslice.obj
 0001:000056c0       ??$_Uninitialized_move@PEAV?$vector@IV?$allocator@I@std@@@std@@PEAV12@U?$_Wrap_alloc@V?$allocator@V?$vector@IV?$allocator@I@std@@@std@@@std@@@2@@std@@YAPEAV?$vector@IV?$allocator@I@std@@@0@PEAV10@00AEAU?$_Wrap_alloc@V?$allocator@V?$vector@IV?$allocator@I@std@@@std@@@std@@@0@@Z 00000001800066c0 f i Bitslice.obj
 0001:000056f0       ??$_Val_type@PEAH@std@@YAPEAHPEAH@Z 00000001800066f0 f i Bitslice.obj
 0001:00005700       ??$_Val_type@PEAI@std@@YAPEAIPEAI@Z 0000000180006700 f i Bitslice.obj
 0001:00005710       ??$_Val_type@PEAV?$vector@IV?$allocator@I@std@@@std@@@std@@YAPEAV?$vector@IV?$allocator@I@std@@@0@PEAV10@@Z 0000000180006710 f i Bitslice.obj
 0001:00005720       ??$addressof@$$CBH@std@@YAPEBHAEBH@Z 0000000180006720 f i Bitslice.obj
 0001:00005730       ??$addressof@$$CBI@std@@YAPEBIAEBI@Z 0000000180006730 f i Bitslice.obj
 0001:00005740       ??$addressof@I@std@@YAPEAIAEAI@Z 0000000180006740 f i Bitslice.obj
 0001:00005750       ??$advance@PEAI_J@std@@YAXAEAPEAI_J@Z 0000000180006750 f i Bitslice.obj
 0001:00005760       ??$assign@V?$move_iterator@V?$_Vector_iterator@V?$_Vector_val@U?$_Simple_types@I@std@@@std@@@std@@@std@@@?$vector@IV?$allocator@I@std@@@std@@QEAAXV?$move_iterator@V?$_Vector_iterator@V?$_Vector_val@U?$_Simple_types@I@std@@@std@@@std@@@1@0@Z 0000000180006760 f i Bitslice.obj
 0001:00005e30       ??$construct@II@?$_Wrap_alloc@V?$allocator@I@std@@@std@@QEAAXPEAI$$QEAI@Z 0000000180006e30 f i Bitslice.obj
 0001:00005e40       ??$construct@II@?$allocator@I@std@@QEAAXPEAI$$QEAI@Z 0000000180006e40 f i Bitslice.obj
 0001:00005e50       ??$construct@II@?$allocator_traits@V?$allocator@I@std@@@std@@SAXAEAV?$allocator@I@1@PEAI$$QEAI@Z 0000000180006e50 f i Bitslice.obj
 0001:00005e60       ??$construct@U_Container_proxy@std@@U12@@?$allocator@U_Container_proxy@std@@@std@@QEAAXPEAU_Container_proxy@1@$$QEAU21@@Z 0000000180006e60 f i Bitslice.obj
 0001:00005e80       ??$construct@V?$vector@IV?$allocator@I@std@@@std@@@?$allocator_traits@V?$allocator@V?$vector@IV?$allocator@I@std@@@std@@@std@@@std@@SAXAEAV?$allocator@V?$vector@IV?$allocator@I@std@@@std@@@1@PEAV?$vector@IV?$allocator@I@std@@@1@@Z 0000000180006e80 f i Bitslice.obj
 0001:00005ef0       ??$construct@V?$vector@IV?$allocator@I@std@@@std@@V12@@?$_Wrap_alloc@V?$allocator@V?$vector@IV?$allocator@I@std@@@std@@@std@@@std@@QEAAXPEAV?$vector@IV?$allocator@I@std@@@1@$$QEAV21@@Z 0000000180006ef0 f i Bitslice.obj
 0001:00005f80       ??$construct@V?$vector@IV?$allocator@I@std@@@std@@V12@@?$allocator@V?$vector@IV?$allocator@I@std@@@std@@@std@@QEAAXPEAV?$vector@IV?$allocator@I@std@@@1@$$QEAV21@@Z 0000000180006f80 f i Bitslice.obj
 0001:00006010       ??$construct@V?$vector@IV?$allocator@I@std@@@std@@V12@@?$allocator_traits@V?$allocator@V?$vector@IV?$allocator@I@std@@@std@@@std@@@std@@SAXAEAV?$allocator@V?$vector@IV?$allocator@I@std@@@std@@@1@PEAV?$vector@IV?$allocator@I@std@@@1@$$QEAV31@@Z 0000000180007010 f i Bitslice.obj
 0001:000060a0       ??$destroy@I@?$_Wrap_alloc@V?$allocator@I@std@@@std@@QEAAXPEAI@Z 00000001800070a0 f i Bitslice.obj
 0001:000060b0       ??$destroy@I@?$allocator@I@std@@QEAAXPEAI@Z 00000001800070b0 f i Bitslice.obj
 0001:000060c0       ??$destroy@I@?$allocator_traits@V?$allocator@I@std@@@std@@SAXAEAV?$allocator@I@1@PEAI@Z 00000001800070c0 f i Bitslice.obj
 0001:000060d0       ??$destroy@U_Container_proxy@std@@@?$allocator@U_Container_proxy@std@@@std@@QEAAXPEAU_Container_proxy@1@@Z 00000001800070d0 f i Bitslice.obj
 0001:000060e0       ??$destroy@V?$vector@IV?$allocator@I@std@@@std@@@?$_Wrap_alloc@V?$allocator@V?$vector@IV?$allocator@I@std@@@std@@@std@@@std@@QEAAXPEAV?$vector@IV?$allocator@I@std@@@1@@Z 00000001800070e0 f i Bitslice.obj
 0001:000060f0       ??$destroy@V?$vector@IV?$allocator@I@std@@@std@@@?$allocator@V?$vector@IV?$allocator@I@std@@@std@@@std@@QEAAXPEAV?$vector@IV?$allocator@I@std@@@1@@Z 00000001800070f0 f i Bitslice.obj
 0001:00006100       ??$destroy@V?$vector@IV?$allocator@I@std@@@std@@@?$allocator_traits@V?$allocator@V?$vector@IV?$allocator@I@std@@@std@@@std@@@std@@SAXAEAV?$allocator@V?$vector@IV?$allocator@I@std@@@std@@@1@PEAV?$vector@IV?$allocator@I@std@@@1@@Z 0000000180007100 f i Bitslice.obj
 0001:00006110       ??$distance@PEAI@std@@YA_JPEAI0@Z 0000000180007110 f i Bitslice.obj
 0001:00006190       ??$fill@PEAII@std@@YAXPEAI0AEBI@Z 0000000180007190 f i Bitslice.obj
 0001:00006260       ??$forward@I@std@@YA$$QEAIAEAI@Z 0000000180007260 f i Bitslice.obj
 0001:00006270       ??$forward@U_Container_proxy@std@@@std@@YA$$QEAU_Container_proxy@0@AEAU10@@Z 0000000180007270 f i Bitslice.obj
 0001:00006280       ??$forward@V?$vector@IV?$allocator@I@std@@@std@@@std@@YA$$QEAV?$vector@IV?$allocator@I@std@@@0@AEAV10@@Z 0000000180007280 f i Bitslice.obj
 0001:00006290       ??$getbit@I@@YAIAEAII@Z    0000000180007290 f i Bitslice.obj
 0001:000062b0       ??$insert@V?$move_iterator@V?$_Vector_iterator@V?$_Vector_val@U?$_Simple_types@I@std@@@std@@@std@@@std@@@?$vector@IV?$allocator@I@std@@@std@@QEAA?AV?$_Vector_iterator@V?$_Vector_val@U?$_Simple_types@I@std@@@std@@@1@V?$_Vector_const_iterator@V?$_Vector_val@U?$_Simple_types@I@std@@@std@@@1@V?$move_iterator@V?$_Vector_iterator@V?$_Vector_val@U?$_Simple_types@I@std@@@std@@@std@@@1@1@Z 00000001800072b0 f i Bitslice.obj
 0001:000065c0       ??$iter_swap@PEAIPEAI@std@@YAXPEAI0@Z 00000001800075c0 f i Bitslice.obj
 0001:000065d0       ??$make_move_iterator@V?$_Vector_iterator@V?$_Vector_val@U?$_Simple_types@I@std@@@std@@@std@@@std@@YA?AV?$move_iterator@V?$_Vector_iterator@V?$_Vector_val@U?$_Simple_types@I@std@@@std@@@std@@@0@V?$_Vector_iterator@V?$_Vector_val@U?$_Simple_types@I@std@@@std@@@0@@Z 00000001800075d0 f i Bitslice.obj
 0001:00006720       ??$move@AEAI@std@@YA$$QEAIAEAI@Z 0000000180007720 f i Bitslice.obj
 0001:00006730       ??$move@AEAV?$vector@IV?$allocator@I@std@@@std@@@std@@YA$$QEAV?$vector@IV?$allocator@I@std@@@0@AEAV10@@Z 0000000180007730 f i Bitslice.obj
 0001:00006740       ??$rotate@PEAI@std@@YAPEAIPEAI00@Z 0000000180007740 f i Bitslice.obj
 0001:000068f0       ??$swap@I@std@@YAXAEAI0@Z  00000001800078f0 f i Bitslice.obj
 0001:00006900       ??0?$_Iterator012@Urandom_access_iterator_tag@std@@I_JPEBIAEBIU_Iterator_base12@2@@std@@QEAA@AEBU01@@Z 0000000180007900 f i Bitslice.obj
 0001:00006940       ??0?$_Iterator012@Urandom_access_iterator_tag@std@@I_JPEBIAEBIU_Iterator_base12@2@@std@@QEAA@XZ 0000000180007940 f i Bitslice.obj
 0001:00006950       ??0?$_Iterator012@Urandom_access_iterator_tag@std@@V?$vector@IV?$allocator@I@std@@@2@_JPEBV32@AEBV32@U_Iterator_base12@2@@std@@QEAA@AEBU01@@Z 0000000180007950 f i Bitslice.obj
 0001:00006990       ??0?$_Iterator012@Urandom_access_iterator_tag@std@@V?$vector@IV?$allocator@I@std@@@2@_JPEBV32@AEBV32@U_Iterator_base12@2@@std@@QEAA@XZ 0000000180007990 f i Bitslice.obj
 0001:000069a0       ??0?$_Vector_alloc@$0A@U?$_Vec_base_types@HV?$allocator@H@std@@@std@@@std@@QEAA@AEBV?$allocator@H@1@@Z 00000001800079a0 f i Bitslice.obj
 0001:00006a10       ??0?$_Vector_alloc@$0A@U?$_Vec_base_types@IV?$allocator@I@std@@@std@@@std@@QEAA@AEBV?$allocator@I@1@@Z 0000000180007a10 f i Bitslice.obj
 0001:00006a80       ??0?$_Vector_alloc@$0A@U?$_Vec_base_types@V?$vector@IV?$allocator@I@std@@@std@@V?$allocator@V?$vector@IV?$allocator@I@std@@@std@@@2@@std@@@std@@QEAA@AEBV?$allocator@V?$vector@IV?$allocator@I@std@@@std@@@1@@Z 0000000180007a80 f i Bitslice.obj
 0001:00006af0       ??0?$_Vector_const_iterator@V?$_Vector_val@U?$_Simple_types@I@std@@@std@@@std@@QEAA@AEBV01@@Z 0000000180007af0 f i Bitslice.obj
 0001:00006b40       ??0?$_Vector_const_iterator@V?$_Vector_val@U?$_Simple_types@I@std@@@std@@@std@@QEAA@PEAIPEBU_Container_base12@1@@Z 0000000180007b40 f i Bitslice.obj
 0001:00006b70       ??0?$_Vector_const_iterator@V?$_Vector_val@U?$_Simple_types@V?$vector@IV?$allocator@I@std@@@std@@@std@@@std@@@std@@QEAA@AEBV01@@Z 0000000180007b70 f i Bitslice.obj
 0001:00006bc0       ??0?$_Vector_const_iterator@V?$_Vector_val@U?$_Simple_types@V?$vector@IV?$allocator@I@std@@@std@@@std@@@std@@@std@@QEAA@PEAV?$vector@IV?$allocator@I@std@@@1@PEBU_Container_base12@1@@Z 0000000180007bc0 f i Bitslice.obj
 0001:00006bf0       ??0?$_Vector_iterator@V?$_Vector_val@U?$_Simple_types@I@std@@@std@@@std@@QEAA@AEBV01@@Z 0000000180007bf0 f i Bitslice.obj
 0001:00006c40       ??0?$_Vector_iterator@V?$_Vector_val@U?$_Simple_types@I@std@@@std@@@std@@QEAA@PEAIPEBU_Container_base12@1@@Z 0000000180007c40 f i Bitslice.obj
 0001:00006c70       ??0?$_Vector_iterator@V?$_Vector_val@U?$_Simple_types@V?$vector@IV?$allocator@I@std@@@std@@@std@@@std@@@std@@QEAA@AEBV01@@Z 0000000180007c70 f i Bitslice.obj
 0001:00006cc0       ??0?$_Vector_iterator@V?$_Vector_val@U?$_Simple_types@V?$vector@IV?$allocator@I@std@@@std@@@std@@@std@@@std@@QEAA@PEAV?$vector@IV?$allocator@I@std@@@1@PEBU_Container_base12@1@@Z 0000000180007cc0 f i Bitslice.obj
 0001:00006cf0       ??0?$_Vector_val@U?$_Simple_types@H@std@@@std@@QEAA@XZ 0000000180007cf0 f i Bitslice.obj
 0001:00006d10       ??0?$_Vector_val@U?$_Simple_types@I@std@@@std@@QEAA@XZ 0000000180007d10 f i Bitslice.obj
 0001:00006d30       ??0?$_Vector_val@U?$_Simple_types@V?$vector@IV?$allocator@I@std@@@std@@@std@@@std@@QEAA@XZ 0000000180007d30 f i Bitslice.obj
 0001:00006d50       ??0?$_Wrap_alloc@V?$allocator@H@std@@@std@@QEAA@XZ 0000000180007d50 f i Bitslice.obj
 0001:00006d60       ??0?$_Wrap_alloc@V?$allocator@I@std@@@std@@QEAA@XZ 0000000180007d60 f i Bitslice.obj
 0001:00006d70       ??0?$_Wrap_alloc@V?$allocator@V?$vector@IV?$allocator@I@std@@@std@@@std@@@std@@QEAA@XZ 0000000180007d70 f i Bitslice.obj
 0001:00006d80       ??0?$allocator@H@std@@QEAA@XZ 0000000180007d80 f i Bitslice.obj
 0001:00006d90       ??0?$allocator@I@std@@QEAA@AEBV01@@Z 0000000180007d90 f i Bitslice.obj
 0001:00006da0       ??0?$allocator@I@std@@QEAA@XZ 0000000180007da0 f i Bitslice.obj
 0001:00006db0       ??0?$allocator@U_Container_proxy@std@@@std@@QEAA@XZ 0000000180007db0 f i Bitslice.obj
 0001:00006dc0       ??0?$allocator@V?$vector@IV?$allocator@I@std@@@std@@@std@@QEAA@XZ 0000000180007dc0 f i Bitslice.obj
 0001:00006dd0       ??0?$move_iterator@V?$_Vector_iterator@V?$_Vector_val@U?$_Simple_types@I@std@@@std@@@std@@@std@@QEAA@AEBV01@@Z 0000000180007dd0 f i Bitslice.obj
 0001:00006e20       ??0?$move_iterator@V?$_Vector_iterator@V?$_Vector_val@U?$_Simple_types@I@std@@@std@@@std@@@std@@QEAA@V?$_Vector_iterator@V?$_Vector_val@U?$_Simple_types@I@std@@@std@@@1@@Z 0000000180007e20 f i Bitslice.obj
 0001:00006ea0       ??0?$vector@HV?$allocator@H@std@@@std@@QEAA@_KAEBH@Z 0000000180007ea0 f i Bitslice.obj
 0001:00006f70       ??0?$vector@IV?$allocator@I@std@@@std@@QEAA@$$QEAV01@@Z 0000000180007f70 f i Bitslice.obj
 0001:00006ff0       ??0?$vector@IV?$allocator@I@std@@@std@@QEAA@XZ 0000000180007ff0 f i Bitslice.obj
 0001:00007060       ??0?$vector@V?$vector@IV?$allocator@I@std@@@std@@V?$allocator@V?$vector@IV?$allocator@I@std@@@std@@@2@@std@@QEAA@XZ 0000000180008060 f i Bitslice.obj
 0001:000070d0       ??0_Container_base12@std@@QEAA@XZ 00000001800080d0 f i Bitslice.obj
 0001:000070e0       ??0_Container_proxy@std@@QEAA@XZ 00000001800080e0 f i Bitslice.obj
 0001:000070f0       ??0_Iterator_base12@std@@QEAA@AEBU01@@Z 00000001800080f0 f i Bitslice.obj
 0001:00007130       ??0_Iterator_base12@std@@QEAA@XZ 0000000180008130 f i Bitslice.obj
 0001:00007140       ??1?$_Iterator012@Urandom_access_iterator_tag@std@@I_JPEBIAEBIU_Iterator_base12@2@@std@@QEAA@XZ 0000000180008140 f i Bitslice.obj
 0001:00007180       ??1?$_Iterator012@Urandom_access_iterator_tag@std@@V?$vector@IV?$allocator@I@std@@@2@_JPEBV32@AEBV32@U_Iterator_base12@2@@std@@QEAA@XZ 0000000180008180 f i Bitslice.obj
 0001:000071c0       ??1?$_Vector_alloc@$0A@U?$_Vec_base_types@HV?$allocator@H@std@@@std@@@std@@QEAA@XZ 00000001800081c0 f i Bitslice.obj
 0001:00007240       ??1?$_Vector_alloc@$0A@U?$_Vec_base_types@IV?$allocator@I@std@@@std@@@std@@QEAA@XZ 0000000180008240 f i Bitslice.obj
 0001:000072c0       ??1?$_Vector_alloc@$0A@U?$_Vec_base_types@V?$vector@IV?$allocator@I@std@@@std@@V?$allocator@V?$vector@IV?$allocator@I@std@@@std@@@2@@std@@@std@@QEAA@XZ 00000001800082c0 f i Bitslice.obj
 0001:00007340       ??1?$_Vector_const_iterator@V?$_Vector_val@U?$_Simple_types@I@std@@@std@@@std@@QEAA@XZ 0000000180008340 f i Bitslice.obj
 0001:00007380       ??1?$_Vector_const_iterator@V?$_Vector_val@U?$_Simple_types@V?$vector@IV?$allocator@I@std@@@std@@@std@@@std@@@std@@QEAA@XZ 0000000180008380 f i Bitslice.obj
 0001:000073c0       ??1?$_Vector_iterator@V?$_Vector_val@U?$_Simple_types@I@std@@@std@@@std@@QEAA@XZ 00000001800083c0 f i Bitslice.obj
 0001:00007400       ??1?$_Vector_iterator@V?$_Vector_val@U?$_Simple_types@V?$vector@IV?$allocator@I@std@@@std@@@std@@@std@@@std@@QEAA@XZ 0000000180008400 f i Bitslice.obj
 0001:00007440       ??1?$_Vector_val@U?$_Simple_types@H@std@@@std@@QEAA@XZ 0000000180008440 f i Bitslice.obj
 0001:000074c0       ??1?$_Vector_val@U?$_Simple_types@I@std@@@std@@QEAA@XZ 00000001800084c0 f i Bitslice.obj
 0001:00007540       ??1?$_Vector_val@U?$_Simple_types@V?$vector@IV?$allocator@I@std@@@std@@@std@@@std@@QEAA@XZ 0000000180008540 f i Bitslice.obj
 0001:000075c0       ??1?$move_iterator@V?$_Vector_iterator@V?$_Vector_val@U?$_Simple_types@I@std@@@std@@@std@@@std@@QEAA@XZ 00000001800085c0 f i Bitslice.obj
 0001:00007600       ??1?$vector@HV?$allocator@H@std@@@std@@QEAA@XZ 0000000180008600 f i Bitslice.obj
 0001:000076c0       ??1?$vector@IV?$allocator@I@std@@@std@@QEAA@XZ 00000001800086c0 f i Bitslice.obj
 0001:00007780       ??1?$vector@V?$vector@IV?$allocator@I@std@@@std@@V?$allocator@V?$vector@IV?$allocator@I@std@@@std@@@2@@std@@QEAA@XZ 0000000180008780 f i Bitslice.obj
 0001:00007810       ??1_Container_base12@std@@QEAA@XZ 0000000180008810 f i Bitslice.obj
 0001:00007890       ??1_Iterator_base12@std@@QEAA@XZ 0000000180008890 f i Bitslice.obj
 0001:000078d0       ??2@YAPEAX_KPEAX@Z         00000001800088d0 f i Bitslice.obj
 0001:000078e0       ??4?$vector@IV?$allocator@I@std@@@std@@QEAAAEAV01@$$QEAV01@@Z 00000001800088e0 f i Bitslice.obj
 0001:00007950       ??4_Iterator_base12@std@@QEAAAEAU01@AEBU01@@Z 0000000180008950 f i Bitslice.obj
 0001:000079c0       ??8?$_Vector_const_iterator@V?$_Vector_val@U?$_Simple_types@I@std@@@std@@@std@@QEBA_NAEBV01@@Z 00000001800089c0 f i Bitslice.obj
 0001:00007a00       ??8?$_Vector_const_iterator@V?$_Vector_val@U?$_Simple_types@V?$vector@IV?$allocator@I@std@@@std@@@std@@@std@@@std@@QEBA_NAEBV01@@Z 0000000180008a00 f i Bitslice.obj
 0001:00007a40       ??9?$_Vector_const_iterator@V?$_Vector_val@U?$_Simple_types@I@std@@@std@@@std@@QEBA_NAEBV01@@Z 0000000180008a40 f i Bitslice.obj
 0001:00007a80       ??9?$_Vector_const_iterator@V?$_Vector_val@U?$_Simple_types@V?$vector@IV?$allocator@I@std@@@std@@@std@@@std@@@std@@QEBA_NAEBV01@@Z 0000000180008a80 f i Bitslice.obj
 0001:00007ac0       ??A?$vector@HV?$allocator@H@std@@@std@@QEAAAEAH_K@Z 0000000180008ac0 f i Bitslice.obj
 0001:00007ba0       ??A?$vector@IV?$allocator@I@std@@@std@@QEAAAEAI_K@Z 0000000180008ba0 f i Bitslice.obj
 0001:00007c80       ??A?$vector@V?$vector@IV?$allocator@I@std@@@std@@V?$allocator@V?$vector@IV?$allocator@I@std@@@std@@@2@@std@@QEAAAEAV?$vector@IV?$allocator@I@std@@@1@_K@Z 0000000180008c80 f i Bitslice.obj
 0001:00007d60       ??D?$_Vector_const_iterator@V?$_Vector_val@U?$_Simple_types@I@std@@@std@@@std@@QEBAAEBIXZ 0000000180008d60 f i Bitslice.obj
 0001:00007e40       ??D?$_Vector_iterator@V?$_Vector_val@U?$_Simple_types@I@std@@@std@@@std@@QEBAAEAIXZ 0000000180008e40 f i Bitslice.obj
 0001:00007e50       ??D?$move_iterator@V?$_Vector_iterator@V?$_Vector_val@U?$_Simple_types@I@std@@@std@@@std@@@std@@QEBA$$QEAIXZ 0000000180008e50 f i Bitslice.obj
 0001:00007e60       ??E?$_Vector_const_iterator@V?$_Vector_val@U?$_Simple_types@I@std@@@std@@@std@@QEAAAEAV01@XZ 0000000180008e60 f i Bitslice.obj
 0001:00007f40       ??E?$_Vector_iterator@V?$_Vector_val@U?$_Simple_types@I@std@@@std@@@std@@QEAAAEAV01@XZ 0000000180008f40 f i Bitslice.obj
 0001:00007f60       ??E?$move_iterator@V?$_Vector_iterator@V?$_Vector_val@U?$_Simple_types@I@std@@@std@@@std@@@std@@QEAAAEAV01@XZ 0000000180008f60 f i Bitslice.obj
 0001:00007f80       ??G?$_Vector_const_iterator@V?$_Vector_val@U?$_Simple_types@I@std@@@std@@@std@@QEBA_JAEBV01@@Z 0000000180008f80 f i Bitslice.obj
 0001:00007fc0       ??G?$_Vector_iterator@V?$_Vector_val@U?$_Simple_types@I@std@@@std@@@std@@QEBA_JAEBV?$_Vector_const_iterator@V?$_Vector_val@U?$_Simple_types@I@std@@@std@@@1@@Z 0000000180008fc0 f i Bitslice.obj
 0001:00008000       ??H?$_Vector_iterator@V?$_Vector_val@U?$_Simple_types@I@std@@@std@@@std@@QEBA?AV01@_J@Z 0000000180009000 f i Bitslice.obj
 0001:00008290       ??H?$_Vector_iterator@V?$_Vector_val@U?$_Simple_types@V?$vector@IV?$allocator@I@std@@@std@@@std@@@std@@@std@@QEBA?AV01@_J@Z 0000000180009290 f i Bitslice.obj
 0001:00008520       ??M?$_Vector_const_iterator@V?$_Vector_val@U?$_Simple_types@I@std@@@std@@@std@@QEBA_NAEBV01@@Z 0000000180009520 f i Bitslice.obj
 0001:00008560       ??M?$_Vector_const_iterator@V?$_Vector_val@U?$_Simple_types@V?$vector@IV?$allocator@I@std@@@std@@@std@@@std@@@std@@QEBA_NAEBV01@@Z 0000000180009560 f i Bitslice.obj
 0001:000085a0       ??Y?$_Vector_const_iterator@V?$_Vector_val@U?$_Simple_types@I@std@@@std@@@std@@QEAAAEAV01@_J@Z 00000001800095a0 f i Bitslice.obj
 0001:000086a0       ??Y?$_Vector_const_iterator@V?$_Vector_val@U?$_Simple_types@V?$vector@IV?$allocator@I@std@@@std@@@std@@@std@@@std@@QEAAAEAV01@_J@Z 00000001800096a0 f i Bitslice.obj
 0001:000087a0       ??Y?$_Vector_iterator@V?$_Vector_val@U?$_Simple_types@I@std@@@std@@@std@@QEAAAEAV01@_J@Z 00000001800097a0 f i Bitslice.obj
 0001:000087c0       ??Y?$_Vector_iterator@V?$_Vector_val@U?$_Simple_types@V?$vector@IV?$allocator@I@std@@@std@@@std@@@std@@@std@@QEAAAEAV01@_J@Z 00000001800097c0 f i Bitslice.obj
 0001:000087e0       ??_G?$vector@IV?$allocator@I@std@@@std@@QEAAPEAXI@Z 00000001800097e0 f i Bitslice.obj
 0001:00008820       ?FactorSlices@@YAXAEAV?$vector@V?$vector@IV?$allocator@I@std@@@std@@V?$allocator@V?$vector@IV?$allocator@I@std@@@std@@@2@@std@@@Z 0000000180009820 f   Bitslice.obj
 0001:00009100       ?_Adopt@_Iterator_base12@std@@QEAAXPEBU_Container_base12@2@@Z 000000018000a100 f i Bitslice.obj
 0001:000091a0       ?_Alloc_proxy@?$_Vector_alloc@$0A@U?$_Vec_base_types@HV?$allocator@H@std@@@std@@@std@@QEAAXXZ 000000018000a1a0 f i Bitslice.obj
 0001:000091f0       ?_Alloc_proxy@?$_Vector_alloc@$0A@U?$_Vec_base_types@IV?$allocator@I@std@@@std@@@std@@QEAAXXZ 000000018000a1f0 f i Bitslice.obj
 0001:00009240       ?_Alloc_proxy@?$_Vector_alloc@$0A@U?$_Vec_base_types@V?$vector@IV?$allocator@I@std@@@std@@V?$allocator@V?$vector@IV?$allocator@I@std@@@std@@@2@@std@@@std@@QEAAXXZ 000000018000a240 f i Bitslice.obj
 0001:00009290       ?_Assign_rv@?$vector@IV?$allocator@I@std@@@std@@QEAAX$$QEAV12@@Z 000000018000a290 f i Bitslice.obj
 0001:00009330       ?_Buy@?$vector@HV?$allocator@H@std@@@std@@IEAA_N_K@Z 000000018000a330 f i Bitslice.obj
 0001:000093d0       ?_Change_alloc@?$_Vector_alloc@$0A@U?$_Vec_base_types@IV?$allocator@I@std@@@std@@@std@@QEAAXAEBU?$_Wrap_alloc@V?$allocator@I@std@@@2@@Z 000000018000a3d0 f i Bitslice.obj
 0001:000093e0       ?_Clrcont@_Iterator_base12@std@@QEAAXXZ 000000018000a3e0 f i Bitslice.obj
 0001:000093f0       ?_Compat@?$_Vector_const_iterator@V?$_Vector_val@U?$_Simple_types@I@std@@@std@@@std@@QEBAXAEBV12@@Z 000000018000a3f0 f i Bitslice.obj
 0001:000094c0       ?_Compat@?$_Vector_const_iterator@V?$_Vector_val@U?$_Simple_types@V?$vector@IV?$allocator@I@std@@@std@@@std@@@std@@@std@@QEBAXAEBV12@@Z 000000018000a4c0 f i Bitslice.obj
 0001:00009590       ?_Construct_n@?$vector@HV?$allocator@H@std@@@std@@QEAAX_KPEBH@Z 000000018000a590 f i Bitslice.obj
 0001:00009600       ?_Destroy@?$vector@HV?$allocator@H@std@@@std@@IEAAXPEAH0@Z 000000018000a600 f i Bitslice.obj
 0001:00009610       ?_Destroy@?$vector@IV?$allocator@I@std@@@std@@IEAAXPEAI0@Z 000000018000a610 f i Bitslice.obj
 0001:00009620       ?_Destroy@?$vector@V?$vector@IV?$allocator@I@std@@@std@@V?$allocator@V?$vector@IV?$allocator@I@std@@@std@@@2@@std@@IEAAXPEAV?$vector@IV?$allocator@I@std@@@2@0@Z 000000018000a620 f i Bitslice.obj
 0001:00009660       ?_Free_proxy@?$_Vector_alloc@$0A@U?$_Vec_base_types@HV?$allocator@H@std@@@std@@@std@@QEAAXXZ 000000018000a660 f i Bitslice.obj
 0001:000096f0       ?_Free_proxy@?$_Vector_alloc@$0A@U?$_Vec_base_types@IV?$allocator@I@std@@@std@@@std@@QEAAXXZ 000000018000a6f0 f i Bitslice.obj
 0001:00009780       ?_Free_proxy@?$_Vector_alloc@$0A@U?$_Vec_base_types@V?$vector@IV?$allocator@I@std@@@std@@V?$allocator@V?$vector@IV?$allocator@I@std@@@std@@@2@@std@@@std@@QEAAXXZ 000000018000a780 f i Bitslice.obj
 0001:00009810       ?_Getal@?$_Vector_alloc@$0A@U?$_Vec_base_types@HV?$allocator@H@std@@@std@@@std@@QEBA?AU?$_Wrap_alloc@V?$allocator@H@std@@@2@XZ 000000018000a810 f i Bitslice.obj
 0001:00009820       ?_Getal@?$_Vector_alloc@$0A@U?$_Vec_base_types@IV?$allocator@I@std@@@std@@@std@@QEBA?AU?$_Wrap_alloc@V?$allocator@I@std@@@2@XZ 000000018000a820 f i Bitslice.obj
 0001:00009830       ?_Getal@?$_Vector_alloc@$0A@U?$_Vec_base_types@V?$vector@IV?$allocator@I@std@@@std@@V?$allocator@V?$vector@IV?$allocator@I@std@@@std@@@2@@std@@@std@@QEBA?AU?$_Wrap_alloc@V?$allocator@V?$vector@IV?$allocator@I@std@@@std@@@std@@@2@XZ 000000018000a830 f i Bitslice.obj
 0001:00009840       ?_Getcont@_Iterator_base12@std@@QEBAPEBU_Container_base12@2@XZ 000000018000a840 f i Bitslice.obj
 0001:00009860       ?_Getpfirst@_Container_base12@std@@QEBAPEAPEAU_Iterator_base12@2@XZ 000000018000a860 f i Bitslice.obj
 0001:00009880       ?_Getpnext@_Iterator_base12@std@@QEAAPEAPEAU12@XZ 000000018000a880 f i Bitslice.obj
 0001:00009890       ?_Grow_to@?$vector@IV?$allocator@I@std@@@std@@IEBA_K_K@Z 000000018000a890 f i Bitslice.obj
 0001:000098e0       ?_Grow_to@?$vector@V?$vector@IV?$allocator@I@std@@@std@@V?$allocator@V?$vector@IV?$allocator@I@std@@@std@@@2@@std@@IEBA_K_K@Z 000000018000a8e0 f i Bitslice.obj
 0001:00009930       ?_Insert_n@?$vector@IV?$allocator@I@std@@@std@@IEAA?AV?$_Vector_iterator@V?$_Vector_val@U?$_Simple_types@I@std@@@std@@@2@V?$_Vector_const_iterator@V?$_Vector_val@U?$_Simple_types@I@std@@@std@@@2@_KAEBI@Z 000000018000a930 f i Bitslice.obj
 0001:00009e70       ?_Make_iter@?$vector@IV?$allocator@I@std@@@std@@QEBA?AV?$_Vector_iterator@V?$_Vector_val@U?$_Simple_types@I@std@@@std@@@2@V?$_Vector_const_iterator@V?$_Vector_val@U?$_Simple_types@I@std@@@std@@@2@@Z 000000018000ae70 f i Bitslice.obj
 0001:00009ef0       ?_Make_iter@?$vector@V?$vector@IV?$allocator@I@std@@@std@@V?$allocator@V?$vector@IV?$allocator@I@std@@@std@@@2@@std@@QEBA?AV?$_Vector_iterator@V?$_Vector_val@U?$_Simple_types@V?$vector@IV?$allocator@I@std@@@std@@@std@@@std@@@2@V?$_Vector_const_iterator@V?$_Vector_val@U?$_Simple_types@V?$vector@IV?$allocator@I@std@@@std@@@std@@@std@@@2@@Z 000000018000aef0 f i Bitslice.obj
 0001:00009f70       ?_Orphan_all@_Container_base12@std@@QEAAXXZ 000000018000af70 f i Bitslice.obj
 0001:00009ff0       ?_Orphan_me@_Iterator_base12@std@@QEAAXXZ 000000018000aff0 f i Bitslice.obj
 0001:0000a080       ?_Orphan_range@?$vector@IV?$allocator@I@std@@@std@@IEBAXPEAI0@Z 000000018000b080 f i Bitslice.obj
 0001:0000a130       ?_Orphan_range@?$vector@V?$vector@IV?$allocator@I@std@@@std@@V?$allocator@V?$vector@IV?$allocator@I@std@@@std@@@2@@std@@IEBAXPEAV?$vector@IV?$allocator@I@std@@@2@0@Z 000000018000b130 f i Bitslice.obj
 0001:0000a1e0       ?_Reallocate@?$vector@V?$vector@IV?$allocator@I@std@@@std@@V?$allocator@V?$vector@IV?$allocator@I@std@@@std@@@2@@std@@IEAAX_K@Z 000000018000b1e0 f i Bitslice.obj
 0001:0000a370       ?_Reserve@?$vector@V?$vector@IV?$allocator@I@std@@@std@@V?$allocator@V?$vector@IV?$allocator@I@std@@@std@@@2@@std@@IEAAX_K@Z 000000018000b370 f i Bitslice.obj
 0001:0000a420       ?_Swap_all@_Container_base12@std@@QEAAXAEAU12@@Z 000000018000b420 f i Bitslice.obj
 0001:0000a490       ?_Tidy@?$vector@HV?$allocator@H@std@@@std@@IEAAXXZ 000000018000b490 f i Bitslice.obj
 0001:0000a4d0       ?_Tidy@?$vector@IV?$allocator@I@std@@@std@@IEAAXXZ 000000018000b4d0 f i Bitslice.obj
 0001:0000a510       ?_Tidy@?$vector@V?$vector@IV?$allocator@I@std@@@std@@V?$allocator@V?$vector@IV?$allocator@I@std@@@std@@@2@@std@@IEAAXXZ 000000018000b510 f i Bitslice.obj
 0001:0000a5a0       ?_Ufill@?$vector@HV?$allocator@H@std@@@std@@IEAAPEAHPEAH_KPEBH@Z 000000018000b5a0 f i Bitslice.obj
 0001:0000a5d0       ?_Ufill@?$vector@IV?$allocator@I@std@@@std@@IEAAPEAIPEAI_KPEBI@Z 000000018000b5d0 f i Bitslice.obj
 0001:0000a600       ?_Unused_capacity@?$vector@IV?$allocator@I@std@@@std@@QEBA_KXZ 000000018000b600 f i Bitslice.obj
 0001:0000a610       ?_Unused_capacity@?$vector@V?$vector@IV?$allocator@I@std@@@std@@V?$allocator@V?$vector@IV?$allocator@I@std@@@std@@@2@@std@@QEBA_KXZ 000000018000b610 f i Bitslice.obj
 0001:0000a620       ?_Xlen@?$vector@HV?$allocator@H@std@@@std@@IEBAXXZ 000000018000b620 f i Bitslice.obj
 0001:0000a640       ?_Xlen@?$vector@IV?$allocator@I@std@@@std@@IEBAXXZ 000000018000b640 f i Bitslice.obj
 0001:0000a660       ?_Xlen@?$vector@V?$vector@IV?$allocator@I@std@@@std@@V?$allocator@V?$vector@IV?$allocator@I@std@@@std@@@2@@std@@IEBAXXZ 000000018000b660 f i Bitslice.obj
 0001:0000a680       ?allocate@?$_Wrap_alloc@V?$allocator@H@std@@@std@@QEAAPEAH_K@Z 000000018000b680 f i Bitslice.obj
 0001:0000a6d0       ?allocate@?$_Wrap_alloc@V?$allocator@I@std@@@std@@QEAAPEAI_K@Z 000000018000b6d0 f i Bitslice.obj
 0001:0000a720       ?allocate@?$_Wrap_alloc@V?$allocator@V?$vector@IV?$allocator@I@std@@@std@@@std@@@std@@QEAAPEAV?$vector@IV?$allocator@I@std@@@2@_K@Z 000000018000b720 f i Bitslice.obj
 0001:0000a770       ?allocate@?$allocator@H@std@@QEAAPEAH_K@Z 000000018000b770 f i Bitslice.obj
 0001:0000a7c0       ?allocate@?$allocator@I@std@@QEAAPEAI_K@Z 000000018000b7c0 f i Bitslice.obj
 0001:0000a810       ?allocate@?$allocator@U_Container_proxy@std@@@std@@QEAAPEAU_Container_proxy@2@_K@Z 000000018000b810 f i Bitslice.obj
 0001:0000a860       ?allocate@?$allocator@V?$vector@IV?$allocator@I@std@@@std@@@std@@QEAAPEAV?$vector@IV?$allocator@I@std@@@2@_K@Z 000000018000b860 f i Bitslice.obj
 0001:0000a8b0       ?base@?$move_iterator@V?$_Vector_iterator@V?$_Vector_val@U?$_Simple_types@I@std@@@std@@@std@@@std@@QEBA?AV?$_Vector_iterator@V?$_Vector_val@U?$_Simple_types@I@std@@@std@@@2@XZ 000000018000b8b0 f i Bitslice.obj
 0001:0000a910       ?begin@?$vector@IV?$allocator@I@std@@@std@@QEAA?AV?$_Vector_iterator@V?$_Vector_val@U?$_Simple_types@I@std@@@std@@@2@XZ 000000018000b910 f i Bitslice.obj
 0001:0000a950       ?begin@?$vector@V?$vector@IV?$allocator@I@std@@@std@@V?$allocator@V?$vector@IV?$allocator@I@std@@@std@@@2@@std@@QEAA?AV?$_Vector_iterator@V?$_Vector_val@U?$_Simple_types@V?$vector@IV?$allocator@I@std@@@std@@@std@@@std@@@2@XZ 000000018000b950 f i Bitslice.obj
 0001:0000a990       ?capacity@?$vector@IV?$allocator@I@std@@@std@@QEBA_KXZ 000000018000b990 f i Bitslice.obj
 0001:0000a9a0       ?capacity@?$vector@V?$vector@IV?$allocator@I@std@@@std@@V?$allocator@V?$vector@IV?$allocator@I@std@@@std@@@2@@std@@QEBA_KXZ 000000018000b9a0 f i Bitslice.obj
 0001:0000a9b0       ?clear@?$vector@IV?$allocator@I@std@@@std@@QEAAXXZ 000000018000b9b0 f i Bitslice.obj
 0001:0000aa50       ?clear@?$vector@V?$vector@IV?$allocator@I@std@@@std@@V?$allocator@V?$vector@IV?$allocator@I@std@@@std@@@2@@std@@QEAAXXZ 000000018000ba50 f i Bitslice.obj
 0001:0000ab30       ?construct@?$_Wrap_alloc@V?$allocator@V?$vector@IV?$allocator@I@std@@@std@@@std@@@std@@QEAAXPEAV?$vector@IV?$allocator@I@std@@@2@@Z 000000018000bb30 f i Bitslice.obj
 0001:0000aba0       ?construct@?$allocator@V?$vector@IV?$allocator@I@std@@@std@@@std@@QEAAXPEAV?$vector@IV?$allocator@I@std@@@2@@Z 000000018000bba0 f i Bitslice.obj
 0001:0000ac10       ?countbits@@YAHAEAV?$vector@IV?$allocator@I@std@@@std@@@Z 000000018000bc10 f   Bitslice.obj
 0001:0000ad40       ?countxor@@YAHAEAV?$vector@IV?$allocator@I@std@@@std@@0@Z 000000018000bd40 f   Bitslice.obj
 0001:0000af60       ?deallocate@?$_Wrap_alloc@V?$allocator@H@std@@@std@@QEAAXPEAH_K@Z 000000018000bf60 f i Bitslice.obj
 0001:0000af70       ?deallocate@?$_Wrap_alloc@V?$allocator@I@std@@@std@@QEAAXPEAI_K@Z 000000018000bf70 f i Bitslice.obj
 0001:0000af80       ?deallocate@?$_Wrap_alloc@V?$allocator@V?$vector@IV?$allocator@I@std@@@std@@@std@@@std@@QEAAXPEAV?$vector@IV?$allocator@I@std@@@2@_K@Z 000000018000bf80 f i Bitslice.obj
 0001:0000af90       ?deallocate@?$allocator@H@std@@QEAAXPEAH_K@Z 000000018000bf90 f i Bitslice.obj
 0001:0000afa0       ?deallocate@?$allocator@I@std@@QEAAXPEAI_K@Z 000000018000bfa0 f i Bitslice.obj
 0001:0000afb0       ?deallocate@?$allocator@U_Container_proxy@std@@@std@@QEAAXPEAU_Container_proxy@2@_K@Z 000000018000bfb0 f i Bitslice.obj
 0001:0000afc0       ?deallocate@?$allocator@V?$vector@IV?$allocator@I@std@@@std@@@std@@QEAAXPEAV?$vector@IV?$allocator@I@std@@@2@_K@Z 000000018000bfc0 f i Bitslice.obj
 0001:0000afd0       ?end@?$vector@IV?$allocator@I@std@@@std@@QEAA?AV?$_Vector_iterator@V?$_Vector_val@U?$_Simple_types@I@std@@@std@@@2@XZ 000000018000bfd0 f i Bitslice.obj
 0001:0000b010       ?end@?$vector@V?$vector@IV?$allocator@I@std@@@std@@V?$allocator@V?$vector@IV?$allocator@I@std@@@std@@@2@@std@@QEAA?AV?$_Vector_iterator@V?$_Vector_val@U?$_Simple_types@V?$vector@IV?$allocator@I@std@@@std@@@std@@@std@@@2@XZ 000000018000c010 f i Bitslice.obj
 0001:0000b050       ?erase@?$vector@IV?$allocator@I@std@@@std@@QEAA?AV?$_Vector_iterator@V?$_Vector_val@U?$_Simple_types@I@std@@@std@@@2@V?$_Vector_const_iterator@V?$_Vector_val@U?$_Simple_types@I@std@@@std@@@2@0@Z 000000018000c050 f i Bitslice.obj
 0001:0000bbc0       ?erase@?$vector@V?$vector@IV?$allocator@I@std@@@std@@V?$allocator@V?$vector@IV?$allocator@I@std@@@std@@@2@@std@@QEAA?AV?$_Vector_iterator@V?$_Vector_val@U?$_Simple_types@V?$vector@IV?$allocator@I@std@@@std@@@std@@@std@@@2@V?$_Vector_const_iterator@V?$_Vector_val@U?$_Simple_types@V?$vector@IV?$allocator@I@std@@@std@@@std@@@std@@@2@0@Z 000000018000cbc0 f i Bitslice.obj
 0001:0000c740       ?foo@@YAXXZ                000000018000d740 f   Bitslice.obj
 0001:0000ca40       ?max_size@?$_Wrap_alloc@V?$allocator@H@std@@@std@@QEBA_KXZ 000000018000da40 f i Bitslice.obj
 0001:0000ca50       ?max_size@?$_Wrap_alloc@V?$allocator@I@std@@@std@@QEBA_KXZ 000000018000da50 f i Bitslice.obj
 0001:0000ca60       ?max_size@?$_Wrap_alloc@V?$allocator@V?$vector@IV?$allocator@I@std@@@std@@@std@@@std@@QEBA_KXZ 000000018000da60 f i Bitslice.obj
 0001:0000ca70       ?max_size@?$allocator@H@std@@QEBA_KXZ 000000018000da70 f i Bitslice.obj
 0001:0000ca80       ?max_size@?$allocator@I@std@@QEBA_KXZ 000000018000da80 f i Bitslice.obj
 0001:0000ca90       ?max_size@?$allocator@V?$vector@IV?$allocator@I@std@@@std@@@std@@QEBA_KXZ 000000018000da90 f i Bitslice.obj
 0001:0000caa0       ?max_size@?$allocator_traits@V?$allocator@H@std@@@std@@SA_KAEBV?$allocator@H@2@@Z 000000018000daa0 f i Bitslice.obj
 0001:0000cab0       ?max_size@?$allocator_traits@V?$allocator@I@std@@@std@@SA_KAEBV?$allocator@I@2@@Z 000000018000dab0 f i Bitslice.obj
 0001:0000cac0       ?max_size@?$allocator_traits@V?$allocator@V?$vector@IV?$allocator@I@std@@@std@@@std@@@std@@SA_KAEBV?$allocator@V?$vector@IV?$allocator@I@std@@@std@@@2@@Z 000000018000dac0 f i Bitslice.obj
 0001:0000cad0       ?max_size@?$vector@HV?$allocator@H@std@@@std@@QEBA_KXZ 000000018000dad0 f i Bitslice.obj
 0001:0000cae0       ?max_size@?$vector@IV?$allocator@I@std@@@std@@QEBA_KXZ 000000018000dae0 f i Bitslice.obj
 0001:0000caf0       ?max_size@?$vector@V?$vector@IV?$allocator@I@std@@@std@@V?$allocator@V?$vector@IV?$allocator@I@std@@@std@@@2@@std@@QEBA_KXZ 000000018000daf0 f i Bitslice.obj
 0001:0000cb00       ?resize@?$vector@IV?$allocator@I@std@@@std@@QEAAX_KAEBI@Z 000000018000db00 f i Bitslice.obj
 0001:0000d1a0       ?resize@?$vector@V?$vector@IV?$allocator@I@std@@@std@@V?$allocator@V?$vector@IV?$allocator@I@std@@@std@@@2@@std@@QEAAX_K@Z 000000018000e1a0 f i Bitslice.obj
 0001:0000d770       ?size@?$vector@HV?$allocator@H@std@@@std@@QEBA_KXZ 000000018000e770 f i Bitslice.obj
 0001:0000d780       ?size@?$vector@IV?$allocator@I@std@@@std@@QEBA_KXZ 000000018000e780 f i Bitslice.obj
 0001:0000d790       ?size@?$vector@V?$vector@IV?$allocator@I@std@@@std@@V?$allocator@V?$vector@IV?$allocator@I@std@@@std@@@2@@std@@QEBA_KXZ 000000018000e790 f i Bitslice.obj
 0001:0000d7a0       ?xoreq@@YAXAEAV?$vector@IV?$allocator@I@std@@@std@@0@Z 000000018000e7a0 f   Bitslice.obj
 0001:0000d9c0       ??$test_window2@$07@@YA_NXZ 000000018000e9c0 f i Bitvec.obj
 0001:0000db80       ??$test_window2@$0BA@@@YA_NXZ 000000018000eb80 f i Bitvec.obj
 0001:0000dd70       ??$test_window2@$0BI@@@YA_NXZ 000000018000ed70 f i Bitvec.obj
 0001:0000df60       ??$test_window2@$0CA@@@YA_NXZ 000000018000ef60 f i Bitvec.obj
 0001:0000e140       ??$test_window2@$0CI@@@YA_NXZ 000000018000f140 f i Bitvec.obj
 0001:0000e370       ??$test_window2@$0DA@@@YA_NXZ 000000018000f370 f i Bitvec.obj
 0001:0000e5a0       ??$test_window2@$0DI@@@YA_NXZ 000000018000f5a0 f i Bitvec.obj
 0001:0000e7d0       ??$test_window2@$0EA@@@YA_NXZ 000000018000f7d0 f i Bitvec.obj
 0001:0000e9b0       ??$window@_K@@YAIAEA_KHH@Z 000000018000f9b0 f i Bitvec.obj
 0001:0000e9d0       ??0Rand@@QEAA@I@Z          000000018000f9d0 f i Bitvec.obj
 0001:0000e9f0       ?assert@@YAX_N@Z           000000018000f9f0 f   Bitvec.obj
 0001:0000ea00       ?clearbit@@YAXPEAXHI@Z     000000018000fa00 f   Bitvec.obj
 0001:0000ea30       ?countbits@@YAHI@Z         000000018000fa30 f   Bitvec.obj
 0001:0000ea80       ?flipbit@@YAXPEAXHI@Z      000000018000fa80 f   Bitvec.obj
 0001:0000eab0       ?getbit@@YAIPEBXHI@Z       000000018000fab0 f   Bitvec.obj
 0001:0000eae0       ?getbit_wrap@@YAIPEBXHI@Z  000000018000fae0 f   Bitvec.obj
 0001:0000eb10       ?lrot1@@YAXPEAXHH@Z        000000018000fb10 f   Bitvec.obj
 0001:0000ec50       ?lrot32@@YAXPEAXHH@Z       000000018000fc50 f   Bitvec.obj
 0001:0000ed50       ?lrot8@@YAXPEAXHH@Z        000000018000fd50 f   Bitvec.obj
 0001:0000ee60       ?lshift1@@YAXPEAXHH@Z      000000018000fe60 f   Bitvec.obj
 0001:0000ef10       ?lshift32@@YAXPEAXHH@Z     000000018000ff10 f   Bitvec.obj
 0001:0000f020       ?lshift8@@YAXPEAXHH@Z      0000000180010020 f   Bitvec.obj
 0001:0000f110       ?mix@Rand@@QEAAXXZ         0000000180010110 f i Bitvec.obj
 0001:0000f150       ?parity@@YAII@Z            0000000180010150 f   Bitvec.obj
 0001:0000f180       ?popcount@@YAII@Z          0000000180010180 f   Bitvec.obj
 0001:0000f1d0       ?printbits2@@YAXPEBEH@Z    00000001800101d0 f   Bitvec.obj
 0001:0000f290       ?printbits@@YAXPEBXH@Z     0000000180010290 f   Bitvec.obj
 0001:0000f390       ?printbytes2@@YAXPEBXH@Z   0000000180010390 f   Bitvec.obj
 0001:0000f3f0       ?printbytes@@YAXPEBXH@Z    00000001800103f0 f   Bitvec.obj
 0001:0000f470       ?printhex32@@YAXPEBXH@Z    0000000180010470 f   Bitvec.obj
 0001:0000f500       ?rand_p@Rand@@QEAAXPEAXH@Z 0000000180010500 f i Bitvec.obj
 0001:0000f600       ?rand_u32@Rand@@QEAAIXZ    0000000180010600 f i Bitvec.obj
 0001:0000f650       ?rand_u64@Rand@@QEAA_KXZ   0000000180010650 f i Bitvec.obj
 0001:0000f6a0       ?reseed@Rand@@QEAAXI@Z     00000001800106a0 f i Bitvec.obj
 0001:0000f7d0       ?rrot1@@YAXPEAXHH@Z        00000001800107d0 f   Bitvec.obj
 0001:0000f900       ?rrot32@@YAXPEAXHH@Z       0000000180010900 f   Bitvec.obj
 0001:0000fa00       ?rrot8@@YAXPEAXHH@Z        0000000180010a00 f   Bitvec.obj
 0001:0000faf0       ?rshift1@@YAXPEAXHH@Z      0000000180010af0 f   Bitvec.obj
 0001:0000fba0       ?rshift32@@YAXPEAXHH@Z     0000000180010ba0 f   Bitvec.obj
 0001:0000fcb0       ?rshift8@@YAXPEAXHH@Z      0000000180010cb0 f   Bitvec.obj
 0001:0000fdc0       ?setbit@@YAXPEAXHI@Z       0000000180010dc0 f   Bitvec.obj
 0001:0000fdf0       ?setbit@@YAXPEAXHII@Z      0000000180010df0 f   Bitvec.obj
 0001:0000fe50       ?test_shift@@YA_NXZ        0000000180010e50 f   Bitvec.obj
 0001:000106f0       ?test_window@@YA_NXZ       00000001800116f0 f   Bitvec.obj
 0001:00010900       ?window1@@YAIPEAXHHH@Z     0000000180011900 f   Bitvec.obj
 0001:000109d0       ?window32@@YAIPEAXHHH@Z    00000001800119d0 f   Bitvec.obj
 0001:00010ac0       ?window8@@YAIPEAXHHH@Z     0000000180011ac0 f   Bitvec.obj
 0001:00010c20       ?window@@YAIPEAXHHH@Z      0000000180011c20 f i Bitvec.obj
 0001:00010c40       ?crc32@@YAXPEBXHIPEAX@Z    0000000180011c40 f   crc.obj
 0001:00010dc0       ?lookup3@@YAIPEBXHI@Z      0000000180011dc0 f   lookup3.obj
 0001:00011030       ?lookup3_test@@YAXPEBXHIPEAX@Z 0000000180012030 f   lookup3.obj
 0001:00011050       ?md5@@YAXPEAEHQEAE@Z       0000000180012050 f   md5.obj
 0001:000110c0       ?md5_32@@YAXPEBXHIPEAX@Z   00000001800120c0 f   md5.obj
 0001:00011140       ?md5_finish@@YAXPEAUmd5_context@@QEAE@Z 0000000180012140 f   md5.obj
 0001:00012080       ?md5_starts@@YAXPEAUmd5_context@@@Z 0000000180013080 f   md5.obj
 0001:000120b0       ?md5_update@@YAXPEAUmd5_context@@PEAEH@Z 00000001800130b0 f   md5.obj
 0001:000121c0       ?md5hash@@YAIPEBXHI@Z      00000001800131c0 f   md5.obj
 0001:00012230       ?MurmurHash1@@YAIPEBXHI@Z  0000000180013230 f   MurmurHash1.obj
 0001:000122f0       ?MurmurHash1Aligned@@YAIPEBXHI@Z 00000001800132f0 f   MurmurHash1.obj
 0001:00012540       ?MurmurHash2@@YAIPEBXHI@Z  0000000180013540 f   MurmurHash2.obj
 0001:00012600       ?MurmurHash2A@@YAIPEBXHI@Z 0000000180013600 f   MurmurHash2.obj
 0001:00012700       ?MurmurHash64A@@YA_KPEBXH_K@Z 0000000180013700 f   MurmurHash2.obj
 0001:00012860       ?MurmurHash64B@@YA_KPEBXH_K@Z 0000000180013860 f   MurmurHash2.obj
 0001:000129c0       ?MurmurHashAligned2@@YAIPEBXHI@Z 00000001800139c0 f   MurmurHash2.obj
 0001:00012cb0       ?MurmurHashNeutral2@@YAIPEBXHI@Z 0000000180013cb0 f   MurmurHash2.obj
 0001:00012da0       ?MurmurHash3_x64_128@@YAXPEBXHIPEAX@Z 0000000180013da0 f   MurmurHash3.obj
 0001:000130b0       ?MurmurHash3_x86_128@@YAXPEBXHIPEAX@Z 00000001800140b0 f   MurmurHash3.obj
 0001:00013490       ?MurmurHash3_x86_32@@YAXPEBXHIPEAX@Z 0000000180014490 f   MurmurHash3.obj
 0001:00013590       ?fmix32@@YAII@Z            0000000180014590 f i MurmurHash3.obj
 0001:000135c0       ?fmix64@@YA_K_K@Z          00000001800145c0 f i MurmurHash3.obj
 0001:00013610       ?getblock32@@YAIPEBIH@Z    0000000180014610 f i MurmurHash3.obj
 0001:00013620       ?getblock64@@YA_KPEB_KH@Z  0000000180014620 f i MurmurHash3.obj
 0001:00013630       ?SetAffinity@@YAXH@Z       0000000180014630 f   Platform.obj
 0001:00013680       ?testRDTSC@@YAXXZ          0000000180014680 f   Platform.obj
 0001:000136a0       PMurHash32                 00000001800146a0 f   PMurHash.obj
 0001:00013750       PMurHash32_Process         0000000180014750 f   PMurHash.obj
 0001:00013910       PMurHash32_Result          0000000180014910 f   PMurHash.obj
 0001:00013980       PMurHash32_test            0000000180014980 f   PMurHash.obj
 0001:00013a50       ?SHA1_Final@@YAXPEAUSHA1_CTX@@QEAE@Z 0000000180014a50 f   sha1.obj
 0001:00013bd0       ?SHA1_Init@@YAXPEAUSHA1_CTX@@@Z 0000000180014bd0 f   sha1.obj
 0001:00013c10       ?SHA1_Transform@@YAXQEAIQEBE@Z 0000000180014c10 f   sha1.obj
 0001:000155b0       ?SHA1_Update@@YAXPEAUSHA1_CTX@@PEBE_K@Z 00000001800165b0 f   sha1.obj
 0001:000156d0       ?sha1_32a@@YAXPEBXHIPEAX@Z 00000001800166d0 f   sha1.obj
 0001:00015760       ?End@SpookyHash@@SAXAEA_K00000000000@Z 0000000180016760 f i Spooky.obj
 0001:00015bd0       ?EndPartial@SpookyHash@@SAXAEA_K00000000000@Z 0000000180016bd0 f i Spooky.obj
 0001:00015d70       ?Final@SpookyHash@@QEAAXPEA_K0@Z 0000000180016d70 f   Spooky.obj
 0001:00016330       ?Hash128@SpookyHash@@SAXPEBX_KPEA_K2@Z 0000000180017330 f   Spooky.obj
 0001:00016950       ?Init@SpookyHash@@QEAAX_K0@Z 0000000180017950 f   Spooky.obj
 0001:00016980       ?Mix@SpookyHash@@SAXPEB_KAEA_K11111111111@Z 0000000180017980 f i Spooky.obj
 0001:00016c10       ?Rot64@SpookyHash@@SA_K_KH@Z 0000000180017c10 f i Spooky.obj
 0001:00016c20       ?Short@SpookyHash@@CAXPEBX_KPEA_K2@Z 0000000180017c20 f   Spooky.obj
 0001:00016fe0       ?ShortEnd@SpookyHash@@SAXAEA_K000@Z 0000000180017fe0 f i Spooky.obj
 0001:000170f0       ?ShortMix@SpookyHash@@SAXAEA_K000@Z 00000001800180f0 f i Spooky.obj
 0001:00017220       ?Update@SpookyHash@@QEAAXPEBX_K@Z 0000000180018220 f   Spooky.obj
 0001:00017920       ?SuperFastHash@@YAIPEBCH@Z 0000000180018920 f   SuperFastHash.obj
 0001:00017a40       ?SuperFastHash@@YAXPEBXHIPEAX@Z 0000000180018a40 f   SuperFastHash.obj
 0001:00017a60       ?get16bits@@YAGPEBX@Z      0000000180018a60 f i SuperFastHash.obj
 0001:00017a70       ?GenerateMixingConstants@@YAXXZ 0000000180018a70 f   Types.obj
 0001:00017c80       ?blackhole@@YAXI@Z         0000000180018c80 f   Types.obj
 0001:00017c90       ?isprime@@YA_NI@Z          0000000180018c90 f   Types.obj
 0001:00017ef0       ?whitehole@@YAIXZ          0000000180018ef0 f   Types.obj
 0001:00017f00       ??0InterfaceElement@@QEAA@P6APEAXXZP6AXPEAX@ZPEBDH_N@Z 0000000180018f00 f   interfaces.obj
 0001:00018000       ??0InterfaceRegistration@@QEAA@XZ 0000000180019000 f   interfaces.obj
 0001:00018010       ?GetInterface@InterfaceRegistration@@QEAAPEAXPEBDH@Z 0000000180019010 f   interfaces.obj
 0001:00018260       ?RegisterInterface@InterfaceRegistration@@QEAAXPEAVInterfaceElement@@@Z 0000000180019260 f   interfaces.obj
 0001:00018340       ?ReleaseAllInterfacePointers@InterfaceRegistration@@QEAAXXZ 0000000180019340 f   interfaces.obj
 0001:00018440       ?ReleaseInterfacePointer@InterfaceRegistration@@QEAAXPEBDPEAX@Z 0000000180019440 f   interfaces.obj
 0001:00018530       GetInterfaceRegistration   0000000180019530 f   interfaces.obj
 0001:00018540       ??$vsnprintf_s@$0IAA@@@YAHAEAY0IAA@D_KPEBDPEAD@Z 0000000180019540 f i logging.obj
 0001:00018650       Error                      0000000180019650 f   logging.obj
 0001:000186f0       Msg                        00000001800196f0 f   logging.obj
 0001:00018720       Warning                    0000000180019720 f   logging.obj
 0001:00018750       ??0MemoryBucketAllocator@@QEAA@IPEAUMemoryBucket@@@Z 0000000180019750 f   memory_bucket.obj
 0001:00018770       ??0iMemoryAllocator@@QEAA@XZ 0000000180019770 f i memory_bucket.obj
 0001:00018790       ?Allocate@MemoryBucketAllocator@@UEAAPEAXI@Z 0000000180019790 f   memory_bucket.obj
 0001:00018830       ?AllocateToBucket@MemoryBucketAllocator@@AEAAPEAXI@Z 0000000180019830 f   memory_bucket.obj
 0001:000188a0       ?Deallocate@MemoryBucketAllocator@@UEAAXPEAX@Z 00000001800198a0 f   memory_bucket.obj
 0001:000189f0       ?GetBlockInBucketByMemory@MemoryBucketAllocator@@AEAAIPEAXI@Z 00000001800199f0 f   memory_bucket.obj
 0001:00018a90       ?GetBucketOccupiedByMemory@MemoryBucketAllocator@@AEAA_NPEAXAEAI@Z 0000000180019a90 f   memory_bucket.obj
 0001:00018be0       ??0GeneralAllocator@@QEAA@IPEAE@Z 0000000180019be0 f   memory_pool.obj
 0001:00018c10       ??0MemoryPool@@QEAA@XZ     0000000180019c10 f   memory_pool.obj
 0001:00018c50       ??0iMemoryPool@@QEAA@XZ    0000000180019c50 f i memory_pool.obj
 0001:00018c70       ??1MemoryPool@@QEAA@XZ     0000000180019c70 f   memory_pool.obj
 0001:00018c90       ?Allocate@GeneralAllocator@@UEAAPEAXI@Z 0000000180019c90 f   memory_pool.obj
 0001:00018dd0       ?CreateBucketAllocator@MemoryPool@@UEAAPEAViMemoryAllocator@@PEBDIPEAUbucket_info@@@Z 0000000180019dd0 f   memory_pool.obj
 0001:00019060       ?CreateGeneralAllocator@MemoryPool@@UEAAPEAViMemoryAllocator@@PEBDI@Z 000000018001a060 f   memory_pool.obj
 0001:000191e0       ?Deallocate@GeneralAllocator@@UEAAXPEAX@Z 000000018001a1e0 f   memory_pool.obj
 0001:000192d0       ?Initialize@MemoryPool@@UEAAXXZ 000000018001a2d0 f   memory_pool.obj
 0001:00019430       ?SplitMemoryBlock@@YA_NPEAUalloc_block@@I@Z 000000018001a430 f   memory_pool.obj
 0001:00019480       ?TryAllocation@MemoryPool@@UEAAPEAXIPEBDI@Z 000000018001a480 f   memory_pool.obj
 0001:00019500       GetMemoryPool              000000018001a500 f   memory_pool.obj
 0001:00019510       ??$strncat_s@$0BAA@@@YAHAEAY0BAA@DPEBD_K@Z 000000018001a510 f i keyvalues.obj
 0001:00019530       ??0Keyvalues@Utility@@QEAA@XZ 000000018001a530 f   keyvalues.obj
 0001:00019620       ??0Variant@Utility@@QEAA@XZ 000000018001a620 f i keyvalues.obj
 0001:00019640       ??1Keyvalues@Utility@@QEAA@XZ 000000018001a640 f   keyvalues.obj
 0001:000196e0       ??_GKeyvalues@Utility@@QEAAPEAXI@Z 000000018001a6e0 f i keyvalues.obj
 0001:00019720       ?AddChild@Keyvalues@Utility@@AEAAXPEAV12@@Z 000000018001a720 f   keyvalues.obj
 0001:00019840       ?AddIndentation@Utility@@YAXPEAU_iobuf@@I@Z 000000018001a840 f   keyvalues.obj
 0001:000198a0       ?CreateKey@Keyvalues@Utility@@QEAAPEAV12@PEBD@Z 000000018001a8a0 f   keyvalues.obj
 0001:00019980       ?GetKey@Keyvalues@Utility@@QEBAPEAV12@PEBD@Z 000000018001a980 f   keyvalues.obj
 0001:00019a10       ?GetName@Keyvalues@Utility@@QEBAPEBDXZ 000000018001aa10 f i keyvalues.obj
 0001:00019a20       ?GetVariant@Keyvalues@Utility@@QEBAAEBVVariant@2@XZ 000000018001aa20 f i keyvalues.obj
 0001:00019b10       ?HasChildren@Keyvalues@Utility@@QEBA_NXZ 000000018001ab10 f i keyvalues.obj
 0001:00019b20       ?ParseKey@Keyvalues@Utility@@AEAA_NPEAPEBDAEA_K@Z 000000018001ab20 f   keyvalues.obj
 0001:00019ff0       ?PopulateFile@Keyvalues@Utility@@QEAA_NPEAU_iobuf@@@Z 000000018001aff0 f   keyvalues.obj
 0001:0001a3e0       ?PopulateWithBuffer@Keyvalues@Utility@@QEAA_NPEBD_K0@Z 000000018001b3e0 f   keyvalues.obj
 0001:0001a490       ?PopulateWithFile@Keyvalues@Utility@@QEAA_NPEAU_iobuf@@PEBD@Z 000000018001b490 f   keyvalues.obj
 0001:0001a640       ?SetFloat@Variant@Utility@@QEAAXM@Z 000000018001b640 f i keyvalues.obj
 0001:0001a650       ?SetInt@Variant@Utility@@QEAAXH@Z 000000018001b650 f i keyvalues.obj
 0001:0001a660       ?SetName@Keyvalues@Utility@@AEAAXPEBD_K@Z 000000018001b660 f   keyvalues.obj
 0001:0001a670       ?SetValue@Keyvalues@Utility@@AEAAXPEBD_K@Z 000000018001b670 f   keyvalues.obj
 0001:0001a740       ?SkipCommentLines@Keyvalues@Utility@@IEAA_NPEAPEBDAEA_K@Z 000000018001b740 f   keyvalues.obj
 0001:0001a7f0       ?WriteBranch@Keyvalues@Utility@@QEAA_NPEAU_iobuf@@I@Z 000000018001b7f0 f   keyvalues.obj
 0001:0001aaf0       ?WriteName@Utility@@YAXPEAU_iobuf@@PEBD@Z 000000018001baf0 f   keyvalues.obj
 0001:0001aba0       ?WriteVariant@Utility@@YAXPEAU_iobuf@@PEBDPEBVVariant@1@@Z 000000018001bba0 f   keyvalues.obj
 0001:0001ac10       ?TokenSubtract@ScriptParse@@YAMPEAULexTokenVariable@1@0@Z 000000018001bc10 f   lexer.obj
 0001:0001ac20       ?TokenAdd@ScriptParse@@YAMPEAULexTokenVariable@1@0@Z 000000018001bc20 f   lexer.obj
 0001:0001ac30       ?TokenMultiply@ScriptParse@@YAMPEAULexTokenVariable@1@0@Z 000000018001bc30 f   lexer.obj
 0001:0001ac40       ?TokenModulo@ScriptParse@@YAMPEAULexTokenVariable@1@0@Z 000000018001bc40 f   lexer.obj
 0001:0001ac60       ?TokenDivide@ScriptParse@@YAMPEAULexTokenVariable@1@0@Z 000000018001bc60 f   lexer.obj
 0001:0001ac70       ??0CPostfixEvaluate@ScriptParse@@QEAA@XZ 000000018001bc70 f   lexer.obj
 0001:0001ac90       ??0CScriptLexer@ScriptParse@@QEAA@XZ 000000018001bc90 f   lexer.obj
 0001:0001ad90       ??0CScriptParse@ScriptParse@@QEAA@XZ 000000018001bd90 f   lexer.obj
 0001:0001ae00       ?AddTokenToOperatorStack@CScriptParse@ScriptParse@@AEAAXPEAUiLexToken@2@@Z 000000018001be00 f   lexer.obj
 0001:0001ae70       ?AddTokenToOutput@CScriptParse@ScriptParse@@AEAAXPEAUiLexToken@2@@Z 000000018001be70 f i lexer.obj
 0001:0001ae80       ?Analyze@CScriptLexer@ScriptParse@@QEAAXPEBD@Z 000000018001be80 f   lexer.obj
 0001:0001b170       ?Evaluate@CPostfixEvaluate@ScriptParse@@QEAAMPEAPEAUiLexToken@2@I@Z 000000018001c170 f   lexer.obj
 0001:0001b240       ?EvaluateOperator@CPostfixEvaluate@ScriptParse@@AEAAXPEAUiLexToken@2@@Z 000000018001c240 f i lexer.obj
 0001:0001b2a0       ?Parse@CScriptParse@ScriptParse@@QEAAXPEAPEAUiLexToken@2@I@Z 000000018001c2a0 f   lexer.obj
 0001:0001b380       ?PopVariableStack@CPostfixEvaluate@ScriptParse@@AEAAPEAULexTokenVariable@2@XZ 000000018001c380 f i lexer.obj
 0001:0001b390       ?PrintOutput@CScriptParse@ScriptParse@@QEAAXXZ 000000018001c390 f   lexer.obj
 0001:0001b430       ?PushOperator@CScriptLexer@ScriptParse@@AEAAXPEBD@Z 000000018001c430 f i lexer.obj
 0001:0001b4c0       ?PushToVariableStack@CPostfixEvaluate@ScriptParse@@AEAAXPEAULexTokenVariable@2@@Z 000000018001c4c0 f i lexer.obj
 0001:0001b4d0       ?PushVariable@CScriptLexer@ScriptParse@@AEAAXPEBD_N@Z 000000018001c4d0 f   lexer.obj
 0001:0001b5a0       ?IsFilePath@Utility@@YA_NPEBD@Z 000000018001c5a0 f   string_helpers.obj
 0001:0001b610       ?NextToken@Utility@@YAPEBDPEADPEBDD@Z 000000018001c610 f   string_helpers.obj
 0001:0001b680       ?ReplaceCharacters@Utility@@YAXPEADDD@Z 000000018001c680 f   string_helpers.obj
 0001:0001b6d0       ?StripFileExtension@Utility@@YAXPEAD@Z 000000018001c6d0 f   string_helpers.obj
 0001:0001b720       ?StripFileName@Utility@@YAXPEAD@Z 000000018001c720 f   string_helpers.obj
 0001:0001b810       ?StripPathEndSlash@Utility@@YAXPEAD@Z 000000018001c810 f   string_helpers.obj
 0001:0001b860       ??0CStringPool@@QEAA@PEBD@Z 000000018001c860 f   string_pool.obj
 0001:0001b870       ?AllocateString@CStringPool@@QEAA?AVCStringPtr@@PEBD@Z 000000018001c870 f   string_pool.obj
 0001:0001b880       ??0CUtlFilePath@@QEAA@PEBD@Z 000000018001c880 f   util_filepath.obj
 0001:0001b8c0       ??0CUtlFilePath@@QEAA@_K@Z 000000018001c8c0 f   util_filepath.obj
 0001:0001b8f0       ??1CUtlString@@QEAA@XZ     000000018001c8f0 f i util_filepath.obj
 0001:0001b910       ?AppendFileName@CUtlFilePath@@QEAAXPEBD@Z 000000018001c910 f   util_filepath.obj
 0001:0001ba90       ?Element@CUtlString@@QEBAAEBD_K@Z 000000018001ca90 f i util_filepath.obj
 0001:0001bb10       ?GetFileExtension@CUtlFilePath@@QEBAPEBDXZ 000000018001cb10 f   util_filepath.obj
 0001:0001bc70       ?GetFileExtension@CUtlFilePath@@QEBAXPEAD_K@Z 000000018001cc70 f   util_filepath.obj
 0001:0001bc80       ?GetFileName@CUtlFilePath@@QEBAPEBDXZ 000000018001cc80 f   util_filepath.obj
 0001:0001bde0       ?GetFileName@CUtlFilePath@@QEBAXPEAD_K_N@Z 000000018001cde0 f   util_filepath.obj
 0001:0001bdf0       ?GetNumCharacters@CUtlString@@QEBA_KXZ 000000018001cdf0 f i util_filepath.obj
 0001:0001bee0       ?PopFolder@CUtlFilePath@@QEAAXXZ 000000018001cee0 f   util_filepath.obj
 0001:0001bff0       ?PushFolder@CUtlFilePath@@QEAAXPEBD@Z 000000018001cff0 f   util_filepath.obj
 0001:0001c0a0       ?SetupPath@CUtlFilePath@@AEAAXXZ 000000018001d0a0 f   util_filepath.obj
 0001:0001c270       ?StripFileName@CUtlFilePath@@QEAAXXZ 000000018001d270 f   util_filepath.obj
 0001:0001c340       ??0CUtlString@@QEAA@AEAV0@@Z 000000018001d340 f   util_string.obj
 0001:0001c460       ??0CUtlString@@QEAA@PEBD@Z 000000018001d460 f   util_string.obj
 0001:0001c520       ??0CUtlString@@QEAA@_K@Z   000000018001d520 f   util_string.obj
 0001:0001c570       ??ACUtlString@@QEBAD_K@Z   000000018001d570 f i util_string.obj
 0001:0001c610       ?Clear@CUtlString@@QEAAXXZ 000000018001d610 f i util_string.obj
 0001:0001c630       ?CompareStringsCaseInsensitive@CUtlString@@QEBAHAEBV1@@Z 000000018001d630 f   util_string.obj
 0001:0001c7e0       ?CompareStringsCaseSensitive@CUtlString@@QEBAHAEBV1@@Z 000000018001d7e0 f   util_string.obj
 0001:0001c950       ?ConcatString@CUtlString@@QEAAXAEBV1@@Z 000000018001d950 f   util_string.obj
 0001:0001ca60       ?ConcatString@CUtlString@@QEAAXPEBD@Z 000000018001da60 f   util_string.obj
 0001:0001cb10       ?CountCharacters@CUtlString@@QEBA_KD@Z 000000018001db10 f   util_string.obj
 0001:0001cc20       ?IsEmpty@CUtlString@@QEBA_NXZ 000000018001dc20 f i util_string.obj
 0001:0001cc30       ?NextToken@CUtlString@@QEAAPEBDPEADPEBDD@Z 000000018001dc30 f   util_string.obj
 0001:0001cd30       ?PopCharacters@CUtlString@@QEAAX_K@Z 000000018001dd30 f   util_string.obj
 0001:0001cd70       ?PushCharacter@CUtlString@@QEAAXD@Z 000000018001dd70 f   util_string.obj
 0001:0001cdd0       ?RemoveCharacters@CUtlString@@QEAAX_K0@Z 000000018001ddd0 f   util_string.obj
 0001:0001cec0       ?ReplaceCharacters@CUtlString@@QEAAXDD@Z 000000018001dec0 f   util_string.obj
 0001:0001cf00       ?SetupMem@CUtlString@@AEAA_N_K@Z 000000018001df00 f   util_string.obj
 0001:0001d0f0       ?ToLowerCase@CUtlString@@QEAAXXZ 000000018001e0f0 f   util_string.obj
 0001:0001d150       ?ToUpperCase@CUtlString@@QEAAXXZ 000000018001e150 f   util_string.obj
 0001:0001d1b0       ?VarArgs@CUtlString@@QEAAXPEADZZ 000000018001e1b0 f   util_string.obj
 0001:0001d290       ?ceil@@YAMM@Z              000000018001e290 f i util_string.obj
 0001:0001d2d0       ?GetPlatform@@YAPEAVIPlatform@@XZ 000000018001e2d0 f   utilities.obj
 0001:0001d314       GetCurrentProcess          000000018001e314 f   kernel32:KERNEL32.dll
 0001:0001d31a       GetCurrentThread           000000018001e31a f   kernel32:KERNEL32.dll
 0001:0001d320       SetThreadPriority          000000018001e320 f   kernel32:KERNEL32.dll
 0001:0001d326       SetProcessAffinityMask     000000018001e326 f   kernel32:KERNEL32.dll
 0001:0001d32c       MessageBoxA                000000018001e32c f   user32:USER32.dll
 0001:0001d340       ??0_Init_locks@std@@QEAA@XZ 000000018001e340 f   libcpmtd:xlock.obj
 0001:0001d3b0       ??0_Lockit@std@@QEAA@H@Z   000000018001e3b0 f   libcpmtd:xlock.obj
 0001:0001d420       ??0_Lockit@std@@QEAA@XZ    000000018001e420 f   libcpmtd:xlock.obj
 0001:0001d480       ??1_Init_locks@std@@QEAA@XZ 000000018001e480 f   libcpmtd:xlock.obj
 0001:0001d4f0       ??1_Lockit@std@@QEAA@XZ    000000018001e4f0 f   libcpmtd:xlock.obj
 0001:0001d540       ?_Init_locks_ctor@_Init_locks@std@@CAXPEAV12@@Z 000000018001e540 f   libcpmtd:xlock.obj
 0001:0001d5b0       ?_Init_locks_dtor@_Init_locks@std@@CAXPEAV12@@Z 000000018001e5b0 f   libcpmtd:xlock.obj
 0001:0001d620       ?_Lockit_ctor@_Lockit@std@@CAXPEAV12@@Z 000000018001e620 f   libcpmtd:xlock.obj
 0001:0001d650       ?_Lockit_ctor@_Lockit@std@@CAXPEAV12@H@Z 000000018001e650 f   libcpmtd:xlock.obj
 0001:0001d6b0       ?_Lockit_ctor@_Lockit@std@@SAXH@Z 000000018001e6b0 f   libcpmtd:xlock.obj
 0001:0001d700       ?_Lockit_dtor@_Lockit@std@@CAXPEAV12@@Z 000000018001e700 f   libcpmtd:xlock.obj
 0001:0001d730       ?_Lockit_dtor@_Lockit@std@@SAXH@Z 000000018001e730 f   libcpmtd:xlock.obj
 0001:0001d780       ?_Debug_message@std@@YAXPEBG0I@Z 000000018001e780 f   libcpmtd:stdthrow.obj
 0001:0001d7b0       ?_Debug_message@std@@YAXPEB_W0I@Z 000000018001e7b0 f   libcpmtd:stdthrow.obj
 0001:0001d800       ??$_Allocate@D@std@@YAPEAD_KPEAD@Z 000000018001e800 f i libcpmtd:xthrow.obj
 0001:0001d850       ??$_Debug_pointer@D@std@@YAXPEBDPEB_WI@Z 000000018001e850 f i libcpmtd:xthrow.obj
 0001:0001d890       ??$addressof@D@std@@YAPEADAEAD@Z 000000018001e890 f i libcpmtd:xthrow.obj
 0001:0001d8a0       ??$construct@PEADAEAPEAD@?$_Wrap_alloc@V?$allocator@D@std@@@std@@QEAAXPEAPEADAEAPEAD@Z 000000018001e8a0 f i libcpmtd:xthrow.obj
 0001:0001d8e0       ??$construct@PEADAEAPEAD@?$allocator@D@std@@QEAAXPEAPEADAEAPEAD@Z 000000018001e8e0 f i libcpmtd:xthrow.obj
 0001:0001d960       ??$construct@PEADAEAPEAD@?$allocator_traits@V?$allocator@D@std@@@std@@SAXAEAV?$allocator@D@1@PEAPEADAEAPEAD@Z 000000018001e960 f i libcpmtd:xthrow.obj
 0001:0001d9a0       ??$destroy@PEAD@?$_Wrap_alloc@V?$allocator@D@std@@@std@@QEAAXPEAPEAD@Z 000000018001e9a0 f i libcpmtd:xthrow.obj
 0001:0001d9d0       ??$destroy@PEAD@?$allocator@D@std@@QEAAXPEAPEAD@Z 000000018001e9d0 f i libcpmtd:xthrow.obj
 0001:0001d9e0       ??$destroy@PEAD@?$allocator_traits@V?$allocator@D@std@@@std@@SAXAEAV?$allocator@D@1@PEAPEAD@Z 000000018001e9e0 f i libcpmtd:xthrow.obj
 0001:0001da10       ??$forward@AEAPEAD@std@@YAAEAPEADAEAPEAD@Z 000000018001ea10 f i libcpmtd:xthrow.obj
 0001:0001da20       ??0?$_String_alloc@$0A@U?$_String_base_types@DV?$allocator@D@std@@@std@@@std@@QEAA@AEBV?$allocator@D@1@@Z 000000018001ea20 f i libcpmtd:xthrow.obj
 0001:0001da60       ??0?$_String_val@U?$_Simple_types@D@std@@@std@@QEAA@XZ 000000018001ea60 f i libcpmtd:xthrow.obj
 0001:0001daa0       ??0?$_Wrap_alloc@V?$allocator@D@std@@@std@@QEAA@XZ 000000018001eaa0 f i libcpmtd:xthrow.obj
 0001:0001dac0       ??0?$allocator@D@std@@QEAA@XZ 000000018001eac0 f i libcpmtd:xthrow.obj
 0001:0001dad0       ??0?$basic_string@DU?$char_traits@D@std@@V?$allocator@D@2@@std@@QEAA@PEBD@Z 000000018001ead0 f i libcpmtd:xthrow.obj
 0001:0001db30       ??0_Generic_error_category@std@@QEAA@XZ 000000018001eb30 f i libcpmtd:xthrow.obj
 0001:0001db60       ??0_Ignore@std@@QEAA@XZ    000000018001eb60 f i libcpmtd:xthrow.obj
 0001:0001db70       ??0_Iostream_error_category@std@@QEAA@XZ 000000018001eb70 f i libcpmtd:xthrow.obj
 0001:0001dba0       ??0_System_error_category@std@@QEAA@XZ 000000018001eba0 f i libcpmtd:xthrow.obj
 0001:0001dbd0       ??0bad_alloc@std@@QEAA@AEBV01@@Z 000000018001ebd0 f i libcpmtd:xthrow.obj
 0001:0001dc10       ??0bad_alloc@std@@QEAA@XZ  000000018001ec10 f i libcpmtd:xthrow.obj
 0001:0001dc60       ??0bad_function_call@std@@QEAA@AEBV01@@Z 000000018001ec60 f i libcpmtd:xthrow.obj
 0001:0001dca0       ??0bad_function_call@std@@QEAA@PEBD@Z 000000018001eca0 f i libcpmtd:xthrow.obj
 0001:0001dce0       ??0error_category@std@@QEAA@XZ 000000018001ece0 f i libcpmtd:xthrow.obj
 0001:0001dd00       ??0error_condition@std@@QEAA@HAEBVerror_category@1@@Z 000000018001ed00 f i libcpmtd:xthrow.obj
 0001:0001dd30       ??0id@locale@std@@QEAA@_K@Z 000000018001ed30 f i libcpmtd:xthrow.obj
 0001:0001dd50       ??0invalid_argument@std@@QEAA@AEBV01@@Z 000000018001ed50 f i libcpmtd:xthrow.obj
 0001:0001dd90       ??0invalid_argument@std@@QEAA@PEBD@Z 000000018001ed90 f i libcpmtd:xthrow.obj
 0001:0001ddd0       ??0length_error@std@@QEAA@AEBV01@@Z 000000018001edd0 f i libcpmtd:xthrow.obj
 0001:0001de10       ??0length_error@std@@QEAA@PEBD@Z 000000018001ee10 f i libcpmtd:xthrow.obj
 0001:0001de50       ??0logic_error@std@@QEAA@AEBV01@@Z 000000018001ee50 f i libcpmtd:xthrow.obj
 0001:0001de90       ??0logic_error@std@@QEAA@PEBD@Z 000000018001ee90 f i libcpmtd:xthrow.obj
 0001:0001ded0       ??0out_of_range@std@@QEAA@AEBV01@@Z 000000018001eed0 f i libcpmtd:xthrow.obj
 0001:0001df10       ??0out_of_range@std@@QEAA@PEBD@Z 000000018001ef10 f i libcpmtd:xthrow.obj
 0001:0001df50       ??0overflow_error@std@@QEAA@AEBV01@@Z 000000018001ef50 f i libcpmtd:xthrow.obj
 0001:0001df90       ??0overflow_error@std@@QEAA@PEBD@Z 000000018001ef90 f i libcpmtd:xthrow.obj
 0001:0001dfd0       ??0regex_error@std@@QEAA@AEBV01@@Z 000000018001efd0 f i libcpmtd:xthrow.obj
 0001:0001e020       ??0regex_error@std@@QEAA@W4error_type@regex_constants@1@@Z 000000018001f020 f i libcpmtd:xthrow.obj
 0001:0001e070       ??0runtime_error@std@@QEAA@AEBV01@@Z 000000018001f070 f i libcpmtd:xthrow.obj
 0001:0001e0b0       ??0runtime_error@std@@QEAA@PEBD@Z 000000018001f0b0 f i libcpmtd:xthrow.obj
 0001:0001e0f0       ??1?$_String_alloc@$0A@U?$_String_base_types@DV?$allocator@D@std@@@std@@@std@@QEAA@XZ 000000018001f0f0 f i libcpmtd:xthrow.obj
[...]
 0003:00000e24       __isa_enabled              00000001800b4e24     LIBCMTD:cpu_disp.obj
 0003:00000e30       _pfnAllocHook              00000001800b4e30     LIBCMTD:dbghook.obj
 0003:00000e40       __security_cookie          00000001800b4e40     LIBCMTD:gs_cookie.obj
 0003:00000e48       __security_cookie_complement 00000001800b4e48     LIBCMTD:gs_cookie.obj
 0003:00000e50       _CrtDbgMode                00000001800b4e50     LIBCMTD:dbgrptt.obj
 0003:00000e5c       _crtAssertBusy             00000001800b4e5c     LIBCMTD:dbgrptt.obj
 0003:00000e60       _CrtDbgFile                00000001800b4e60     LIBCMTD:dbgrptt.obj
 0003:00000e80       __abort_behavior           00000001800b4e80     LIBCMTD:abort.obj
 0003:00000e90       __badioinfo                00000001800b4e90     LIBCMTD:ioinit.obj
 0003:00000ef0       _cfltcvt_tab               00000001800b4ef0     LIBCMTD:cmiscdat.obj
 0003:00001040       __ptmbcinfo                00000001800b5040     LIBCMTD:mbctype.obj
 0003:00001050       _mbctype                   00000001800b5050     LIBCMTD:mbctype.obj
 0003:00001160       _mbcasemap                 00000001800b5160     LIBCMTD:mbctype.obj
 0003:00001260       __initialmbcinfo           00000001800b5260     LIBCMTD:mbctype.obj
 0003:00001490       __flsindex                 00000001800b5490     LIBCMTD:tidtable.obj
 0003:00001494       __wclocalestr              00000001800b5494     LIBCMTD:nlsdata.obj
 0003:000014a0       __lc_time_c                00000001800b54a0     LIBCMTD:nlsdata.obj
 0003:00001760       __ptlocinfo                00000001800b5760     LIBCMTD:nlsdata.obj
 0003:00001770       __initiallocinfo           00000001800b5770     LIBCMTD:nlsdata.obj
 0003:000018c8       __initiallocalestructinfo  00000001800b58c8     LIBCMTD:nlsdata.obj
 0003:000018d8       __mb_cur_max               00000001800b58d8     LIBCMTD:nlsdata.obj
 0003:000018dc       __globallocalestatus       00000001800b58dc     LIBCMTD:glstatus.obj
 0003:000018e8       ??_R0?AVbad_exception@std@@@8 00000001800b58e8     LIBCMTD:frame.obj
 0003:00001920       ??_R0?AVDNameNode@@@8      00000001800b5920     LIBCMTD:undname.obj
 0003:00001940       ??_R0?AVcharNode@@@8       00000001800b5940     LIBCMTD:undname.obj
 0003:00001960       ??_R0?AVpcharNode@@@8      00000001800b5960     LIBCMTD:undname.obj
 0003:00001980       ??_R0?AVpDNameNode@@@8     00000001800b5980     LIBCMTD:undname.obj
 0003:000019a8       ??_R0?AVDNameStatusNode@@@8 00000001800b59a8     LIBCMTD:undname.obj
 0003:000019d0       ??_R0?AVpairNode@@@8       00000001800b59d0     LIBCMTD:undname.obj
 0003:00001a20       _pow10pos                  00000001800b5a20     LIBCMTD:constpow.obj
 0003:00001b80       _pow10neg                  00000001800b5b80     LIBCMTD:constpow.obj
 0003:00001ce0       __lconv_static_decimal     00000001800b5ce0     LIBCMTD:lconv.obj
 0003:00001ce4       __lconv_static_W_decimal   00000001800b5ce4     LIBCMTD:lconv.obj
 0003:00001ce8       __lconv                    00000001800b5ce8     LIBCMTD:lconv.obj
 0003:00001cf0       __lconv_c                  00000001800b5cf0     LIBCMTD:lconv.obj
 0003:00001d88       _pctype                    00000001800b5d88     LIBCMTD:ctype.obj
 0003:00001d90       _pwctype                   00000001800b5d90     LIBCMTD:ctype.obj
 0003:00001da0       _confh                     00000001800b5da0     LIBCMTD:initcon.obj
 0003:00002440       __@@_PchSym_@00@UfhvihUibzmUwvhpglkUtvmvhrhUfgrorgrvhUcGEUwvyftUzoosvzwOlyq@9DC2E5C89D87A427 00000001800b6440     allhead.obj
 0003:00004fe8       ?g_rand2@@3URand@@A        00000001800b8fe8     Random.obj
 0003:00004ff8       ?g_rand1@@3URand@@A        00000001800b8ff8     Random.obj
 0003:00005008       ?g_rand3@@3URand@@A        00000001800b9008     Random.obj
 0003:00005018       ?g_rand4@@3URand@@A        00000001800b9018     Random.obj
 0003:00008a10       ?s_charTranslator@Keyvalues@Utility@@0PAW4KVCharType@12@A 00000001800bca10     keyvalues.obj
 0003:00008e10       ?s_bTranslatorInit@Keyvalues@Utility@@0_NA 00000001800bce10     keyvalues.obj
 0003:0000c158       ?_Generic_object@?$_Error_objects@H@std@@2V_Generic_error_category@2@A 00000001800c0158     libcpmtd:xthrow.obj
 0003:0000c160       ?_Iostream_object@?$_Error_objects@H@std@@2V_Iostream_error_category@2@A 00000001800c0160     libcpmtd:xthrow.obj
 0003:0000c168       ?_System_object@?$_Error_objects@H@std@@2V_System_error_category@2@A 00000001800c0168     libcpmtd:xthrow.obj
 0003:0000c170       ?id@?$num_put@DV?$back_insert_iterator@V?$basic_string@DU?$char_traits@D@std@@V?$allocator@D@2@@std@@@std@@@std@@2V0locale@2@A 00000001800c0170     libcpmtd:xthrow.obj
 0003:0000c178       ?id@?$num_put@_WV?$back_insert_iterator@V?$basic_string@_WU?$char_traits@_W@std@@V?$allocator@_W@2@@std@@@std@@@std@@2V0locale@2@A 00000001800c0178     libcpmtd:xthrow.obj
 0003:0000c180       ?id@?$numpunct@D@std@@2V0locale@2@A 00000001800c0180     libcpmtd:xthrow.obj
 0003:0000c188       ?id@?$numpunct@_W@std@@2V0locale@2@A 00000001800c0188     libcpmtd:xthrow.obj
 0003:0000c198       __pInvalidArgHandler       00000001800c0198     LIBCMTD:invarg.obj
 0003:0000c1a0       _cflush                    00000001800c01a0     LIBCMTD:_file.obj
 0003:0000c1b0       _umaskval                  00000001800c01b0     LIBCMTD:crt0dat.obj
 0003:0000c1b4       _exitflag                  00000001800c01b4     LIBCMTD:crt0dat.obj
 0003:0000c1b8       _C_Termination_Done        00000001800c01b8     LIBCMTD:crt0dat.obj
 0003:0000c1bc       _C_Exit_Done               00000001800c01bc     LIBCMTD:crt0dat.obj
 0003:0000c1c0       __winitenv                 00000001800c01c0     LIBCMTD:crt0dat.obj
 0003:0000c1c8       __initenv                  00000001800c01c8     LIBCMTD:crt0dat.obj
 0003:0000c1d4       __argc                     00000001800c01d4     LIBCMTD:crt0dat.obj
 0003:0000c1d8       __argv                     00000001800c01d8     LIBCMTD:crt0dat.obj
 0003:0000c1e0       __wargv                    00000001800c01e0     LIBCMTD:crt0dat.obj
 0003:0000c1e8       _environ                   00000001800c01e8     LIBCMTD:crt0dat.obj
 0003:0000c1f0       _wenviron                  00000001800c01f0     LIBCMTD:crt0dat.obj
 0003:0000c1f8       _pgmptr                    00000001800c01f8     LIBCMTD:crt0dat.obj
 0003:0000c200       _wpgmptr                   00000001800c0200     LIBCMTD:crt0dat.obj
 0003:0000c208       __fastflag                 00000001800c0208     LIBCMTD:fpinit.obj
 0003:0000c218       _aenvptr                   00000001800c0218     LIBCMTD:dllcrt0.obj
 0003:0000c220       _wenvptr                   00000001800c0220     LIBCMTD:dllcrt0.obj
 0003:0000c488       ?_pnhHeap@@3P6AH_K@ZEA     00000001800c0488     LIBCMTD:handler.obj
 0003:0000c490       __crtDebugCheckCount       00000001800c0490     LIBCMTD:dbgheap.obj
 0003:0000c498       ?_pfnDumpClient@@3P6AXPEAX_K@ZEA 00000001800c0498     LIBCMTD:dbgheap.obj
 0003:0000c4d0       __favor                    00000001800c04d0     LIBCMTD:cpu_disp.obj
 0003:0000c4d4       _newmode                   00000001800c04d4     LIBCMTD:_newmode.obj
 0003:0000caa8       __error_mode               00000001800c0aa8     LIBCMTD:errmode.obj
 0003:0000cab0       __app_type                 00000001800c0ab0     LIBCMTD:crt0msg.obj
 0003:0000d0e8       _stdbuf                    00000001800c10e8     LIBCMTD:_sftbuf.obj
 0003:0000d0f8       __ioInitOnce               00000001800c10f8     LIBCMTD:ioinit.obj
 0003:0000d100       ?__pInconsistency@@3P6AXXZEA 00000001800c1100     LIBCMTD:hooks.obj
 0003:0000d108       __pPurecall                00000001800c1108     LIBCMTD:inithelp.obj
 0003:0000d118       __mblocalename             00000001800c1118     LIBCMTD:mbctype.obj
 0003:0000d120       __mbcodepage               00000001800c1120     LIBCMTD:mbctype.obj
 0003:0000d124       __ismbcodepage             00000001800c1124     LIBCMTD:mbctype.obj
 0003:0000d128       __mbulinfo                 00000001800c1128     LIBCMTD:mbctype.obj
 0003:0000d148       __locale_changed           00000001800c1148     LIBCMTD:wsetloca.obj
 0003:0000d150       _crtheap                   00000001800c1150     LIBCMTD:heapinit.obj
 0003:0000d268       ?pArgList@UnDecorator@@0PEAVReplicator@@EA 00000001800c1268     LIBCMTD:undname.obj
 0003:0000d270       ?pZNameList@UnDecorator@@0PEAVReplicator@@EA 00000001800c1270     LIBCMTD:undname.obj
 0003:0000d278       ?pTemplateArgList@UnDecorator@@0PEAVReplicator@@EA 00000001800c1278     LIBCMTD:undname.obj
 0003:0000d280       ?gName@UnDecorator@@0PEBDEB 00000001800c1280     LIBCMTD:undname.obj
 0003:0000d288       ?name@UnDecorator@@0PEBDEB 00000001800c1288     LIBCMTD:undname.obj
 0003:0000d290       ?outputString@UnDecorator@@0PEADEA 00000001800c1290     LIBCMTD:undname.obj
 0003:0000d298       ?maxStringLength@UnDecorator@@0HA 00000001800c1298     LIBCMTD:undname.obj
 0003:0000d29c       ?disableFlags@UnDecorator@@0KA 00000001800c129c     LIBCMTD:undname.obj
 0003:0000d2a0       ?fExplicitTemplateParams@UnDecorator@@0_NA 00000001800c12a0     LIBCMTD:undname.obj
 0003:0000d2a1       ?fGetTemplateArgumentList@UnDecorator@@0_NA 00000001800c12a1     LIBCMTD:undname.obj
 0003:0000d2a8       ?m_pGetParameter@UnDecorator@@0P6APEADJ@ZEA 00000001800c12a8     LIBCMTD:undname.obj
 0003:0000d330       ?nodes@?1??make@DNameStatusNode@@SAPEAV2@W4DNameStatus@@@Z@4PAV2@A 00000001800c1330     LIBCMTD:undname.obj
 0003:0000d370       ??_B?1??make@DNameStatusNode@@SAPEAV1@W4DNameStatus@@@Z@51 00000001800c1370     LIBCMTD:undname.obj
 0003:0000d374       __lconv_static_null        00000001800c1374     LIBCMTD:lconv.obj
 0003:0000d378       __lconv_static_W_null      00000001800c1378     LIBCMTD:lconv.obj
 0003:0000d37c       _outputformat              00000001800c137c     LIBCMTD:outputformat.obj
 0003:0000d380       __unguarded_readlc_active  00000001800c1380     <common>
 0003:0000d390       __setlc_active             00000001800c1390     <common>
 0003:0000d394       _nhandle                   00000001800c1394     <common>
 0003:0000d420       __pioinfo                  00000001800c1420     <common>
 0003:0000d620       _pReportHookListW          00000001800c1620     <common>
 0003:0000d638       _pReportHookList           00000001800c1638     <common>
 0003:0000d640       _pfnReportHook             00000001800c1640     <common>
 0003:0000d648       _debugger_hook_dummy       00000001800c1648     <common>
 0003:0000d658       _acmdln                    00000001800c1658     <common>
 0003:0000d670       __dyn_tls_init_callback    00000001800c1670     <common>
 0003:0000d688       __onexitend                00000001800c1688     <common>
 0003:0000d690       __onexitbegin              00000001800c1690     <common>
 0003:0000d698       __mbctype_initialized      00000001800c1698     <common>
 0003:0000d69c       __env_initialized          00000001800c169c     <common>
 0003:0000d6a0       _bufin                     00000001800c16a0     <common>
 0003:0000e9e0       __piob                     00000001800c29e0     <common>
 0003:0000e9e8       _nstream                   00000001800c29e8     <common>
 0005:00000000       __IMPORT_DESCRIPTOR_KERNEL32 00000001800c9000     kernel32:KERNEL32.dll
 0005:00000014       __IMPORT_DESCRIPTOR_USER32 00000001800c9014     user32:USER32.dll
 0005:00000028       __NULL_IMPORT_DESCRIPTOR   00000001800c9028     kernel32:KERNEL32.dll
 0005:00000440       __imp_GetCurrentProcess    00000001800c9440     kernel32:KERNEL32.dll
 0005:00000448       __imp_GetCurrentThread     00000001800c9448     kernel32:KERNEL32.dll
 0005:00000450       __imp_SetThreadPriority    00000001800c9450     kernel32:KERNEL32.dll
 0005:00000458       __imp_SetProcessAffinityMask 00000001800c9458     kernel32:KERNEL32.dll
 0005:00000460       __imp_CloseHandle          00000001800c9460     kernel32:KERNEL32.dll
 0005:00000468       __imp_SetStdHandle         00000001800c9468     kernel32:KERNEL32.dll
 0005:00000470       __imp_EnterCriticalSection 00000001800c9470     kernel32:KERNEL32.dll
 0005:00000478       __imp_LeaveCriticalSection 00000001800c9478     kernel32:KERNEL32.dll
 0005:00000480       __imp_InitializeCriticalSectionEx 00000001800c9480     kernel32:KERNEL32.dll
 0005:00000488       __imp_DeleteCriticalSection 00000001800c9488     kernel32:KERNEL32.dll
 0005:00000490       __imp_Sleep                00000001800c9490     kernel32:KERNEL32.dll
 0005:00000498       __imp_IsDebuggerPresent    00000001800c9498     kernel32:KERNEL32.dll
 0005:000004a0       __imp_EncodePointer        00000001800c94a0     kernel32:KERNEL32.dll
 0005:000004a8       __imp_DecodePointer        00000001800c94a8     kernel32:KERNEL32.dll
 0005:000004b0       __imp_IsProcessorFeaturePresent 00000001800c94b0     kernel32:KERNEL32.dll
 0005:000004b8       __imp_GetModuleFileNameW   00000001800c94b8     kernel32:KERNEL32.dll
 0005:000004c0       __imp_GetModuleHandleExW   00000001800c94c0     kernel32:KERNEL32.dll
 0005:000004c8       __imp_GetStdHandle         00000001800c94c8     kernel32:KERNEL32.dll
 0005:000004d0       __imp_GetFileType          00000001800c94d0     kernel32:KERNEL32.dll
 0005:000004d8       __imp_WriteConsoleW        00000001800c94d8     kernel32:KERNEL32.dll
 0005:000004e0       __imp_GetLastError         00000001800c94e0     kernel32:KERNEL32.dll
 0005:000004e8       __imp_ExitProcess          00000001800c94e8     kernel32:KERNEL32.dll
 0005:000004f0       __imp_GetProcAddress       00000001800c94f0     kernel32:KERNEL32.dll
 0005:000004f8       __imp_AreFileApisANSI      00000001800c94f8     kernel32:KERNEL32.dll
 0005:00000500       __imp_MultiByteToWideChar  00000001800c9500     kernel32:KERNEL32.dll
 0005:00000508       __imp_GetCommandLineA      00000001800c9508     kernel32:KERNEL32.dll
 0005:00000510       __imp_GetCurrentThreadId   00000001800c9510     kernel32:KERNEL32.dll
 0005:00000518       __imp_InitializeCriticalSectionAndSpinCount 00000001800c9518     kernel32:KERNEL32.dll
 0005:00000520       __imp_FatalAppExitA        00000001800c9520     kernel32:KERNEL32.dll
 0005:00000528       __imp_RtlPcToFileHeader    00000001800c9528     kernel32:KERNEL32.dll
 0005:00000530       __imp_RaiseException       00000001800c9530     kernel32:KERNEL32.dll
 0005:00000538       __imp_RtlLookupFunctionEntry 00000001800c9538     kernel32:KERNEL32.dll
 0005:00000540       __imp_RtlUnwindEx          00000001800c9540     kernel32:KERNEL32.dll
 0005:00000548       __imp_HeapSize             00000001800c9548     kernel32:KERNEL32.dll
 0005:00000550       __imp_HeapValidate         00000001800c9550     kernel32:KERNEL32.dll
 0005:00000558       __imp_GetSystemInfo        00000001800c9558     kernel32:KERNEL32.dll
 0005:00000560       __imp_RtlCaptureContext    00000001800c9560     kernel32:KERNEL32.dll
 0005:00000568       __imp_RtlVirtualUnwind     00000001800c9568     kernel32:KERNEL32.dll
 0005:00000570       __imp_UnhandledExceptionFilter 00000001800c9570     kernel32:KERNEL32.dll
 0005:00000578       __imp_SetUnhandledExceptionFilter 00000001800c9578     kernel32:KERNEL32.dll
 0005:00000580       __imp_FlsAlloc             00000001800c9580     kernel32:KERNEL32.dll
 0005:00000588       __imp_FlsGetValue          00000001800c9588     kernel32:KERNEL32.dll
 0005:00000590       __imp_FlsSetValue          00000001800c9590     kernel32:KERNEL32.dll
 0005:00000598       __imp_FlsFree              00000001800c9598     kernel32:KERNEL32.dll
 0005:000005a0       __imp_TerminateProcess     00000001800c95a0     kernel32:KERNEL32.dll
 0005:000005a8       __imp_GetStartupInfoW      00000001800c95a8     kernel32:KERNEL32.dll
 0005:000005b0       __imp_GetModuleHandleW     00000001800c95b0     kernel32:KERNEL32.dll
 0005:000005b8       __imp_SetConsoleCtrlHandler 00000001800c95b8     kernel32:KERNEL32.dll
 0005:000005c0       __imp_OutputDebugStringW   00000001800c95c0     kernel32:KERNEL32.dll
 0005:000005c8       __imp_WaitForSingleObjectEx 00000001800c95c8     kernel32:KERNEL32.dll
 0005:000005d0       __imp_CreateThread         00000001800c95d0     kernel32:KERNEL32.dll
 0005:000005d8       __imp_LoadLibraryExW       00000001800c95d8     kernel32:KERNEL32.dll
 0005:000005e0       __imp_LoadLibraryW         00000001800c95e0     kernel32:KERNEL32.dll
 0005:000005e8       __imp_WriteFile            00000001800c95e8     kernel32:KERNEL32.dll
 0005:000005f0       __imp_OutputDebugStringA   00000001800c95f0     kernel32:KERNEL32.dll
 0005:000005f8       __imp_InitOnceExecuteOnce  00000001800c95f8     kernel32:KERNEL32.dll
 0005:00000600       __imp_FreeLibrary          00000001800c9600     kernel32:KERNEL32.dll
 0005:00000608       __imp_IsValidCodePage      00000001800c9608     kernel32:KERNEL32.dll
 0005:00000610       __imp_GetACP               00000001800c9610     kernel32:KERNEL32.dll
 0005:00000618       __imp_GetOEMCP             00000001800c9618     kernel32:KERNEL32.dll
 0005:00000620       __imp_GetCPInfo            00000001800c9620     kernel32:KERNEL32.dll
 0005:00000628       __imp_SetLastError         00000001800c9628     kernel32:KERNEL32.dll
 0005:00000630       __imp_WideCharToMultiByte  00000001800c9630     kernel32:KERNEL32.dll
 0005:00000638       __imp_GetProcessHeap       00000001800c9638     kernel32:KERNEL32.dll
 0005:00000640       __imp_GetModuleFileNameA   00000001800c9640     kernel32:KERNEL32.dll
 0005:00000648       __imp_QueryPerformanceCounter 00000001800c9648     kernel32:KERNEL32.dll
 0005:00000650       __imp_GetSystemTimeAsFileTime 00000001800c9650     kernel32:KERNEL32.dll
 0005:00000658       __imp_GetTickCount64       00000001800c9658     kernel32:KERNEL32.dll
 0005:00000660       __imp_GetEnvironmentStringsW 00000001800c9660     kernel32:KERNEL32.dll
 0005:00000668       __imp_FreeEnvironmentStringsW 00000001800c9668     kernel32:KERNEL32.dll
 0005:00000670       __imp_HeapFree             00000001800c9670     kernel32:KERNEL32.dll
 0005:00000678       __imp_HeapReAlloc          00000001800c9678     kernel32:KERNEL32.dll
 0005:00000680       __imp_HeapQueryInformation 00000001800c9680     kernel32:KERNEL32.dll
 0005:00000688       __imp_HeapAlloc            00000001800c9688     kernel32:KERNEL32.dll
 0005:00000690       __imp_GetConsoleCP         00000001800c9690     kernel32:KERNEL32.dll
 0005:00000698       __imp_GetConsoleMode       00000001800c9698     kernel32:KERNEL32.dll
 0005:000006a0       __imp_SetFilePointerEx     00000001800c96a0     kernel32:KERNEL32.dll
 0005:000006a8       __imp_FlushFileBuffers     00000001800c96a8     kernel32:KERNEL32.dll
 0005:000006b0       __imp_GetTimeFormatEx      00000001800c96b0     kernel32:KERNEL32.dll
 0005:000006b8       __imp_GetDateFormatEx      00000001800c96b8     kernel32:KERNEL32.dll
 0005:000006c0       __imp_CompareStringEx      00000001800c96c0     kernel32:KERNEL32.dll
 0005:000006c8       __imp_GetLocaleInfoEx      00000001800c96c8     kernel32:KERNEL32.dll
 0005:000006d0       __imp_GetUserDefaultLocaleName 00000001800c96d0     kernel32:KERNEL32.dll
 0005:000006d8       __imp_LCMapStringEx        00000001800c96d8     kernel32:KERNEL32.dll
 0005:000006e0       __imp_IsValidLocaleName    00000001800c96e0     kernel32:KERNEL32.dll
 0005:000006e8       __imp_EnumSystemLocalesEx  00000001800c96e8     kernel32:KERNEL32.dll
 0005:000006f0       __imp_GetStringTypeW       00000001800c96f0     kernel32:KERNEL32.dll
 0005:000006f8       __imp_CreateFileW          00000001800c96f8     kernel32:KERNEL32.dll
 0005:00000700       \177KERNEL32_NULL_THUNK_DATA 00000001800c9700     kernel32:KERNEL32.dll
 0005:000007e0       __imp_MessageBoxA          00000001800c97e0     user32:USER32.dll
 0005:000007e8       \177USER32_NULL_THUNK_DATA 00000001800c97e8     user32:USER32.dll

 entry point at        0001:00026f40

