 genesis

 Timestamp is 52fdabb5 (Thu Feb 13 21:37:57 2014)

 Preferred load address is 0000000140000000

 Start         Length     Name                   Class
 0001:00000000 0006f8beH .text                   CODE
 0001:0006f8c0 000023f9H .text$x                 CODE
 0001:00071cc0 000010d4H .text$yc                CODE
 0002:00000000 00000109H .CRT$XCA                DATA
 0002:00000110 0000012cH .CRT$XCU                DATA
 0002:00000240 00000109H .CRT$XCZ                DATA
 0002:00000350 00000109H .CRT$XIA                DATA
 0002:00000460 00000126H .CRT$XIC                DATA
 0002:00000588 00000109H .CRT$XIY                DATA
 0002:00000698 00000109H .CRT$XIZ                DATA
 0002:000007a8 00000109H .CRT$XPA                DATA
 0002:000008b8 00000113H .CRT$XPX                DATA
 0002:000009d0 00000109H .CRT$XPXA               DATA
 0002:00000ae0 00000109H .CRT$XPZ                DATA
 0002:00000bf0 00000109H .CRT$XTA                DATA
 0002:00000d00 00000109H .CRT$XTZ                DATA
 0002:00000e10 00010f72H .rdata                  DATA
 0002:00011d84 00000186H .rdata$debug            DATA
 0002:00011f10 00000938H .rdata$r                DATA
 0002:00012848 00000109H .rtc$IAA                DATA
 0002:00012958 00000109H .rtc$IZZ                DATA
 0002:00012a68 00000109H .rtc$TAA                DATA
 0002:00012b78 00000109H .rtc$TZZ                DATA
 0002:00012c88 00003113H .xdata                  DATA
 0002:00015da0 0000019eH .xdata$x                DATA
 0002:00015f3e 00000000H .edata                  DATA
 0003:00000000 00001c32H .data                   DATA
 0003:00001c40 00005641H .bss                    DATA
 0004:00000000 00002ec8H .pdata                  DATA
 0005:00000000 0000003cH .idata$2                DATA
 0005:0000003c 00000014H .idata$3                DATA
 0005:00000050 00000560H .idata$4                DATA
 0005:000005b0 00000560H .idata$5                DATA
 0005:00000b10 00000a74H .idata$6                DATA
 0006:00000000 00000400H .rsrc$01                DATA
 0006:00000400 00001f56H .rsrc$02                DATA

  Address         Publics by Value              Rva+Base               Lib:Object

 0000:00000000       ___safe_se_handler_count   0000000000000000     <absolute>
 0000:00000000       ___safe_se_handler_table   0000000000000000     <absolute>
 0000:00000000       __ImageBase                0000000140000000     <linker-defined>
 0001:00000240       ?InitializePlatformCapabilities@CPlatform@@QEAAXXZ 0000000140001240 f   CPlatform.obj
 0001:00000b70       ?GetPlatformCaps@CPlatform@@UEBAPEBUplatform_caps@@XZ 0000000140001b70 f   CPlatform.obj
 0001:00000b90       ?HasPlatformCap@CPlatform@@UEBA_NW4platform_caps_e@@@Z 0000000140001b90 f   CPlatform.obj
 0001:00000bb0       ?LogPlatformCaps@CPlatform@@UEBAXXZ 0000000140001bb0 f   CPlatform.obj
 0001:0000100e       GetInterfaceRegistration   000000014000200e f   utilities:utilities.dll
 0001:00001014       ?ReleaseAllInterfacePointers@InterfaceRegistration@@QEAAXXZ 0000000140002014 f   utilities:utilities.dll
 0001:0000101a       ?ReleaseInterfacePointer@InterfaceRegistration@@QEAAXPEBDPEAX@Z 000000014000201a f   utilities:utilities.dll
 0001:00001020       ?GetInterface@InterfaceRegistration@@QEAAPEAXPEBDH@Z 0000000140002020 f   utilities:utilities.dll
 0001:00001026       GetExitCodeThread          0000000140002026 f   kernel32:KERNEL32.dll
 0001:000013c0       ??$vsnprintf_s@$0EAA@@@YAHAEAY0EAA@D_KPEBDPEAD@Z 00000001400023c0 f i CPlatform.obj
 0001:00001410       ?c99_snprintf@@YAHPEAD_KPEBDZZ 0000000140002410 f i CPlatform.obj
 0001:00001480       ?c99_vsnprintf@@YAHPEAD_KPEBD0@Z 0000000140002480 f i CPlatform.obj
 0001:000015f0       ?Initialize@CPlatform@@UEAAXXZ 00000001400025f0 f   CPlatform_win.obj
 0001:00001610       ?Shutdown@CPlatform@@UEAAXXZ 0000000140002610 f   CPlatform_win.obj
 0001:00001620       ?GetKeyState@CPlatform@@UEBA_ND@Z 0000000140002620 f   CPlatform_win.obj
 0001:00001680       ?GetMouseState@CPlatform@@UEBA_N_N@Z 0000000140002680 f   CPlatform_win.obj
 0001:000016e0       ?GetWindowHandle@CPlatform@@UEBAPEAUHWND__@@PEBD@Z 00000001400026e0 f   CPlatform_win.obj
 0001:00001700       ?SetActiveWindow@CPlatform@@UEBAXPEAUHWND__@@@Z 0000000140002700 f   CPlatform_win.obj
 0001:00001720       ?GetWindowSizePixels@CPlatform@@UEBAXAEAI0@Z 0000000140002720 f   CPlatform_win.obj
 0001:00001740       ?GetWindowSize@CPlatform@@UEBAXAEAI0@Z 0000000140002740 f   CPlatform_win.obj
 0001:00001760       ?ActivateGraphicsContext@CPlatform@@UEBAXXZ 0000000140002760 f   CPlatform_win.obj
 0001:00001770       ?SwapGraphicsContextBuffers@CPlatform@@UEBAXXZ 0000000140002770 f   CPlatform_win.obj
 0001:00001780       ?GetAbsoluteApplicationPath@CPlatform@@UEBAPEBDXZ 0000000140002780 f   CPlatform_win.obj
 0001:000017f0       ?FileOpen@CPlatform@@UEBAPEAU_iobuf@@PEBD0@Z 00000001400027f0 f   CPlatform_win.obj
 0001:00001820       ?FileRead@CPlatform@@UEBA_KPEAX_K1PEAU_iobuf@@@Z 0000000140002820 f   CPlatform_win.obj
 0001:00001860       ?FileWrite@CPlatform@@UEBA_KPEBX_K1PEAU_iobuf@@@Z 0000000140002860 f   CPlatform_win.obj
 0001:000018a0       ?GetFileSize@CPlatform@@UEBA_KPEAU_iobuf@@@Z 00000001400028a0 f   CPlatform_win.obj
 0001:00001990       ?LoadDLL@CPlatform@@UEAAPEAXPEBD@Z 0000000140002990 f   CPlatform_win.obj
 0001:000019e0       ?UnloadDLL@CPlatform@@UEAAXPEAX@Z 00000001400029e0 f   CPlatform_win.obj
 0001:00001a10       ?GetDLLExtension@CPlatform@@UEAAPEBDXZ 0000000140002a10 f   CPlatform_win.obj
 0001:00001a20       WinMain                    0000000140002a20 f   Launcher.obj
 0001:00001c70       ?GetPlatform@@YAPEAVIPlatform@@XZ 0000000140002c70 f   Launcher.obj
 0001:00001d50       ?EngineThread@@YAKPEAX@Z   0000000140002d50 f   Launcher.obj
 0001:00001f80       ?MyRegisterClass@@YAGPEAUHINSTANCE__@@@Z 0000000140002f80 f   Launcher.obj
 0001:00002040       ?InitInstance@@YAHPEAUHINSTANCE__@@H@Z 0000000140003040 f   Launcher.obj
 0001:00002100       ?WndProc@@YA_JPEAUHWND__@@I_K_J@Z 0000000140003100 f   Launcher.obj
 0001:000022a0       ?About@@YA_JPEAUHWND__@@I_K_J@Z 00000001400032a0 f   Launcher.obj
 0001:00002340       ?_interfaceg_platformfunc@@YAPEAXXZ 0000000140003340 f   Launcher.obj
 0001:000023f0       ??0CPlatform@@QEAA@XZ      00000001400033f0 f i Launcher.obj
 0001:00002430       ??0IPlatform@@QEAA@XZ      0000000140003430 f i Launcher.obj
 0001:00002450       Msg                        0000000140003450 f   utilities:utilities.dll
 0001:00002456       Warning                    0000000140003456 f   utilities:utilities.dll
 0001:0000245c       ??0InterfaceElement@@QEAA@P6APEAXXZP6AXPEAX@ZPEBDH_N@Z 000000014000345c f   utilities:utilities.dll
 0001:00002462       GetMemoryPool              0000000140003462 f   utilities:utilities.dll
 0001:00002468       FreeLibrary                0000000140003468 f   kernel32:KERNEL32.dll
 0001:0000246e       LoadLibraryA               000000014000346e f   kernel32:KERNEL32.dll
 0001:00002474       CloseHandle                0000000140003474 f   kernel32:KERNEL32.dll
 0001:0000247a       ReleaseMutex               000000014000347a f   kernel32:KERNEL32.dll
 0001:00002480       WaitForSingleObject        0000000140003480 f   kernel32:KERNEL32.dll
 0001:00002486       CreateMutexA               0000000140003486 f   kernel32:KERNEL32.dll
 0001:0000248c       ExitProcess                000000014000348c f   kernel32:KERNEL32.dll
 0001:00002492       CreateThread               0000000140003492 f   kernel32:KERNEL32.dll
 0001:00002498       MessageBoxA                0000000140003498 f   user32:USER32.dll
 0001:0000249e       GetActiveWindow            000000014000349e f   user32:USER32.dll
 0001:000024a4       LoadStringA                00000001400034a4 f   user32:USER32.dll
 0001:000024aa       GetMessageA                00000001400034aa f   user32:USER32.dll
 0001:000024b0       TranslateMessage           00000001400034b0 f   user32:USER32.dll
 0001:000024b6       DispatchMessageA           00000001400034b6 f   user32:USER32.dll
 0001:000024bc       DefWindowProcA             00000001400034bc f   user32:USER32.dll
 0001:000024c2       PostQuitMessage            00000001400034c2 f   user32:USER32.dll
 0001:000024c8       RegisterClassExA           00000001400034c8 f   user32:USER32.dll
 0001:000024ce       CreateWindowExA            00000001400034ce f   user32:USER32.dll
 0001:000024d4       DestroyWindow              00000001400034d4 f   user32:USER32.dll
 0001:000024da       ShowWindow                 00000001400034da f   user32:USER32.dll
 0001:000024e0       DialogBoxParamA            00000001400034e0 f   user32:USER32.dll
 0001:000024e6       EndDialog                  00000001400034e6 f   user32:USER32.dll
 0001:000024ec       LoadAcceleratorsA          00000001400034ec f   user32:USER32.dll
 0001:000024f2       TranslateAcceleratorA      00000001400034f2 f   user32:USER32.dll
 0001:000024f8       UpdateWindow               00000001400034f8 f   user32:USER32.dll
 0001:000024fe       BeginPaint                 00000001400034fe f   user32:USER32.dll
 0001:00002504       EndPaint                   0000000140003504 f   user32:USER32.dll
 0001:0000250a       LoadCursorA                000000014000350a f   user32:USER32.dll
 0001:00002510       LoadIconA                  0000000140003510 f   user32:USER32.dll
 0001:00002520       _vsnprintf_c               0000000140003520 f   LIBCMTD:vsnprnc.obj
 0001:00002590       _vsnprintf_c_l             0000000140003590 f   LIBCMTD:vsnprnc.obj
 0001:00002600       _vsnprintf_helper          0000000140003600 f   LIBCMTD:vsnprnc.obj
 0001:000028e0       _vsnprintf_s               00000001400038e0 f   LIBCMTD:vsnprnc.obj
 0001:000028e0       vsnprintf_s                00000001400038e0 f   LIBCMTD:vsnprnc.obj
 0001:00002930       _vsnprintf_s_l             0000000140003930 f   LIBCMTD:vsnprnc.obj
 0001:00002ed0       _vsprintf_p                0000000140003ed0 f   LIBCMTD:vsnprnc.obj
 0001:00002f40       _vsprintf_p_l              0000000140003f40 f   LIBCMTD:vsnprnc.obj
 0001:00002fb0       _vsprintf_s_l              0000000140003fb0 f   LIBCMTD:vsnprnc.obj
 0001:00003340       vsprintf_s                 0000000140004340 f   LIBCMTD:vsnprnc.obj
 0001:00003380       _vscprintf                 0000000140004380 f   LIBCMTD:vsprintf.obj
 0001:000033b0       _vscprintf_helper          00000001400043b0 f   LIBCMTD:vsprintf.obj
 0001:00003500       _vscprintf_l               0000000140004500 f   LIBCMTD:vsprintf.obj
 0001:00003540       _vscprintf_p               0000000140004540 f   LIBCMTD:vsprintf.obj
 0001:00003570       _vscprintf_p_l             0000000140004570 f   LIBCMTD:vsprintf.obj
 0001:000035b0       _vsprintf_l                00000001400045b0 f   LIBCMTD:vsprintf.obj
 0001:00003820       vsprintf                   0000000140004820 f   LIBCMTD:vsprintf.obj
 0001:00003860       memset                     0000000140004860 f   LIBCMTD:memset.obj
 0001:00003970       fgetpos                    0000000140004970 f   LIBCMTD:fgetpos.obj
 0001:00003b00       _fsopen                    0000000140004b00 f   LIBCMTD:fopen.obj
 0001:00003dc0       fopen                      0000000140004dc0 f   LIBCMTD:fopen.obj
 0001:00003df0       fopen_s                    0000000140004df0 f   LIBCMTD:fopen.obj
 0001:00003ee0       _fread_nolock              0000000140004ee0 f   LIBCMTD:fread.obj
 0001:00003f30       _fread_nolock_s            0000000140004f30 f   LIBCMTD:fread.obj
 0001:00004880       fread                      0000000140005880 f   LIBCMTD:fread.obj
 0001:000048d0       fread_s                    00000001400058d0 f   LIBCMTD:fread.obj
 0001:00004a20       fsetpos                    0000000140005a20 f   LIBCMTD:fsetpos.obj
 0001:00004ba0       _fseek_nolock              0000000140005ba0 f   LIBCMTD:fseek.obj
 0001:00004cc0       fseek                      0000000140005cc0 f   LIBCMTD:fseek.obj
 0001:00004e70       _ftell_nolock              0000000140005e70 f   LIBCMTD:ftell.obj
 0001:00005530       ftell                      0000000140006530 f   LIBCMTD:ftell.obj
 0001:00005610       _fwrite_nolock             0000000140006610 f   LIBCMTD:fwrite.obj
 0001:00005c60       fwrite                     0000000140006c60 f   LIBCMTD:fwrite.obj
 0001:00005d70       _get_purecall_handler      0000000140006d70 f   LIBCMTD:purevirt.obj
 0001:00005d90       _purecall                  0000000140006d90 f   LIBCMTD:purevirt.obj
 0001:00005de0       _set_purecall_handler      0000000140006de0 f   LIBCMTD:purevirt.obj
 0001:00005e20       _get_printf_count_output   0000000140006e20 f   LIBCMTD:printf.obj
 0001:00005e50       _printf_l                  0000000140006e50 f   LIBCMTD:printf.obj
 0001:00005e90       _printf_p                  0000000140006e90 f   LIBCMTD:printf.obj
 0001:00005ed0       _printf_p_l                0000000140006ed0 f   LIBCMTD:printf.obj
 0001:00005f10       _printf_s_l                0000000140006f10 f   LIBCMTD:printf.obj
 0001:00005f50       _set_printf_count_output   0000000140006f50 f   LIBCMTD:printf.obj
 0001:00005fc0       printf                     0000000140006fc0 f   LIBCMTD:printf.obj
 0001:00006140       printf_s                   0000000140007140 f   LIBCMTD:printf.obj
 0001:00006180       ??0type_info@@AEAA@AEBV0@@Z 0000000140007180 f   LIBCMTD:typinfo.obj
 0001:000061a0       ??1type_info@@UEAA@XZ      00000001400071a0 f   LIBCMTD:typinfo.obj
 0001:000061d0       ??4type_info@@AEAAAEAV0@AEBV0@@Z 00000001400071d0 f   LIBCMTD:typinfo.obj
 0001:000061e0       ??8type_info@@QEBA_NAEBV0@@Z 00000001400071e0 f   LIBCMTD:typinfo.obj
 0001:00006230       ??9type_info@@QEBA_NAEBV0@@Z 0000000140007230 f   LIBCMTD:typinfo.obj
 0001:00006280       ??_Etype_info@@UEAAPEAXI@Z 0000000140007280 f i LIBCMTD:typinfo.obj
 0001:00006280       ??_Gtype_info@@UEAAPEAXI@Z 0000000140007280 f i LIBCMTD:typinfo.obj
 0001:000062c0       ?_name_internal_method@type_info@@QEBAPEBDPEAU__type_info_node@@@Z 00000001400072c0 f   LIBCMTD:typinfo.obj
 0001:000062f0       ?_type_info_dtor_internal_method@type_info@@QEAAXXZ 00000001400072f0 f   LIBCMTD:typinfo.obj
 0001:00006310       ?before@type_info@@QEBA_NAEBV1@@Z 0000000140007310 f   LIBCMTD:typinfo.obj
 0001:00006360       ?name@type_info@@QEBAPEBDPEAU__type_info_node@@@Z 0000000140007360 f   LIBCMTD:typinfo.obj
 0001:00006390       ?raw_name@type_info@@QEBAPEBDXZ 0000000140007390 f   LIBCMTD:typinfo.obj
 0001:000063a0       WinMainCRTStartup          00000001400073a0 f   LIBCMTD:wincrt0.obj
 0001:000065d0       ?_invalid_parameter@@YAXPEBG00I_K@Z 00000001400075d0 f   LIBCMTD:invarg.obj
 0001:00006610       ?_invoke_watson@@YAXPEBG00I_K@Z 0000000140007610 f   LIBCMTD:invarg.obj
 0001:00006650       _call_reportfault          0000000140007650 f   LIBCMTD:invarg.obj
 0001:00006780       _get_invalid_parameter_handler 0000000140007780 f   LIBCMTD:invarg.obj
 0001:000067c0       _initp_misc_invarg         00000001400077c0 f   LIBCMTD:invarg.obj
 0001:000067e0       _invalid_parameter         00000001400077e0 f   LIBCMTD:invarg.obj
 0001:00006870       _invoke_watson             0000000140007870 f   LIBCMTD:invarg.obj
 0001:000068d0       _set_invalid_parameter_handler 00000001400078d0 f   LIBCMTD:invarg.obj
 0001:00006930       _flsbuf                    0000000140007930 f   LIBCMTD:_flsbuf.obj
 0001:00006ce0       ?_CrtDbgReportW@@YAHHPEBGH00ZZ 0000000140007ce0 f   LIBCMTD:dbgrptw.obj
 0001:00006d60       _CrtDbgReportW             0000000140007d60 f   LIBCMTD:dbgrptw.obj
 0001:00006de0       _CrtDbgReportWV            0000000140007de0 f i LIBCMTD:dbgrptw.obj
 0001:00006e40       _CrtSetReportHookW2        0000000140007e40 f   LIBCMTD:dbgrptw.obj
 0001:00007250       __crtMessageWindowW        0000000140008250 f   LIBCMTD:dbgrptw.obj
 0001:000078d0       _invoke_watson_if_error    00000001400088d0 f i LIBCMTD:dbgrptw.obj
 0001:00007920       _invoke_watson_if_oneof    0000000140008920 f i LIBCMTD:dbgrptw.obj
 0001:00007990       ??0_LocaleUpdate@@QEAA@PEAUlocaleinfo_struct@@@Z 0000000140008990 f i LIBCMTD:output.obj
 0001:00007ad0       ??1_LocaleUpdate@@QEAA@XZ  0000000140008ad0 f i LIBCMTD:output.obj
 0001:00007b10       ?GetLocaleT@_LocaleUpdate@@QEAAPEAUlocaleinfo_struct@@XZ 0000000140008b10 f i LIBCMTD:output.obj
 0001:00007b20       _output_l                  0000000140008b20 f   LIBCMTD:output.obj
 0001:00009340       get_int64_arg              000000014000a340 f i LIBCMTD:output.obj
 0001:000093b0       get_int_arg                000000014000a3b0 f i LIBCMTD:output.obj
 0001:00009410       get_short_arg              000000014000a410 f i LIBCMTD:output.obj
 0001:000096b0       _output_s_l                000000014000a6b0 f   LIBCMTD:outputs.obj
 0001:0000b2b0       _output_p_l                000000014000c2b0 f   LIBCMTD:outputp.obj
 0001:0000f7b0       _validate_param_reuseA     00000001400107b0 f   LIBCMTD:outputp.obj
 0001:0000fb20       get_crtdouble_arg          0000000140010b20 f i LIBCMTD:outputp.obj
 0001:0000fdc0       __doserrno                 0000000140010dc0 f   LIBCMTD:dosmap.obj
 0001:0000fdf0       _dosmaperr                 0000000140010df0 f   LIBCMTD:dosmap.obj
 0001:0000fe20       _errno                     0000000140010e20 f   LIBCMTD:dosmap.obj
 0001:0000fe50       _get_doserrno              0000000140010e50 f   LIBCMTD:dosmap.obj
 0001:0000ff10       _get_errno                 0000000140010f10 f   LIBCMTD:dosmap.obj
 0001:0000ffd0       _get_errno_from_oserr      0000000140010fd0 f   LIBCMTD:dosmap.obj
 0001:00010060       _set_doserrno              0000000140011060 f   LIBCMTD:dosmap.obj
 0001:000100a0       _set_errno                 00000001400110a0 f   LIBCMTD:dosmap.obj
 0001:00010610       _CrtCheckMemory            0000000140011610 f   LIBCMTD:dbgheap.obj
 0001:00010bb0       _CrtDoForAllClientObjects  0000000140011bb0 f   LIBCMTD:dbgheap.obj
 0001:00010ce0       _CrtDumpMemoryLeaks        0000000140011ce0 f   LIBCMTD:dbgheap.obj
 0001:00010da0       _CrtGetAllocHook           0000000140011da0 f   LIBCMTD:dbgheap.obj
 0001:00010db0       _CrtGetCheckCount          0000000140011db0 f   LIBCMTD:dbgheap.obj
 0001:00010dc0       _CrtGetDumpClient          0000000140011dc0 f   LIBCMTD:dbgheap.obj
 0001:00010dd0       _CrtIsMemoryBlock          0000000140011dd0 f   LIBCMTD:dbgheap.obj
 0001:00010f50       _CrtIsValidHeapPointer     0000000140011f50 f   LIBCMTD:dbgheap.obj
 0001:00010fb0       _CrtIsValidPointer         0000000140011fb0 f   LIBCMTD:dbgheap.obj
 0001:00010ff0       _CrtMemCheckpoint          0000000140011ff0 f   LIBCMTD:dbgheap.obj
 0001:00011280       _CrtMemDifference          0000000140012280 f   LIBCMTD:dbgheap.obj
 0001:000115b0       _CrtMemDumpAllObjectsSince 00000001400125b0 f   LIBCMTD:dbgheap.obj
 0001:00011600       _CrtMemDumpStatistics      0000000140012600 f   LIBCMTD:dbgheap.obj
 0001:00011790       _CrtReportBlockType        0000000140012790 f   LIBCMTD:dbgheap.obj
 0001:000117d0       _CrtSetAllocHook           00000001400127d0 f   LIBCMTD:dbgheap.obj
 0001:00011800       _CrtSetBreakAlloc          0000000140012800 f   LIBCMTD:dbgheap.obj
 0001:00011830       _CrtSetCheckCount          0000000140012830 f   LIBCMTD:dbgheap.obj
 0001:00011850       _CrtSetDbgBlockType        0000000140012850 f   LIBCMTD:dbgheap.obj
 0001:00011920       _CrtSetDbgFlag             0000000140012920 f   LIBCMTD:dbgheap.obj
 0001:00011a60       _CrtSetDebugFillThreshold  0000000140012a60 f   LIBCMTD:dbgheap.obj
 0001:00011a90       _CrtSetDumpClient          0000000140012a90 f   LIBCMTD:dbgheap.obj
 0001:00011ac0       _aligned_free              0000000140012ac0 f   LIBCMTD:dbgheap.obj
 0001:00011ae0       _aligned_free_dbg          0000000140012ae0 f   LIBCMTD:dbgheap.obj
 0001:00011bd0       _aligned_malloc            0000000140012bd0 f   LIBCMTD:dbgheap.obj
 0001:00011c00       _aligned_malloc_dbg        0000000140012c00 f   LIBCMTD:dbgheap.obj
 0001:00011c40       _aligned_msize             0000000140012c40 f   LIBCMTD:dbgheap.obj
 0001:00011c70       _aligned_msize_dbg         0000000140012c70 f   LIBCMTD:dbgheap.obj
 0001:00011e30       _aligned_offset_malloc     0000000140012e30 f   LIBCMTD:dbgheap.obj
 0001:00011e70       _aligned_offset_malloc_dbg 0000000140012e70 f   LIBCMTD:dbgheap.obj
 0001:00012150       _aligned_offset_realloc    0000000140013150 f   LIBCMTD:dbgheap.obj
 0001:000121a0       _aligned_offset_realloc_dbg 00000001400131a0 f   LIBCMTD:dbgheap.obj
 0001:00012640       _aligned_offset_recalloc   0000000140013640 f   LIBCMTD:dbgheap.obj
 0001:000126a0       _aligned_offset_recalloc_dbg 00000001400136a0 f   LIBCMTD:dbgheap.obj
 0001:000127c0       _aligned_realloc           00000001400137c0 f   LIBCMTD:dbgheap.obj
 0001:00012800       _aligned_realloc_dbg       0000000140013800 f   LIBCMTD:dbgheap.obj
 0001:00012850       _aligned_recalloc          0000000140013850 f   LIBCMTD:dbgheap.obj
 0001:000128a0       _aligned_recalloc_dbg      00000001400138a0 f   LIBCMTD:dbgheap.obj
 0001:00012900       _calloc_dbg                0000000140013900 f   LIBCMTD:dbgheap.obj
 0001:00012980       _calloc_dbg_impl           0000000140013980 f   LIBCMTD:dbgheap.obj
 0001:00012a30       _expand                    0000000140013a30 f   LIBCMTD:dbgheap.obj
 0001:00012a70       _expand_dbg                0000000140013a70 f   LIBCMTD:dbgheap.obj
 0001:00012b90       _free_dbg                  0000000140013b90 f   LIBCMTD:dbgheap.obj
 0001:00012bd0       _free_dbg_nolock           0000000140013bd0 f   LIBCMTD:dbgheap.obj
 0001:000132c0       _free_nolock               00000001400142c0 f   LIBCMTD:dbgheap.obj
 0001:000132e0       _heap_alloc                00000001400142e0 f   LIBCMTD:dbgheap.obj
 0001:00013310       _heap_alloc_dbg            0000000140014310 f   LIBCMTD:dbgheap.obj
 0001:00013830       _malloc_dbg                0000000140014830 f   LIBCMTD:dbgheap.obj
 0001:00013880       _msize                     0000000140014880 f   LIBCMTD:dbgheap.obj
 0001:000138a0       _msize_dbg                 00000001400148a0 f   LIBCMTD:dbgheap.obj
 0001:00013ae0       _nh_malloc                 0000000140014ae0 f   LIBCMTD:dbgheap.obj
 0001:00013b20       _nh_malloc_dbg             0000000140014b20 f   LIBCMTD:dbgheap.obj
 0001:00013ec0       _realloc_dbg               0000000140014ec0 f   LIBCMTD:dbgheap.obj
 0001:00013f30       _recalloc                  0000000140014f30 f   LIBCMTD:dbgheap.obj
 0001:00013f80       _recalloc_dbg              0000000140014f80 f   LIBCMTD:dbgheap.obj
 0001:00014980       __isa_available_init       0000000140015980 f   LIBCMTD:cpu_disp.obj
 0001:00014b70       _ftelli64                  0000000140015b70 f   LIBCMTD:ftelli64.obj
 0001:00014c60       _ftelli64_nolock           0000000140015c60 f   LIBCMTD:ftelli64.obj
 0001:00015300       __initstdio                0000000140016300 f   LIBCMTD:_file.obj
 0001:00015400       __endstdio                 0000000140016400 f   LIBCMTD:_file.obj
 0001:00015440       __iob_func                 0000000140016440 f   LIBCMTD:_file.obj
 0001:00015450       _lock_file                 0000000140016450 f   LIBCMTD:_file.obj
 0001:000154e0       _lock_file2                00000001400164e0 f   LIBCMTD:_file.obj
 0001:00015530       _unlock_file               0000000140016530 f   LIBCMTD:_file.obj
 0001:000155c0       _unlock_file2              00000001400165c0 f   LIBCMTD:_file.obj
 0001:00015610       _getstream                 0000000140016610 f   LIBCMTD:stream.obj
 0001:00015850       _openfile                  0000000140016850 f   LIBCMTD:_open.obj
 0001:00016320       __C_specific_handler       0000000140017320 f   LIBCMTD:chandler.obj
 0001:00016750       _local_unwind              0000000140017750 f   LIBCMTD:jmpuwind.obj
 0001:00016780       _NLG_Notify                0000000140017780 f   LIBCMTD:jmpuwind.obj
 0001:000167a0       __NLG_Dispatch2            00000001400177a0 f   LIBCMTD:jmpuwind.obj
 0001:000167b0       __NLG_Return2              00000001400177b0 f   LIBCMTD:jmpuwind.obj
 0001:000167c0       _filbuf                    00000001400177c0 f   LIBCMTD:_filbuf.obj
 0001:00016af0       _fileno                    0000000140017af0 f   LIBCMTD:fileno.obj
 0001:00016bb0       memcpy_s                   0000000140017bb0 f   LIBCMTD:memcpy_s.obj
 0001:00016e20       _read                      0000000140017e20 f   LIBCMTD:read.obj
 0001:00017180       _read_nolock               0000000140018180 f   LIBCMTD:read.obj
 0001:00018cf0       _fseeki64                  0000000140019cf0 f   LIBCMTD:fseeki64.obj
 0001:00018ea0       _fseeki64_nolock           0000000140019ea0 f   LIBCMTD:fseeki64.obj
 0001:00019020       _lseek                     000000014001a020 f   LIBCMTD:lseek.obj
 0001:000192d0       _lseek_nolock              000000014001a2d0 f   LIBCMTD:lseek.obj
 0001:00019400       _fflush_nolock             000000014001a400 f   LIBCMTD:fflush.obj
 0001:00019480       _flush                     000000014001a480 f   LIBCMTD:fflush.obj
 0001:00019570       _flushall                  000000014001a570 f   LIBCMTD:fflush.obj
 0001:00019590       fflush                     000000014001a590 f   LIBCMTD:fflush.obj
 0001:00019750       _lseeki64                  000000014001a750 f   LIBCMTD:lseeki64.obj
 0001:00019a10       _lseeki64_nolock           000000014001aa10 f   LIBCMTD:lseeki64.obj
 0001:00019b30       __GSHandlerCheck           000000014001ab30 f   LIBCMTD:gshandler.obj
 0001:00019b70       __GSHandlerCheckCommon     000000014001ab70 f   LIBCMTD:gshandler.obj
 0001:00019c80       __chkstk                   000000014001ac80 f   LIBCMTD:chkstk.obj
 0001:00019c80       _alloca_probe              000000014001ac80     LIBCMTD:chkstk.obj
 0001:00019ce0       __security_check_cookie    000000014001ace0 f   LIBCMTD:amdsecgs.obj
 0001:00019d00       _ioinit                    000000014001ad00 f   LIBCMTD:ioinit.obj
 0001:00019d30       _ioinit0                   000000014001ad30 f   LIBCMTD:ioinit.obj
 0001:00019d60       _ioinitCallback            000000014001ad60 f   LIBCMTD:ioinit.obj
 0001:0001a380       _ioterm                    000000014001b380 f   LIBCMTD:ioinit.obj
 0001:0001a470       memmove                    000000014001b470     LIBCMTD:memcpy.obj
 0001:0001a470       memcpy                     000000014001b470 f   LIBCMTD:memcpy.obj
 0001:0001a960       _write                     000000014001b960 f   LIBCMTD:write.obj
 0001:0001ac10       _write_nolock              000000014001bc10 f   LIBCMTD:write.obj
 0001:0001bde0       _FF_MSGBANNER              000000014001cde0 f   LIBCMTD:crt0msg.obj
 0001:0001be30       _GET_RTERRMSG              000000014001ce30 f   LIBCMTD:crt0msg.obj
 0001:0001be90       _NMSG_WRITE                000000014001ce90 f   LIBCMTD:crt0msg.obj
 0001:0001c2c0       _set_abort_behavior        000000014001d2c0 f   LIBCMTD:abort.obj
 0001:0001c300       abort                      000000014001d300 f   LIBCMTD:abort.obj
 0001:0001c390       __getlocaleinfo            000000014001d390 f   LIBCMTD:inithelp.obj
 0001:0001c710       _initp_misc_purevirt       000000014001d710 f   LIBCMTD:inithelp.obj
 0001:0001c730       _vprintf_l                 000000014001d730 f   LIBCMTD:vprintf.obj
 0001:0001c770       _vprintf_p                 000000014001d770 f   LIBCMTD:vprintf.obj
 0001:0001c7a0       _vprintf_p_l               000000014001d7a0 f   LIBCMTD:vprintf.obj
 0001:0001c7e0       _vprintf_s_l               000000014001d7e0 f   LIBCMTD:vprintf.obj
 0001:0001c820       vprintf                    000000014001d820 f   LIBCMTD:vprintf.obj
 0001:0001c850       vprintf_helper             000000014001d850 f   LIBCMTD:vprintf.obj
 0001:0001c980       vprintf_s                  000000014001d980 f   LIBCMTD:vprintf.obj
 0001:0001c9b0       _ftbuf                     000000014001d9b0 f   LIBCMTD:_sftbuf.obj
 0001:0001ca70       _stbuf                     000000014001da70 f   LIBCMTD:_sftbuf.obj
 0001:0001cc50       ??3@YAXPEAX@Z              000000014001dc50 f   LIBCMTD:dbgdel.obj
 0001:0001cd30       strcmp                     000000014001dd30 f   LIBCMTD:strcmp.obj
 0001:0001cda0       ?_Name_base@type_info@@CAPEBDPEBV1@PEAU__type_info_node@@@Z 000000014001dda0 f   LIBCMTD:typname.obj
 0001:0001cf70       ?_Name_base_internal@type_info@@CAPEBDPEBV1@PEAU__type_info_node@@@Z 000000014001df70 f   LIBCMTD:typname.obj
 0001:0001d170       ?_Type_info_dtor@type_info@@CAXPEAV1@@Z 000000014001e170 f   LIBCMTD:typname.obj
 0001:0001d280       ?_Type_info_dtor_internal@type_info@@CAXPEAV1@@Z 000000014001e280 f   LIBCMTD:typname.obj
 0001:0001d390       __clean_type_info_names_internal 000000014001e390 f   LIBCMTD:typname.obj
 0001:0001d410       __unDNameHelper            000000014001e410 f   LIBCMTD:typname.obj
 0001:0001d480       ?__CxxUnhandledExceptionFilter@@YAJPEAU_EXCEPTION_POINTERS@@@Z 000000014001e480 f   LIBCMTD:unhandld.obj
 0001:0001d500       __CxxSetUnhandledExceptionFilter 000000014001e500 f   LIBCMTD:unhandld.obj
 0001:0001d520       _XcptFilter                000000014001e520 f   LIBCMTD:winxfltr.obj
 0001:0001d7c0       __CppXcptFilter            000000014001e7c0 f   LIBCMTD:winxfltr.obj
 0001:0001d880       __get_flsindex             000000014001e880 f   LIBCMTD:tidtable.obj
 0001:0001d890       __threadhandle             000000014001e890 f   LIBCMTD:tidtable.obj
 0001:0001d8a0       __threadid                 000000014001e8a0 f   LIBCMTD:tidtable.obj
 0001:0001d8b0       _freefls                   000000014001e8b0 f   LIBCMTD:tidtable.obj
 0001:0001dac0       _freeptd                   000000014001eac0 f   LIBCMTD:tidtable.obj
 0001:0001db10       _getptd                    000000014001eb10 f   LIBCMTD:tidtable.obj
 0001:0001db40       _getptd_noexit             000000014001eb40 f   LIBCMTD:tidtable.obj
 0001:0001dc10       _initptd                   000000014001ec10 f   LIBCMTD:tidtable.obj
 0001:0001dd30       _mtinit                    000000014001ed30 f   LIBCMTD:tidtable.obj
 0001:0001ddf0       _mtterm                    000000014001edf0 f   LIBCMTD:tidtable.obj
 0001:0001de20       __copy_path_to_wide_string 000000014001ee20 f   LIBCMTD:crt0dat.obj
 0001:0001e0a0       __crtCorExitProcess        000000014001f0a0 f   LIBCMTD:crt0dat.obj
 0001:0001e0f0       __crtExitProcess           000000014001f0f0 f   LIBCMTD:crt0dat.obj
 0001:0001e110       __freeCrtMemory            000000014001f110 f   LIBCMTD:crt0dat.obj
 0001:0001e330       _amsg_exit                 000000014001f330 f   LIBCMTD:crt0dat.obj
 0001:0001e360       _c_exit                    000000014001f360 f   LIBCMTD:crt0dat.obj
 0001:0001e380       _cexit                     000000014001f380 f   LIBCMTD:crt0dat.obj
 0001:0001e3a0       _cinit                     000000014001f3a0 f   LIBCMTD:crt0dat.obj
 0001:0001e450       _exit                      000000014001f450 f   LIBCMTD:crt0dat.obj
 0001:0001e470       _get_pgmptr                000000014001f470 f   LIBCMTD:crt0dat.obj
 0001:0001e5e0       _get_wpgmptr               000000014001f5e0 f   LIBCMTD:crt0dat.obj
 0001:0001e750       _init_pointers             000000014001f750 f   LIBCMTD:crt0dat.obj
 0001:0001e800       _initterm_e                000000014001f800 f   LIBCMTD:crt0dat.obj
 0001:0001e860       _lockexit                  000000014001f860 f   LIBCMTD:crt0dat.obj
 0001:0001e880       _unlockexit                000000014001f880 f   LIBCMTD:crt0dat.obj
 0001:0001eab0       exit                       000000014001fab0 f   LIBCMTD:crt0dat.obj
 0001:0001ead0       _get_heap_handle           000000014001fad0 f   LIBCMTD:heapinit.obj
 0001:0001eb30       _heap_init                 000000014001fb30 f   LIBCMTD:heapinit.obj
 0001:0001eb60       _heap_term                 000000014001fb60 f   LIBCMTD:heapinit.obj
 0001:0001eb70       _set_pgmptr                000000014001fb70 f i LIBCMTD:stdargv.obj
 0001:0001eb90       _setargv                   000000014001fb90 f   LIBCMTD:stdargv.obj
 0001:0001f1f0       _setenvp                   00000001400201f0 f   LIBCMTD:stdenvp.obj
 0001:0001f400       __set_app_type             0000000140020400 f   LIBCMTD:errmode.obj
 0001:0001f410       _set_error_mode            0000000140020410 f   LIBCMTD:errmode.obj
 0001:0001f520       __security_init_cookie     0000000140020520 f   LIBCMTD:gs_support.obj
 0001:0001f650       _RTC_Initialize            0000000140020650 f   LIBCMTD:initsect.obj
 0001:0001f690       _RTC_Terminate             0000000140020690 f   LIBCMTD:initsect.obj
 0001:0001f6d0       __crtGetEnvironmentStringsA 00000001400206d0 f   LIBCMTD:a_env.obj
 0001:0001f8b0       __crtCaptureCurrentContext 00000001400208b0 f   LIBCMTD:winapisupp.obj
 0001:0001f950       __crtCapturePreviousContext 0000000140020950 f   LIBCMTD:winapisupp.obj
 0001:0001fa10       __crtFlsAlloc              0000000140020a10 f   LIBCMTD:winapisupp.obj
 0001:0001fa30       __crtFlsFree               0000000140020a30 f   LIBCMTD:winapisupp.obj
 0001:0001fa50       __crtFlsGetValue           0000000140020a50 f   LIBCMTD:winapisupp.obj
 0001:0001fa70       __crtFlsSetValue           0000000140020a70 f   LIBCMTD:winapisupp.obj
 0001:0001faa0       __crtGetShowWindowMode     0000000140020aa0 f   LIBCMTD:winapisupp.obj
 0001:0001fae0       __crtIsPackagedApp         0000000140020ae0 f   LIBCMTD:winapisupp.obj
 0001:0001fb20       __crtSetUnhandledExceptionFilter 0000000140020b20 f   LIBCMTD:winapisupp.obj
 0001:0001fb40       __crtTerminateProcess      0000000140020b40 f   LIBCMTD:winapisupp.obj
 0001:0001fb60       __crtUnhandledException    0000000140020b60 f   LIBCMTD:winapisupp.obj
 0001:0001fb90       _wincmdln                  0000000140020b90 f   LIBCMTD:wincmdln.obj
 0001:0001fca0       _CrtDefaultAllocHook       0000000140020ca0 f   LIBCMTD:dbghook.obj
 0001:0001fcc0       __crt_debugger_hook        0000000140020cc0 f   LIBCMTD:dbghook.obj
 0001:0001fcd0       _isatty                    0000000140020cd0 f   LIBCMTD:isatty.obj
 0001:0001fdf0       _getbuf                    0000000140020df0 f   LIBCMTD:_getbuf.obj
 0001:0001ff00       __raise_securityfailure    0000000140020f00 f   LIBCMTD:gs_report.obj
 0001:0001ff50       __report_gsfailure         0000000140020f50 f   LIBCMTD:gs_report.obj
 0001:00020030       __report_rangecheckfailure 0000000140021030 f   LIBCMTD:gs_report.obj
 0001:00020050       __report_securityfailure   0000000140021050 f   LIBCMTD:gs_report.obj
 0001:000200f0       __report_securityfailureEx 00000001400210f0 f   LIBCMTD:gs_report.obj
 0001:00020200       wcscpy_s                   0000000140021200 f   LIBCMTD:wcscpy_s.obj
 0001:000206b0       wcslen                     00000001400216b0 f   LIBCMTD:wcslen.obj
 0001:00020700       _lock                      0000000140021700 f   LIBCMTD:mlock.obj
 0001:00020760       _lockerr_exit              0000000140021760 f   LIBCMTD:mlock.obj
 0001:00020790       _mtdeletelocks             0000000140021790 f   LIBCMTD:mlock.obj
 0001:000208b0       _mtinitlocknum             00000001400218b0 f   LIBCMTD:mlock.obj
 0001:000209b0       _mtinitlocks               00000001400219b0 f   LIBCMTD:mlock.obj
 0001:00020a50       _unlock                    0000000140021a50 f   LIBCMTD:mlock.obj
 0001:00020a80       __swprintf_l               0000000140021a80 f   LIBCMTD:swprintf.obj
 0001:00020ac0       _scwprintf                 0000000140021ac0 f   LIBCMTD:swprintf.obj
 0001:00020b00       _scwprintf_l               0000000140021b00 f   LIBCMTD:swprintf.obj
 0001:00020b40       _scwprintf_p               0000000140021b40 f   LIBCMTD:swprintf.obj
 0001:00020b80       _scwprintf_p_l             0000000140021b80 f   LIBCMTD:swprintf.obj
 0001:00020bc0       _snwprintf_s               0000000140021bc0 f   LIBCMTD:swprintf.obj
 0001:00020c20       _snwprintf_s_l             0000000140021c20 f   LIBCMTD:swprintf.obj
 0001:00020c80       _swprintf                  0000000140021c80 f   LIBCMTD:swprintf.obj
 0001:00020f60       _swprintf_p                0000000140021f60 f   LIBCMTD:swprintf.obj
 0001:00020fb0       _swprintf_p_l              0000000140021fb0 f   LIBCMTD:swprintf.obj
 0001:00021000       _swprintf_s_l              0000000140022000 f   LIBCMTD:swprintf.obj
 0001:00021050       swprintf_s                 0000000140022050 f   LIBCMTD:swprintf.obj
 0001:000210a0       __fpecode                  00000001400220a0 f   LIBCMTD:winsig.obj
 0001:000210c0       __get_sigabrt              00000001400220c0 f   LIBCMTD:winsig.obj
 0001:000210e0       __pxcptinfoptrs            00000001400220e0 f   LIBCMTD:winsig.obj
 0001:00021100       _initp_misc_winsig         0000000140022100 f   LIBCMTD:winsig.obj
 0001:00021200       raise                      0000000140022200 f   LIBCMTD:winsig.obj
 0001:00021650       signal                     0000000140022650 f   LIBCMTD:winsig.obj
 0001:00021a90       __crtMessageBoxW           0000000140022a90 f   LIBCMTD:crtmboxw.obj
 0001:00021f00       __crtMessageBoxWaitThreadW 0000000140022f00 f   LIBCMTD:crtmboxw.obj
 0001:00021f50       _CrtDbgBreak               0000000140022f50 f   LIBCMTD:dbgrptt.obj
 0001:00021f60       _CrtGetReportHook          0000000140022f60 f   LIBCMTD:dbgrptt.obj
 0001:00021f70       _CrtSetReportFile          0000000140022f70 f   LIBCMTD:dbgrptt.obj
 0001:000220d0       _CrtSetReportHook          00000001400230d0 f   LIBCMTD:dbgrptt.obj
 0001:00022100       _CrtSetReportMode          0000000140023100 f   LIBCMTD:dbgrptt.obj
 0001:000222c0       _VCrtDbgReportA            00000001400232c0 f   LIBCMTD:dbgrptt.obj
 0001:00022c90       _VCrtDbgReportW            0000000140023c90 f   LIBCMTD:dbgrptt.obj
 0001:000237d0       __addlocaleref             00000001400247d0 f   LIBCMTD:localref.obj
 0001:00023920       __freetlocinfo             0000000140024920 f   LIBCMTD:localref.obj
 0001:00023cd0       __removelocaleref          0000000140024cd0 f   LIBCMTD:localref.obj
 0001:00023e30       __updatetlocinfo           0000000140024e30 f   LIBCMTD:localref.obj
 0001:00023ed0       _updatetlocinfoEx_nolock   0000000140024ed0 f   LIBCMTD:localref.obj
 0001:00023f70       __initmbctable             0000000140024f70 f   LIBCMTD:mbctype.obj
 0001:00024600       __updatetmbcinfo           0000000140025600 f   LIBCMTD:mbctype.obj
 0001:00024700       _getmbcp                   0000000140025700 f   LIBCMTD:mbctype.obj
 0001:00024780       _setmbcp                   0000000140025780 f   LIBCMTD:mbctype.obj
 0001:00024a70       _setmbcp_nolock            0000000140025a70 f   LIBCMTD:mbctype.obj
 0001:00024ec0       __iswcsym                  0000000140025ec0 f i LIBCMTD:_wctype.obj
 0001:00024f00       __iswcsymf                 0000000140025f00 f i LIBCMTD:_wctype.obj
 0001:00024f40       _isleadbyte_l              0000000140025f40 f i LIBCMTD:_wctype.obj
 0001:00024fa0       _iswalnum_l                0000000140025fa0 f i LIBCMTD:_wctype.obj
 0001:00024fd0       _iswalpha_l                0000000140025fd0 f i LIBCMTD:_wctype.obj
 0001:00025000       _iswcntrl_l                0000000140026000 f i LIBCMTD:_wctype.obj
 0001:00025030       _iswcsym_l                 0000000140026030 f i LIBCMTD:_wctype.obj
 0001:00025080       _iswcsymf_l                0000000140026080 f i LIBCMTD:_wctype.obj
 0001:000250d0       _iswdigit_l                00000001400260d0 f i LIBCMTD:_wctype.obj
 0001:00025100       _iswgraph_l                0000000140026100 f i LIBCMTD:_wctype.obj
 0001:00025130       _iswlower_l                0000000140026130 f i LIBCMTD:_wctype.obj
 0001:00025160       _iswprint_l                0000000140026160 f i LIBCMTD:_wctype.obj
 0001:00025190       _iswpunct_l                0000000140026190 f i LIBCMTD:_wctype.obj
 0001:000251c0       _iswspace_l                00000001400261c0 f i LIBCMTD:_wctype.obj
 0001:000251f0       _iswupper_l                00000001400261f0 f i LIBCMTD:_wctype.obj
 0001:00025220       _iswxdigit_l               0000000140026220 f i LIBCMTD:_wctype.obj
 0001:00025250       isleadbyte                 0000000140026250 f i LIBCMTD:_wctype.obj
 0001:00025270       iswalnum                   0000000140026270 f i LIBCMTD:_wctype.obj
 0001:00025290       iswalpha                   0000000140026290 f i LIBCMTD:_wctype.obj
 0001:000252b0       iswascii                   00000001400262b0 f i LIBCMTD:_wctype.obj
 0001:000252e0       iswcntrl                   00000001400262e0 f i LIBCMTD:_wctype.obj
 0001:00025300       iswdigit                   0000000140026300 f i LIBCMTD:_wctype.obj
 0001:00025320       iswgraph                   0000000140026320 f i LIBCMTD:_wctype.obj
 0001:00025340       iswlower                   0000000140026340 f i LIBCMTD:_wctype.obj
 0001:00025360       iswprint                   0000000140026360 f i LIBCMTD:_wctype.obj
 0001:00025380       iswpunct                   0000000140026380 f i LIBCMTD:_wctype.obj
 0001:000253a0       iswspace                   00000001400263a0 f i LIBCMTD:_wctype.obj
 0001:000253c0       iswupper                   00000001400263c0 f i LIBCMTD:_wctype.obj
 0001:000253e0       iswxdigit                  00000001400263e0 f i LIBCMTD:_wctype.obj
 0001:00025410       strlen                     0000000140026410 f   LIBCMTD:strlen.obj
 0001:000254c0       _wctomb_l                  00000001400264c0 f   LIBCMTD:wctomb.obj
 0001:00025570       _wctomb_s_l                0000000140026570 f   LIBCMTD:wctomb.obj
 0001:00025a10       wctomb                     0000000140026a10 f   LIBCMTD:wctomb.obj
 0001:00025a80       wctomb_s                   0000000140026a80 f   LIBCMTD:wctomb.obj
 0001:00025ad0       _initp_misc_cfltcvt_tab    0000000140026ad0 f   LIBCMTD:cmiscdat.obj
 0001:00026210       _strtol_l                  0000000140027210 f   LIBCMTD:strtol.obj
 0001:00026250       _strtoul_l                 0000000140027250 f   LIBCMTD:strtol.obj
 0001:00026290       strtol                     0000000140027290 f   LIBCMTD:strtol.obj
 0001:00026300       strtoul                    0000000140027300 f   LIBCMTD:strtol.obj
 0001:00026370       _chvalidator               0000000140027370 f   LIBCMTD:isctype.obj
 0001:000263e0       _chvalidator_l             00000001400273e0 f   LIBCMTD:isctype.obj
 0001:000264f0       _isctype                   00000001400274f0 f   LIBCMTD:isctype.obj
 0001:00026540       _isctype_l                 0000000140027540 f   LIBCMTD:isctype.obj
 0001:00026720       _free_base                 0000000140027720 f   LIBCMTD:free.obj
 0001:00026780       _realloc_base              0000000140027780 f   LIBCMTD:realloc.obj
 0001:000268a0       _expand_base               00000001400278a0 f   LIBCMTD:expand.obj
 0001:00026a80       _CrtDbgReport              0000000140027a80 f   LIBCMTD:dbgrpt.obj
 0001:00026b00       _CrtDbgReportV             0000000140027b00 f i LIBCMTD:dbgrpt.obj
 0001:00026b60       _CrtSetReportHook2         0000000140027b60 f   LIBCMTD:dbgrpt.obj
 0001:00026f70       __crtMessageWindowA        0000000140027f70 f   LIBCMTD:dbgrpt.obj
 0001:000275f0       ?_query_new_handler@@YAP6AH_K@ZXZ 00000001400285f0 f   LIBCMTD:handler.obj
 0001:00027610       ?_set_new_handler@@YAP6AH_K@ZH@Z 0000000140028610 f   LIBCMTD:handler.obj
 0001:00027670       ?_set_new_handler@@YAP6AH_K@ZP6AH0@Z@Z 0000000140028670 f   LIBCMTD:handler.obj
 0001:000276c0       _callnewh                  00000001400286c0 f   LIBCMTD:handler.obj
 0001:00027700       _initp_heap_handler        0000000140028700 f   LIBCMTD:handler.obj
 0001:00027720       _heapchk                   0000000140028720 f   LIBCMTD:heapchk.obj
 0001:00027760       _heapset                   0000000140028760 f   LIBCMTD:heapchk.obj
 0001:00027780       _scprintf                  0000000140028780 f   LIBCMTD:sprintf.obj
 0001:000277c0       _scprintf_l                00000001400287c0 f   LIBCMTD:sprintf.obj
 0001:00027800       _scprintf_p                0000000140028800 f   LIBCMTD:sprintf.obj
 0001:00027840       _scprintf_p_l              0000000140028840 f   LIBCMTD:sprintf.obj
 0001:00027880       _snprintf_s                0000000140028880 f   LIBCMTD:sprintf.obj
 0001:000278e0       _snprintf_s_l              00000001400288e0 f   LIBCMTD:sprintf.obj
 0001:00027940       _sprintf_l                 0000000140028940 f   LIBCMTD:sprintf.obj
 0001:00027980       _sprintf_p                 0000000140028980 f   LIBCMTD:sprintf.obj
 0001:000279d0       _sprintf_p_l               00000001400289d0 f   LIBCMTD:sprintf.obj
 0001:00027a20       _sprintf_s_l               0000000140028a20 f   LIBCMTD:sprintf.obj
 0001:00027a70       sprintf                    0000000140028a70 f   LIBCMTD:sprintf.obj
 0001:00027cf0       sprintf_s                  0000000140028cf0 f   LIBCMTD:sprintf.obj
 0001:00027d40       _heap_alloc_base           0000000140028d40 f i LIBCMTD:malloc.obj
 0001:00027db0       _malloc_base               0000000140028db0 f   LIBCMTD:malloc.obj
 0001:00027e50       _fcloseall                 0000000140028e50 f   LIBCMTD:closeall.obj
 0001:00027f50       _open                      0000000140028f50 f   LIBCMTD:open.obj
 0001:00028120       _sopen                     0000000140029120 f   LIBCMTD:open.obj
 0001:000281d0       _sopen_helper              00000001400291d0 f   LIBCMTD:open.obj
 0001:00028500       _sopen_nolock              0000000140029500 f   LIBCMTD:open.obj
 0001:000285a0       _sopen_s                   00000001400295a0 f   LIBCMTD:open.obj
 0001:000285f0       _mbsnbcmp                  00000001400295f0 f   LIBCMTD:mbsnbcmp.obj
 0001:00028620       _mbsnbcmp_l                0000000140029620 f   LIBCMTD:mbsnbcmp.obj
 0001:00028a90       _mbsnbicmp                 0000000140029a90 f   LIBCMTD:mbsnbicm.obj
 0001:00028ac0       _mbsnbicmp_l               0000000140029ac0 f   LIBCMTD:mbsnbicm.obj
 0001:00029260       _FindPESection             000000014002a260 f   LIBCMTD:pesect.obj
 0001:00029310       _IsNonwritableInCurrentImage 000000014002a310 f   LIBCMTD:pesect.obj
 0001:000293a0       _ValidateImageBase         000000014002a3a0 f   LIBCMTD:pesect.obj
 0001:00029420       __lock_fhandle             000000014002a420 f   LIBCMTD:osfinfo.obj
 0001:000294f0       _alloc_osfhnd              000000014002a4f0 f   LIBCMTD:osfinfo.obj
 0001:000297f0       _free_osfhnd               000000014002a7f0 f   LIBCMTD:osfinfo.obj
 0001:00029920       _get_osfhandle             000000014002a920 f   LIBCMTD:osfinfo.obj
 0001:00029b30       _open_osfhandle            000000014002ab30 f   LIBCMTD:osfinfo.obj
 0001:00029da0       _set_osfhnd                000000014002ada0 f   LIBCMTD:osfinfo.obj
 0001:00029eb0       _unlock_fhandle            000000014002aeb0 f   LIBCMTD:osfinfo.obj
 0001:00029ef0       free                       000000014002aef0 f   LIBCMTD:dbgfree.obj
 0001:00029f10       _commit                    000000014002af10 f   LIBCMTD:commit.obj
 0001:0002a1b0       _mbtowc_l                  000000014002b1b0 f   LIBCMTD:mbtowc.obj
 0001:0002a4f0       mbtowc                     000000014002b4f0 f   LIBCMTD:mbtowc.obj
 0001:0002a520       _putwch                    000000014002b520 f   LIBCMTD:putwch.obj
 0001:0002a560       _putwch_nolock             000000014002b560 f   LIBCMTD:putwch.obj
 0001:0002a5d0       wcscat_s                   000000014002b5d0 f   LIBCMTD:wcscat_s.obj
 0001:0002ac00       wcsncpy_s                  000000014002bc00 f   LIBCMTD:wcsncpy_s.obj
 0001:0002b2a0       strncpy_s                  000000014002c2a0 f   LIBCMTD:strncpy_s.obj
 0001:0002bad0       _MarkAllocaS               000000014002cad0 f i LIBCMTD:a_loc.obj
 0001:0002bb00       __crtGetLocaleInfoA        000000014002cb00 f   LIBCMTD:a_loc.obj
 0001:0002bb70       _freea                     000000014002cb70 f i LIBCMTD:a_loc.obj
 0001:0002bc00       __crtCompareStringEx       000000014002cc00 f   LIBCMTD:winapinls.obj
 0001:0002bc70       __crtEnumSystemLocalesEx   000000014002cc70 f   LIBCMTD:winapinls.obj
 0001:0002bca0       __crtGetDateFormatEx       000000014002cca0 f   LIBCMTD:winapinls.obj
 0001:0002bcf0       __crtGetLocaleInfoEx       000000014002ccf0 f   LIBCMTD:winapinls.obj
 0001:0002bd30       __crtGetTimeFormatEx       000000014002cd30 f   LIBCMTD:winapinls.obj
 0001:0002bd80       __crtGetUserDefaultLocaleName 000000014002cd80 f   LIBCMTD:winapinls.obj
 0001:0002bdb0       __crtIsValidLocaleName     000000014002cdb0 f   LIBCMTD:winapinls.obj
 0001:0002bdd0       __crtLCMapStringEx         000000014002cdd0 f   LIBCMTD:winapinls.obj
 0001:0002be40       strcpy_s                   000000014002ce40 f   LIBCMTD:strcpy_s.obj
 0001:0002c2e0       ??0Block@_HeapManager@@QEAA@XZ 000000014002d2e0 f i LIBCMTD:undname.obj
 0001:0002c300       ??0DName@@QEAA@AEAPEBDD@Z  000000014002d300 f   LIBCMTD:undname.obj
 0001:0002c650       ??0DName@@QEAA@AEBV0@@Z    000000014002d650 f i LIBCMTD:undname.obj
 0001:0002c680       ??0DName@@QEAA@D@Z         000000014002d680 f   LIBCMTD:undname.obj
 0001:0002c780       ??0DName@@QEAA@PEAV0@@Z    000000014002d780 f   LIBCMTD:undname.obj
 0001:0002c900       ??0DName@@QEAA@PEBD@Z      000000014002d900 f   LIBCMTD:undname.obj
 0001:0002ca10       ??0DName@@QEAA@W4DNameStatus@@@Z 000000014002da10 f   LIBCMTD:undname.obj
 0001:0002cb60       ??0DName@@QEAA@XZ          000000014002db60 f i LIBCMTD:undname.obj
 0001:0002cc30       ??0DName@@QEAA@_J@Z        000000014002dc30 f   LIBCMTD:undname.obj
 0001:0002cdf0       ??0DName@@QEAA@_K@Z        000000014002ddf0 f   LIBCMTD:undname.obj
 0001:0002cf70       ??0DNameNode@@IEAA@XZ      000000014002df70 f   LIBCMTD:undname.obj
 0001:0002cf90       ??0DNameStatusNode@@AEAA@W4DNameStatus@@@Z 000000014002df90 f   LIBCMTD:undname.obj
 0001:0002d000       ??0Replicator@@QEAA@XZ     000000014002e000 f i LIBCMTD:undname.obj
 0001:0002d020       ??0UnDecorator@@QEAA@PEADPEBDHP6APEADJ@ZK@Z 000000014002e020 f i LIBCMTD:undname.obj
 0001:0002d0f0       ??0charNode@@QEAA@D@Z      000000014002e0f0 f   LIBCMTD:undname.obj
 0001:0002d130       ??0pDNameNode@@QEAA@PEAVDName@@@Z 000000014002e130 f   LIBCMTD:undname.obj
 0001:0002d1b0       ??0pairNode@@QEAA@PEAVDNameNode@@0@Z 000000014002e1b0 f   LIBCMTD:undname.obj
 0001:0002d210       ??0pcharNode@@QEAA@PEBDH@Z 000000014002e210 f   LIBCMTD:undname.obj
 0001:0002d2e0       ??2@YAPEAX_KAEAV_HeapManager@@H@Z 000000014002e2e0 f i LIBCMTD:undname.obj
 0001:0002d310       ??4DName@@QEAAAEAV0@AEBV0@@Z 000000014002e310 f   LIBCMTD:undname.obj
 0001:0002d340       ??4DName@@QEAAAEAV0@D@Z    000000014002e340 f i LIBCMTD:undname.obj
 0001:0002d440       ??4DName@@QEAAAEAV0@PEAV0@@Z 000000014002e440 f   LIBCMTD:undname.obj
 0001:0002d5b0       ??4DName@@QEAAAEAV0@PEBD@Z 000000014002e5b0 f   LIBCMTD:undname.obj
 0001:0002d6b0       ??4DName@@QEAAAEAV0@W4DNameStatus@@@Z 000000014002e6b0 f   LIBCMTD:undname.obj
 0001:0002d7e0       ??AReplicator@@QEBA?AVDName@@H@Z 000000014002e7e0 f   LIBCMTD:undname.obj
 0001:0002d870       ??BUnDecorator@@QEAAPEADXZ 000000014002e870 f i LIBCMTD:undname.obj
 0001:0002db90       ??H@YA?AVDName@@DAEBV0@@Z  000000014002eb90 f i LIBCMTD:undname.obj
 0001:0002dbd0       ??H@YA?AVDName@@PEBDAEBV0@@Z 000000014002ebd0 f i LIBCMTD:undname.obj
 0001:0002dc10       ??H@YA?AVDName@@W4DNameStatus@@AEBV0@@Z 000000014002ec10 f i LIBCMTD:undname.obj
 0001:0002dc50       ??HDName@@QEBA?AV0@AEBV0@@Z 000000014002ec50 f   LIBCMTD:undname.obj
 0001:0002dca0       ??HDName@@QEBA?AV0@D@Z     000000014002eca0 f   LIBCMTD:undname.obj
 0001:0002dcf0       ??HDName@@QEBA?AV0@PEAV0@@Z 000000014002ecf0 f   LIBCMTD:undname.obj
 0001:0002dd40       ??HDName@@QEBA?AV0@PEBD@Z  000000014002ed40 f   LIBCMTD:undname.obj
 0001:0002dd90       ??HDName@@QEBA?AV0@W4DNameStatus@@@Z 000000014002ed90 f   LIBCMTD:undname.obj
 0001:0002dde0       ??YDName@@QEAAAEAV0@AEBV0@@Z 000000014002ede0 f   LIBCMTD:undname.obj
 0001:0002de60       ??YDName@@QEAAAEAV0@D@Z    000000014002ee60 f   LIBCMTD:undname.obj
 0001:0002df00       ??YDName@@QEAAAEAV0@PEAV0@@Z 000000014002ef00 f   LIBCMTD:undname.obj
 0001:0002dfe0       ??YDName@@QEAAAEAV0@PEBD@Z 000000014002efe0 f   LIBCMTD:undname.obj
 0001:0002e0a0       ??YDName@@QEAAAEAV0@W4DNameStatus@@@Z 000000014002f0a0 f   LIBCMTD:undname.obj
 0001:0002e110       ??YReplicator@@QEAAAEAV0@AEBVDName@@@Z 000000014002f110 f   LIBCMTD:undname.obj
 0001:0002e1d0       ??_5DName@@QEAAAEAV0@AEBV0@@Z 000000014002f1d0 f   LIBCMTD:undname.obj
 0001:0002e240       ?Constructor@_HeapManager@@QEAAXP6APEAX_K@ZP6AXPEAX@Z@Z 000000014002f240 f i LIBCMTD:undname.obj
 0001:0002e2a0       ?Destructor@_HeapManager@@QEAAXXZ 000000014002f2a0 f i LIBCMTD:undname.obj
 0001:0002e300       ?UScore@UnDecorator@@SAPEBDW4Tokens@@@Z 000000014002f300 f   LIBCMTD:undname.obj
 0001:0002e340       ?append@DName@@AEAAXPEAVDNameNode@@@Z 000000014002f340 f   LIBCMTD:undname.obj
 0001:0002e3f0       ?composeDeclaration@UnDecorator@@CA?AVDName@@AEBV2@@Z 000000014002f3f0 f i LIBCMTD:undname.obj
 0001:000304b0       ?dbGetString@DName@@QEBAPEADXZ 00000001400314b0 f   LIBCMTD:undname.obj
 0001:000304e0       ?doAccessSpecifiers@UnDecorator@@SAHXZ 00000001400314e0 f i LIBCMTD:undname.obj
 0001:00030510       ?doAllocationLanguage@UnDecorator@@SAHXZ 0000000140031510 f i LIBCMTD:undname.obj
 0001:00030540       ?doAllocationModel@UnDecorator@@SAHXZ 0000000140031540 f i LIBCMTD:undname.obj
 0001:00030570       ?doEcsu@UnDecorator@@SAHXZ 0000000140031570 f i LIBCMTD:undname.obj
 0001:000305a0       ?doEllipsis@UnDecorator@@SAHXZ 00000001400315a0 f i LIBCMTD:undname.obj
 0001:000305d0       ?doFunctionReturns@UnDecorator@@SAHXZ 00000001400315d0 f i LIBCMTD:undname.obj
 0001:00030600       ?doMSKeywords@UnDecorator@@SAHXZ 0000000140031600 f i LIBCMTD:undname.obj
 0001:00030630       ?doMemberTypes@UnDecorator@@SAHXZ 0000000140031630 f i LIBCMTD:undname.obj
 0001:00030660       ?doNameOnly@UnDecorator@@SAHXZ 0000000140031660 f i LIBCMTD:undname.obj
 0001:00030670       ?doNoIdentCharCheck@UnDecorator@@SAHXZ 0000000140031670 f i LIBCMTD:undname.obj
 0001:00030680       ?doPchar@DName@@AEAAXPEBDH@Z 0000000140031680 f   LIBCMTD:undname.obj
 0001:00030810       ?doPtr64@UnDecorator@@SAHXZ 0000000140031810 f i LIBCMTD:undname.obj
 0001:00030840       ?doRestrictionSpec@UnDecorator@@SAHXZ 0000000140031840 f i LIBCMTD:undname.obj
 0001:00030870       ?doThisTypes@UnDecorator@@SAHXZ 0000000140031870 f i LIBCMTD:undname.obj
 0001:000308a0       ?doThrowTypes@UnDecorator@@SAHXZ 00000001400318a0 f i LIBCMTD:undname.obj
 0001:000308d0       ?doTypeOnly@UnDecorator@@SAHXZ 00000001400318d0 f i LIBCMTD:undname.obj
 0001:000308e0       ?doUnderScore@UnDecorator@@SAHXZ 00000001400318e0 f i LIBCMTD:undname.obj
 0001:00030910       ?getArgumentList@UnDecorator@@CA?AVDName@@XZ 0000000140031910 f   LIBCMTD:undname.obj
 0001:00030ab0       ?getArgumentTypes@UnDecorator@@CA?AVDName@@XZ 0000000140031ab0 f   LIBCMTD:undname.obj
 0001:00030c70       ?getArrayType@UnDecorator@@CA?AVDName@@AEBV2@@Z 0000000140031c70 f i LIBCMTD:undname.obj
 0001:00030f60       ?getBasedType@UnDecorator@@CA?AVDName@@XZ 0000000140031f60 f   LIBCMTD:undname.obj
 0001:00031050       ?getBasicDataType@UnDecorator@@CA?AVDName@@AEBV2@@Z 0000000140032050 f   LIBCMTD:undname.obj
 0001:00031760       ?getCallIndex@UnDecorator@@CA?AVDName@@XZ 0000000140032760 f i LIBCMTD:undname.obj
 0001:00031780       ?getCallingConvention@UnDecorator@@CA?AVDName@@XZ 0000000140032780 f   LIBCMTD:undname.obj
 0001:00031950       ?getDataIndirectType@UnDecorator@@CA?AVDName@@AEBV2@PEBD0H@Z 0000000140032950 f   LIBCMTD:undname.obj
 0001:000322c0       ?getDataIndirectType@UnDecorator@@CA?AVDName@@XZ 00000001400332c0 f i LIBCMTD:undname.obj
 0001:00032320       ?getDataType@UnDecorator@@CA?AVDName@@PEAV2@@Z 0000000140033320 f   LIBCMTD:undname.obj
 0001:000324b0       ?getDecoratedName@UnDecorator@@CA?AVDName@@XZ 00000001400334b0 f   LIBCMTD:undname.obj
 0001:000328b0       ?getDimension@UnDecorator@@CA?AVDName@@_N@Z 00000001400338b0 f   LIBCMTD:undname.obj
 0001:00032c10       ?getDispatchTarget@UnDecorator@@CA?AVDName@@XZ 0000000140033c10 f   LIBCMTD:undname.obj
 0001:00032ce0       ?getDisplacement@UnDecorator@@CA?AVDName@@XZ 0000000140033ce0 f i LIBCMTD:undname.obj
 0001:00032d00       ?getECSUDataType@UnDecorator@@CA?AVDName@@XZ 0000000140033d00 f   LIBCMTD:undname.obj
 0001:00032f40       ?getECSUName@UnDecorator@@CA?AVDName@@XZ 0000000140033f40 f i LIBCMTD:undname.obj
 0001:00032f60       ?getEnumType@UnDecorator@@CA?AVDName@@XZ 0000000140033f60 f i LIBCMTD:undname.obj
 0001:000330e0       ?getExtendedDataIndirectType@UnDecorator@@CA?AVDName@@AEAPEBDAEA_NH@Z 00000001400340e0 f   LIBCMTD:undname.obj
 0001:00033400       ?getExternalDataType@UnDecorator@@CA?AVDName@@AEBV2@@Z 0000000140034400 f i LIBCMTD:undname.obj
 0001:000334d0       ?getFunctionIndirectType@UnDecorator@@CA?AVDName@@AEBV2@@Z 00000001400344d0 f   LIBCMTD:undname.obj
 0001:00033a50       ?getGuardNumber@UnDecorator@@CA?AVDName@@XZ 0000000140034a50 f i LIBCMTD:undname.obj
 0001:00033a70       ?getLastChar@DName@@QEBADXZ 0000000140034a70 f i LIBCMTD:undname.obj
 0001:00033ab0       ?getLastChar@DNameStatusNode@@UEBADXZ 0000000140034ab0 f i LIBCMTD:undname.obj
 0001:00033af0       ?getLastChar@charNode@@UEBADXZ 0000000140034af0 f i LIBCMTD:undname.obj
 0001:00033b00       ?getLastChar@pDNameNode@@UEBADXZ 0000000140034b00 f i LIBCMTD:undname.obj
 0001:00033b40       ?getLastChar@pairNode@@UEBADXZ 0000000140034b40 f i LIBCMTD:undname.obj
 0001:00033ba0       ?getLastChar@pcharNode@@UEBADXZ 0000000140034ba0 f i LIBCMTD:undname.obj
 0001:00033be0       ?getLexicalFrame@UnDecorator@@CA?AVDName@@XZ 0000000140034be0 f i LIBCMTD:undname.obj
 0001:00033c20       ?getMemory@_HeapManager@@QEAAPEAX_KH@Z 0000000140034c20 f   LIBCMTD:undname.obj
 0001:00033d90       ?getNumberOfDimensions@UnDecorator@@CAHXZ 0000000140034d90 f   LIBCMTD:undname.obj
 0001:00033eb0       ?getOperatorName@UnDecorator@@CA?AVDName@@_NPEA_N@Z 0000000140034eb0 f i LIBCMTD:undname.obj
 0001:00034b50       ?getPointerType@UnDecorator@@CA?AVDName@@AEBV2@0@Z 0000000140035b50 f i LIBCMTD:undname.obj
 0001:00034ba0       ?getPointerTypeArray@UnDecorator@@CA?AVDName@@AEBV2@0@Z 0000000140035ba0 f i LIBCMTD:undname.obj
 0001:00034bf0       ?getPrimaryDataType@UnDecorator@@CA?AVDName@@AEBV2@@Z 0000000140035bf0 f   LIBCMTD:undname.obj
 0001:00035070       ?getPtrRefDataType@UnDecorator@@CA?AVDName@@AEBV2@H@Z 0000000140036070 f i LIBCMTD:undname.obj
 0001:000351f0       ?getPtrRefType@UnDecorator@@CA?AVDName@@AEBV2@0PEBD@Z 00000001400361f0 f   LIBCMTD:undname.obj
 0001:00035400       ?getReferenceType@UnDecorator@@CA?AVDName@@AEBV2@0PEBD@Z 0000000140036400 f i LIBCMTD:undname.obj
 0001:00035440       ?getRestrictionSpec@UnDecorator@@CA?AVDName@@XZ 0000000140036440 f   LIBCMTD:undname.obj
 0001:000355e0       ?getReturnType@UnDecorator@@CA?AVDName@@PEAV2@@Z 00000001400365e0 f   LIBCMTD:undname.obj
 0001:00035640       ?getScope@UnDecorator@@CA?AVDName@@XZ 0000000140036640 f   LIBCMTD:undname.obj
 0001:00035c30       ?getScopedName@UnDecorator@@CA?AVDName@@XZ 0000000140036c30 f   LIBCMTD:undname.obj
 0001:00035da0       ?getSignedDimension@UnDecorator@@CA?AVDName@@XZ 0000000140036da0 f   LIBCMTD:undname.obj
 0001:00035e30       ?getStorageConvention@UnDecorator@@CA?AVDName@@XZ 0000000140036e30 f i LIBCMTD:undname.obj
 0001:00035e50       ?getString@DName@@QEBAPEADPEAD0@Z 0000000140036e50 f i LIBCMTD:undname.obj
 0001:00035ea0       ?getString@DName@@QEBAPEADPEADH@Z 0000000140036ea0 f i LIBCMTD:undname.obj
 0001:00035f60       ?getString@DNameStatusNode@@UEBAPEADPEAD0@Z 0000000140036f60 f i LIBCMTD:undname.obj
 0001:00035fb0       ?getString@charNode@@UEBAPEADPEAD0@Z 0000000140036fb0 f i LIBCMTD:undname.obj
 0001:00035ff0       ?getString@pDNameNode@@UEBAPEADPEAD0@Z 0000000140036ff0 f i LIBCMTD:undname.obj
 0001:00036050       ?getString@pairNode@@UEBAPEADPEAD0@Z 0000000140037050 f i LIBCMTD:undname.obj
 0001:000360d0       ?getString@pcharNode@@UEBAPEADPEAD0@Z 00000001400370d0 f i LIBCMTD:undname.obj
 0001:00036110       ?getStringEncoding@UnDecorator@@CA?AVDName@@PEADH@Z 0000000140037110 f   LIBCMTD:undname.obj
 0001:00036250       ?getStringHelper@@YAPEADPEAD00H@Z 0000000140037250 f i LIBCMTD:undname.obj
 0001:000362c0       ?getSymbolName@UnDecorator@@CA?AVDName@@XZ 00000001400372c0 f i LIBCMTD:undname.obj
 0001:00036360       ?getTemplateArgumentList@UnDecorator@@CA?AVDName@@XZ 0000000140037360 f   LIBCMTD:undname.obj
 0001:00036690       ?getTemplateConstant@UnDecorator@@CA?AVDName@@XZ 0000000140037690 f   LIBCMTD:undname.obj
 0001:00036c40       ?getTemplateName@UnDecorator@@CA?AVDName@@_N@Z 0000000140037c40 f   LIBCMTD:undname.obj
 0001:00036e90       ?getThisType@UnDecorator@@CA?AVDName@@XZ 0000000140037e90 f i LIBCMTD:undname.obj
 0001:00036ef0       ?getThrowTypes@UnDecorator@@CA?AVDName@@XZ 0000000140037ef0 f   LIBCMTD:undname.obj
 0001:00036fe0       ?getTypeEncoding@UnDecorator@@CAHXZ 0000000140037fe0 f i LIBCMTD:undname.obj
 0001:00037b90       ?getVCallThunkType@UnDecorator@@CA?AVDName@@XZ 0000000140038b90 f i LIBCMTD:undname.obj
 0001:00037c10       ?getVbTableType@UnDecorator@@CA?AVDName@@AEBV2@@Z 0000000140038c10 f i LIBCMTD:undname.obj
 0001:00037c40       ?getVdispMapType@UnDecorator@@CA?AVDName@@AEBV2@@Z 0000000140038c40 f i LIBCMTD:undname.obj
 0001:00037cd0       ?getVfTableType@UnDecorator@@CA?AVDName@@AEBV2@@Z 0000000140038cd0 f i LIBCMTD:undname.obj
 0001:00037f00       ?getZName@UnDecorator@@CA?AVDName@@_N0@Z 0000000140038f00 f   LIBCMTD:undname.obj
 0001:00038280       ?haveTemplateParameters@UnDecorator@@SAHXZ 0000000140039280 f i LIBCMTD:undname.obj
 0001:00038290       ?isArray@DName@@QEBAHXZ    0000000140039290 f i LIBCMTD:undname.obj
 0001:000382b0       ?isComArray@DName@@QEBAHXZ 00000001400392b0 f i LIBCMTD:undname.obj
 0001:000382d0       ?isEmpty@DName@@QEBAHXZ    00000001400392d0 f i LIBCMTD:undname.obj
 0001:00038300       ?isFull@Replicator@@QEBAHXZ 0000000140039300 f i LIBCMTD:undname.obj
 0001:00038330       ?isNoTE@DName@@QEBAHXZ     0000000140039330 f i LIBCMTD:undname.obj
 0001:00038350       ?isPinPtr@DName@@QEBAHXZ   0000000140039350 f i LIBCMTD:undname.obj
 0001:00038370       ?isPtrRef@DName@@QEBAHXZ   0000000140039370 f i LIBCMTD:undname.obj
 0001:00038390       ?isUDC@DName@@QEBAHXZ      0000000140039390 f i LIBCMTD:undname.obj
 0001:000383e0       ?isUDTThunk@DName@@QEBAHXZ 00000001400393e0 f i LIBCMTD:undname.obj
 0001:00038430       ?isVCallThunk@DName@@QEBAHXZ 0000000140039430 f i LIBCMTD:undname.obj
 0001:00038450       ?isValid@DName@@QEBAHXZ    0000000140039450 f i LIBCMTD:undname.obj
 0001:00038490       ?length@DName@@QEBAHXZ     0000000140039490 f i LIBCMTD:undname.obj
 0001:000384d0       ?length@DNameStatusNode@@UEBAHXZ 00000001400394d0 f i LIBCMTD:undname.obj
 0001:000384e0       ?length@charNode@@UEBAHXZ  00000001400394e0 f i LIBCMTD:undname.obj
 0001:000384f0       ?length@pDNameNode@@UEBAHXZ 00000001400394f0 f i LIBCMTD:undname.obj
 0001:00038530       ?length@pairNode@@UEBAHXZ  0000000140039530 f i LIBCMTD:undname.obj
 0001:000385a0       ?length@pcharNode@@UEBAHXZ 00000001400395a0 f i LIBCMTD:undname.obj
 0001:000385b0       ?make@DNameStatusNode@@SAPEAV1@W4DNameStatus@@@Z 00000001400395b0 f i LIBCMTD:undname.obj
 0001:00038660       ?setIsArray@DName@@QEAAXXZ 0000000140039660 f i LIBCMTD:undname.obj
 0001:00038680       ?setIsComArray@DName@@QEAAXXZ 0000000140039680 f i LIBCMTD:undname.obj
 0001:000386a0       ?setIsNoTE@DName@@QEAAXXZ  00000001400396a0 f i LIBCMTD:undname.obj
 0001:000386c0       ?setIsPinPtr@DName@@QEAAXXZ 00000001400396c0 f i LIBCMTD:undname.obj
 0001:000386e0       ?setIsUDC@DName@@QEAAXXZ   00000001400396e0 f i LIBCMTD:undname.obj
 0001:00038710       ?setIsVCallThunk@DName@@QEAAXXZ 0000000140039710 f i LIBCMTD:undname.obj
 0001:00038730       ?setPtrRef@DName@@QEAAAEAV1@XZ 0000000140039730 f i LIBCMTD:undname.obj
 0001:00038750       ?status@DName@@QEBA?AW4DNameStatus@@XZ 0000000140039750 f i LIBCMTD:undname.obj
 0001:00038880       __unDName                  0000000140039880 f   LIBCMTD:undname.obj
 0001:00038960       __unDNameEx                0000000140039960 f   LIBCMTD:undname.obj
 0001:00038a40       ?_inconsistency@@YAXXZ     0000000140039a40 f   LIBCMTD:hooks.obj
 0001:00038a70       ?terminate@@YAXXZ          0000000140039a70 f   LIBCMTD:hooks.obj
 0001:00038aa0       ?unexpected@@YAXXZ         0000000140039aa0 f   LIBCMTD:hooks.obj
 0001:00038ad0       _initp_eh_hooks            0000000140039ad0 f   LIBCMTD:hooks.obj
 0001:00038b00       __onexitinit               0000000140039b00 f   LIBCMTD:onexit.obj
 0001:00038b70       _onexit                    0000000140039b70 f   LIBCMTD:onexit.obj
 0001:00038d70       atexit                     0000000140039d70 f   LIBCMTD:onexit.obj
 0001:00038db0       _initp_misc_rand_s         0000000140039db0 f   LIBCMTD:rand_s.obj
 0001:00038dd0       rand_s                     0000000140039dd0 f   LIBCMTD:rand_s.obj
 0001:000391d0       _ismbbalnum                000000014003a1d0 f   LIBCMTD:ismbbyte.obj
 0001:00039200       _ismbbalnum_l              000000014003a200 f   LIBCMTD:ismbbyte.obj
 0001:00039230       _ismbbalpha                000000014003a230 f   LIBCMTD:ismbbyte.obj
 0001:00039260       _ismbbalpha_l              000000014003a260 f   LIBCMTD:ismbbyte.obj
 0001:00039290       _ismbbgraph                000000014003a290 f   LIBCMTD:ismbbyte.obj
 0001:000392c0       _ismbbgraph_l              000000014003a2c0 f   LIBCMTD:ismbbyte.obj
 0001:000392f0       _ismbbkalnum               000000014003a2f0 f   LIBCMTD:ismbbyte.obj
 0001:00039320       _ismbbkalnum_l             000000014003a320 f   LIBCMTD:ismbbyte.obj
 0001:00039350       _ismbbkana                 000000014003a350 f   LIBCMTD:ismbbyte.obj
 0001:00039370       _ismbbkana_l               000000014003a370 f   LIBCMTD:ismbbyte.obj
 0001:00039400       _ismbbkprint               000000014003a400 f   LIBCMTD:ismbbyte.obj
 0001:00039430       _ismbbkprint_l             000000014003a430 f   LIBCMTD:ismbbyte.obj
 0001:00039460       _ismbbkpunct               000000014003a460 f   LIBCMTD:ismbbyte.obj
 0001:00039490       _ismbbkpunct_l             000000014003a490 f   LIBCMTD:ismbbyte.obj
 0001:000394c0       _ismbblead                 000000014003a4c0 f   LIBCMTD:ismbbyte.obj
 0001:000394f0       _ismbblead_l               000000014003a4f0 f   LIBCMTD:ismbbyte.obj
 0001:00039520       _ismbbprint                000000014003a520 f   LIBCMTD:ismbbyte.obj
 0001:00039550       _ismbbprint_l              000000014003a550 f   LIBCMTD:ismbbyte.obj
 0001:00039580       _ismbbpunct                000000014003a580 f   LIBCMTD:ismbbyte.obj
 0001:000395b0       _ismbbpunct_l              000000014003a5b0 f   LIBCMTD:ismbbyte.obj
 0001:000395e0       _ismbbtrail                000000014003a5e0 f   LIBCMTD:ismbbyte.obj
 0001:00039610       _ismbbtrail_l              000000014003a610 f   LIBCMTD:ismbbyte.obj
 0001:00039640       __vswprintf_l              000000014003a640 f   LIBCMTD:vswprint.obj
 0001:00039680       _vscwprintf                000000014003a680 f   LIBCMTD:vswprint.obj
 0001:000396b0       _vscwprintf_helper         000000014003a6b0 f   LIBCMTD:vswprint.obj
 0001:00039800       _vscwprintf_l              000000014003a800 f   LIBCMTD:vswprint.obj
 0001:00039840       _vscwprintf_p              000000014003a840 f   LIBCMTD:vswprint.obj
 0001:00039870       _vscwprintf_p_l            000000014003a870 f   LIBCMTD:vswprint.obj
 0001:000398b0       _vswprintf                 000000014003a8b0 f   LIBCMTD:vswprint.obj
 0001:000398e0       _vswprintf_l               000000014003a8e0 f   LIBCMTD:vswprint.obj
 0001:00039bb0       _vsnwprintf_s              000000014003abb0 f   LIBCMTD:vswprnc.obj
 0001:00039c00       _vsnwprintf_s_l            000000014003ac00 f   LIBCMTD:vswprnc.obj
 0001:0003a1b0       _vswprintf_c               000000014003b1b0 f   LIBCMTD:vswprnc.obj
 0001:0003a220       _vswprintf_c_l             000000014003b220 f   LIBCMTD:vswprnc.obj
 0001:0003a290       _vswprintf_helper          000000014003b290 f   LIBCMTD:vswprnc.obj
 0001:0003a5e0       _vswprintf_p               000000014003b5e0 f   LIBCMTD:vswprnc.obj
 0001:0003a650       _vswprintf_p_l             000000014003b650 f   LIBCMTD:vswprnc.obj
 0001:0003a6c0       _vswprintf_s_l             000000014003b6c0 f   LIBCMTD:vswprnc.obj
 0001:0003aa50       vswprintf_s                000000014003ba50 f   LIBCMTD:vswprnc.obj
 0001:0003aa90       _woutput_l                 000000014003ba90 f   LIBCMTD:woutput.obj
 0001:0003c1f0       strcat_s                   000000014003d1f0 f   LIBCMTD:strcat_s.obj
 0001:0003c800       _i64toa_s                  000000014003d800 f   LIBCMTD:xtoas.obj
 0001:0003c860       _itoa_s                    000000014003d860 f   LIBCMTD:xtoas.obj
 0001:0003c8e0       _ltoa_s                    000000014003d8e0 f   LIBCMTD:xtoas.obj
 0001:0003c940       _ui64toa_s                 000000014003d940 f   LIBCMTD:xtoas.obj
 0001:0003c980       _ultoa_s                   000000014003d980 f   LIBCMTD:xtoas.obj
 0001:0003d550       _mbstowcs_l                000000014003e550 f   LIBCMTD:mbstowcs.obj
 0001:0003d590       _mbstowcs_l_helper         000000014003e590 f   LIBCMTD:mbstowcs.obj
 0001:0003db00       _mbstowcs_s_l              000000014003eb00 f   LIBCMTD:mbstowcs.obj
 0001:0003e090       mbstowcs                   000000014003f090 f   LIBCMTD:mbstowcs.obj
 0001:0003e0f0       mbstowcs_s                 000000014003f0f0 f   LIBCMTD:mbstowcs.obj
 0001:0003e1d0       _wcstombs_l                000000014003f1d0 f   LIBCMTD:wcstombs.obj
 0001:0003e210       _wcstombs_l_helper         000000014003f210 f   LIBCMTD:wcstombs.obj
 0001:0003ea20       _wcstombs_s_l              000000014003fa20 f   LIBCMTD:wcstombs.obj
 0001:0003ef20       wcstombs                   000000014003ff20 f   LIBCMTD:wcstombs.obj
 0001:0003ef50       wcstombs_s                 000000014003ff50 f   LIBCMTD:wcstombs.obj
 0001:0003efa0       _i64tow_s                  000000014003ffa0 f   LIBCMTD:xtows.obj
 0001:0003f000       _itow_s                    0000000140040000 f   LIBCMTD:xtows.obj
 0001:0003f080       _ltow_s                    0000000140040080 f   LIBCMTD:xtows.obj
 0001:0003f0e0       _ui64tow_s                 00000001400400e0 f   LIBCMTD:xtows.obj
 0001:0003f120       _ultow_s                   0000000140040120 f   LIBCMTD:xtows.obj
 0001:0003fd30       __GSHandlerCheck_SEH       0000000140040d30 f   LIBCMTD:gshandlerseh.obj
 0001:0003fdf0       __free_lconv_mon           0000000140040df0 f   LIBCMTD:initmon.obj
 0001:00040000       __init_monetary            0000000140041000 f   LIBCMTD:initmon.obj
 0001:000408d0       __free_lconv_num           00000001400418d0 f   LIBCMTD:initnum.obj
 0001:000409b0       __init_numeric             00000001400419b0 f   LIBCMTD:initnum.obj
 0001:00040f20       __free_lc_time             0000000140041f20 f   LIBCMTD:inittime.obj
 0001:00041980       __init_time                0000000140042980 f   LIBCMTD:inittime.obj
 0001:000430f0       localeconv                 00000001400440f0 f   LIBCMTD:lconv.obj
 0001:000435d0       __crtLCMapStringA          00000001400445d0 f   LIBCMTD:a_map.obj
 0001:00043800       __crtGetStringTypeA        0000000140044800 f   LIBCMTD:a_str.obj
 0001:00043920       ?_ExecutionInCatch@@YAHPEAU_xDISPATCHER_CONTEXT@@PEBU_s_FuncInfo@@@Z 0000000140044920 f   LIBCMTD:trnsctrl.obj
 0001:00043970       ?_GetEstablisherFrame@@YAPEA_KPEA_KPEAU_xDISPATCHER_CONTEXT@@PEBU_s_FuncInfo@@0@Z 0000000140044970 f   LIBCMTD:trnsctrl.obj
 0001:00043ae0       ?_GetRangeOfTrysToCheck@@YAPEBU_s_TryBlockMapEntry@@PEA_KPEBU_s_FuncInfo@@HHPEAI2PEAU_xDISPATCHER_CONTEXT@@@Z 0000000140044ae0 f   LIBCMTD:trnsctrl.obj
 0001:00043d00       ?__FrameUnwindToEmptyState@@YAXPEA_KPEAU_xDISPATCHER_CONTEXT@@PEBU_s_FuncInfo@@@Z 0000000140044d00 f   LIBCMTD:trnsctrl.obj
 0001:00043da0       ?__SehTransFilter@@YAHPEAU_EXCEPTION_POINTERS@@PEAUEHExceptionRecord@@PEA_KPEAU_CONTEXT@@PEAU_xDISPATCHER_CONTEXT@@PEBU_s_FuncInfo@@PEAH@Z 0000000140044da0 f   LIBCMTD:trnsctrl.obj
 0001:00043e60       _CallSETranslator          0000000140044e60 f   LIBCMTD:trnsctrl.obj
 0001:00043ee0       _CreateFrameInfo           0000000140044ee0 f   LIBCMTD:trnsctrl.obj
 0001:00043f60       _FindAndUnlinkFrame        0000000140044f60 f   LIBCMTD:trnsctrl.obj
 0001:00043ff0       _GetImageBase              0000000140044ff0 f   LIBCMTD:trnsctrl.obj
 0001:00044010       _GetThrowImageBase         0000000140045010 f   LIBCMTD:trnsctrl.obj
 0001:00044030       _IsExceptionObjectToBeDestroyed 0000000140045030 f   LIBCMTD:trnsctrl.obj
 0001:00044090       _MoveContext               0000000140045090 f   LIBCMTD:trnsctrl.obj
 0001:000440c0       _SetImageBase              00000001400450c0 f   LIBCMTD:trnsctrl.obj
 0001:000440e0       _SetThrowImageBase         00000001400450e0 f   LIBCMTD:trnsctrl.obj
 0001:00044100       _UnwindNestedFrames        0000000140045100 f   LIBCMTD:trnsctrl.obj
 0001:00044270       __CxxFrameHandler          0000000140045270 f   LIBCMTD:trnsctrl.obj
 0001:00044330       __CxxFrameHandler2         0000000140045330 f   LIBCMTD:trnsctrl.obj
 0001:00044370       __CxxFrameHandler3         0000000140045370 f   LIBCMTD:trnsctrl.obj
 0001:00044430       _iswctype_l                0000000140045430 f   LIBCMTD:iswctype.obj
 0001:00044460       is_wctype                  0000000140045460 f   LIBCMTD:iswctype.obj
 0001:00044490       iswctype                   0000000140045490 f   LIBCMTD:iswctype.obj
 0001:00044510       ___lc_codepage_func        0000000140045510 f   LIBCMTD:initctyp.obj
 0001:00044570       ___lc_collate_cp_func      0000000140045570 f   LIBCMTD:initctyp.obj
 0001:000445d0       ___lc_locale_name_func     00000001400455d0 f   LIBCMTD:initctyp.obj
 0001:00044630       ___mb_cur_max_func         0000000140045630 f   LIBCMTD:initctyp.obj
 0001:00044690       ___mb_cur_max_l_func       0000000140045690 f   LIBCMTD:initctyp.obj
 0001:000446d0       __init_ctype               00000001400456d0 f   LIBCMTD:initctyp.obj
 0001:00044fb0       __pctype_func              0000000140045fb0 f   LIBCMTD:ctype.obj
 0001:00045010       __pwctype_func             0000000140046010 f   LIBCMTD:ctype.obj
 0001:00045020       _fptrap                    0000000140046020 f   LIBCMTD:crt0fp.obj
 0001:00045040       __init_dummy               0000000140046040 f   LIBCMTD:wsetloca.obj
 0001:00045050       _locterm                   0000000140046050 f   LIBCMTD:wsetloca.obj
 0001:000450a0       ___setlc_active_func       00000001400460a0 f   LIBCMTD:wsetloca.obj
 0001:000450b0       ___unguarded_readlc_active_add_func 00000001400460b0 f   LIBCMTD:wsetloca.obj
 0001:000450c0       __copy_locale_name         00000001400460c0 f   LIBCMTD:wsetloca.obj
 0001:00045190       __create_locale            0000000140046190 f   LIBCMTD:wsetloca.obj
 0001:000451b0       __free_locale              00000001400461b0 f   LIBCMTD:wsetloca.obj
 0001:000451d0       __get_current_locale       00000001400461d0 f   LIBCMTD:wsetloca.obj
 0001:000451e0       __lc_lctowcs               00000001400461e0 f   LIBCMTD:wsetloca.obj
 0001:000452d0       __lc_wcstolc               00000001400462d0 f   LIBCMTD:wsetloca.obj
 0001:00045590       _configthreadlocale        0000000140046590 f   LIBCMTD:wsetloca.obj
 0001:00045750       _create_locale             0000000140046750 f   LIBCMTD:wsetloca.obj
 0001:000457f0       _expandlocale              00000001400467f0 f   LIBCMTD:wsetloca.obj
 0001:00045d60       _free_locale               0000000140046d60 f   LIBCMTD:wsetloca.obj
 0001:00045e50       _get_current_locale        0000000140046e50 f   LIBCMTD:wsetloca.obj
 0001:00045f30       _wcreate_locale            0000000140046f30 f   LIBCMTD:wsetloca.obj
 0001:00046160       _wcscats                   0000000140047160 f   LIBCMTD:wsetloca.obj
 0001:00046210       _wsetlocale                0000000140047210 f   LIBCMTD:wsetloca.obj
 0001:00047520       _fclose_nolock             0000000140048520 f   LIBCMTD:fclose.obj
 0001:00047670       fclose                     0000000140048670 f   LIBCMTD:fclose.obj
 0001:00047890       _wopen                     0000000140048890 f   LIBCMTD:wopen.obj
 0001:00047a60       _wsopen                    0000000140048a60 f   LIBCMTD:wopen.obj
 0001:00047b10       _wsopen_helper             0000000140048b10 f   LIBCMTD:wopen.obj
 0001:00047e40       _wsopen_nolock             0000000140048e40 f   LIBCMTD:wopen.obj
 0001:00049300       _wsopen_s                  000000014004a300 f   LIBCMTD:wopen.obj
 0001:00049360       strncmp                    000000014004a360 f   LIBCMTD:strncmp.obj
 0001:000493e0       __ascii_strnicmp           000000014004a3e0 f   LIBCMTD:strnicmp.obj
 0001:000494c0       _strnicmp                  000000014004a4c0 f   LIBCMTD:strnicmp.obj
 0001:00049710       _strnicmp_l                000000014004a710 f   LIBCMTD:strnicmp.obj
 0001:00049ac0       __termconout               000000014004aac0 f   LIBCMTD:initcon.obj
 0001:00049af0       __initconout               000000014004aaf0 f   LIBCMTD:initcon.obj
 0001:00049b40       malloc                     000000014004ab40 f   LIBCMTD:dbgmalloc.obj
 0001:00049b80       _atoi64                    000000014004ab80 f   LIBCMTD:atox.obj
 0001:00049ba0       _atoi64_l                  000000014004aba0 f   LIBCMTD:atox.obj
 0001:00049bd0       _atoi_l                    000000014004abd0 f   LIBCMTD:atox.obj
 0001:00049c00       _atol_l                    000000014004ac00 f   LIBCMTD:atox.obj
 0001:00049c30       atoi                       000000014004ac30 f   LIBCMTD:atox.obj
 0001:00049c50       atol                       000000014004ac50 f   LIBCMTD:atox.obj
 0001:00049c70       _validate_param_reuseW     000000014004ac70 f   LIBCMTD:woutputp.obj
 0001:00049fe0       _woutput_p_l               000000014004afe0 f   LIBCMTD:woutputp.obj
 0001:0004e1a0       _woutput_s_l               000000014004f1a0 f   LIBCMTD:woutputs.obj
 0001:0004fab0       _fputwc_nolock             0000000140050ab0 f   LIBCMTD:fputwc.obj
 0001:0004ff10       fputwc                     0000000140050f10 f   LIBCMTD:fputwc.obj
 0001:00050010       putwc                      0000000140051010 f   LIBCMTD:fputwc.obj
 0001:00050040       __DestructExceptionObject  0000000140051040 f   LIBCMTD:frame.obj
 0001:00050130       ??0bad_exception@std@@QEAA@AEBV01@@Z 0000000140051130 f i LIBCMTD:frame.obj
 0001:00050170       ??0bad_exception@std@@QEAA@PEBD@Z 0000000140051170 f i LIBCMTD:frame.obj
 0001:000501b0       ??1bad_exception@std@@UEAA@XZ 00000001400511b0 f i LIBCMTD:frame.obj
 0001:000501e0       ??_Gbad_exception@std@@UEAAPEAXI@Z 00000001400511e0 f i LIBCMTD:frame.obj
 0001:000501e0       ??_Ebad_exception@std@@UEAAPEAXI@Z 00000001400511e0 f i LIBCMTD:frame.obj
 0001:000511b0       ?__uncaught_exception@@YA_NXZ 00000001400521b0 f   LIBCMTD:frame.obj
 0001:000511e0       ?_is_exception_typeof@@YAHAEBVtype_info@@PEAU_EXCEPTION_POINTERS@@@Z 00000001400521e0 f   LIBCMTD:frame.obj
 0001:00051330       __AdjustPointer            0000000140052330 f   LIBCMTD:frame.obj
 0001:000513b0       __BuildCatchObject         00000001400523b0 f   LIBCMTD:frame.obj
 0001:000514f0       __BuildCatchObjectHelper   00000001400524f0 f   LIBCMTD:frame.obj
[...]
 0003:00001524       __lconv_static_W_decimal   000000014008b524     LIBCMTD:lconv.obj
 0003:00001528       __lconv                    000000014008b528     LIBCMTD:lconv.obj
 0003:00001530       __lconv_c                  000000014008b530     LIBCMTD:lconv.obj
 0003:000015c8       _pctype                    000000014008b5c8     LIBCMTD:ctype.obj
 0003:000015d0       _pwctype                   000000014008b5d0     LIBCMTD:ctype.obj
 0003:000015e0       _confh                     000000014008b5e0     LIBCMTD:initcon.obj
 0003:000015e8       ??_R0?AVbad_exception@std@@@8 000000014008b5e8     LIBCMTD:frame.obj
 0003:00001610       ??_R0?AVexception@std@@@8  000000014008b610     LIBCMTD:frame.obj
 0003:00001640       ??_R0?AVbad_cast@std@@@8   000000014008b640     LIBCMTD:stdexcpt.obj
 0003:00001668       ??_R0?AVbad_typeid@std@@@8 000000014008b668     LIBCMTD:stdexcpt.obj
 0003:00001690       ??_R0?AV__non_rtti_object@std@@@8 000000014008b690     LIBCMTD:stdexcpt.obj
 0003:00001c40       __@@_PchSym_@00@UfhvihUibzmUwvhpglkUtvmvhrhUozfmxsvihUdrmwldhUcGEUwvyftUzoosvzwOlyq@C4E5431EF4A37719 000000014008bc40     allhead.obj
 0003:00003a70       ?hInst@@3PEAUHINSTANCE__@@EA 000000014008da70     Launcher.obj
 0003:00003a78       ?hWnd@@3PEAUHWND__@@EA     000000014008da78     Launcher.obj
 0003:00003a80       ?szTitle@@3PADA            000000014008da80     Launcher.obj
 0003:00003ae4       ?engineState@@3W4engine_state_e@@A 000000014008dae4     Launcher.obj
 0003:00003ae8       ?engineMutex@@3PEAXEA      000000014008dae8     Launcher.obj
 0003:00003af0       ?szWindowClass@@3PADA      000000014008daf0     Launcher.obj
 0003:00004a58       _aenvptr                   000000014008ea58     LIBCMTD:wincrt0.obj
 0003:00004a60       _wenvptr                   000000014008ea60     LIBCMTD:wincrt0.obj
 0003:00004a68       __pInvalidArgHandler       000000014008ea68     LIBCMTD:invarg.obj
 0003:00004a70       __crtDebugCheckCount       000000014008ea70     LIBCMTD:dbgheap.obj
 0003:00004a78       ?_pfnDumpClient@@3P6AXPEAX_K@ZEA 000000014008ea78     LIBCMTD:dbgheap.obj
 0003:00004ab0       __favor                    000000014008eab0     LIBCMTD:cpu_disp.obj
 0003:00004ab4       _cflush                    000000014008eab4     LIBCMTD:_file.obj
 0003:00004ab8       __ioInitOnce               000000014008eab8     LIBCMTD:ioinit.obj
 0003:00004ac0       __app_type                 000000014008eac0     LIBCMTD:crt0msg.obj
 0003:000050f8       __pPurecall                000000014008f0f8     LIBCMTD:inithelp.obj
 0003:00005100       _stdbuf                    000000014008f100     LIBCMTD:_sftbuf.obj
 0003:00005120       _umaskval                  000000014008f120     LIBCMTD:crt0dat.obj
 0003:00005124       _exitflag                  000000014008f124     LIBCMTD:crt0dat.obj
 0003:00005128       _C_Termination_Done        000000014008f128     LIBCMTD:crt0dat.obj
 0003:0000512c       _C_Exit_Done               000000014008f12c     LIBCMTD:crt0dat.obj
 0003:00005130       __winitenv                 000000014008f130     LIBCMTD:crt0dat.obj
 0003:00005138       __initenv                  000000014008f138     LIBCMTD:crt0dat.obj
 0003:00005144       __argc                     000000014008f144     LIBCMTD:crt0dat.obj
 0003:00005148       __argv                     000000014008f148     LIBCMTD:crt0dat.obj
 0003:00005150       __wargv                    000000014008f150     LIBCMTD:crt0dat.obj
 0003:00005158       _environ                   000000014008f158     LIBCMTD:crt0dat.obj
 0003:00005160       _wenviron                  000000014008f160     LIBCMTD:crt0dat.obj
 0003:00005168       _pgmptr                    000000014008f168     LIBCMTD:crt0dat.obj
 0003:00005170       _wpgmptr                   000000014008f170     LIBCMTD:crt0dat.obj
 0003:00005178       _crtheap                   000000014008f178     LIBCMTD:heapinit.obj
 0003:00005288       __error_mode               000000014008f288     LIBCMTD:errmode.obj
 0003:00005ab8       __mblocalename             000000014008fab8     LIBCMTD:mbctype.obj
 0003:00005ac0       __mbcodepage               000000014008fac0     LIBCMTD:mbctype.obj
 0003:00005ac4       __ismbcodepage             000000014008fac4     LIBCMTD:mbctype.obj
 0003:00005ac8       __mbulinfo                 000000014008fac8     LIBCMTD:mbctype.obj
 0003:00005ad8       ?_pnhHeap@@3P6AH_K@ZEA     000000014008fad8     LIBCMTD:handler.obj
 0003:00005ae0       _newmode                   000000014008fae0     LIBCMTD:_newmode.obj
 0003:00005ae4       _commode                   000000014008fae4     LIBCMTD:ncommode.obj
 0003:00005ae8       ?pArgList@UnDecorator@@0PEAVReplicator@@EA 000000014008fae8     LIBCMTD:undname.obj
 0003:00005af0       ?pZNameList@UnDecorator@@0PEAVReplicator@@EA 000000014008faf0     LIBCMTD:undname.obj
 0003:00005af8       ?pTemplateArgList@UnDecorator@@0PEAVReplicator@@EA 000000014008faf8     LIBCMTD:undname.obj
 0003:00005b00       ?gName@UnDecorator@@0PEBDEB 000000014008fb00     LIBCMTD:undname.obj
 0003:00005b08       ?name@UnDecorator@@0PEBDEB 000000014008fb08     LIBCMTD:undname.obj
 0003:00005b10       ?outputString@UnDecorator@@0PEADEA 000000014008fb10     LIBCMTD:undname.obj
 0003:00005b18       ?maxStringLength@UnDecorator@@0HA 000000014008fb18     LIBCMTD:undname.obj
 0003:00005b1c       ?disableFlags@UnDecorator@@0KA 000000014008fb1c     LIBCMTD:undname.obj
 0003:00005b20       ?fExplicitTemplateParams@UnDecorator@@0_NA 000000014008fb20     LIBCMTD:undname.obj
 0003:00005b21       ?fGetTemplateArgumentList@UnDecorator@@0_NA 000000014008fb21     LIBCMTD:undname.obj
 0003:00005b28       ?m_pGetParameter@UnDecorator@@0P6APEADJ@ZEA 000000014008fb28     LIBCMTD:undname.obj
 0003:00005bb0       ?nodes@?1??make@DNameStatusNode@@SAPEAV2@W4DNameStatus@@@Z@4PAV2@A 000000014008fbb0     LIBCMTD:undname.obj
 0003:00005bf0       ??_B?1??make@DNameStatusNode@@SAPEAV1@W4DNameStatus@@@Z@51 000000014008fbf0     LIBCMTD:undname.obj
 0003:00005bf8       ?__pInconsistency@@3P6AXXZEA 000000014008fbf8     LIBCMTD:hooks.obj
 0003:00005c08       __lconv_static_null        000000014008fc08     LIBCMTD:lconv.obj
 0003:00005c0c       __lconv_static_W_null      000000014008fc0c     LIBCMTD:lconv.obj
 0003:00005c10       __locale_changed           000000014008fc10     LIBCMTD:wsetloca.obj
 0003:00005c14       _fmode                     000000014008fc14     LIBCMTD:txtmode.obj
 0003:00005c18       __unguarded_readlc_active  000000014008fc18     <common>
 0003:00005c28       __setlc_active             000000014008fc28     <common>
 0003:00005c30       _pReportHookListW          000000014008fc30     <common>
 0003:00005c48       _pReportHookList           000000014008fc48     <common>
 0003:00005c50       _pfnReportHook             000000014008fc50     <common>
 0003:00005c58       _debugger_hook_dummy       000000014008fc58     <common>
 0003:00005c68       __dyn_tls_init_callback    000000014008fc68     <common>
 0003:00005c80       __onexitend                000000014008fc80     <common>
 0003:00005c88       __onexitbegin              000000014008fc88     <common>
 0003:00005c90       _FPinit                    000000014008fc90     <common>
 0003:00005c98       __mbctype_initialized      000000014008fc98     <common>
 0003:00005c9c       __env_initialized          000000014008fc9c     <common>
 0003:00005ca0       _nhandle                   000000014008fca0     <common>
 0003:00005d20       __pioinfo                  000000014008fd20     <common>
 0003:00005f20       _bufin                     000000014008ff20     <common>
 0003:00007260       __piob                     0000000140091260     <common>
 0003:00007268       _nstream                   0000000140091268     <common>
 0003:00007270       _acmdln                    0000000140091270     <common>
 0005:00000000       __IMPORT_DESCRIPTOR_utilities 0000000140096000     utilities:utilities.dll
 0005:00000014       __IMPORT_DESCRIPTOR_KERNEL32 0000000140096014     kernel32:KERNEL32.dll
 0005:00000028       __IMPORT_DESCRIPTOR_USER32 0000000140096028     user32:USER32.dll
 0005:0000003c       __NULL_IMPORT_DESCRIPTOR   000000014009603c     utilities:utilities.dll
 0005:000005b0       __imp_InitOnceExecuteOnce  00000001400965b0     kernel32:KERNEL32.dll
 0005:000005b8       __imp_RaiseException       00000001400965b8     kernel32:KERNEL32.dll
 0005:000005c0       __imp_RtlPcToFileHeader    00000001400965c0     kernel32:KERNEL32.dll
 0005:000005c8       __imp_CreateFileW          00000001400965c8     kernel32:KERNEL32.dll
 0005:000005d0       __imp_GetStringTypeW       00000001400965d0     kernel32:KERNEL32.dll
 0005:000005d8       __imp_FreeLibrary          00000001400965d8     kernel32:KERNEL32.dll
 0005:000005e0       __imp_LoadLibraryA         00000001400965e0     kernel32:KERNEL32.dll
 0005:000005e8       __imp_CloseHandle          00000001400965e8     kernel32:KERNEL32.dll
 0005:000005f0       __imp_ReleaseMutex         00000001400965f0     kernel32:KERNEL32.dll
 0005:000005f8       __imp_WaitForSingleObject  00000001400965f8     kernel32:KERNEL32.dll
 0005:00000600       __imp_CreateMutexA         0000000140096600     kernel32:KERNEL32.dll
 0005:00000608       __imp_ExitProcess          0000000140096608     kernel32:KERNEL32.dll
 0005:00000610       __imp_CreateThread         0000000140096610     kernel32:KERNEL32.dll
 0005:00000618       __imp_EnumSystemLocalesEx  0000000140096618     kernel32:KERNEL32.dll
 0005:00000620       __imp_IsValidLocaleName    0000000140096620     kernel32:KERNEL32.dll
 0005:00000628       __imp_LCMapStringEx        0000000140096628     kernel32:KERNEL32.dll
 0005:00000630       __imp_GetUserDefaultLocaleName 0000000140096630     kernel32:KERNEL32.dll
 0005:00000638       __imp_GetLocaleInfoEx      0000000140096638     kernel32:KERNEL32.dll
 0005:00000640       __imp_CompareStringEx      0000000140096640     kernel32:KERNEL32.dll
 0005:00000648       __imp_GetDateFormatEx      0000000140096648     kernel32:KERNEL32.dll
 0005:00000650       __imp_GetTimeFormatEx      0000000140096650     kernel32:KERNEL32.dll
 0005:00000658       __imp_FlushFileBuffers     0000000140096658     kernel32:KERNEL32.dll
 0005:00000660       __imp_SetStdHandle         0000000140096660     kernel32:KERNEL32.dll
 0005:00000668       __imp_HeapAlloc            0000000140096668     kernel32:KERNEL32.dll
 0005:00000670       __imp_HeapQueryInformation 0000000140096670     kernel32:KERNEL32.dll
 0005:00000678       __imp_HeapReAlloc          0000000140096678     kernel32:KERNEL32.dll
 0005:00000680       __imp_HeapFree             0000000140096680     kernel32:KERNEL32.dll
 0005:00000688       __imp_GetCPInfo            0000000140096688     kernel32:KERNEL32.dll
 0005:00000690       __imp_GetOEMCP             0000000140096690     kernel32:KERNEL32.dll
 0005:00000698       __imp_GetACP               0000000140096698     kernel32:KERNEL32.dll
 0005:000006a0       __imp_IsValidCodePage      00000001400966a0     kernel32:KERNEL32.dll
 0005:000006a8       __imp_WriteConsoleW        00000001400966a8     kernel32:KERNEL32.dll
 0005:000006b0       __imp_OutputDebugStringA   00000001400966b0     kernel32:KERNEL32.dll
 0005:000006b8       __imp_LoadLibraryW         00000001400966b8     kernel32:KERNEL32.dll
 0005:000006c0       __imp_LoadLibraryExW       00000001400966c0     kernel32:KERNEL32.dll
 0005:000006c8       __imp_ReadFile             00000001400966c8     kernel32:KERNEL32.dll
 0005:000006d0       __imp_EncodePointer        00000001400966d0     kernel32:KERNEL32.dll
 0005:000006d8       __imp_DecodePointer        00000001400966d8     kernel32:KERNEL32.dll
 0005:000006e0       __imp_GetCommandLineA      00000001400966e0     kernel32:KERNEL32.dll
 0005:000006e8       __imp_IsDebuggerPresent    00000001400966e8     kernel32:KERNEL32.dll
 0005:000006f0       __imp_IsProcessorFeaturePresent 00000001400966f0     kernel32:KERNEL32.dll
 0005:000006f8       __imp_GetModuleFileNameW   00000001400966f8     kernel32:KERNEL32.dll
 0005:00000700       __imp_GetModuleHandleExW   0000000140096700     kernel32:KERNEL32.dll
 0005:00000708       __imp_HeapSize             0000000140096708     kernel32:KERNEL32.dll
 0005:00000710       __imp_HeapValidate         0000000140096710     kernel32:KERNEL32.dll
 0005:00000718       __imp_GetSystemInfo        0000000140096718     kernel32:KERNEL32.dll
 0005:00000720       __imp_EnterCriticalSection 0000000140096720     kernel32:KERNEL32.dll
 0005:00000728       __imp_LeaveCriticalSection 0000000140096728     kernel32:KERNEL32.dll
 0005:00000730       __imp_InitializeCriticalSectionAndSpinCount 0000000140096730     kernel32:KERNEL32.dll
 0005:00000738       __imp_RtlUnwindEx          0000000140096738     kernel32:KERNEL32.dll
 0005:00000740       __imp_GetLastError         0000000140096740     kernel32:KERNEL32.dll
 0005:00000748       __imp_MultiByteToWideChar  0000000140096748     kernel32:KERNEL32.dll
 0005:00000750       __imp_GetConsoleMode       0000000140096750     kernel32:KERNEL32.dll
 0005:00000758       __imp_ReadConsoleW         0000000140096758     kernel32:KERNEL32.dll
 0005:00000760       __imp_SetFilePointer       0000000140096760     kernel32:KERNEL32.dll
 0005:00000768       __imp_SetFilePointerEx     0000000140096768     kernel32:KERNEL32.dll
 0005:00000770       __imp_GetStdHandle         0000000140096770     kernel32:KERNEL32.dll
 0005:00000778       __imp_GetFileType          0000000140096778     kernel32:KERNEL32.dll
 0005:00000780       __imp_DeleteCriticalSection 0000000140096780     kernel32:KERNEL32.dll
 0005:00000788       __imp_SetEndOfFile         0000000140096788     kernel32:KERNEL32.dll
 0005:00000790       __imp_GetStartupInfoW      0000000140096790     kernel32:KERNEL32.dll
 0005:00000798       __imp_WriteFile            0000000140096798     kernel32:KERNEL32.dll
 0005:000007a0       __imp_WideCharToMultiByte  00000001400967a0     kernel32:KERNEL32.dll
 0005:000007a8       __imp_GetConsoleCP         00000001400967a8     kernel32:KERNEL32.dll
 0005:000007b0       __imp_SetLastError         00000001400967b0     kernel32:KERNEL32.dll
 0005:000007b8       __imp_GetCurrentThread     00000001400967b8     kernel32:KERNEL32.dll
 0005:000007c0       __imp_GetCurrentThreadId   00000001400967c0     kernel32:KERNEL32.dll
 0005:000007c8       __imp_GetProcAddress       00000001400967c8     kernel32:KERNEL32.dll
 0005:000007d0       __imp_AreFileApisANSI      00000001400967d0     kernel32:KERNEL32.dll
 0005:000007d8       __imp_GetProcessHeap       00000001400967d8     kernel32:KERNEL32.dll
 0005:000007e0       __imp_GetModuleFileNameA   00000001400967e0     kernel32:KERNEL32.dll
 0005:000007e8       __imp_QueryPerformanceCounter 00000001400967e8     kernel32:KERNEL32.dll
 0005:000007f0       __imp_GetSystemTimeAsFileTime 00000001400967f0     kernel32:KERNEL32.dll
 0005:000007f8       __imp_GetTickCount64       00000001400967f8     kernel32:KERNEL32.dll
 0005:00000800       __imp_GetEnvironmentStringsW 0000000140096800     kernel32:KERNEL32.dll
 0005:00000808       __imp_FreeEnvironmentStringsW 0000000140096808     kernel32:KERNEL32.dll
 0005:00000810       __imp_RtlCaptureContext    0000000140096810     kernel32:KERNEL32.dll
 0005:00000818       __imp_RtlLookupFunctionEntry 0000000140096818     kernel32:KERNEL32.dll
 0005:00000820       __imp_RtlVirtualUnwind     0000000140096820     kernel32:KERNEL32.dll
 0005:00000828       __imp_UnhandledExceptionFilter 0000000140096828     kernel32:KERNEL32.dll
 0005:00000830       __imp_SetUnhandledExceptionFilter 0000000140096830     kernel32:KERNEL32.dll
 0005:00000838       __imp_FlsAlloc             0000000140096838     kernel32:KERNEL32.dll
 0005:00000840       __imp_FlsGetValue          0000000140096840     kernel32:KERNEL32.dll
 0005:00000848       __imp_FlsSetValue          0000000140096848     kernel32:KERNEL32.dll
 0005:00000850       __imp_FlsFree              0000000140096850     kernel32:KERNEL32.dll
 0005:00000858       __imp_GetCurrentProcess    0000000140096858     kernel32:KERNEL32.dll
 0005:00000860       __imp_TerminateProcess     0000000140096860     kernel32:KERNEL32.dll
 0005:00000868       __imp_GetModuleHandleW     0000000140096868     kernel32:KERNEL32.dll
 0005:00000870       __imp_FatalAppExitA        0000000140096870     kernel32:KERNEL32.dll
 0005:00000878       __imp_SetConsoleCtrlHandler 0000000140096878     kernel32:KERNEL32.dll
 0005:00000880       __imp_OutputDebugStringW   0000000140096880     kernel32:KERNEL32.dll
 0005:00000888       __imp_WaitForSingleObjectEx 0000000140096888     kernel32:KERNEL32.dll
 0005:00000890       __imp_GetExitCodeThread    0000000140096890     kernel32:KERNEL32.dll
 0005:00000898       \177KERNEL32_NULL_THUNK_DATA 0000000140096898     kernel32:KERNEL32.dll
 0005:00000978       __imp_LoadIconA            0000000140096978     user32:USER32.dll
 0005:00000980       __imp_LoadCursorA          0000000140096980     user32:USER32.dll
 0005:00000988       __imp_EndPaint             0000000140096988     user32:USER32.dll
 0005:00000990       __imp_BeginPaint           0000000140096990     user32:USER32.dll
 0005:00000998       __imp_UpdateWindow         0000000140096998     user32:USER32.dll
 0005:000009a0       __imp_TranslateAcceleratorA 00000001400969a0     user32:USER32.dll
 0005:000009a8       __imp_LoadAcceleratorsA    00000001400969a8     user32:USER32.dll
 0005:000009b0       __imp_EndDialog            00000001400969b0     user32:USER32.dll
 0005:000009b8       __imp_DialogBoxParamA      00000001400969b8     user32:USER32.dll
 0005:000009c0       __imp_ShowWindow           00000001400969c0     user32:USER32.dll
 0005:000009c8       __imp_DestroyWindow        00000001400969c8     user32:USER32.dll
 0005:000009d0       __imp_CreateWindowExA      00000001400969d0     user32:USER32.dll
 0005:000009d8       __imp_RegisterClassExA     00000001400969d8     user32:USER32.dll
 0005:000009e0       __imp_PostQuitMessage      00000001400969e0     user32:USER32.dll
 0005:000009e8       __imp_DefWindowProcA       00000001400969e8     user32:USER32.dll
 0005:000009f0       __imp_DispatchMessageA     00000001400969f0     user32:USER32.dll
 0005:000009f8       __imp_TranslateMessage     00000001400969f8     user32:USER32.dll
 0005:00000a00       __imp_GetMessageA          0000000140096a00     user32:USER32.dll
 0005:00000a08       __imp_LoadStringA          0000000140096a08     user32:USER32.dll
 0005:00000a10       __imp_GetActiveWindow      0000000140096a10     user32:USER32.dll
 0005:00000a18       __imp_MessageBoxA          0000000140096a18     user32:USER32.dll
 0005:00000a20       \177USER32_NULL_THUNK_DATA 0000000140096a20     user32:USER32.dll
 0005:00000a98       __imp_GetMemoryPool        0000000140096a98     utilities:utilities.dll
 0005:00000aa0       __imp_??0InterfaceElement@@QEAA@P6APEAXXZP6AXPEAX@ZPEBDH_N@Z 0000000140096aa0     utilities:utilities.dll
 0005:00000aa8       __imp_Warning              0000000140096aa8     utilities:utilities.dll
 0005:00000ab0       __imp_Msg                  0000000140096ab0     utilities:utilities.dll
 0005:00000ab8       __imp_GetInterfaceRegistration 0000000140096ab8     utilities:utilities.dll
 0005:00000ac0       __imp_?ReleaseAllInterfacePointers@InterfaceRegistration@@QEAAXXZ 0000000140096ac0     utilities:utilities.dll
 0005:00000ac8       __imp_?ReleaseInterfacePointer@InterfaceRegistration@@QEAAXPEBDPEAX@Z 0000000140096ac8     utilities:utilities.dll
 0005:00000ad0       __imp_?GetInterface@InterfaceRegistration@@QEAAPEAXPEBDH@Z 0000000140096ad0     utilities:utilities.dll
 0005:00000ad8       \177utilities_NULL_THUNK_DATA 0000000140096ad8     utilities:utilities.dll

 entry point at        0001:000063a0

