 genesis

 Timestamp is 52feb4b9 (Fri Feb 14 16:28:41 2014)

 Preferred load address is 0000000140000000

 Start         Length     Name                   Class
 0001:00000000 0006fc47H .text                   CODE
 0001:0006fc50 000023f9H .text$x                 CODE
 0001:00072050 000010d4H .text$yc                CODE
 0002:00000000 00000109H .CRT$XCA                DATA
 0002:00000110 0000012cH .CRT$XCU                DATA
 0002:00000240 00000109H .CRT$XCZ                DATA
 0002:00000350 00000109H .CRT$XIA                DATA
 0002:00000460 00000126H .CRT$XIC                DATA
 0002:00000588 00000109H .CRT$XIY                DATA
 0002:00000698 00000109H .CRT$XIZ                DATA
 0002:000007a8 00000109H .CRT$XPA                DATA
 0002:000008b8 00000113H .CRT$XPX                DATA
 0002:000009d0 00000109H .CRT$XPXA               DATA
 0002:00000ae0 00000109H .CRT$XPZ                DATA
 0002:00000bf0 00000109H .CRT$XTA                DATA
 0002:00000d00 00000109H .CRT$XTZ                DATA
 0002:00000e10 00011077H .rdata                  DATA
 0002:00011e88 00000186H .rdata$debug            DATA
 0002:00012010 00000938H .rdata$r                DATA
 0002:00012948 00000109H .rtc$IAA                DATA
 0002:00012a58 00000109H .rtc$IZZ                DATA
 0002:00012b68 00000109H .rtc$TAA                DATA
 0002:00012c78 00000109H .rtc$TZZ                DATA
 0002:00012d88 00003113H .xdata                  DATA
 0002:00015ea0 0000019eH .xdata$x                DATA
 0002:0001603e 00000000H .edata                  DATA
 0003:00000000 00001c45H .data                   DATA
 0003:00001c60 00005641H .bss                    DATA
 0004:00000000 00002ec8H .pdata                  DATA
 0005:00000000 0000003cH .idata$2                DATA
 0005:0000003c 00000014H .idata$3                DATA
 0005:00000050 00000588H .idata$4                DATA
 0005:000005d8 00000588H .idata$5                DATA
 0005:00000b60 00000b5fH .idata$6                DATA
 0006:00000000 00000400H .rsrc$01                DATA
 0006:00000400 00001f56H .rsrc$02                DATA

  Address         Publics by Value              Rva+Base               Lib:Object

 0000:00000000       ___safe_se_handler_count   0000000000000000     <absolute>
 0000:00000000       ___safe_se_handler_table   0000000000000000     <absolute>
 0000:00000000       __ImageBase                0000000140000000     <linker-defined>
 0001:00000240       ?InitializePlatformCapabilities@CPlatform@@QEAAXXZ 0000000140001240 f   CPlatform.obj
 0001:00000b70       ?GetPlatformCaps@CPlatform@@UEBAPEBUplatform_caps@@XZ 0000000140001b70 f   CPlatform.obj
 0001:00000b90       ?HasPlatformCap@CPlatform@@UEBA_NW4platform_caps_e@@@Z 0000000140001b90 f   CPlatform.obj
 0001:00000bb0       ?LogPlatformCaps@CPlatform@@UEBAXXZ 0000000140001bb0 f   CPlatform.obj
 0001:000013c0       ??$vsnprintf_s@$0EAA@@@YAHAEAY0EAA@D_KPEBDPEAD@Z 00000001400023c0 f i CPlatform.obj
 0001:00001410       ?c99_snprintf@@YAHPEAD_KPEBDZZ 0000000140002410 f i CPlatform.obj
 0001:00001480       ?c99_vsnprintf@@YAHPEAD_KPEBD0@Z 0000000140002480 f i CPlatform.obj
 0001:000015f0       ?Initialize@CPlatform@@UEAAXXZ 00000001400025f0 f   CPlatform_win.obj
 0001:00001610       ?Shutdown@CPlatform@@UEAAXXZ 0000000140002610 f   CPlatform_win.obj
 0001:00001620       ?GetKeyState@CPlatform@@UEBA_ND@Z 0000000140002620 f   CPlatform_win.obj
 0001:00001680       ?GetMouseState@CPlatform@@UEBA_N_N@Z 0000000140002680 f   CPlatform_win.obj
 0001:000016e0       ?GetWindowHandle@CPlatform@@UEBAPEAUHWND__@@PEBD@Z 00000001400026e0 f   CPlatform_win.obj
 0001:00001700       ?SetActiveWindow@CPlatform@@UEBAXPEAUHWND__@@@Z 0000000140002700 f   CPlatform_win.obj
 0001:00001720       ?GetWindowSizePixels@CPlatform@@UEBAXAEAI0@Z 0000000140002720 f   CPlatform_win.obj
 0001:00001740       ?GetWindowSize@CPlatform@@UEBAXAEAI0@Z 0000000140002740 f   CPlatform_win.obj
 0001:00001760       ?ActivateGraphicsContext@CPlatform@@UEBAXXZ 0000000140002760 f   CPlatform_win.obj
 0001:00001770       ?SwapGraphicsContextBuffers@CPlatform@@UEBAXXZ 0000000140002770 f   CPlatform_win.obj
 0001:00001780       ?GetAbsoluteApplicationPath@CPlatform@@UEBAPEBDXZ 0000000140002780 f   CPlatform_win.obj
 0001:000017f0       ?FileOpen@CPlatform@@UEBAPEAU_iobuf@@PEBD0@Z 00000001400027f0 f   CPlatform_win.obj
 0001:00001880       ?FileRead@CPlatform@@UEBA_KPEAX_K1PEAU_iobuf@@@Z 0000000140002880 f   CPlatform_win.obj
 0001:000018c0       ?FileWrite@CPlatform@@UEBA_KPEBX_K1PEAU_iobuf@@@Z 00000001400028c0 f   CPlatform_win.obj
 0001:00001900       ?GetFileSize@CPlatform@@UEBA_KPEAU_iobuf@@@Z 0000000140002900 f   CPlatform_win.obj
 0001:000019f0       ?LoadDLL@CPlatform@@UEAAPEAXPEBD@Z 00000001400029f0 f   CPlatform_win.obj
 0001:00001a40       ?UnloadDLL@CPlatform@@UEAAXPEAX@Z 0000000140002a40 f   CPlatform_win.obj
 0001:00001a70       ?GetDLLExtension@CPlatform@@UEAAPEBDXZ 0000000140002a70 f   CPlatform_win.obj
 0001:00001be0       WinMain                    0000000140002be0 f   Launcher.obj
 0001:00001e30       ?GetPlatform@@YAPEAVIPlatform@@XZ 0000000140002e30 f   Launcher.obj
 0001:00001f10       ?EngineThread@@YAKPEAX@Z   0000000140002f10 f   Launcher.obj
 0001:00002140       ?MyRegisterClass@@YAGPEAUHINSTANCE__@@@Z 0000000140003140 f   Launcher.obj
 0001:00002200       ?InitInstance@@YAHPEAUHINSTANCE__@@H@Z 0000000140003200 f   Launcher.obj
 0001:000022c0       ?WndProc@@YA_JPEAUHWND__@@I_K_J@Z 00000001400032c0 f   Launcher.obj
 0001:00002460       ?About@@YA_JPEAUHWND__@@I_K_J@Z 0000000140003460 f   Launcher.obj
 0001:00002500       ?_interfaceg_platformfunc@@YAPEAXXZ 0000000140003500 f   Launcher.obj
 0001:00002760       ??0CPlatform@@QEAA@XZ      0000000140003760 f i Launcher.obj
 0001:000027a0       ??0IPlatform@@QEAA@XZ      00000001400037a0 f i Launcher.obj
 0001:000027c0       Msg                        00000001400037c0 f   utilities:utilities.dll
 0001:000027c6       Warning                    00000001400037c6 f   utilities:utilities.dll
 0001:000027cc       ??0InterfaceElement@@QEAA@P6APEAXXZP6AXPEAX@ZPEBDH_N@Z 00000001400037cc f   utilities:utilities.dll
 0001:000027d2       ?GetInterface@InterfaceRegistration@@QEAAPEAXPEBDH@Z 00000001400037d2 f   utilities:utilities.dll
 0001:000027d8       ?ReleaseInterfacePointer@InterfaceRegistration@@QEAAXPEBDPEAX@Z 00000001400037d8 f   utilities:utilities.dll
 0001:000027de       ?ReleaseAllInterfacePointers@InterfaceRegistration@@QEAAXXZ 00000001400037de f   utilities:utilities.dll
 0001:000027e4       GetInterfaceRegistration   00000001400037e4 f   utilities:utilities.dll
 0001:000027ea       GetMemoryPool              00000001400037ea f   utilities:utilities.dll
 0001:000027f0       FreeLibrary                00000001400037f0 f   kernel32:KERNEL32.dll
 0001:000027f6       LoadLibraryA               00000001400037f6 f   kernel32:KERNEL32.dll
 0001:000027fc       CloseHandle                00000001400037fc f   kernel32:KERNEL32.dll
 0001:00002802       ReleaseMutex               0000000140003802 f   kernel32:KERNEL32.dll
 0001:00002808       WaitForSingleObject        0000000140003808 f   kernel32:KERNEL32.dll
 0001:0000280e       CreateMutexA               000000014000380e f   kernel32:KERNEL32.dll
 0001:00002814       ExitProcess                0000000140003814 f   kernel32:KERNEL32.dll
 0001:0000281a       CreateThread               000000014000381a f   kernel32:KERNEL32.dll
 0001:00002820       GetExitCodeThread          0000000140003820 f   kernel32:KERNEL32.dll
 0001:00002826       MessageBoxA                0000000140003826 f   user32:USER32.dll
 0001:0000282c       GetActiveWindow            000000014000382c f   user32:USER32.dll
 0001:00002832       LoadStringA                0000000140003832 f   user32:USER32.dll
 0001:00002838       GetMessageA                0000000140003838 f   user32:USER32.dll
 0001:0000283e       TranslateMessage           000000014000383e f   user32:USER32.dll
 0001:00002844       DispatchMessageA           0000000140003844 f   user32:USER32.dll
 0001:0000284a       DefWindowProcA             000000014000384a f   user32:USER32.dll
 0001:00002850       RegisterClassExA           0000000140003850 f   user32:USER32.dll
 0001:00002856       CreateWindowExA            0000000140003856 f   user32:USER32.dll
 0001:0000285c       DestroyWindow              000000014000385c f   user32:USER32.dll
 0001:00002862       ShowWindow                 0000000140003862 f   user32:USER32.dll
 0001:00002868       DialogBoxParamA            0000000140003868 f   user32:USER32.dll
 0001:0000286e       EndDialog                  000000014000386e f   user32:USER32.dll
 0001:00002874       LoadAcceleratorsA          0000000140003874 f   user32:USER32.dll
 0001:0000287a       TranslateAcceleratorA      000000014000387a f   user32:USER32.dll
 0001:00002880       UpdateWindow               0000000140003880 f   user32:USER32.dll
 0001:00002886       BeginPaint                 0000000140003886 f   user32:USER32.dll
 0001:0000288c       EndPaint                   000000014000388c f   user32:USER32.dll
 0001:00002892       LoadCursorA                0000000140003892 f   user32:USER32.dll
 0001:00002898       LoadIconA                  0000000140003898 f   user32:USER32.dll
 0001:000028a0       _vsnprintf_c               00000001400038a0 f   LIBCMTD:vsnprnc.obj
 0001:00002910       _vsnprintf_c_l             0000000140003910 f   LIBCMTD:vsnprnc.obj
 0001:00002980       _vsnprintf_helper          0000000140003980 f   LIBCMTD:vsnprnc.obj
 0001:00002c60       vsnprintf_s                0000000140003c60 f   LIBCMTD:vsnprnc.obj
 0001:00002c60       _vsnprintf_s               0000000140003c60 f   LIBCMTD:vsnprnc.obj
 0001:00002cb0       _vsnprintf_s_l             0000000140003cb0 f   LIBCMTD:vsnprnc.obj
 0001:00003250       _vsprintf_p                0000000140004250 f   LIBCMTD:vsnprnc.obj
 0001:000032c0       _vsprintf_p_l              00000001400042c0 f   LIBCMTD:vsnprnc.obj
 0001:00003330       _vsprintf_s_l              0000000140004330 f   LIBCMTD:vsnprnc.obj
 0001:000036c0       vsprintf_s                 00000001400046c0 f   LIBCMTD:vsnprnc.obj
 0001:00003700       _vscprintf                 0000000140004700 f   LIBCMTD:vsprintf.obj
 0001:00003730       _vscprintf_helper          0000000140004730 f   LIBCMTD:vsprintf.obj
 0001:00003880       _vscprintf_l               0000000140004880 f   LIBCMTD:vsprintf.obj
 0001:000038c0       _vscprintf_p               00000001400048c0 f   LIBCMTD:vsprintf.obj
 0001:000038f0       _vscprintf_p_l             00000001400048f0 f   LIBCMTD:vsprintf.obj
 0001:00003930       _vsprintf_l                0000000140004930 f   LIBCMTD:vsprintf.obj
 0001:00003ba0       vsprintf                   0000000140004ba0 f   LIBCMTD:vsprintf.obj
 0001:00003be0       memset                     0000000140004be0 f   LIBCMTD:memset.obj
 0001:00003cf0       fgetpos                    0000000140004cf0 f   LIBCMTD:fgetpos.obj
 0001:00003e80       _fsopen                    0000000140004e80 f   LIBCMTD:fopen.obj
 0001:00004140       fopen                      0000000140005140 f   LIBCMTD:fopen.obj
 0001:00004170       fopen_s                    0000000140005170 f   LIBCMTD:fopen.obj
 0001:00004260       _fread_nolock              0000000140005260 f   LIBCMTD:fread.obj
 0001:000042b0       _fread_nolock_s            00000001400052b0 f   LIBCMTD:fread.obj
 0001:00004c00       fread                      0000000140005c00 f   LIBCMTD:fread.obj
 0001:00004c50       fread_s                    0000000140005c50 f   LIBCMTD:fread.obj
 0001:00004da0       fsetpos                    0000000140005da0 f   LIBCMTD:fsetpos.obj
 0001:00004f20       _fseek_nolock              0000000140005f20 f   LIBCMTD:fseek.obj
 0001:00005040       fseek                      0000000140006040 f   LIBCMTD:fseek.obj
 0001:000051f0       _ftell_nolock              00000001400061f0 f   LIBCMTD:ftell.obj
 0001:000058b0       ftell                      00000001400068b0 f   LIBCMTD:ftell.obj
 0001:00005990       _fwrite_nolock             0000000140006990 f   LIBCMTD:fwrite.obj
 0001:00005fe0       fwrite                     0000000140006fe0 f   LIBCMTD:fwrite.obj
 0001:000060f0       _get_purecall_handler      00000001400070f0 f   LIBCMTD:purevirt.obj
 0001:00006110       _purecall                  0000000140007110 f   LIBCMTD:purevirt.obj
 0001:00006160       _set_purecall_handler      0000000140007160 f   LIBCMTD:purevirt.obj
 0001:000061a0       ??0type_info@@AEAA@AEBV0@@Z 00000001400071a0 f   LIBCMTD:typinfo.obj
 0001:000061c0       ??1type_info@@UEAA@XZ      00000001400071c0 f   LIBCMTD:typinfo.obj
 0001:000061f0       ??4type_info@@AEAAAEAV0@AEBV0@@Z 00000001400071f0 f   LIBCMTD:typinfo.obj
 0001:00006200       ??8type_info@@QEBA_NAEBV0@@Z 0000000140007200 f   LIBCMTD:typinfo.obj
 0001:00006250       ??9type_info@@QEBA_NAEBV0@@Z 0000000140007250 f   LIBCMTD:typinfo.obj
 0001:000062a0       ??_Etype_info@@UEAAPEAXI@Z 00000001400072a0 f i LIBCMTD:typinfo.obj
 0001:000062a0       ??_Gtype_info@@UEAAPEAXI@Z 00000001400072a0 f i LIBCMTD:typinfo.obj
 0001:000062e0       ?_name_internal_method@type_info@@QEBAPEBDPEAU__type_info_node@@@Z 00000001400072e0 f   LIBCMTD:typinfo.obj
 0001:00006310       ?_type_info_dtor_internal_method@type_info@@QEAAXXZ 0000000140007310 f   LIBCMTD:typinfo.obj
 0001:00006330       ?before@type_info@@QEBA_NAEBV1@@Z 0000000140007330 f   LIBCMTD:typinfo.obj
 0001:00006380       ?name@type_info@@QEBAPEBDPEAU__type_info_node@@@Z 0000000140007380 f   LIBCMTD:typinfo.obj
 0001:000063b0       ?raw_name@type_info@@QEBAPEBDXZ 00000001400073b0 f   LIBCMTD:typinfo.obj
 0001:000063c0       WinMainCRTStartup          00000001400073c0 f   LIBCMTD:wincrt0.obj
 0001:000065f0       ?_invalid_parameter@@YAXPEBG00I_K@Z 00000001400075f0 f   LIBCMTD:invarg.obj
 0001:00006630       ?_invoke_watson@@YAXPEBG00I_K@Z 0000000140007630 f   LIBCMTD:invarg.obj
 0001:00006670       _call_reportfault          0000000140007670 f   LIBCMTD:invarg.obj
 0001:000067a0       _get_invalid_parameter_handler 00000001400077a0 f   LIBCMTD:invarg.obj
 0001:000067e0       _initp_misc_invarg         00000001400077e0 f   LIBCMTD:invarg.obj
 0001:00006800       _invalid_parameter         0000000140007800 f   LIBCMTD:invarg.obj
 0001:00006890       _invoke_watson             0000000140007890 f   LIBCMTD:invarg.obj
 0001:000068f0       _set_invalid_parameter_handler 00000001400078f0 f   LIBCMTD:invarg.obj
 0001:00006950       _flsbuf                    0000000140007950 f   LIBCMTD:_flsbuf.obj
 0001:00006d00       ?_CrtDbgReportW@@YAHHPEBGH00ZZ 0000000140007d00 f   LIBCMTD:dbgrptw.obj
 0001:00006d80       _CrtDbgReportW             0000000140007d80 f   LIBCMTD:dbgrptw.obj
 0001:00006e00       _CrtDbgReportWV            0000000140007e00 f i LIBCMTD:dbgrptw.obj
 0001:00006e60       _CrtSetReportHookW2        0000000140007e60 f   LIBCMTD:dbgrptw.obj
 0001:00007270       __crtMessageWindowW        0000000140008270 f   LIBCMTD:dbgrptw.obj
 0001:000078f0       _invoke_watson_if_error    00000001400088f0 f i LIBCMTD:dbgrptw.obj
 0001:00007940       _invoke_watson_if_oneof    0000000140008940 f i LIBCMTD:dbgrptw.obj
 0001:000079b0       ??0_LocaleUpdate@@QEAA@PEAUlocaleinfo_struct@@@Z 00000001400089b0 f i LIBCMTD:output.obj
 0001:00007af0       ??1_LocaleUpdate@@QEAA@XZ  0000000140008af0 f i LIBCMTD:output.obj
 0001:00007b30       ?GetLocaleT@_LocaleUpdate@@QEAAPEAUlocaleinfo_struct@@XZ 0000000140008b30 f i LIBCMTD:output.obj
 0001:00007b40       _output_l                  0000000140008b40 f   LIBCMTD:output.obj
 0001:00009360       get_int64_arg              000000014000a360 f i LIBCMTD:output.obj
 0001:000093d0       get_int_arg                000000014000a3d0 f i LIBCMTD:output.obj
 0001:00009430       get_short_arg              000000014000a430 f i LIBCMTD:output.obj
 0001:000096d0       _output_s_l                000000014000a6d0 f   LIBCMTD:outputs.obj
 0001:0000b2d0       _output_p_l                000000014000c2d0 f   LIBCMTD:outputp.obj
 0001:0000f7d0       _validate_param_reuseA     00000001400107d0 f   LIBCMTD:outputp.obj
 0001:0000fb40       get_crtdouble_arg          0000000140010b40 f i LIBCMTD:outputp.obj
 0001:0000fde0       __doserrno                 0000000140010de0 f   LIBCMTD:dosmap.obj
 0001:0000fe10       _dosmaperr                 0000000140010e10 f   LIBCMTD:dosmap.obj
 0001:0000fe40       _errno                     0000000140010e40 f   LIBCMTD:dosmap.obj
 0001:0000fe70       _get_doserrno              0000000140010e70 f   LIBCMTD:dosmap.obj
 0001:0000ff30       _get_errno                 0000000140010f30 f   LIBCMTD:dosmap.obj
 0001:0000fff0       _get_errno_from_oserr      0000000140010ff0 f   LIBCMTD:dosmap.obj
 0001:00010080       _set_doserrno              0000000140011080 f   LIBCMTD:dosmap.obj
 0001:000100c0       _set_errno                 00000001400110c0 f   LIBCMTD:dosmap.obj
 0001:00010630       _CrtCheckMemory            0000000140011630 f   LIBCMTD:dbgheap.obj
 0001:00010bd0       _CrtDoForAllClientObjects  0000000140011bd0 f   LIBCMTD:dbgheap.obj
 0001:00010d00       _CrtDumpMemoryLeaks        0000000140011d00 f   LIBCMTD:dbgheap.obj
 0001:00010dc0       _CrtGetAllocHook           0000000140011dc0 f   LIBCMTD:dbgheap.obj
 0001:00010dd0       _CrtGetCheckCount          0000000140011dd0 f   LIBCMTD:dbgheap.obj
 0001:00010de0       _CrtGetDumpClient          0000000140011de0 f   LIBCMTD:dbgheap.obj
 0001:00010df0       _CrtIsMemoryBlock          0000000140011df0 f   LIBCMTD:dbgheap.obj
 0001:00010f70       _CrtIsValidHeapPointer     0000000140011f70 f   LIBCMTD:dbgheap.obj
 0001:00010fd0       _CrtIsValidPointer         0000000140011fd0 f   LIBCMTD:dbgheap.obj
 0001:00011010       _CrtMemCheckpoint          0000000140012010 f   LIBCMTD:dbgheap.obj
 0001:000112a0       _CrtMemDifference          00000001400122a0 f   LIBCMTD:dbgheap.obj
 0001:000115d0       _CrtMemDumpAllObjectsSince 00000001400125d0 f   LIBCMTD:dbgheap.obj
 0001:00011620       _CrtMemDumpStatistics      0000000140012620 f   LIBCMTD:dbgheap.obj
 0001:000117b0       _CrtReportBlockType        00000001400127b0 f   LIBCMTD:dbgheap.obj
 0001:000117f0       _CrtSetAllocHook           00000001400127f0 f   LIBCMTD:dbgheap.obj
 0001:00011820       _CrtSetBreakAlloc          0000000140012820 f   LIBCMTD:dbgheap.obj
 0001:00011850       _CrtSetCheckCount          0000000140012850 f   LIBCMTD:dbgheap.obj
 0001:00011870       _CrtSetDbgBlockType        0000000140012870 f   LIBCMTD:dbgheap.obj
 0001:00011940       _CrtSetDbgFlag             0000000140012940 f   LIBCMTD:dbgheap.obj
 0001:00011a80       _CrtSetDebugFillThreshold  0000000140012a80 f   LIBCMTD:dbgheap.obj
 0001:00011ab0       _CrtSetDumpClient          0000000140012ab0 f   LIBCMTD:dbgheap.obj
 0001:00011ae0       _aligned_free              0000000140012ae0 f   LIBCMTD:dbgheap.obj
 0001:00011b00       _aligned_free_dbg          0000000140012b00 f   LIBCMTD:dbgheap.obj
 0001:00011bf0       _aligned_malloc            0000000140012bf0 f   LIBCMTD:dbgheap.obj
 0001:00011c20       _aligned_malloc_dbg        0000000140012c20 f   LIBCMTD:dbgheap.obj
 0001:00011c60       _aligned_msize             0000000140012c60 f   LIBCMTD:dbgheap.obj
 0001:00011c90       _aligned_msize_dbg         0000000140012c90 f   LIBCMTD:dbgheap.obj
 0001:00011e50       _aligned_offset_malloc     0000000140012e50 f   LIBCMTD:dbgheap.obj
 0001:00011e90       _aligned_offset_malloc_dbg 0000000140012e90 f   LIBCMTD:dbgheap.obj
 0001:00012170       _aligned_offset_realloc    0000000140013170 f   LIBCMTD:dbgheap.obj
 0001:000121c0       _aligned_offset_realloc_dbg 00000001400131c0 f   LIBCMTD:dbgheap.obj
 0001:00012660       _aligned_offset_recalloc   0000000140013660 f   LIBCMTD:dbgheap.obj
 0001:000126c0       _aligned_offset_recalloc_dbg 00000001400136c0 f   LIBCMTD:dbgheap.obj
 0001:000127e0       _aligned_realloc           00000001400137e0 f   LIBCMTD:dbgheap.obj
 0001:00012820       _aligned_realloc_dbg       0000000140013820 f   LIBCMTD:dbgheap.obj
 0001:00012870       _aligned_recalloc          0000000140013870 f   LIBCMTD:dbgheap.obj
 0001:000128c0       _aligned_recalloc_dbg      00000001400138c0 f   LIBCMTD:dbgheap.obj
 0001:00012920       _calloc_dbg                0000000140013920 f   LIBCMTD:dbgheap.obj
 0001:000129a0       _calloc_dbg_impl           00000001400139a0 f   LIBCMTD:dbgheap.obj
 0001:00012a50       _expand                    0000000140013a50 f   LIBCMTD:dbgheap.obj
 0001:00012a90       _expand_dbg                0000000140013a90 f   LIBCMTD:dbgheap.obj
 0001:00012bb0       _free_dbg                  0000000140013bb0 f   LIBCMTD:dbgheap.obj
 0001:00012bf0       _free_dbg_nolock           0000000140013bf0 f   LIBCMTD:dbgheap.obj
 0001:000132e0       _free_nolock               00000001400142e0 f   LIBCMTD:dbgheap.obj
 0001:00013300       _heap_alloc                0000000140014300 f   LIBCMTD:dbgheap.obj
 0001:00013330       _heap_alloc_dbg            0000000140014330 f   LIBCMTD:dbgheap.obj
 0001:00013850       _malloc_dbg                0000000140014850 f   LIBCMTD:dbgheap.obj
 0001:000138a0       _msize                     00000001400148a0 f   LIBCMTD:dbgheap.obj
 0001:000138c0       _msize_dbg                 00000001400148c0 f   LIBCMTD:dbgheap.obj
 0001:00013b00       _nh_malloc                 0000000140014b00 f   LIBCMTD:dbgheap.obj
 0001:00013b40       _nh_malloc_dbg             0000000140014b40 f   LIBCMTD:dbgheap.obj
 0001:00013ee0       _realloc_dbg               0000000140014ee0 f   LIBCMTD:dbgheap.obj
 0001:00013f50       _recalloc                  0000000140014f50 f   LIBCMTD:dbgheap.obj
 0001:00013fa0       _recalloc_dbg              0000000140014fa0 f   LIBCMTD:dbgheap.obj
 0001:000149a0       __isa_available_init       00000001400159a0 f   LIBCMTD:cpu_disp.obj
 0001:00014b90       _ftelli64                  0000000140015b90 f   LIBCMTD:ftelli64.obj
 0001:00014c80       _ftelli64_nolock           0000000140015c80 f   LIBCMTD:ftelli64.obj
 0001:00015320       __initstdio                0000000140016320 f   LIBCMTD:_file.obj
 0001:00015420       __endstdio                 0000000140016420 f   LIBCMTD:_file.obj
 0001:00015460       __iob_func                 0000000140016460 f   LIBCMTD:_file.obj
 0001:00015470       _lock_file                 0000000140016470 f   LIBCMTD:_file.obj
 0001:00015500       _lock_file2                0000000140016500 f   LIBCMTD:_file.obj
 0001:00015550       _unlock_file               0000000140016550 f   LIBCMTD:_file.obj
 0001:000155e0       _unlock_file2              00000001400165e0 f   LIBCMTD:_file.obj
 0001:00015630       _getstream                 0000000140016630 f   LIBCMTD:stream.obj
 0001:00015870       _openfile                  0000000140016870 f   LIBCMTD:_open.obj
 0001:00016340       __C_specific_handler       0000000140017340 f   LIBCMTD:chandler.obj
 0001:00016770       _local_unwind              0000000140017770 f   LIBCMTD:jmpuwind.obj
 0001:000167a0       _NLG_Notify                00000001400177a0 f   LIBCMTD:jmpuwind.obj
 0001:000167c0       __NLG_Dispatch2            00000001400177c0 f   LIBCMTD:jmpuwind.obj
 0001:000167d0       __NLG_Return2              00000001400177d0 f   LIBCMTD:jmpuwind.obj
 0001:000167e0       _filbuf                    00000001400177e0 f   LIBCMTD:_filbuf.obj
 0001:00016b10       _fileno                    0000000140017b10 f   LIBCMTD:fileno.obj
 0001:00016bd0       memcpy_s                   0000000140017bd0 f   LIBCMTD:memcpy_s.obj
 0001:00016e40       _read                      0000000140017e40 f   LIBCMTD:read.obj
 0001:000171a0       _read_nolock               00000001400181a0 f   LIBCMTD:read.obj
 0001:00018d10       _fseeki64                  0000000140019d10 f   LIBCMTD:fseeki64.obj
 0001:00018ec0       _fseeki64_nolock           0000000140019ec0 f   LIBCMTD:fseeki64.obj
 0001:00019040       _lseek                     000000014001a040 f   LIBCMTD:lseek.obj
 0001:000192f0       _lseek_nolock              000000014001a2f0 f   LIBCMTD:lseek.obj
 0001:00019420       _fflush_nolock             000000014001a420 f   LIBCMTD:fflush.obj
 0001:000194a0       _flush                     000000014001a4a0 f   LIBCMTD:fflush.obj
 0001:00019590       _flushall                  000000014001a590 f   LIBCMTD:fflush.obj
 0001:000195b0       fflush                     000000014001a5b0 f   LIBCMTD:fflush.obj
 0001:00019770       _lseeki64                  000000014001a770 f   LIBCMTD:lseeki64.obj
 0001:00019a30       _lseeki64_nolock           000000014001aa30 f   LIBCMTD:lseeki64.obj
 0001:00019b50       __GSHandlerCheck           000000014001ab50 f   LIBCMTD:gshandler.obj
 0001:00019b90       __GSHandlerCheckCommon     000000014001ab90 f   LIBCMTD:gshandler.obj
 0001:00019ca0       _alloca_probe              000000014001aca0     LIBCMTD:chkstk.obj
 0001:00019ca0       __chkstk                   000000014001aca0 f   LIBCMTD:chkstk.obj
 0001:00019d00       __security_check_cookie    000000014001ad00 f   LIBCMTD:amdsecgs.obj
 0001:00019d20       _ioinit                    000000014001ad20 f   LIBCMTD:ioinit.obj
 0001:00019d50       _ioinit0                   000000014001ad50 f   LIBCMTD:ioinit.obj
 0001:00019d80       _ioinitCallback            000000014001ad80 f   LIBCMTD:ioinit.obj
 0001:0001a3a0       _ioterm                    000000014001b3a0 f   LIBCMTD:ioinit.obj
 0001:0001a490       memmove                    000000014001b490     LIBCMTD:memcpy.obj
 0001:0001a490       memcpy                     000000014001b490 f   LIBCMTD:memcpy.obj
 0001:0001a980       _write                     000000014001b980 f   LIBCMTD:write.obj
 0001:0001ac30       _write_nolock              000000014001bc30 f   LIBCMTD:write.obj
 0001:0001be00       _FF_MSGBANNER              000000014001ce00 f   LIBCMTD:crt0msg.obj
 0001:0001be50       _GET_RTERRMSG              000000014001ce50 f   LIBCMTD:crt0msg.obj
 0001:0001beb0       _NMSG_WRITE                000000014001ceb0 f   LIBCMTD:crt0msg.obj
 0001:0001c2e0       _set_abort_behavior        000000014001d2e0 f   LIBCMTD:abort.obj
 0001:0001c320       abort                      000000014001d320 f   LIBCMTD:abort.obj
 0001:0001c3b0       __getlocaleinfo            000000014001d3b0 f   LIBCMTD:inithelp.obj
 0001:0001c730       _initp_misc_purevirt       000000014001d730 f   LIBCMTD:inithelp.obj
 0001:0001c750       ??3@YAXPEAX@Z              000000014001d750 f   LIBCMTD:dbgdel.obj
 0001:0001c830       strcmp                     000000014001d830 f   LIBCMTD:strcmp.obj
 0001:0001c8a0       ?_Name_base@type_info@@CAPEBDPEBV1@PEAU__type_info_node@@@Z 000000014001d8a0 f   LIBCMTD:typname.obj
 0001:0001ca70       ?_Name_base_internal@type_info@@CAPEBDPEBV1@PEAU__type_info_node@@@Z 000000014001da70 f   LIBCMTD:typname.obj
 0001:0001cc70       ?_Type_info_dtor@type_info@@CAXPEAV1@@Z 000000014001dc70 f   LIBCMTD:typname.obj
 0001:0001cd80       ?_Type_info_dtor_internal@type_info@@CAXPEAV1@@Z 000000014001dd80 f   LIBCMTD:typname.obj
 0001:0001ce90       __clean_type_info_names_internal 000000014001de90 f   LIBCMTD:typname.obj
 0001:0001cf10       __unDNameHelper            000000014001df10 f   LIBCMTD:typname.obj
 0001:0001cf80       ?__CxxUnhandledExceptionFilter@@YAJPEAU_EXCEPTION_POINTERS@@@Z 000000014001df80 f   LIBCMTD:unhandld.obj
 0001:0001d000       __CxxSetUnhandledExceptionFilter 000000014001e000 f   LIBCMTD:unhandld.obj
 0001:0001d020       _XcptFilter                000000014001e020 f   LIBCMTD:winxfltr.obj
 0001:0001d2c0       __CppXcptFilter            000000014001e2c0 f   LIBCMTD:winxfltr.obj
 0001:0001d380       __get_flsindex             000000014001e380 f   LIBCMTD:tidtable.obj
 0001:0001d390       __threadhandle             000000014001e390 f   LIBCMTD:tidtable.obj
 0001:0001d3a0       __threadid                 000000014001e3a0 f   LIBCMTD:tidtable.obj
 0001:0001d3b0       _freefls                   000000014001e3b0 f   LIBCMTD:tidtable.obj
 0001:0001d5c0       _freeptd                   000000014001e5c0 f   LIBCMTD:tidtable.obj
 0001:0001d610       _getptd                    000000014001e610 f   LIBCMTD:tidtable.obj
 0001:0001d640       _getptd_noexit             000000014001e640 f   LIBCMTD:tidtable.obj
 0001:0001d710       _initptd                   000000014001e710 f   LIBCMTD:tidtable.obj
 0001:0001d830       _mtinit                    000000014001e830 f   LIBCMTD:tidtable.obj
 0001:0001d8f0       _mtterm                    000000014001e8f0 f   LIBCMTD:tidtable.obj
 0001:0001d920       __copy_path_to_wide_string 000000014001e920 f   LIBCMTD:crt0dat.obj
 0001:0001dba0       __crtCorExitProcess        000000014001eba0 f   LIBCMTD:crt0dat.obj
 0001:0001dbf0       __crtExitProcess           000000014001ebf0 f   LIBCMTD:crt0dat.obj
 0001:0001dc10       __freeCrtMemory            000000014001ec10 f   LIBCMTD:crt0dat.obj
 0001:0001de30       _amsg_exit                 000000014001ee30 f   LIBCMTD:crt0dat.obj
 0001:0001de60       _c_exit                    000000014001ee60 f   LIBCMTD:crt0dat.obj
 0001:0001de80       _cexit                     000000014001ee80 f   LIBCMTD:crt0dat.obj
 0001:0001dea0       _cinit                     000000014001eea0 f   LIBCMTD:crt0dat.obj
 0001:0001df50       _exit                      000000014001ef50 f   LIBCMTD:crt0dat.obj
 0001:0001df70       _get_pgmptr                000000014001ef70 f   LIBCMTD:crt0dat.obj
 0001:0001e0e0       _get_wpgmptr               000000014001f0e0 f   LIBCMTD:crt0dat.obj
 0001:0001e250       _init_pointers             000000014001f250 f   LIBCMTD:crt0dat.obj
 0001:0001e300       _initterm_e                000000014001f300 f   LIBCMTD:crt0dat.obj
 0001:0001e360       _lockexit                  000000014001f360 f   LIBCMTD:crt0dat.obj
 0001:0001e380       _unlockexit                000000014001f380 f   LIBCMTD:crt0dat.obj
 0001:0001e5b0       exit                       000000014001f5b0 f   LIBCMTD:crt0dat.obj
 0001:0001e5d0       _get_heap_handle           000000014001f5d0 f   LIBCMTD:heapinit.obj
 0001:0001e630       _heap_init                 000000014001f630 f   LIBCMTD:heapinit.obj
 0001:0001e660       _heap_term                 000000014001f660 f   LIBCMTD:heapinit.obj
 0001:0001e670       _set_pgmptr                000000014001f670 f i LIBCMTD:stdargv.obj
 0001:0001e690       _setargv                   000000014001f690 f   LIBCMTD:stdargv.obj
 0001:0001ecf0       _setenvp                   000000014001fcf0 f   LIBCMTD:stdenvp.obj
 0001:0001ef00       __set_app_type             000000014001ff00 f   LIBCMTD:errmode.obj
 0001:0001ef10       _set_error_mode            000000014001ff10 f   LIBCMTD:errmode.obj
 0001:0001f020       __security_init_cookie     0000000140020020 f   LIBCMTD:gs_support.obj
 0001:0001f150       _RTC_Initialize            0000000140020150 f   LIBCMTD:initsect.obj
 0001:0001f190       _RTC_Terminate             0000000140020190 f   LIBCMTD:initsect.obj
 0001:0001f1d0       __crtGetEnvironmentStringsA 00000001400201d0 f   LIBCMTD:a_env.obj
 0001:0001f3b0       __crtCaptureCurrentContext 00000001400203b0 f   LIBCMTD:winapisupp.obj
 0001:0001f450       __crtCapturePreviousContext 0000000140020450 f   LIBCMTD:winapisupp.obj
 0001:0001f510       __crtFlsAlloc              0000000140020510 f   LIBCMTD:winapisupp.obj
 0001:0001f530       __crtFlsFree               0000000140020530 f   LIBCMTD:winapisupp.obj
 0001:0001f550       __crtFlsGetValue           0000000140020550 f   LIBCMTD:winapisupp.obj
 0001:0001f570       __crtFlsSetValue           0000000140020570 f   LIBCMTD:winapisupp.obj
 0001:0001f5a0       __crtGetShowWindowMode     00000001400205a0 f   LIBCMTD:winapisupp.obj
 0001:0001f5e0       __crtIsPackagedApp         00000001400205e0 f   LIBCMTD:winapisupp.obj
 0001:0001f620       __crtSetUnhandledExceptionFilter 0000000140020620 f   LIBCMTD:winapisupp.obj
 0001:0001f640       __crtTerminateProcess      0000000140020640 f   LIBCMTD:winapisupp.obj
 0001:0001f660       __crtUnhandledException    0000000140020660 f   LIBCMTD:winapisupp.obj
 0001:0001f690       _wincmdln                  0000000140020690 f   LIBCMTD:wincmdln.obj
 0001:0001f7a0       _CrtDefaultAllocHook       00000001400207a0 f   LIBCMTD:dbghook.obj
 0001:0001f7c0       __crt_debugger_hook        00000001400207c0 f   LIBCMTD:dbghook.obj
 0001:0001f7d0       _isatty                    00000001400207d0 f   LIBCMTD:isatty.obj
 0001:0001f8f0       _getbuf                    00000001400208f0 f   LIBCMTD:_getbuf.obj
 0001:0001fa00       __raise_securityfailure    0000000140020a00 f   LIBCMTD:gs_report.obj
 0001:0001fa50       __report_gsfailure         0000000140020a50 f   LIBCMTD:gs_report.obj
 0001:0001fb30       __report_rangecheckfailure 0000000140020b30 f   LIBCMTD:gs_report.obj
 0001:0001fb50       __report_securityfailure   0000000140020b50 f   LIBCMTD:gs_report.obj
 0001:0001fbf0       __report_securityfailureEx 0000000140020bf0 f   LIBCMTD:gs_report.obj
 0001:0001fd00       wcscpy_s                   0000000140020d00 f   LIBCMTD:wcscpy_s.obj
 0001:000201b0       wcslen                     00000001400211b0 f   LIBCMTD:wcslen.obj
 0001:00020200       _lock                      0000000140021200 f   LIBCMTD:mlock.obj
 0001:00020260       _lockerr_exit              0000000140021260 f   LIBCMTD:mlock.obj
 0001:00020290       _mtdeletelocks             0000000140021290 f   LIBCMTD:mlock.obj
 0001:000203b0       _mtinitlocknum             00000001400213b0 f   LIBCMTD:mlock.obj
 0001:000204b0       _mtinitlocks               00000001400214b0 f   LIBCMTD:mlock.obj
 0001:00020550       _unlock                    0000000140021550 f   LIBCMTD:mlock.obj
 0001:00020580       __swprintf_l               0000000140021580 f   LIBCMTD:swprintf.obj
 0001:000205c0       _scwprintf                 00000001400215c0 f   LIBCMTD:swprintf.obj
 0001:00020600       _scwprintf_l               0000000140021600 f   LIBCMTD:swprintf.obj
 0001:00020640       _scwprintf_p               0000000140021640 f   LIBCMTD:swprintf.obj
 0001:00020680       _scwprintf_p_l             0000000140021680 f   LIBCMTD:swprintf.obj
 0001:000206c0       _snwprintf_s               00000001400216c0 f   LIBCMTD:swprintf.obj
 0001:00020720       _snwprintf_s_l             0000000140021720 f   LIBCMTD:swprintf.obj
 0001:00020780       _swprintf                  0000000140021780 f   LIBCMTD:swprintf.obj
 0001:00020a60       _swprintf_p                0000000140021a60 f   LIBCMTD:swprintf.obj
 0001:00020ab0       _swprintf_p_l              0000000140021ab0 f   LIBCMTD:swprintf.obj
 0001:00020b00       _swprintf_s_l              0000000140021b00 f   LIBCMTD:swprintf.obj
 0001:00020b50       swprintf_s                 0000000140021b50 f   LIBCMTD:swprintf.obj
 0001:00020ba0       __fpecode                  0000000140021ba0 f   LIBCMTD:winsig.obj
 0001:00020bc0       __get_sigabrt              0000000140021bc0 f   LIBCMTD:winsig.obj
 0001:00020be0       __pxcptinfoptrs            0000000140021be0 f   LIBCMTD:winsig.obj
 0001:00020c00       _initp_misc_winsig         0000000140021c00 f   LIBCMTD:winsig.obj
 0001:00020d00       raise                      0000000140021d00 f   LIBCMTD:winsig.obj
 0001:00021150       signal                     0000000140022150 f   LIBCMTD:winsig.obj
 0001:00021590       __crtMessageBoxW           0000000140022590 f   LIBCMTD:crtmboxw.obj
 0001:00021a00       __crtMessageBoxWaitThreadW 0000000140022a00 f   LIBCMTD:crtmboxw.obj
 0001:00021a50       _CrtDbgBreak               0000000140022a50 f   LIBCMTD:dbgrptt.obj
 0001:00021a60       _CrtGetReportHook          0000000140022a60 f   LIBCMTD:dbgrptt.obj
 0001:00021a70       _CrtSetReportFile          0000000140022a70 f   LIBCMTD:dbgrptt.obj
 0001:00021bd0       _CrtSetReportHook          0000000140022bd0 f   LIBCMTD:dbgrptt.obj
 0001:00021c00       _CrtSetReportMode          0000000140022c00 f   LIBCMTD:dbgrptt.obj
 0001:00021dc0       _VCrtDbgReportA            0000000140022dc0 f   LIBCMTD:dbgrptt.obj
 0001:00022790       _VCrtDbgReportW            0000000140023790 f   LIBCMTD:dbgrptt.obj
 0001:000232d0       __addlocaleref             00000001400242d0 f   LIBCMTD:localref.obj
 0001:00023420       __freetlocinfo             0000000140024420 f   LIBCMTD:localref.obj
 0001:000237d0       __removelocaleref          00000001400247d0 f   LIBCMTD:localref.obj
 0001:00023930       __updatetlocinfo           0000000140024930 f   LIBCMTD:localref.obj
 0001:000239d0       _updatetlocinfoEx_nolock   00000001400249d0 f   LIBCMTD:localref.obj
 0001:00023a70       __initmbctable             0000000140024a70 f   LIBCMTD:mbctype.obj
 0001:00024100       __updatetmbcinfo           0000000140025100 f   LIBCMTD:mbctype.obj
 0001:00024200       _getmbcp                   0000000140025200 f   LIBCMTD:mbctype.obj
 0001:00024280       _setmbcp                   0000000140025280 f   LIBCMTD:mbctype.obj
 0001:00024570       _setmbcp_nolock            0000000140025570 f   LIBCMTD:mbctype.obj
 0001:000249c0       __iswcsym                  00000001400259c0 f i LIBCMTD:_wctype.obj
 0001:00024a00       __iswcsymf                 0000000140025a00 f i LIBCMTD:_wctype.obj
 0001:00024a40       _isleadbyte_l              0000000140025a40 f i LIBCMTD:_wctype.obj
 0001:00024aa0       _iswalnum_l                0000000140025aa0 f i LIBCMTD:_wctype.obj
 0001:00024ad0       _iswalpha_l                0000000140025ad0 f i LIBCMTD:_wctype.obj
 0001:00024b00       _iswcntrl_l                0000000140025b00 f i LIBCMTD:_wctype.obj
 0001:00024b30       _iswcsym_l                 0000000140025b30 f i LIBCMTD:_wctype.obj
 0001:00024b80       _iswcsymf_l                0000000140025b80 f i LIBCMTD:_wctype.obj
 0001:00024bd0       _iswdigit_l                0000000140025bd0 f i LIBCMTD:_wctype.obj
 0001:00024c00       _iswgraph_l                0000000140025c00 f i LIBCMTD:_wctype.obj
 0001:00024c30       _iswlower_l                0000000140025c30 f i LIBCMTD:_wctype.obj
 0001:00024c60       _iswprint_l                0000000140025c60 f i LIBCMTD:_wctype.obj
 0001:00024c90       _iswpunct_l                0000000140025c90 f i LIBCMTD:_wctype.obj
 0001:00024cc0       _iswspace_l                0000000140025cc0 f i LIBCMTD:_wctype.obj
 0001:00024cf0       _iswupper_l                0000000140025cf0 f i LIBCMTD:_wctype.obj
 0001:00024d20       _iswxdigit_l               0000000140025d20 f i LIBCMTD:_wctype.obj
 0001:00024d50       isleadbyte                 0000000140025d50 f i LIBCMTD:_wctype.obj
 0001:00024d70       iswalnum                   0000000140025d70 f i LIBCMTD:_wctype.obj
 0001:00024d90       iswalpha                   0000000140025d90 f i LIBCMTD:_wctype.obj
 0001:00024db0       iswascii                   0000000140025db0 f i LIBCMTD:_wctype.obj
 0001:00024de0       iswcntrl                   0000000140025de0 f i LIBCMTD:_wctype.obj
 0001:00024e00       iswdigit                   0000000140025e00 f i LIBCMTD:_wctype.obj
 0001:00024e20       iswgraph                   0000000140025e20 f i LIBCMTD:_wctype.obj
 0001:00024e40       iswlower                   0000000140025e40 f i LIBCMTD:_wctype.obj
 0001:00024e60       iswprint                   0000000140025e60 f i LIBCMTD:_wctype.obj
 0001:00024e80       iswpunct                   0000000140025e80 f i LIBCMTD:_wctype.obj
 0001:00024ea0       iswspace                   0000000140025ea0 f i LIBCMTD:_wctype.obj
 0001:00024ec0       iswupper                   0000000140025ec0 f i LIBCMTD:_wctype.obj
 0001:00024ee0       iswxdigit                  0000000140025ee0 f i LIBCMTD:_wctype.obj
 0001:00024f10       strlen                     0000000140025f10 f   LIBCMTD:strlen.obj
 0001:00024fc0       _get_printf_count_output   0000000140025fc0 f   LIBCMTD:printf.obj
 0001:00024ff0       _printf_l                  0000000140025ff0 f   LIBCMTD:printf.obj
 0001:00025030       _printf_p                  0000000140026030 f   LIBCMTD:printf.obj
 0001:00025070       _printf_p_l                0000000140026070 f   LIBCMTD:printf.obj
 0001:000250b0       _printf_s_l                00000001400260b0 f   LIBCMTD:printf.obj
 0001:000250f0       _set_printf_count_output   00000001400260f0 f   LIBCMTD:printf.obj
 0001:00025160       printf                     0000000140026160 f   LIBCMTD:printf.obj
 0001:000252e0       printf_s                   00000001400262e0 f   LIBCMTD:printf.obj
 0001:00025320       _wctomb_l                  0000000140026320 f   LIBCMTD:wctomb.obj
 0001:000253d0       _wctomb_s_l                00000001400263d0 f   LIBCMTD:wctomb.obj
 0001:00025870       wctomb                     0000000140026870 f   LIBCMTD:wctomb.obj
 0001:000258e0       wctomb_s                   00000001400268e0 f   LIBCMTD:wctomb.obj
 0001:00025930       _initp_misc_cfltcvt_tab    0000000140026930 f   LIBCMTD:cmiscdat.obj
 0001:00026070       _strtol_l                  0000000140027070 f   LIBCMTD:strtol.obj
 0001:000260b0       _strtoul_l                 00000001400270b0 f   LIBCMTD:strtol.obj
 0001:000260f0       strtol                     00000001400270f0 f   LIBCMTD:strtol.obj
 0001:00026160       strtoul                    0000000140027160 f   LIBCMTD:strtol.obj
 0001:000261d0       _chvalidator               00000001400271d0 f   LIBCMTD:isctype.obj
 0001:00026240       _chvalidator_l             0000000140027240 f   LIBCMTD:isctype.obj
 0001:00026350       _isctype                   0000000140027350 f   LIBCMTD:isctype.obj
 0001:000263a0       _isctype_l                 00000001400273a0 f   LIBCMTD:isctype.obj
 0001:00026580       _free_base                 0000000140027580 f   LIBCMTD:free.obj
 0001:000265e0       _realloc_base              00000001400275e0 f   LIBCMTD:realloc.obj
 0001:00026700       _expand_base               0000000140027700 f   LIBCMTD:expand.obj
 0001:000268e0       _CrtDbgReport              00000001400278e0 f   LIBCMTD:dbgrpt.obj
 0001:00026960       _CrtDbgReportV             0000000140027960 f i LIBCMTD:dbgrpt.obj
 0001:000269c0       _CrtSetReportHook2         00000001400279c0 f   LIBCMTD:dbgrpt.obj
 0001:00026dd0       __crtMessageWindowA        0000000140027dd0 f   LIBCMTD:dbgrpt.obj
 0001:00027450       ?_query_new_handler@@YAP6AH_K@ZXZ 0000000140028450 f   LIBCMTD:handler.obj
 0001:00027470       ?_set_new_handler@@YAP6AH_K@ZH@Z 0000000140028470 f   LIBCMTD:handler.obj
 0001:000274d0       ?_set_new_handler@@YAP6AH_K@ZP6AH0@Z@Z 00000001400284d0 f   LIBCMTD:handler.obj
 0001:00027520       _callnewh                  0000000140028520 f   LIBCMTD:handler.obj
 0001:00027560       _initp_heap_handler        0000000140028560 f   LIBCMTD:handler.obj
 0001:00027580       _heapchk                   0000000140028580 f   LIBCMTD:heapchk.obj
 0001:000275c0       _heapset                   00000001400285c0 f   LIBCMTD:heapchk.obj
 0001:000275e0       _scprintf                  00000001400285e0 f   LIBCMTD:sprintf.obj
 0001:00027620       _scprintf_l                0000000140028620 f   LIBCMTD:sprintf.obj
 0001:00027660       _scprintf_p                0000000140028660 f   LIBCMTD:sprintf.obj
 0001:000276a0       _scprintf_p_l              00000001400286a0 f   LIBCMTD:sprintf.obj
 0001:000276e0       _snprintf_s                00000001400286e0 f   LIBCMTD:sprintf.obj
 0001:00027740       _snprintf_s_l              0000000140028740 f   LIBCMTD:sprintf.obj
 0001:000277a0       _sprintf_l                 00000001400287a0 f   LIBCMTD:sprintf.obj
 0001:000277e0       _sprintf_p                 00000001400287e0 f   LIBCMTD:sprintf.obj
 0001:00027830       _sprintf_p_l               0000000140028830 f   LIBCMTD:sprintf.obj
 0001:00027880       _sprintf_s_l               0000000140028880 f   LIBCMTD:sprintf.obj
 0001:000278d0       sprintf                    00000001400288d0 f   LIBCMTD:sprintf.obj
 0001:00027b50       sprintf_s                  0000000140028b50 f   LIBCMTD:sprintf.obj
 0001:00027ba0       _heap_alloc_base           0000000140028ba0 f i LIBCMTD:malloc.obj
 0001:00027c10       _malloc_base               0000000140028c10 f   LIBCMTD:malloc.obj
 0001:00027cb0       _fcloseall                 0000000140028cb0 f   LIBCMTD:closeall.obj
 0001:00027db0       _open                      0000000140028db0 f   LIBCMTD:open.obj
 0001:00027f80       _sopen                     0000000140028f80 f   LIBCMTD:open.obj
 0001:00028030       _sopen_helper              0000000140029030 f   LIBCMTD:open.obj
 0001:00028360       _sopen_nolock              0000000140029360 f   LIBCMTD:open.obj
 0001:00028400       _sopen_s                   0000000140029400 f   LIBCMTD:open.obj
 0001:00028450       _mbsnbcmp                  0000000140029450 f   LIBCMTD:mbsnbcmp.obj
 0001:00028480       _mbsnbcmp_l                0000000140029480 f   LIBCMTD:mbsnbcmp.obj
 0001:000288f0       _mbsnbicmp                 00000001400298f0 f   LIBCMTD:mbsnbicm.obj
 0001:00028920       _mbsnbicmp_l               0000000140029920 f   LIBCMTD:mbsnbicm.obj
 0001:000290c0       _FindPESection             000000014002a0c0 f   LIBCMTD:pesect.obj
 0001:00029170       _IsNonwritableInCurrentImage 000000014002a170 f   LIBCMTD:pesect.obj
 0001:00029200       _ValidateImageBase         000000014002a200 f   LIBCMTD:pesect.obj
 0001:00029280       __lock_fhandle             000000014002a280 f   LIBCMTD:osfinfo.obj
 0001:00029350       _alloc_osfhnd              000000014002a350 f   LIBCMTD:osfinfo.obj
 0001:00029650       _free_osfhnd               000000014002a650 f   LIBCMTD:osfinfo.obj
 0001:00029780       _get_osfhandle             000000014002a780 f   LIBCMTD:osfinfo.obj
 0001:00029990       _open_osfhandle            000000014002a990 f   LIBCMTD:osfinfo.obj
 0001:00029c00       _set_osfhnd                000000014002ac00 f   LIBCMTD:osfinfo.obj
 0001:00029d10       _unlock_fhandle            000000014002ad10 f   LIBCMTD:osfinfo.obj
 0001:00029d50       free                       000000014002ad50 f   LIBCMTD:dbgfree.obj
 0001:00029d70       _commit                    000000014002ad70 f   LIBCMTD:commit.obj
 0001:0002a010       _mbtowc_l                  000000014002b010 f   LIBCMTD:mbtowc.obj
 0001:0002a350       mbtowc                     000000014002b350 f   LIBCMTD:mbtowc.obj
 0001:0002a380       _putwch                    000000014002b380 f   LIBCMTD:putwch.obj
 0001:0002a3c0       _putwch_nolock             000000014002b3c0 f   LIBCMTD:putwch.obj
 0001:0002a430       wcscat_s                   000000014002b430 f   LIBCMTD:wcscat_s.obj
 0001:0002aa60       wcsncpy_s                  000000014002ba60 f   LIBCMTD:wcsncpy_s.obj
 0001:0002b100       strncpy_s                  000000014002c100 f   LIBCMTD:strncpy_s.obj
 0001:0002b930       _MarkAllocaS               000000014002c930 f i LIBCMTD:a_loc.obj
 0001:0002b960       __crtGetLocaleInfoA        000000014002c960 f   LIBCMTD:a_loc.obj
 0001:0002b9d0       _freea                     000000014002c9d0 f i LIBCMTD:a_loc.obj
 0001:0002ba60       __crtCompareStringEx       000000014002ca60 f   LIBCMTD:winapinls.obj
 0001:0002bad0       __crtEnumSystemLocalesEx   000000014002cad0 f   LIBCMTD:winapinls.obj
 0001:0002bb00       __crtGetDateFormatEx       000000014002cb00 f   LIBCMTD:winapinls.obj
 0001:0002bb50       __crtGetLocaleInfoEx       000000014002cb50 f   LIBCMTD:winapinls.obj
 0001:0002bb90       __crtGetTimeFormatEx       000000014002cb90 f   LIBCMTD:winapinls.obj
 0001:0002bbe0       __crtGetUserDefaultLocaleName 000000014002cbe0 f   LIBCMTD:winapinls.obj
 0001:0002bc10       __crtIsValidLocaleName     000000014002cc10 f   LIBCMTD:winapinls.obj
 0001:0002bc30       __crtLCMapStringEx         000000014002cc30 f   LIBCMTD:winapinls.obj
 0001:0002bca0       strcpy_s                   000000014002cca0 f   LIBCMTD:strcpy_s.obj
 0001:0002c140       ??0Block@_HeapManager@@QEAA@XZ 000000014002d140 f i LIBCMTD:undname.obj
 0001:0002c160       ??0DName@@QEAA@AEAPEBDD@Z  000000014002d160 f   LIBCMTD:undname.obj
 0001:0002c4b0       ??0DName@@QEAA@AEBV0@@Z    000000014002d4b0 f i LIBCMTD:undname.obj
 0001:0002c4e0       ??0DName@@QEAA@D@Z         000000014002d4e0 f   LIBCMTD:undname.obj
 0001:0002c5e0       ??0DName@@QEAA@PEAV0@@Z    000000014002d5e0 f   LIBCMTD:undname.obj
 0001:0002c760       ??0DName@@QEAA@PEBD@Z      000000014002d760 f   LIBCMTD:undname.obj
 0001:0002c870       ??0DName@@QEAA@W4DNameStatus@@@Z 000000014002d870 f   LIBCMTD:undname.obj
 0001:0002c9c0       ??0DName@@QEAA@XZ          000000014002d9c0 f i LIBCMTD:undname.obj
 0001:0002ca90       ??0DName@@QEAA@_J@Z        000000014002da90 f   LIBCMTD:undname.obj
 0001:0002cc50       ??0DName@@QEAA@_K@Z        000000014002dc50 f   LIBCMTD:undname.obj
 0001:0002cdd0       ??0DNameNode@@IEAA@XZ      000000014002ddd0 f   LIBCMTD:undname.obj
 0001:0002cdf0       ??0DNameStatusNode@@AEAA@W4DNameStatus@@@Z 000000014002ddf0 f   LIBCMTD:undname.obj
 0001:0002ce60       ??0Replicator@@QEAA@XZ     000000014002de60 f i LIBCMTD:undname.obj
 0001:0002ce80       ??0UnDecorator@@QEAA@PEADPEBDHP6APEADJ@ZK@Z 000000014002de80 f i LIBCMTD:undname.obj
 0001:0002cf50       ??0charNode@@QEAA@D@Z      000000014002df50 f   LIBCMTD:undname.obj
 0001:0002cf90       ??0pDNameNode@@QEAA@PEAVDName@@@Z 000000014002df90 f   LIBCMTD:undname.obj
 0001:0002d010       ??0pairNode@@QEAA@PEAVDNameNode@@0@Z 000000014002e010 f   LIBCMTD:undname.obj
 0001:0002d070       ??0pcharNode@@QEAA@PEBDH@Z 000000014002e070 f   LIBCMTD:undname.obj
 0001:0002d140       ??2@YAPEAX_KAEAV_HeapManager@@H@Z 000000014002e140 f i LIBCMTD:undname.obj
 0001:0002d170       ??4DName@@QEAAAEAV0@AEBV0@@Z 000000014002e170 f   LIBCMTD:undname.obj
 0001:0002d1a0       ??4DName@@QEAAAEAV0@D@Z    000000014002e1a0 f i LIBCMTD:undname.obj
 0001:0002d2a0       ??4DName@@QEAAAEAV0@PEAV0@@Z 000000014002e2a0 f   LIBCMTD:undname.obj
 0001:0002d410       ??4DName@@QEAAAEAV0@PEBD@Z 000000014002e410 f   LIBCMTD:undname.obj
 0001:0002d510       ??4DName@@QEAAAEAV0@W4DNameStatus@@@Z 000000014002e510 f   LIBCMTD:undname.obj
 0001:0002d640       ??AReplicator@@QEBA?AVDName@@H@Z 000000014002e640 f   LIBCMTD:undname.obj
 0001:0002d6d0       ??BUnDecorator@@QEAAPEADXZ 000000014002e6d0 f i LIBCMTD:undname.obj
 0001:0002d9f0       ??H@YA?AVDName@@DAEBV0@@Z  000000014002e9f0 f i LIBCMTD:undname.obj
 0001:0002da30       ??H@YA?AVDName@@PEBDAEBV0@@Z 000000014002ea30 f i LIBCMTD:undname.obj
 0001:0002da70       ??H@YA?AVDName@@W4DNameStatus@@AEBV0@@Z 000000014002ea70 f i LIBCMTD:undname.obj
 0001:0002dab0       ??HDName@@QEBA?AV0@AEBV0@@Z 000000014002eab0 f   LIBCMTD:undname.obj
 0001:0002db00       ??HDName@@QEBA?AV0@D@Z     000000014002eb00 f   LIBCMTD:undname.obj
 0001:0002db50       ??HDName@@QEBA?AV0@PEAV0@@Z 000000014002eb50 f   LIBCMTD:undname.obj
 0001:0002dba0       ??HDName@@QEBA?AV0@PEBD@Z  000000014002eba0 f   LIBCMTD:undname.obj
 0001:0002dbf0       ??HDName@@QEBA?AV0@W4DNameStatus@@@Z 000000014002ebf0 f   LIBCMTD:undname.obj
 0001:0002dc40       ??YDName@@QEAAAEAV0@AEBV0@@Z 000000014002ec40 f   LIBCMTD:undname.obj
 0001:0002dcc0       ??YDName@@QEAAAEAV0@D@Z    000000014002ecc0 f   LIBCMTD:undname.obj
 0001:0002dd60       ??YDName@@QEAAAEAV0@PEAV0@@Z 000000014002ed60 f   LIBCMTD:undname.obj
 0001:0002de40       ??YDName@@QEAAAEAV0@PEBD@Z 000000014002ee40 f   LIBCMTD:undname.obj
 0001:0002df00       ??YDName@@QEAAAEAV0@W4DNameStatus@@@Z 000000014002ef00 f   LIBCMTD:undname.obj
 0001:0002df70       ??YReplicator@@QEAAAEAV0@AEBVDName@@@Z 000000014002ef70 f   LIBCMTD:undname.obj
 0001:0002e030       ??_5DName@@QEAAAEAV0@AEBV0@@Z 000000014002f030 f   LIBCMTD:undname.obj
 0001:0002e0a0       ?Constructor@_HeapManager@@QEAAXP6APEAX_K@ZP6AXPEAX@Z@Z 000000014002f0a0 f i LIBCMTD:undname.obj
 0001:0002e100       ?Destructor@_HeapManager@@QEAAXXZ 000000014002f100 f i LIBCMTD:undname.obj
 0001:0002e160       ?UScore@UnDecorator@@SAPEBDW4Tokens@@@Z 000000014002f160 f   LIBCMTD:undname.obj
 0001:0002e1a0       ?append@DName@@AEAAXPEAVDNameNode@@@Z 000000014002f1a0 f   LIBCMTD:undname.obj
 0001:0002e250       ?composeDeclaration@UnDecorator@@CA?AVDName@@AEBV2@@Z 000000014002f250 f i LIBCMTD:undname.obj
 0001:00030310       ?dbGetString@DName@@QEBAPEADXZ 0000000140031310 f   LIBCMTD:undname.obj
 0001:00030340       ?doAccessSpecifiers@UnDecorator@@SAHXZ 0000000140031340 f i LIBCMTD:undname.obj
 0001:00030370       ?doAllocationLanguage@UnDecorator@@SAHXZ 0000000140031370 f i LIBCMTD:undname.obj
 0001:000303a0       ?doAllocationModel@UnDecorator@@SAHXZ 00000001400313a0 f i LIBCMTD:undname.obj
 0001:000303d0       ?doEcsu@UnDecorator@@SAHXZ 00000001400313d0 f i LIBCMTD:undname.obj
 0001:00030400       ?doEllipsis@UnDecorator@@SAHXZ 0000000140031400 f i LIBCMTD:undname.obj
 0001:00030430       ?doFunctionReturns@UnDecorator@@SAHXZ 0000000140031430 f i LIBCMTD:undname.obj
 0001:00030460       ?doMSKeywords@UnDecorator@@SAHXZ 0000000140031460 f i LIBCMTD:undname.obj
 0001:00030490       ?doMemberTypes@UnDecorator@@SAHXZ 0000000140031490 f i LIBCMTD:undname.obj
 0001:000304c0       ?doNameOnly@UnDecorator@@SAHXZ 00000001400314c0 f i LIBCMTD:undname.obj
 0001:000304d0       ?doNoIdentCharCheck@UnDecorator@@SAHXZ 00000001400314d0 f i LIBCMTD:undname.obj
 0001:000304e0       ?doPchar@DName@@AEAAXPEBDH@Z 00000001400314e0 f   LIBCMTD:undname.obj
 0001:00030670       ?doPtr64@UnDecorator@@SAHXZ 0000000140031670 f i LIBCMTD:undname.obj
 0001:000306a0       ?doRestrictionSpec@UnDecorator@@SAHXZ 00000001400316a0 f i LIBCMTD:undname.obj
 0001:000306d0       ?doThisTypes@UnDecorator@@SAHXZ 00000001400316d0 f i LIBCMTD:undname.obj
 0001:00030700       ?doThrowTypes@UnDecorator@@SAHXZ 0000000140031700 f i LIBCMTD:undname.obj
 0001:00030730       ?doTypeOnly@UnDecorator@@SAHXZ 0000000140031730 f i LIBCMTD:undname.obj
 0001:00030740       ?doUnderScore@UnDecorator@@SAHXZ 0000000140031740 f i LIBCMTD:undname.obj
 0001:00030770       ?getArgumentList@UnDecorator@@CA?AVDName@@XZ 0000000140031770 f   LIBCMTD:undname.obj
 0001:00030910       ?getArgumentTypes@UnDecorator@@CA?AVDName@@XZ 0000000140031910 f   LIBCMTD:undname.obj
 0001:00030ad0       ?getArrayType@UnDecorator@@CA?AVDName@@AEBV2@@Z 0000000140031ad0 f i LIBCMTD:undname.obj
 0001:00030dc0       ?getBasedType@UnDecorator@@CA?AVDName@@XZ 0000000140031dc0 f   LIBCMTD:undname.obj
 0001:00030eb0       ?getBasicDataType@UnDecorator@@CA?AVDName@@AEBV2@@Z 0000000140031eb0 f   LIBCMTD:undname.obj
 0001:000315c0       ?getCallIndex@UnDecorator@@CA?AVDName@@XZ 00000001400325c0 f i LIBCMTD:undname.obj
 0001:000315e0       ?getCallingConvention@UnDecorator@@CA?AVDName@@XZ 00000001400325e0 f   LIBCMTD:undname.obj
 0001:000317b0       ?getDataIndirectType@UnDecorator@@CA?AVDName@@AEBV2@PEBD0H@Z 00000001400327b0 f   LIBCMTD:undname.obj
 0001:00032120       ?getDataIndirectType@UnDecorator@@CA?AVDName@@XZ 0000000140033120 f i LIBCMTD:undname.obj
 0001:00032180       ?getDataType@UnDecorator@@CA?AVDName@@PEAV2@@Z 0000000140033180 f   LIBCMTD:undname.obj
 0001:00032310       ?getDecoratedName@UnDecorator@@CA?AVDName@@XZ 0000000140033310 f   LIBCMTD:undname.obj
 0001:00032710       ?getDimension@UnDecorator@@CA?AVDName@@_N@Z 0000000140033710 f   LIBCMTD:undname.obj
 0001:00032a70       ?getDispatchTarget@UnDecorator@@CA?AVDName@@XZ 0000000140033a70 f   LIBCMTD:undname.obj
 0001:00032b40       ?getDisplacement@UnDecorator@@CA?AVDName@@XZ 0000000140033b40 f i LIBCMTD:undname.obj
 0001:00032b60       ?getECSUDataType@UnDecorator@@CA?AVDName@@XZ 0000000140033b60 f   LIBCMTD:undname.obj
 0001:00032da0       ?getECSUName@UnDecorator@@CA?AVDName@@XZ 0000000140033da0 f i LIBCMTD:undname.obj
 0001:00032dc0       ?getEnumType@UnDecorator@@CA?AVDName@@XZ 0000000140033dc0 f i LIBCMTD:undname.obj
 0001:00032f40       ?getExtendedDataIndirectType@UnDecorator@@CA?AVDName@@AEAPEBDAEA_NH@Z 0000000140033f40 f   LIBCMTD:undname.obj
 0001:00033260       ?getExternalDataType@UnDecorator@@CA?AVDName@@AEBV2@@Z 0000000140034260 f i LIBCMTD:undname.obj
 0001:00033330       ?getFunctionIndirectType@UnDecorator@@CA?AVDName@@AEBV2@@Z 0000000140034330 f   LIBCMTD:undname.obj
 0001:000338b0       ?getGuardNumber@UnDecorator@@CA?AVDName@@XZ 00000001400348b0 f i LIBCMTD:undname.obj
 0001:000338d0       ?getLastChar@DName@@QEBADXZ 00000001400348d0 f i LIBCMTD:undname.obj
 0001:00033910       ?getLastChar@DNameStatusNode@@UEBADXZ 0000000140034910 f i LIBCMTD:undname.obj
 0001:00033950       ?getLastChar@charNode@@UEBADXZ 0000000140034950 f i LIBCMTD:undname.obj
 0001:00033960       ?getLastChar@pDNameNode@@UEBADXZ 0000000140034960 f i LIBCMTD:undname.obj
 0001:000339a0       ?getLastChar@pairNode@@UEBADXZ 00000001400349a0 f i LIBCMTD:undname.obj
 0001:00033a00       ?getLastChar@pcharNode@@UEBADXZ 0000000140034a00 f i LIBCMTD:undname.obj
 0001:00033a40       ?getLexicalFrame@UnDecorator@@CA?AVDName@@XZ 0000000140034a40 f i LIBCMTD:undname.obj
 0001:00033a80       ?getMemory@_HeapManager@@QEAAPEAX_KH@Z 0000000140034a80 f   LIBCMTD:undname.obj
 0001:00033bf0       ?getNumberOfDimensions@UnDecorator@@CAHXZ 0000000140034bf0 f   LIBCMTD:undname.obj
 0001:00033d10       ?getOperatorName@UnDecorator@@CA?AVDName@@_NPEA_N@Z 0000000140034d10 f i LIBCMTD:undname.obj
 0001:000349b0       ?getPointerType@UnDecorator@@CA?AVDName@@AEBV2@0@Z 00000001400359b0 f i LIBCMTD:undname.obj
 0001:00034a00       ?getPointerTypeArray@UnDecorator@@CA?AVDName@@AEBV2@0@Z 0000000140035a00 f i LIBCMTD:undname.obj
 0001:00034a50       ?getPrimaryDataType@UnDecorator@@CA?AVDName@@AEBV2@@Z 0000000140035a50 f   LIBCMTD:undname.obj
 0001:00034ed0       ?getPtrRefDataType@UnDecorator@@CA?AVDName@@AEBV2@H@Z 0000000140035ed0 f i LIBCMTD:undname.obj
 0001:00035050       ?getPtrRefType@UnDecorator@@CA?AVDName@@AEBV2@0PEBD@Z 0000000140036050 f   LIBCMTD:undname.obj
 0001:00035260       ?getReferenceType@UnDecorator@@CA?AVDName@@AEBV2@0PEBD@Z 0000000140036260 f i LIBCMTD:undname.obj
 0001:000352a0       ?getRestrictionSpec@UnDecorator@@CA?AVDName@@XZ 00000001400362a0 f   LIBCMTD:undname.obj
 0001:00035440       ?getReturnType@UnDecorator@@CA?AVDName@@PEAV2@@Z 0000000140036440 f   LIBCMTD:undname.obj
 0001:000354a0       ?getScope@UnDecorator@@CA?AVDName@@XZ 00000001400364a0 f   LIBCMTD:undname.obj
 0001:00035a90       ?getScopedName@UnDecorator@@CA?AVDName@@XZ 0000000140036a90 f   LIBCMTD:undname.obj
 0001:00035c00       ?getSignedDimension@UnDecorator@@CA?AVDName@@XZ 0000000140036c00 f   LIBCMTD:undname.obj
 0001:00035c90       ?getStorageConvention@UnDecorator@@CA?AVDName@@XZ 0000000140036c90 f i LIBCMTD:undname.obj
 0001:00035cb0       ?getString@DName@@QEBAPEADPEAD0@Z 0000000140036cb0 f i LIBCMTD:undname.obj
 0001:00035d00       ?getString@DName@@QEBAPEADPEADH@Z 0000000140036d00 f i LIBCMTD:undname.obj
 0001:00035dc0       ?getString@DNameStatusNode@@UEBAPEADPEAD0@Z 0000000140036dc0 f i LIBCMTD:undname.obj
 0001:00035e10       ?getString@charNode@@UEBAPEADPEAD0@Z 0000000140036e10 f i LIBCMTD:undname.obj
 0001:00035e50       ?getString@pDNameNode@@UEBAPEADPEAD0@Z 0000000140036e50 f i LIBCMTD:undname.obj
 0001:00035eb0       ?getString@pairNode@@UEBAPEADPEAD0@Z 0000000140036eb0 f i LIBCMTD:undname.obj
 0001:00035f30       ?getString@pcharNode@@UEBAPEADPEAD0@Z 0000000140036f30 f i LIBCMTD:undname.obj
 0001:00035f70       ?getStringEncoding@UnDecorator@@CA?AVDName@@PEADH@Z 0000000140036f70 f   LIBCMTD:undname.obj
 0001:000360b0       ?getStringHelper@@YAPEADPEAD00H@Z 00000001400370b0 f i LIBCMTD:undname.obj
 0001:00036120       ?getSymbolName@UnDecorator@@CA?AVDName@@XZ 0000000140037120 f i LIBCMTD:undname.obj
 0001:000361c0       ?getTemplateArgumentList@UnDecorator@@CA?AVDName@@XZ 00000001400371c0 f   LIBCMTD:undname.obj
 0001:000364f0       ?getTemplateConstant@UnDecorator@@CA?AVDName@@XZ 00000001400374f0 f   LIBCMTD:undname.obj
 0001:00036aa0       ?getTemplateName@UnDecorator@@CA?AVDName@@_N@Z 0000000140037aa0 f   LIBCMTD:undname.obj
 0001:00036cf0       ?getThisType@UnDecorator@@CA?AVDName@@XZ 0000000140037cf0 f i LIBCMTD:undname.obj
 0001:00036d50       ?getThrowTypes@UnDecorator@@CA?AVDName@@XZ 0000000140037d50 f   LIBCMTD:undname.obj
 0001:00036e40       ?getTypeEncoding@UnDecorator@@CAHXZ 0000000140037e40 f i LIBCMTD:undname.obj
 0001:000379f0       ?getVCallThunkType@UnDecorator@@CA?AVDName@@XZ 00000001400389f0 f i LIBCMTD:undname.obj
 0001:00037a70       ?getVbTableType@UnDecorator@@CA?AVDName@@AEBV2@@Z 0000000140038a70 f i LIBCMTD:undname.obj
 0001:00037aa0       ?getVdispMapType@UnDecorator@@CA?AVDName@@AEBV2@@Z 0000000140038aa0 f i LIBCMTD:undname.obj
 0001:00037b30       ?getVfTableType@UnDecorator@@CA?AVDName@@AEBV2@@Z 0000000140038b30 f i LIBCMTD:undname.obj
 0001:00037d60       ?getZName@UnDecorator@@CA?AVDName@@_N0@Z 0000000140038d60 f   LIBCMTD:undname.obj
 0001:000380e0       ?haveTemplateParameters@UnDecorator@@SAHXZ 00000001400390e0 f i LIBCMTD:undname.obj
 0001:000380f0       ?isArray@DName@@QEBAHXZ    00000001400390f0 f i LIBCMTD:undname.obj
 0001:00038110       ?isComArray@DName@@QEBAHXZ 0000000140039110 f i LIBCMTD:undname.obj
 0001:00038130       ?isEmpty@DName@@QEBAHXZ    0000000140039130 f i LIBCMTD:undname.obj
 0001:00038160       ?isFull@Replicator@@QEBAHXZ 0000000140039160 f i LIBCMTD:undname.obj
 0001:00038190       ?isNoTE@DName@@QEBAHXZ     0000000140039190 f i LIBCMTD:undname.obj
 0001:000381b0       ?isPinPtr@DName@@QEBAHXZ   00000001400391b0 f i LIBCMTD:undname.obj
 0001:000381d0       ?isPtrRef@DName@@QEBAHXZ   00000001400391d0 f i LIBCMTD:undname.obj
 0001:000381f0       ?isUDC@DName@@QEBAHXZ      00000001400391f0 f i LIBCMTD:undname.obj
 0001:00038240       ?isUDTThunk@DName@@QEBAHXZ 0000000140039240 f i LIBCMTD:undname.obj
 0001:00038290       ?isVCallThunk@DName@@QEBAHXZ 0000000140039290 f i LIBCMTD:undname.obj
 0001:000382b0       ?isValid@DName@@QEBAHXZ    00000001400392b0 f i LIBCMTD:undname.obj
 0001:000382f0       ?length@DName@@QEBAHXZ     00000001400392f0 f i LIBCMTD:undname.obj
 0001:00038330       ?length@DNameStatusNode@@UEBAHXZ 0000000140039330 f i LIBCMTD:undname.obj
 0001:00038340       ?length@charNode@@UEBAHXZ  0000000140039340 f i LIBCMTD:undname.obj
 0001:00038350       ?length@pDNameNode@@UEBAHXZ 0000000140039350 f i LIBCMTD:undname.obj
 0001:00038390       ?length@pairNode@@UEBAHXZ  0000000140039390 f i LIBCMTD:undname.obj
 0001:00038400       ?length@pcharNode@@UEBAHXZ 0000000140039400 f i LIBCMTD:undname.obj
 0001:00038410       ?make@DNameStatusNode@@SAPEAV1@W4DNameStatus@@@Z 0000000140039410 f i LIBCMTD:undname.obj
 0001:000384c0       ?setIsArray@DName@@QEAAXXZ 00000001400394c0 f i LIBCMTD:undname.obj
 0001:000384e0       ?setIsComArray@DName@@QEAAXXZ 00000001400394e0 f i LIBCMTD:undname.obj
 0001:00038500       ?setIsNoTE@DName@@QEAAXXZ  0000000140039500 f i LIBCMTD:undname.obj
 0001:00038520       ?setIsPinPtr@DName@@QEAAXXZ 0000000140039520 f i LIBCMTD:undname.obj
 0001:00038540       ?setIsUDC@DName@@QEAAXXZ   0000000140039540 f i LIBCMTD:undname.obj
 0001:00038570       ?setIsVCallThunk@DName@@QEAAXXZ 0000000140039570 f i LIBCMTD:undname.obj
 0001:00038590       ?setPtrRef@DName@@QEAAAEAV1@XZ 0000000140039590 f i LIBCMTD:undname.obj
 0001:000385b0       ?status@DName@@QEBA?AW4DNameStatus@@XZ 00000001400395b0 f i LIBCMTD:undname.obj
 0001:000386e0       __unDName                  00000001400396e0 f   LIBCMTD:undname.obj
 0001:000387c0       __unDNameEx                00000001400397c0 f   LIBCMTD:undname.obj
 0001:000388a0       ?_inconsistency@@YAXXZ     00000001400398a0 f   LIBCMTD:hooks.obj
 0001:000388d0       ?terminate@@YAXXZ          00000001400398d0 f   LIBCMTD:hooks.obj
 0001:00038900       ?unexpected@@YAXXZ         0000000140039900 f   LIBCMTD:hooks.obj
 0001:00038930       _initp_eh_hooks            0000000140039930 f   LIBCMTD:hooks.obj
 0001:00038960       __onexitinit               0000000140039960 f   LIBCMTD:onexit.obj
 0001:000389d0       _onexit                    00000001400399d0 f   LIBCMTD:onexit.obj
 0001:00038bd0       atexit                     0000000140039bd0 f   LIBCMTD:onexit.obj
 0001:00038c10       _initp_misc_rand_s         0000000140039c10 f   LIBCMTD:rand_s.obj
 0001:00038c30       rand_s                     0000000140039c30 f   LIBCMTD:rand_s.obj
 0001:00038f60       _ftbuf                     0000000140039f60 f   LIBCMTD:_sftbuf.obj
 0001:00039020       _stbuf                     000000014003a020 f   LIBCMTD:_sftbuf.obj
 0001:000392d0       _ismbbalnum                000000014003a2d0 f   LIBCMTD:ismbbyte.obj
 0001:00039300       _ismbbalnum_l              000000014003a300 f   LIBCMTD:ismbbyte.obj
 0001:00039330       _ismbbalpha                000000014003a330 f   LIBCMTD:ismbbyte.obj
 0001:00039360       _ismbbalpha_l              000000014003a360 f   LIBCMTD:ismbbyte.obj
 0001:00039390       _ismbbgraph                000000014003a390 f   LIBCMTD:ismbbyte.obj
 0001:000393c0       _ismbbgraph_l              000000014003a3c0 f   LIBCMTD:ismbbyte.obj
 0001:000393f0       _ismbbkalnum               000000014003a3f0 f   LIBCMTD:ismbbyte.obj
 0001:00039420       _ismbbkalnum_l             000000014003a420 f   LIBCMTD:ismbbyte.obj
 0001:00039450       _ismbbkana                 000000014003a450 f   LIBCMTD:ismbbyte.obj
 0001:00039470       _ismbbkana_l               000000014003a470 f   LIBCMTD:ismbbyte.obj
 0001:00039500       _ismbbkprint               000000014003a500 f   LIBCMTD:ismbbyte.obj
 0001:00039530       _ismbbkprint_l             000000014003a530 f   LIBCMTD:ismbbyte.obj
 0001:00039560       _ismbbkpunct               000000014003a560 f   LIBCMTD:ismbbyte.obj
 0001:00039590       _ismbbkpunct_l             000000014003a590 f   LIBCMTD:ismbbyte.obj
 0001:000395c0       _ismbblead                 000000014003a5c0 f   LIBCMTD:ismbbyte.obj
 0001:000395f0       _ismbblead_l               000000014003a5f0 f   LIBCMTD:ismbbyte.obj
 0001:00039620       _ismbbprint                000000014003a620 f   LIBCMTD:ismbbyte.obj
 0001:00039650       _ismbbprint_l              000000014003a650 f   LIBCMTD:ismbbyte.obj
 0001:00039680       _ismbbpunct                000000014003a680 f   LIBCMTD:ismbbyte.obj
 0001:000396b0       _ismbbpunct_l              000000014003a6b0 f   LIBCMTD:ismbbyte.obj
 0001:000396e0       _ismbbtrail                000000014003a6e0 f   LIBCMTD:ismbbyte.obj
 0001:00039710       _ismbbtrail_l              000000014003a710 f   LIBCMTD:ismbbyte.obj
 0001:00039740       __vswprintf_l              000000014003a740 f   LIBCMTD:vswprint.obj
 0001:00039780       _vscwprintf                000000014003a780 f   LIBCMTD:vswprint.obj
 0001:000397b0       _vscwprintf_helper         000000014003a7b0 f   LIBCMTD:vswprint.obj
 0001:00039900       _vscwprintf_l              000000014003a900 f   LIBCMTD:vswprint.obj
 0001:00039940       _vscwprintf_p              000000014003a940 f   LIBCMTD:vswprint.obj
 0001:00039970       _vscwprintf_p_l            000000014003a970 f   LIBCMTD:vswprint.obj
 0001:000399b0       _vswprintf                 000000014003a9b0 f   LIBCMTD:vswprint.obj
 0001:000399e0       _vswprintf_l               000000014003a9e0 f   LIBCMTD:vswprint.obj
 0001:00039cb0       _vsnwprintf_s              000000014003acb0 f   LIBCMTD:vswprnc.obj
 0001:00039d00       _vsnwprintf_s_l            000000014003ad00 f   LIBCMTD:vswprnc.obj
 0001:0003a2b0       _vswprintf_c               000000014003b2b0 f   LIBCMTD:vswprnc.obj
 0001:0003a320       _vswprintf_c_l             000000014003b320 f   LIBCMTD:vswprnc.obj
 0001:0003a390       _vswprintf_helper          000000014003b390 f   LIBCMTD:vswprnc.obj
 0001:0003a6e0       _vswprintf_p               000000014003b6e0 f   LIBCMTD:vswprnc.obj
 0001:0003a750       _vswprintf_p_l             000000014003b750 f   LIBCMTD:vswprnc.obj
 0001:0003a7c0       _vswprintf_s_l             000000014003b7c0 f   LIBCMTD:vswprnc.obj
 0001:0003ab50       vswprintf_s                000000014003bb50 f   LIBCMTD:vswprnc.obj
 0001:0003ab90       _woutput_l                 000000014003bb90 f   LIBCMTD:woutput.obj
 0001:0003c2f0       strcat_s                   000000014003d2f0 f   LIBCMTD:strcat_s.obj
 0001:0003c900       _i64toa_s                  000000014003d900 f   LIBCMTD:xtoas.obj
 0001:0003c960       _itoa_s                    000000014003d960 f   LIBCMTD:xtoas.obj
 0001:0003c9e0       _ltoa_s                    000000014003d9e0 f   LIBCMTD:xtoas.obj
 0001:0003ca40       _ui64toa_s                 000000014003da40 f   LIBCMTD:xtoas.obj
 0001:0003ca80       _ultoa_s                   000000014003da80 f   LIBCMTD:xtoas.obj
 0001:0003d650       _mbstowcs_l                000000014003e650 f   LIBCMTD:mbstowcs.obj
 0001:0003d690       _mbstowcs_l_helper         000000014003e690 f   LIBCMTD:mbstowcs.obj
 0001:0003dc00       _mbstowcs_s_l              000000014003ec00 f   LIBCMTD:mbstowcs.obj
 0001:0003e190       mbstowcs                   000000014003f190 f   LIBCMTD:mbstowcs.obj
 0001:0003e1f0       mbstowcs_s                 000000014003f1f0 f   LIBCMTD:mbstowcs.obj
 0001:0003e2d0       _wcstombs_l                000000014003f2d0 f   LIBCMTD:wcstombs.obj
 0001:0003e310       _wcstombs_l_helper         000000014003f310 f   LIBCMTD:wcstombs.obj
 0001:0003eb20       _wcstombs_s_l              000000014003fb20 f   LIBCMTD:wcstombs.obj
 0001:0003f020       wcstombs                   0000000140040020 f   LIBCMTD:wcstombs.obj
 0001:0003f050       wcstombs_s                 0000000140040050 f   LIBCMTD:wcstombs.obj
 0001:0003f0a0       _i64tow_s                  00000001400400a0 f   LIBCMTD:xtows.obj
 0001:0003f100       _itow_s                    0000000140040100 f   LIBCMTD:xtows.obj
 0001:0003f180       _ltow_s                    0000000140040180 f   LIBCMTD:xtows.obj
 0001:0003f1e0       _ui64tow_s                 00000001400401e0 f   LIBCMTD:xtows.obj
 0001:0003f220       _ultow_s                   0000000140040220 f   LIBCMTD:xtows.obj
 0001:0003fe30       __GSHandlerCheck_SEH       0000000140040e30 f   LIBCMTD:gshandlerseh.obj
 0001:0003fef0       __free_lconv_mon           0000000140040ef0 f   LIBCMTD:initmon.obj
 0001:00040100       __init_monetary            0000000140041100 f   LIBCMTD:initmon.obj
 0001:000409d0       __free_lconv_num           00000001400419d0 f   LIBCMTD:initnum.obj
 0001:00040ab0       __init_numeric             0000000140041ab0 f   LIBCMTD:initnum.obj
 0001:00041020       __free_lc_time             0000000140042020 f   LIBCMTD:inittime.obj
 0001:00041a80       __init_time                0000000140042a80 f   LIBCMTD:inittime.obj
 0001:000431f0       localeconv                 00000001400441f0 f   LIBCMTD:lconv.obj
 0001:000436d0       __crtLCMapStringA          00000001400446d0 f   LIBCMTD:a_map.obj
 0001:00043900       __crtGetStringTypeA        0000000140044900 f   LIBCMTD:a_str.obj
 0001:00043a20       ?_ExecutionInCatch@@YAHPEAU_xDISPATCHER_CONTEXT@@PEBU_s_FuncInfo@@@Z 0000000140044a20 f   LIBCMTD:trnsctrl.obj
 0001:00043a70       ?_GetEstablisherFrame@@YAPEA_KPEA_KPEAU_xDISPATCHER_CONTEXT@@PEBU_s_FuncInfo@@0@Z 0000000140044a70 f   LIBCMTD:trnsctrl.obj
 0001:00043be0       ?_GetRangeOfTrysToCheck@@YAPEBU_s_TryBlockMapEntry@@PEA_KPEBU_s_FuncInfo@@HHPEAI2PEAU_xDISPATCHER_CONTEXT@@@Z 0000000140044be0 f   LIBCMTD:trnsctrl.obj
 0001:00043e00       ?__FrameUnwindToEmptyState@@YAXPEA_KPEAU_xDISPATCHER_CONTEXT@@PEBU_s_FuncInfo@@@Z 0000000140044e00 f   LIBCMTD:trnsctrl.obj
 0001:00043ea0       ?__SehTransFilter@@YAHPEAU_EXCEPTION_POINTERS@@PEAUEHExceptionRecord@@PEA_KPEAU_CONTEXT@@PEAU_xDISPATCHER_CONTEXT@@PEBU_s_FuncInfo@@PEAH@Z 0000000140044ea0 f   LIBCMTD:trnsctrl.obj
 0001:00043f60       _CallSETranslator          0000000140044f60 f   LIBCMTD:trnsctrl.obj
 0001:00043fe0       _CreateFrameInfo           0000000140044fe0 f   LIBCMTD:trnsctrl.obj
 0001:00044060       _FindAndUnlinkFrame        0000000140045060 f   LIBCMTD:trnsctrl.obj
 0001:000440f0       _GetImageBase              00000001400450f0 f   LIBCMTD:trnsctrl.obj
 0001:00044110       _GetThrowImageBase         0000000140045110 f   LIBCMTD:trnsctrl.obj
 0001:00044130       _IsExceptionObjectToBeDestroyed 0000000140045130 f   LIBCMTD:trnsctrl.obj
 0001:00044190       _MoveContext               0000000140045190 f   LIBCMTD:trnsctrl.obj
 0001:000441c0       _SetImageBase              00000001400451c0 f   LIBCMTD:trnsctrl.obj
 0001:000441e0       _SetThrowImageBase         00000001400451e0 f   LIBCMTD:trnsctrl.obj
 0001:00044200       _UnwindNestedFrames        0000000140045200 f   LIBCMTD:trnsctrl.obj
 0001:00044370       __CxxFrameHandler          0000000140045370 f   LIBCMTD:trnsctrl.obj
 0001:00044430       __CxxFrameHandler2         0000000140045430 f   LIBCMTD:trnsctrl.obj
 0001:00044470       __CxxFrameHandler3         0000000140045470 f   LIBCMTD:trnsctrl.obj
 0001:00044530       _iswctype_l                0000000140045530 f   LIBCMTD:iswctype.obj
 0001:00044560       is_wctype                  0000000140045560 f   LIBCMTD:iswctype.obj
 0001:00044590       iswctype                   0000000140045590 f   LIBCMTD:iswctype.obj
 0001:00044610       _vprintf_l                 0000000140045610 f   LIBCMTD:vprintf.obj
 0001:00044650       _vprintf_p                 0000000140045650 f   LIBCMTD:vprintf.obj
 0001:00044680       _vprintf_p_l               0000000140045680 f   LIBCMTD:vprintf.obj
 0001:000446c0       _vprintf_s_l               00000001400456c0 f   LIBCMTD:vprintf.obj
 0001:00044700       vprintf                    0000000140045700 f   LIBCMTD:vprintf.obj
 0001:00044730       vprintf_helper             0000000140045730 f   LIBCMTD:vprintf.obj
 0001:00044860       vprintf_s                  0000000140045860 f   LIBCMTD:vprintf.obj
 0001:00044890       ___lc_codepage_func        0000000140045890 f   LIBCMTD:initctyp.obj
 0001:000448f0       ___lc_collate_cp_func      00000001400458f0 f   LIBCMTD:initctyp.obj
 0001:00044950       ___lc_locale_name_func     0000000140045950 f   LIBCMTD:initctyp.obj
 0001:000449b0       ___mb_cur_max_func         00000001400459b0 f   LIBCMTD:initctyp.obj
 0001:00044a10       ___mb_cur_max_l_func       0000000140045a10 f   LIBCMTD:initctyp.obj
 0001:00044a50       __init_ctype               0000000140045a50 f   LIBCMTD:initctyp.obj
 0001:00045330       __pctype_func              0000000140046330 f   LIBCMTD:ctype.obj
 0001:00045390       __pwctype_func             0000000140046390 f   LIBCMTD:ctype.obj
 0001:000453a0       _fptrap                    00000001400463a0 f   LIBCMTD:crt0fp.obj
 0001:000453c0       __init_dummy               00000001400463c0 f   LIBCMTD:wsetloca.obj
 0001:000453d0       _locterm                   00000001400463d0 f   LIBCMTD:wsetloca.obj
 0001:00045420       ___setlc_active_func       0000000140046420 f   LIBCMTD:wsetloca.obj
 0001:00045430       ___unguarded_readlc_active_add_func 0000000140046430 f   LIBCMTD:wsetloca.obj
 0001:00045440       __copy_locale_name         0000000140046440 f   LIBCMTD:wsetloca.obj
 0001:00045510       __create_locale            0000000140046510 f   LIBCMTD:wsetloca.obj
 0001:00045530       __free_locale              0000000140046530 f   LIBCMTD:wsetloca.obj
 0001:00045550       __get_current_locale       0000000140046550 f   LIBCMTD:wsetloca.obj
 0001:00045560       __lc_lctowcs               0000000140046560 f   LIBCMTD:wsetloca.obj
 0001:00045650       __lc_wcstolc               0000000140046650 f   LIBCMTD:wsetloca.obj
 0001:00045910       _configthreadlocale        0000000140046910 f   LIBCMTD:wsetloca.obj
 0001:00045ad0       _create_locale             0000000140046ad0 f   LIBCMTD:wsetloca.obj
 0001:00045b70       _expandlocale              0000000140046b70 f   LIBCMTD:wsetloca.obj
 0001:000460e0       _free_locale               00000001400470e0 f   LIBCMTD:wsetloca.obj
 0001:000461d0       _get_current_locale        00000001400471d0 f   LIBCMTD:wsetloca.obj
 0001:000462b0       _wcreate_locale            00000001400472b0 f   LIBCMTD:wsetloca.obj
 0001:000464e0       _wcscats                   00000001400474e0 f   LIBCMTD:wsetloca.obj
 0001:00046590       _wsetlocale                0000000140047590 f   LIBCMTD:wsetloca.obj
 0001:000478a0       _fclose_nolock             00000001400488a0 f   LIBCMTD:fclose.obj
 0001:000479f0       fclose                     00000001400489f0 f   LIBCMTD:fclose.obj
 0001:00047c10       _wopen                     0000000140048c10 f   LIBCMTD:wopen.obj
 0001:00047de0       _wsopen                    0000000140048de0 f   LIBCMTD:wopen.obj
 0001:00047e90       _wsopen_helper             0000000140048e90 f   LIBCMTD:wopen.obj
 0001:000481c0       _wsopen_nolock             00000001400491c0 f   LIBCMTD:wopen.obj
 0001:00049680       _wsopen_s                  000000014004a680 f   LIBCMTD:wopen.obj
 0001:000496e0       strncmp                    000000014004a6e0 f   LIBCMTD:strncmp.obj
 0001:00049760       __ascii_strnicmp           000000014004a760 f   LIBCMTD:strnicmp.obj
 0001:00049840       _strnicmp                  000000014004a840 f   LIBCMTD:strnicmp.obj
 0001:00049a90       _strnicmp_l                000000014004aa90 f   LIBCMTD:strnicmp.obj
 0001:00049e40       __termconout               000000014004ae40 f   LIBCMTD:initcon.obj
 0001:00049e70       __initconout               000000014004ae70 f   LIBCMTD:initcon.obj
 0001:00049ec0       malloc                     000000014004aec0 f   LIBCMTD:dbgmalloc.obj
 0001:00049f00       _atoi64                    000000014004af00 f   LIBCMTD:atox.obj
 0001:00049f20       _atoi64_l                  000000014004af20 f   LIBCMTD:atox.obj
 0001:00049f50       _atoi_l                    000000014004af50 f   LIBCMTD:atox.obj
 0001:00049f80       _atol_l                    000000014004af80 f   LIBCMTD:atox.obj
 0001:00049fb0       atoi                       000000014004afb0 f   LIBCMTD:atox.obj
 0001:00049fd0       atol                       000000014004afd0 f   LIBCMTD:atox.obj
 0001:00049ff0       _validate_param_reuseW     000000014004aff0 f   LIBCMTD:woutputp.obj
 0001:0004a360       _woutput_p_l               000000014004b360 f   LIBCMTD:woutputp.obj
 0001:0004e520       _woutput_s_l               000000014004f520 f   LIBCMTD:woutputs.obj
 0001:0004fe30       _fputwc_nolock             0000000140050e30 f   LIBCMTD:fputwc.obj
 0001:00050290       fputwc                     0000000140051290 f   LIBCMTD:fputwc.obj
 0001:00050390       putwc                      0000000140051390 f   LIBCMTD:fputwc.obj
 0001:000503c0       __DestructExceptionObject  00000001400513c0 f   LIBCMTD:frame.obj
 0001:000504b0       ??0bad_exception@std@@QEAA@AEBV01@@Z 00000001400514b0 f i LIBCMTD:frame.obj
 0001:000504f0       ??0bad_exception@std@@QEAA@PEBD@Z 00000001400514f0 f i LIBCMTD:frame.obj
 0001:00050530       ??1bad_exception@std@@UEAA@XZ 0000000140051530 f i LIBCMTD:frame.obj
 0001:00050560       ??_Gbad_exception@std@@UEAAPEAXI@Z 0000000140051560 f i LIBCMTD:frame.obj
 0001:00050560       ??_Ebad_exception@std@@UEAAPEAXI@Z 0000000140051560 f i LIBCMTD:frame.obj
 0001:00051530       ?__uncaught_exception@@YA_NXZ 0000000140052530 f   LIBCMTD:frame.obj
 0001:00051560       ?_is_exception_typeof@@YAHAEBVtype_info@@PEAU_EXCEPTION_POINTERS@@@Z 0000000140052560 f   LIBCMTD:frame.obj
 0001:000516b0       __AdjustPointer            00000001400526b0 f   LIBCMTD:frame.obj
 0001:00051730       __BuildCatchObject         0000000140052730 f   LIBCMTD:frame.obj
 0001:00051870       __BuildCatchObjectHelper   0000000140052870 f   LIBCMTD:frame.obj
 0001:00051c00       __CxxCallCatchBlock        0000000140052c00 f   LIBCMTD:frame.obj
[...]
 0003:00001530       __lconv_static_decimal     000000014008d530     LIBCMTD:lconv.obj
 0003:00001534       __lconv_static_W_decimal   000000014008d534     LIBCMTD:lconv.obj
 0003:00001538       __lconv                    000000014008d538     LIBCMTD:lconv.obj
 0003:00001540       __lconv_c                  000000014008d540     LIBCMTD:lconv.obj
 0003:000015d8       _pctype                    000000014008d5d8     LIBCMTD:ctype.obj
 0003:000015e0       _pwctype                   000000014008d5e0     LIBCMTD:ctype.obj
 0003:000015f0       _confh                     000000014008d5f0     LIBCMTD:initcon.obj
 0003:000015f8       ??_R0?AVbad_exception@std@@@8 000000014008d5f8     LIBCMTD:frame.obj
 0003:00001620       ??_R0?AVexception@std@@@8  000000014008d620     LIBCMTD:frame.obj
 0003:00001650       ??_R0?AVbad_cast@std@@@8   000000014008d650     LIBCMTD:stdexcpt.obj
 0003:00001678       ??_R0?AVbad_typeid@std@@@8 000000014008d678     LIBCMTD:stdexcpt.obj
 0003:000016a0       ??_R0?AV__non_rtti_object@std@@@8 000000014008d6a0     LIBCMTD:stdexcpt.obj
 0003:00001c60       __@@_PchSym_@00@UfhvihUibzmUwvhpglkUtvmvhrhUozfmxsvihUdrmwldhUcGEUwvyftUzoosvzwOlyq@185311A76E589F 000000014008dc60     allhead.obj
 0003:00003a90       ?hInst@@3PEAUHINSTANCE__@@EA 000000014008fa90     Launcher.obj
 0003:00003a98       ?hWnd@@3PEAUHWND__@@EA     000000014008fa98     Launcher.obj
 0003:00003aa0       ?szTitle@@3PADA            000000014008faa0     Launcher.obj
 0003:00003b04       ?engineState@@3W4engine_state_e@@A 000000014008fb04     Launcher.obj
 0003:00003b08       ?engineMutex@@3PEAXEA      000000014008fb08     Launcher.obj
 0003:00003b10       ?szWindowClass@@3PADA      000000014008fb10     Launcher.obj
 0003:00004a70       _aenvptr                   0000000140090a70     LIBCMTD:wincrt0.obj
 0003:00004a78       _wenvptr                   0000000140090a78     LIBCMTD:wincrt0.obj
 0003:00004a80       __pInvalidArgHandler       0000000140090a80     LIBCMTD:invarg.obj
 0003:00004a88       __crtDebugCheckCount       0000000140090a88     LIBCMTD:dbgheap.obj
 0003:00004a90       ?_pfnDumpClient@@3P6AXPEAX_K@ZEA 0000000140090a90     LIBCMTD:dbgheap.obj
 0003:00004ac8       __favor                    0000000140090ac8     LIBCMTD:cpu_disp.obj
 0003:00004acc       _cflush                    0000000140090acc     LIBCMTD:_file.obj
 0003:00004ad0       __ioInitOnce               0000000140090ad0     LIBCMTD:ioinit.obj
 0003:00004ae0       __app_type                 0000000140090ae0     LIBCMTD:crt0msg.obj
 0003:00005118       __pPurecall                0000000140091118     LIBCMTD:inithelp.obj
 0003:00005130       _umaskval                  0000000140091130     LIBCMTD:crt0dat.obj
 0003:00005134       _exitflag                  0000000140091134     LIBCMTD:crt0dat.obj
 0003:00005138       _C_Termination_Done        0000000140091138     LIBCMTD:crt0dat.obj
 0003:0000513c       _C_Exit_Done               000000014009113c     LIBCMTD:crt0dat.obj
 0003:00005140       __winitenv                 0000000140091140     LIBCMTD:crt0dat.obj
 0003:00005148       __initenv                  0000000140091148     LIBCMTD:crt0dat.obj
 0003:00005154       __argc                     0000000140091154     LIBCMTD:crt0dat.obj
 0003:00005158       __argv                     0000000140091158     LIBCMTD:crt0dat.obj
 0003:00005160       __wargv                    0000000140091160     LIBCMTD:crt0dat.obj
 0003:00005168       _environ                   0000000140091168     LIBCMTD:crt0dat.obj
 0003:00005170       _wenviron                  0000000140091170     LIBCMTD:crt0dat.obj
 0003:00005178       _pgmptr                    0000000140091178     LIBCMTD:crt0dat.obj
 0003:00005180       _wpgmptr                   0000000140091180     LIBCMTD:crt0dat.obj
 0003:00005188       _crtheap                   0000000140091188     LIBCMTD:heapinit.obj
 0003:00005298       __error_mode               0000000140091298     LIBCMTD:errmode.obj
 0003:00005ac8       __mblocalename             0000000140091ac8     LIBCMTD:mbctype.obj
 0003:00005ad0       __mbcodepage               0000000140091ad0     LIBCMTD:mbctype.obj
 0003:00005ad4       __ismbcodepage             0000000140091ad4     LIBCMTD:mbctype.obj
 0003:00005ad8       __mbulinfo                 0000000140091ad8     LIBCMTD:mbctype.obj
 0003:00005af0       ?_pnhHeap@@3P6AH_K@ZEA     0000000140091af0     LIBCMTD:handler.obj
 0003:00005af8       _newmode                   0000000140091af8     LIBCMTD:_newmode.obj
 0003:00005afc       _commode                   0000000140091afc     LIBCMTD:ncommode.obj
 0003:00005b00       ?pArgList@UnDecorator@@0PEAVReplicator@@EA 0000000140091b00     LIBCMTD:undname.obj
 0003:00005b08       ?pZNameList@UnDecorator@@0PEAVReplicator@@EA 0000000140091b08     LIBCMTD:undname.obj
 0003:00005b10       ?pTemplateArgList@UnDecorator@@0PEAVReplicator@@EA 0000000140091b10     LIBCMTD:undname.obj
 0003:00005b18       ?gName@UnDecorator@@0PEBDEB 0000000140091b18     LIBCMTD:undname.obj
 0003:00005b20       ?name@UnDecorator@@0PEBDEB 0000000140091b20     LIBCMTD:undname.obj
 0003:00005b28       ?outputString@UnDecorator@@0PEADEA 0000000140091b28     LIBCMTD:undname.obj
 0003:00005b30       ?maxStringLength@UnDecorator@@0HA 0000000140091b30     LIBCMTD:undname.obj
 0003:00005b34       ?disableFlags@UnDecorator@@0KA 0000000140091b34     LIBCMTD:undname.obj
 0003:00005b38       ?fExplicitTemplateParams@UnDecorator@@0_NA 0000000140091b38     LIBCMTD:undname.obj
 0003:00005b39       ?fGetTemplateArgumentList@UnDecorator@@0_NA 0000000140091b39     LIBCMTD:undname.obj
 0003:00005b40       ?m_pGetParameter@UnDecorator@@0P6APEADJ@ZEA 0000000140091b40     LIBCMTD:undname.obj
 0003:00005bc0       ?nodes@?1??make@DNameStatusNode@@SAPEAV2@W4DNameStatus@@@Z@4PAV2@A 0000000140091bc0     LIBCMTD:undname.obj
 0003:00005c00       ??_B?1??make@DNameStatusNode@@SAPEAV1@W4DNameStatus@@@Z@51 0000000140091c00     LIBCMTD:undname.obj
 0003:00005c08       ?__pInconsistency@@3P6AXXZEA 0000000140091c08     LIBCMTD:hooks.obj
 0003:00005c18       _stdbuf                    0000000140091c18     LIBCMTD:_sftbuf.obj
 0003:00005c28       __lconv_static_null        0000000140091c28     LIBCMTD:lconv.obj
 0003:00005c2c       __lconv_static_W_null      0000000140091c2c     LIBCMTD:lconv.obj
 0003:00005c30       __locale_changed           0000000140091c30     LIBCMTD:wsetloca.obj
 0003:00005c34       _fmode                     0000000140091c34     LIBCMTD:txtmode.obj
 0003:00005c38       __unguarded_readlc_active  0000000140091c38     <common>
 0003:00005c48       __setlc_active             0000000140091c48     <common>
 0003:00005c50       _pReportHookListW          0000000140091c50     <common>
 0003:00005c68       _pReportHookList           0000000140091c68     <common>
 0003:00005c70       _pfnReportHook             0000000140091c70     <common>
 0003:00005c78       _debugger_hook_dummy       0000000140091c78     <common>
 0003:00005c88       __dyn_tls_init_callback    0000000140091c88     <common>
 0003:00005ca0       __onexitend                0000000140091ca0     <common>
 0003:00005ca8       __onexitbegin              0000000140091ca8     <common>
 0003:00005cb0       _FPinit                    0000000140091cb0     <common>
 0003:00005cb8       __mbctype_initialized      0000000140091cb8     <common>
 0003:00005cbc       __env_initialized          0000000140091cbc     <common>
 0003:00005cc0       _nhandle                   0000000140091cc0     <common>
 0003:00005d40       __pioinfo                  0000000140091d40     <common>
 0003:00005f40       _bufin                     0000000140091f40     <common>
 0003:00007280       __piob                     0000000140093280     <common>
 0003:00007288       _nstream                   0000000140093288     <common>
 0003:00007290       _acmdln                    0000000140093290     <common>
 0005:00000000       __IMPORT_DESCRIPTOR_utilities 0000000140098000     utilities:utilities.dll
 0005:00000014       __IMPORT_DESCRIPTOR_KERNEL32 0000000140098014     kernel32:KERNEL32.dll
 0005:00000028       __IMPORT_DESCRIPTOR_USER32 0000000140098028     user32:USER32.dll
 0005:0000003c       __NULL_IMPORT_DESCRIPTOR   000000014009803c     utilities:utilities.dll
 0005:000005d8       __imp_GetFileType          00000001400985d8     kernel32:KERNEL32.dll
 0005:000005e0       __imp_RaiseException       00000001400985e0     kernel32:KERNEL32.dll
 0005:000005e8       __imp_RtlPcToFileHeader    00000001400985e8     kernel32:KERNEL32.dll
 0005:000005f0       __imp_CreateFileW          00000001400985f0     kernel32:KERNEL32.dll
 0005:000005f8       __imp_GetStringTypeW       00000001400985f8     kernel32:KERNEL32.dll
 0005:00000600       __imp_EnumSystemLocalesEx  0000000140098600     kernel32:KERNEL32.dll
 0005:00000608       __imp_IsValidLocaleName    0000000140098608     kernel32:KERNEL32.dll
 0005:00000610       __imp_LCMapStringEx        0000000140098610     kernel32:KERNEL32.dll
 0005:00000618       __imp_GetUserDefaultLocaleName 0000000140098618     kernel32:KERNEL32.dll
 0005:00000620       __imp_FreeLibrary          0000000140098620     kernel32:KERNEL32.dll
 0005:00000628       __imp_LoadLibraryA         0000000140098628     kernel32:KERNEL32.dll
 0005:00000630       __imp_CloseHandle          0000000140098630     kernel32:KERNEL32.dll
 0005:00000638       __imp_ReleaseMutex         0000000140098638     kernel32:KERNEL32.dll
 0005:00000640       __imp_WaitForSingleObject  0000000140098640     kernel32:KERNEL32.dll
 0005:00000648       __imp_CreateMutexA         0000000140098648     kernel32:KERNEL32.dll
 0005:00000650       __imp_ExitProcess          0000000140098650     kernel32:KERNEL32.dll
 0005:00000658       __imp_CreateThread         0000000140098658     kernel32:KERNEL32.dll
 0005:00000660       __imp_GetExitCodeThread    0000000140098660     kernel32:KERNEL32.dll
 0005:00000668       __imp_GetLocaleInfoEx      0000000140098668     kernel32:KERNEL32.dll
 0005:00000670       __imp_CompareStringEx      0000000140098670     kernel32:KERNEL32.dll
 0005:00000678       __imp_GetDateFormatEx      0000000140098678     kernel32:KERNEL32.dll
 0005:00000680       __imp_GetTimeFormatEx      0000000140098680     kernel32:KERNEL32.dll
 0005:00000688       __imp_FlushFileBuffers     0000000140098688     kernel32:KERNEL32.dll
 0005:00000690       __imp_SetStdHandle         0000000140098690     kernel32:KERNEL32.dll
 0005:00000698       __imp_HeapAlloc            0000000140098698     kernel32:KERNEL32.dll
 0005:000006a0       __imp_HeapQueryInformation 00000001400986a0     kernel32:KERNEL32.dll
 0005:000006a8       __imp_HeapReAlloc          00000001400986a8     kernel32:KERNEL32.dll
 0005:000006b0       __imp_HeapFree             00000001400986b0     kernel32:KERNEL32.dll
 0005:000006b8       __imp_GetCPInfo            00000001400986b8     kernel32:KERNEL32.dll
 0005:000006c0       __imp_GetOEMCP             00000001400986c0     kernel32:KERNEL32.dll
 0005:000006c8       __imp_GetACP               00000001400986c8     kernel32:KERNEL32.dll
 0005:000006d0       __imp_IsValidCodePage      00000001400986d0     kernel32:KERNEL32.dll
 0005:000006d8       __imp_WriteConsoleW        00000001400986d8     kernel32:KERNEL32.dll
 0005:000006e0       __imp_OutputDebugStringA   00000001400986e0     kernel32:KERNEL32.dll
 0005:000006e8       __imp_LoadLibraryW         00000001400986e8     kernel32:KERNEL32.dll
 0005:000006f0       __imp_LoadLibraryExW       00000001400986f0     kernel32:KERNEL32.dll
 0005:000006f8       __imp_WaitForSingleObjectEx 00000001400986f8     kernel32:KERNEL32.dll
 0005:00000700       __imp_OutputDebugStringW   0000000140098700     kernel32:KERNEL32.dll
 0005:00000708       __imp_SetConsoleCtrlHandler 0000000140098708     kernel32:KERNEL32.dll
 0005:00000710       __imp_ReadFile             0000000140098710     kernel32:KERNEL32.dll
 0005:00000718       __imp_EncodePointer        0000000140098718     kernel32:KERNEL32.dll
 0005:00000720       __imp_DecodePointer        0000000140098720     kernel32:KERNEL32.dll
 0005:00000728       __imp_GetCommandLineA      0000000140098728     kernel32:KERNEL32.dll
 0005:00000730       __imp_IsDebuggerPresent    0000000140098730     kernel32:KERNEL32.dll
 0005:00000738       __imp_IsProcessorFeaturePresent 0000000140098738     kernel32:KERNEL32.dll
 0005:00000740       __imp_GetModuleFileNameW   0000000140098740     kernel32:KERNEL32.dll
 0005:00000748       __imp_GetModuleHandleExW   0000000140098748     kernel32:KERNEL32.dll
 0005:00000750       __imp_HeapSize             0000000140098750     kernel32:KERNEL32.dll
 0005:00000758       __imp_HeapValidate         0000000140098758     kernel32:KERNEL32.dll
 0005:00000760       __imp_GetSystemInfo        0000000140098760     kernel32:KERNEL32.dll
 0005:00000768       __imp_EnterCriticalSection 0000000140098768     kernel32:KERNEL32.dll
 0005:00000770       __imp_LeaveCriticalSection 0000000140098770     kernel32:KERNEL32.dll
 0005:00000778       __imp_InitializeCriticalSectionAndSpinCount 0000000140098778     kernel32:KERNEL32.dll
 0005:00000780       __imp_RtlUnwindEx          0000000140098780     kernel32:KERNEL32.dll
 0005:00000788       __imp_GetLastError         0000000140098788     kernel32:KERNEL32.dll
 0005:00000790       __imp_MultiByteToWideChar  0000000140098790     kernel32:KERNEL32.dll
 0005:00000798       __imp_GetConsoleMode       0000000140098798     kernel32:KERNEL32.dll
 0005:000007a0       __imp_ReadConsoleW         00000001400987a0     kernel32:KERNEL32.dll
 0005:000007a8       __imp_SetFilePointer       00000001400987a8     kernel32:KERNEL32.dll
 0005:000007b0       __imp_SetFilePointerEx     00000001400987b0     kernel32:KERNEL32.dll
 0005:000007b8       __imp_GetStdHandle         00000001400987b8     kernel32:KERNEL32.dll
 0005:000007c0       __imp_SetEndOfFile         00000001400987c0     kernel32:KERNEL32.dll
 0005:000007c8       __imp_DeleteCriticalSection 00000001400987c8     kernel32:KERNEL32.dll
 0005:000007d0       __imp_InitOnceExecuteOnce  00000001400987d0     kernel32:KERNEL32.dll
 0005:000007d8       __imp_GetStartupInfoW      00000001400987d8     kernel32:KERNEL32.dll
 0005:000007e0       __imp_WriteFile            00000001400987e0     kernel32:KERNEL32.dll
 0005:000007e8       __imp_WideCharToMultiByte  00000001400987e8     kernel32:KERNEL32.dll
 0005:000007f0       __imp_GetConsoleCP         00000001400987f0     kernel32:KERNEL32.dll
 0005:000007f8       __imp_SetLastError         00000001400987f8     kernel32:KERNEL32.dll
 0005:00000800       __imp_GetCurrentThread     0000000140098800     kernel32:KERNEL32.dll
 0005:00000808       __imp_GetCurrentThreadId   0000000140098808     kernel32:KERNEL32.dll
 0005:00000810       __imp_GetProcAddress       0000000140098810     kernel32:KERNEL32.dll
 0005:00000818       __imp_AreFileApisANSI      0000000140098818     kernel32:KERNEL32.dll
 0005:00000820       __imp_GetProcessHeap       0000000140098820     kernel32:KERNEL32.dll
 0005:00000828       __imp_GetModuleFileNameA   0000000140098828     kernel32:KERNEL32.dll
 0005:00000830       __imp_QueryPerformanceCounter 0000000140098830     kernel32:KERNEL32.dll
 0005:00000838       __imp_GetSystemTimeAsFileTime 0000000140098838     kernel32:KERNEL32.dll
 0005:00000840       __imp_GetTickCount64       0000000140098840     kernel32:KERNEL32.dll
 0005:00000848       __imp_GetEnvironmentStringsW 0000000140098848     kernel32:KERNEL32.dll
 0005:00000850       __imp_FreeEnvironmentStringsW 0000000140098850     kernel32:KERNEL32.dll
 0005:00000858       __imp_RtlCaptureContext    0000000140098858     kernel32:KERNEL32.dll
 0005:00000860       __imp_RtlLookupFunctionEntry 0000000140098860     kernel32:KERNEL32.dll
 0005:00000868       __imp_RtlVirtualUnwind     0000000140098868     kernel32:KERNEL32.dll
 0005:00000870       __imp_UnhandledExceptionFilter 0000000140098870     kernel32:KERNEL32.dll
 0005:00000878       __imp_SetUnhandledExceptionFilter 0000000140098878     kernel32:KERNEL32.dll
 0005:00000880       __imp_FlsAlloc             0000000140098880     kernel32:KERNEL32.dll
 0005:00000888       __imp_FlsGetValue          0000000140098888     kernel32:KERNEL32.dll
 0005:00000890       __imp_FlsSetValue          0000000140098890     kernel32:KERNEL32.dll
 0005:00000898       __imp_FlsFree              0000000140098898     kernel32:KERNEL32.dll
 0005:000008a0       __imp_GetCurrentProcess    00000001400988a0     kernel32:KERNEL32.dll
 0005:000008a8       __imp_TerminateProcess     00000001400988a8     kernel32:KERNEL32.dll
 0005:000008b0       __imp_GetModuleHandleW     00000001400988b0     kernel32:KERNEL32.dll
 0005:000008b8       __imp_FatalAppExitA        00000001400988b8     kernel32:KERNEL32.dll
 0005:000008c0       \177KERNEL32_NULL_THUNK_DATA 00000001400988c0     kernel32:KERNEL32.dll
 0005:000009a8       __imp_LoadIconA            00000001400989a8     user32:USER32.dll
 0005:000009b0       __imp_LoadCursorA          00000001400989b0     user32:USER32.dll
 0005:000009b8       __imp_EndPaint             00000001400989b8     user32:USER32.dll
 0005:000009c0       __imp_BeginPaint           00000001400989c0     user32:USER32.dll
 0005:000009c8       __imp_UpdateWindow         00000001400989c8     user32:USER32.dll
 0005:000009d0       __imp_TranslateAcceleratorA 00000001400989d0     user32:USER32.dll
 0005:000009d8       __imp_LoadAcceleratorsA    00000001400989d8     user32:USER32.dll
 0005:000009e0       __imp_EndDialog            00000001400989e0     user32:USER32.dll
 0005:000009e8       __imp_DialogBoxParamA      00000001400989e8     user32:USER32.dll
 0005:000009f0       __imp_ShowWindow           00000001400989f0     user32:USER32.dll
 0005:000009f8       __imp_DestroyWindow        00000001400989f8     user32:USER32.dll
 0005:00000a00       __imp_CreateWindowExA      0000000140098a00     user32:USER32.dll
 0005:00000a08       __imp_RegisterClassExA     0000000140098a08     user32:USER32.dll
 0005:00000a10       __imp_DefWindowProcA       0000000140098a10     user32:USER32.dll
 0005:00000a18       __imp_DispatchMessageA     0000000140098a18     user32:USER32.dll
 0005:00000a20       __imp_TranslateMessage     0000000140098a20     user32:USER32.dll
 0005:00000a28       __imp_GetMessageA          0000000140098a28     user32:USER32.dll
 0005:00000a30       __imp_LoadStringA          0000000140098a30     user32:USER32.dll
 0005:00000a38       __imp_GetActiveWindow      0000000140098a38     user32:USER32.dll
 0005:00000a40       __imp_MessageBoxA          0000000140098a40     user32:USER32.dll
 0005:00000a48       \177USER32_NULL_THUNK_DATA 0000000140098a48     user32:USER32.dll
 0005:00000ac0       __imp_GetMemoryPool        0000000140098ac0     utilities:utilities.dll
 0005:00000ac8       __imp_GetInterfaceRegistration 0000000140098ac8     utilities:utilities.dll
 0005:00000ad0       __imp_?ReleaseAllInterfacePointers@InterfaceRegistration@@QEAAXXZ 0000000140098ad0     utilities:utilities.dll
 0005:00000ad8       __imp_?ReleaseInterfacePointer@InterfaceRegistration@@QEAAXPEBDPEAX@Z 0000000140098ad8     utilities:utilities.dll
 0005:00000ae0       __imp_?GetInterface@InterfaceRegistration@@QEAAPEAXPEBDH@Z 0000000140098ae0     utilities:utilities.dll
 0005:00000ae8       __imp_??0InterfaceElement@@QEAA@P6APEAXXZP6AXPEAX@ZPEBDH_N@Z 0000000140098ae8     utilities:utilities.dll
 0005:00000af0       __imp_Warning              0000000140098af0     utilities:utilities.dll
 0005:00000af8       __imp_Msg                  0000000140098af8     utilities:utilities.dll
 0005:00000b00       \177utilities_NULL_THUNK_DATA 0000000140098b00     utilities:utilities.dll

 entry point at        0001:000063c0

