 genesis

 Timestamp is 52f742db (Sun Feb 09 00:56:59 2014)

 Preferred load address is 0000000140000000

 Start         Length     Name                   Class
 0001:00000000 0006e8d7H .text                   CODE
 0001:0006e8e0 000023f9H .text$x                 CODE
 0001:00070ce0 000010d4H .text$yc                CODE
 0002:00000000 00000109H .CRT$XCA                DATA
 0002:00000110 0000012cH .CRT$XCU                DATA
 0002:00000240 00000109H .CRT$XCZ                DATA
 0002:00000350 00000109H .CRT$XIA                DATA
 0002:00000460 00000126H .CRT$XIC                DATA
 0002:00000588 00000109H .CRT$XIY                DATA
 0002:00000698 00000109H .CRT$XIZ                DATA
 0002:000007a8 00000109H .CRT$XPA                DATA
 0002:000008b8 00000113H .CRT$XPX                DATA
 0002:000009d0 00000109H .CRT$XPXA               DATA
 0002:00000ae0 00000109H .CRT$XPZ                DATA
 0002:00000bf0 00000109H .CRT$XTA                DATA
 0002:00000d00 00000109H .CRT$XTZ                DATA
 0002:00000e10 00010853H .rdata                  DATA
 0002:00011664 00000186H .rdata$debug            DATA
 0002:000117f0 00000938H .rdata$r                DATA
 0002:00012128 00000109H .rtc$IAA                DATA
 0002:00012238 00000109H .rtc$IZZ                DATA
 0002:00012348 00000109H .rtc$TAA                DATA
 0002:00012458 00000109H .rtc$TZZ                DATA
 0002:00012568 000030f4H .xdata                  DATA
 0002:00015660 0000019eH .xdata$x                DATA
 0002:000157fe 00000000H .edata                  DATA
 0003:00000000 00001be8H .data                   DATA
 0003:00001c00 000047c0H .bss                    DATA
 0004:00000000 00002e8cH .pdata                  DATA
 0005:00000000 0000003cH .idata$2                DATA
 0005:0000003c 00000014H .idata$3                DATA
 0005:00000050 00000550H .idata$4                DATA
 0005:000005a0 00000550H .idata$5                DATA
 0005:00000af0 00000a50H .idata$6                DATA
 0006:00000000 00000400H .rsrc$01                DATA
 0006:00000400 00001f56H .rsrc$02                DATA

  Address         Publics by Value              Rva+Base               Lib:Object

 0000:00000000       ___safe_se_handler_table   0000000000000000     <absolute>
 0000:00000000       ___safe_se_handler_count   0000000000000000     <absolute>
 0000:00000000       __ImageBase                0000000140000000     <linker-defined>
 0001:000001f0       ?Initialize@CPlatform@@UEAAXXZ 00000001400011f0 f   CPlatform_win.obj
 0001:00000200       ?Shutdown@CPlatform@@UEAAXXZ 0000000140001200 f   CPlatform_win.obj
 0001:00000210       ?GetKeyState@CPlatform@@UEBA_ND@Z 0000000140001210 f   CPlatform_win.obj
 0001:00000280       ?GetMouseState@CPlatform@@UEBA_N_N@Z 0000000140001280 f   CPlatform_win.obj
 0001:000002f0       ?GetWindowHandle@CPlatform@@UEBAPEAUHWND__@@PEBD@Z 00000001400012f0 f   CPlatform_win.obj
 0001:00000310       ?SetActiveWindow@CPlatform@@UEBAXPEAUHWND__@@@Z 0000000140001310 f   CPlatform_win.obj
 0001:00000330       ?GetWindowSizePixels@CPlatform@@UEBAXAEAI0@Z 0000000140001330 f   CPlatform_win.obj
 0001:00000350       ?GetWindowSize@CPlatform@@UEBAXAEAI0@Z 0000000140001350 f   CPlatform_win.obj
 0001:00000370       ?ActivateGraphicsContext@CPlatform@@UEBAXXZ 0000000140001370 f   CPlatform_win.obj
 0001:00000380       ?SwapGraphicsContextBuffers@CPlatform@@UEBAXXZ 0000000140001380 f   CPlatform_win.obj
 0001:00000390       ?GetAbsoluteApplicationPath@CPlatform@@UEBAPEBDXZ 0000000140001390 f   CPlatform_win.obj
 0001:00000400       ?FileOpen@CPlatform@@UEBAPEAU_iobuf@@PEBD0@Z 0000000140001400 f   CPlatform_win.obj
 0001:00000430       ?FileRead@CPlatform@@UEBA_KPEAX_K1PEAU_iobuf@@@Z 0000000140001430 f   CPlatform_win.obj
 0001:00000470       ?FileWrite@CPlatform@@UEBA_KPEBX_K1PEAU_iobuf@@@Z 0000000140001470 f   CPlatform_win.obj
 0001:000004b0       ?GetFileSize@CPlatform@@UEBA_KPEAU_iobuf@@@Z 00000001400014b0 f   CPlatform_win.obj
 0001:000006d0       ?c99_snprintf@@YAHPEAD_KPEBDZZ 00000001400016d0 f i CPlatform_win.obj
 0001:00000740       ?c99_vsnprintf@@YAHPEAD_KPEBD0@Z 0000000140001740 f i CPlatform_win.obj
 0001:000007e0       WinMain                    00000001400017e0 f   Launcher.obj
 0001:000009e0       ?GetPlatform@@YAPEAVIPlatform@@XZ 00000001400019e0 f   Launcher.obj
 0001:00000ac0       ?EngineThread@@YAKPEAX@Z   0000000140001ac0 f   Launcher.obj
 0001:00000b10       ?MyRegisterClass@@YAGPEAUHINSTANCE__@@@Z 0000000140001b10 f   Launcher.obj
 0001:00000bd0       ?InitInstance@@YAHPEAUHINSTANCE__@@H@Z 0000000140001bd0 f   Launcher.obj
 0001:00000c90       ?WndProc@@YA_JPEAUHWND__@@I_K_J@Z 0000000140001c90 f   Launcher.obj
 0001:00000e00       ?About@@YA_JPEAUHWND__@@I_K_J@Z 0000000140001e00 f   Launcher.obj
 0001:00000ea0       ?_interfaceg_platformfunc@@YAPEAXXZ 0000000140001ea0 f   Launcher.obj
 0001:00001060       ??0CPlatform@@QEAA@XZ      0000000140002060 f i Launcher.obj
 0001:000010a0       ??0IPlatform@@QEAA@XZ      00000001400020a0 f i Launcher.obj
 0001:000010c0       ??0InterfaceElement@@QEAA@P6APEAXXZP6AXPEAX@ZPEBDH_N@Z 00000001400020c0 f   utilities:utilities.dll
 0001:000010c6       Msg                        00000001400020c6 f   utilities:utilities.dll
 0001:000010cc       Warning                    00000001400020cc f   utilities:utilities.dll
 0001:000010d2       CloseHandle                00000001400020d2 f   kernel32:KERNEL32.dll
 0001:000010d8       ReleaseMutex               00000001400020d8 f   kernel32:KERNEL32.dll
 0001:000010de       WaitForSingleObject        00000001400020de f   kernel32:KERNEL32.dll
 0001:000010e4       CreateMutexA               00000001400020e4 f   kernel32:KERNEL32.dll
 0001:000010ea       ExitProcess                00000001400020ea f   kernel32:KERNEL32.dll
 0001:000010f0       CreateThread               00000001400020f0 f   kernel32:KERNEL32.dll
 0001:000010f6       GetActiveWindow            00000001400020f6 f   user32:USER32.dll
 0001:000010fc       MessageBoxA                00000001400020fc f   user32:USER32.dll
 0001:00001102       LoadStringA                0000000140002102 f   user32:USER32.dll
 0001:00001108       GetMessageA                0000000140002108 f   user32:USER32.dll
 0001:0000110e       TranslateMessage           000000014000210e f   user32:USER32.dll
 0001:00001114       DispatchMessageA           0000000140002114 f   user32:USER32.dll
 0001:0000111a       DefWindowProcA             000000014000211a f   user32:USER32.dll
 0001:00001120       PostQuitMessage            0000000140002120 f   user32:USER32.dll
 0001:00001126       RegisterClassExA           0000000140002126 f   user32:USER32.dll
 0001:0000112c       CreateWindowExA            000000014000212c f   user32:USER32.dll
 0001:00001132       DestroyWindow              0000000140002132 f   user32:USER32.dll
 0001:00001138       ShowWindow                 0000000140002138 f   user32:USER32.dll
 0001:0000113e       DialogBoxParamA            000000014000213e f   user32:USER32.dll
 0001:00001144       EndDialog                  0000000140002144 f   user32:USER32.dll
 0001:0000114a       LoadAcceleratorsA          000000014000214a f   user32:USER32.dll
 0001:00001150       TranslateAcceleratorA      0000000140002150 f   user32:USER32.dll
 0001:00001156       UpdateWindow               0000000140002156 f   user32:USER32.dll
 0001:0000115c       BeginPaint                 000000014000215c f   user32:USER32.dll
 0001:00001162       EndPaint                   0000000140002162 f   user32:USER32.dll
 0001:00001168       LoadCursorA                0000000140002168 f   user32:USER32.dll
 0001:0000116e       LoadIconA                  000000014000216e f   user32:USER32.dll
 0001:00001180       fgetpos                    0000000140002180 f   LIBCMTD:fgetpos.obj
 0001:00001310       _fsopen                    0000000140002310 f   LIBCMTD:fopen.obj
 0001:000015d0       fopen                      00000001400025d0 f   LIBCMTD:fopen.obj
 0001:00001600       fopen_s                    0000000140002600 f   LIBCMTD:fopen.obj
 0001:000016f0       _fread_nolock              00000001400026f0 f   LIBCMTD:fread.obj
 0001:00001740       _fread_nolock_s            0000000140002740 f   LIBCMTD:fread.obj
 0001:00002090       fread                      0000000140003090 f   LIBCMTD:fread.obj
 0001:000020e0       fread_s                    00000001400030e0 f   LIBCMTD:fread.obj
 0001:00002230       fsetpos                    0000000140003230 f   LIBCMTD:fsetpos.obj
 0001:000023b0       _fseek_nolock              00000001400033b0 f   LIBCMTD:fseek.obj
 0001:000024d0       fseek                      00000001400034d0 f   LIBCMTD:fseek.obj
 0001:00002680       _ftell_nolock              0000000140003680 f   LIBCMTD:ftell.obj
 0001:00002d40       ftell                      0000000140003d40 f   LIBCMTD:ftell.obj
 0001:00002e20       _fwrite_nolock             0000000140003e20 f   LIBCMTD:fwrite.obj
 0001:00003470       fwrite                     0000000140004470 f   LIBCMTD:fwrite.obj
 0001:00003580       _vsnprintf_c               0000000140004580 f   LIBCMTD:vsnprnc.obj
 0001:000035f0       _vsnprintf_c_l             00000001400045f0 f   LIBCMTD:vsnprnc.obj
 0001:00003660       _vsnprintf_helper          0000000140004660 f   LIBCMTD:vsnprnc.obj
 0001:00003940       _vsnprintf_s               0000000140004940 f   LIBCMTD:vsnprnc.obj
 0001:00003990       _vsnprintf_s_l             0000000140004990 f   LIBCMTD:vsnprnc.obj
 0001:00003f30       _vsprintf_p                0000000140004f30 f   LIBCMTD:vsnprnc.obj
 0001:00003fa0       _vsprintf_p_l              0000000140004fa0 f   LIBCMTD:vsnprnc.obj
 0001:00004010       _vsprintf_s_l              0000000140005010 f   LIBCMTD:vsnprnc.obj
 0001:000043a0       vsprintf_s                 00000001400053a0 f   LIBCMTD:vsnprnc.obj
 0001:000043e0       _vscprintf                 00000001400053e0 f   LIBCMTD:vsprintf.obj
 0001:00004410       _vscprintf_helper          0000000140005410 f   LIBCMTD:vsprintf.obj
 0001:00004560       _vscprintf_l               0000000140005560 f   LIBCMTD:vsprintf.obj
 0001:000045a0       _vscprintf_p               00000001400055a0 f   LIBCMTD:vsprintf.obj
 0001:000045d0       _vscprintf_p_l             00000001400055d0 f   LIBCMTD:vsprintf.obj
 0001:00004610       _vsprintf_l                0000000140005610 f   LIBCMTD:vsprintf.obj
 0001:00004880       vsprintf                   0000000140005880 f   LIBCMTD:vsprintf.obj
 0001:000048b0       __copy_path_to_wide_string 00000001400058b0 f   LIBCMTD:crt0dat.obj
 0001:00004b30       __crtCorExitProcess        0000000140005b30 f   LIBCMTD:crt0dat.obj
 0001:00004b80       __crtExitProcess           0000000140005b80 f   LIBCMTD:crt0dat.obj
 0001:00004ba0       __freeCrtMemory            0000000140005ba0 f   LIBCMTD:crt0dat.obj
 0001:00004dc0       _amsg_exit                 0000000140005dc0 f   LIBCMTD:crt0dat.obj
 0001:00004df0       _c_exit                    0000000140005df0 f   LIBCMTD:crt0dat.obj
 0001:00004e10       _cexit                     0000000140005e10 f   LIBCMTD:crt0dat.obj
 0001:00004e30       _cinit                     0000000140005e30 f   LIBCMTD:crt0dat.obj
 0001:00004ee0       _exit                      0000000140005ee0 f   LIBCMTD:crt0dat.obj
 0001:00004f00       _get_pgmptr                0000000140005f00 f   LIBCMTD:crt0dat.obj
 0001:00005070       _get_wpgmptr               0000000140006070 f   LIBCMTD:crt0dat.obj
 0001:000051e0       _init_pointers             00000001400061e0 f   LIBCMTD:crt0dat.obj
 0001:00005290       _initterm_e                0000000140006290 f   LIBCMTD:crt0dat.obj
 0001:000052f0       _lockexit                  00000001400062f0 f   LIBCMTD:crt0dat.obj
 0001:00005310       _unlockexit                0000000140006310 f   LIBCMTD:crt0dat.obj
 0001:00005540       exit                       0000000140006540 f   LIBCMTD:crt0dat.obj
 0001:00005560       _get_purecall_handler      0000000140006560 f   LIBCMTD:purevirt.obj
 0001:00005580       _purecall                  0000000140006580 f   LIBCMTD:purevirt.obj
 0001:000055d0       _set_purecall_handler      00000001400065d0 f   LIBCMTD:purevirt.obj
 0001:00005610       _get_printf_count_output   0000000140006610 f   LIBCMTD:printf.obj
 0001:00005640       _printf_l                  0000000140006640 f   LIBCMTD:printf.obj
 0001:00005680       _printf_p                  0000000140006680 f   LIBCMTD:printf.obj
 0001:000056c0       _printf_p_l                00000001400066c0 f   LIBCMTD:printf.obj
 0001:00005700       _printf_s_l                0000000140006700 f   LIBCMTD:printf.obj
 0001:00005740       _set_printf_count_output   0000000140006740 f   LIBCMTD:printf.obj
 0001:000057b0       printf                     00000001400067b0 f   LIBCMTD:printf.obj
 0001:00005930       printf_s                   0000000140006930 f   LIBCMTD:printf.obj
 0001:00005970       ??0type_info@@AEAA@AEBV0@@Z 0000000140006970 f   LIBCMTD:typinfo.obj
 0001:00005990       ??1type_info@@UEAA@XZ      0000000140006990 f   LIBCMTD:typinfo.obj
 0001:000059c0       ??4type_info@@AEAAAEAV0@AEBV0@@Z 00000001400069c0 f   LIBCMTD:typinfo.obj
 0001:000059d0       ??8type_info@@QEBA_NAEBV0@@Z 00000001400069d0 f   LIBCMTD:typinfo.obj
 0001:00005a20       ??9type_info@@QEBA_NAEBV0@@Z 0000000140006a20 f   LIBCMTD:typinfo.obj
 0001:00005a70       ??_Gtype_info@@UEAAPEAXI@Z 0000000140006a70 f i LIBCMTD:typinfo.obj
 0001:00005a70       ??_Etype_info@@UEAAPEAXI@Z 0000000140006a70 f i LIBCMTD:typinfo.obj
 0001:00005ab0       ?_name_internal_method@type_info@@QEBAPEBDPEAU__type_info_node@@@Z 0000000140006ab0 f   LIBCMTD:typinfo.obj
 0001:00005ae0       ?_type_info_dtor_internal_method@type_info@@QEAAXXZ 0000000140006ae0 f   LIBCMTD:typinfo.obj
 0001:00005b00       ?before@type_info@@QEBA_NAEBV1@@Z 0000000140006b00 f   LIBCMTD:typinfo.obj
 0001:00005b50       ?name@type_info@@QEBAPEBDPEAU__type_info_node@@@Z 0000000140006b50 f   LIBCMTD:typinfo.obj
 0001:00005b80       ?raw_name@type_info@@QEBAPEBDXZ 0000000140006b80 f   LIBCMTD:typinfo.obj
 0001:00005b90       WinMainCRTStartup          0000000140006b90 f   LIBCMTD:wincrt0.obj
 0001:00005dc0       ?_invalid_parameter@@YAXPEBG00I_K@Z 0000000140006dc0 f   LIBCMTD:invarg.obj
 0001:00005e00       ?_invoke_watson@@YAXPEBG00I_K@Z 0000000140006e00 f   LIBCMTD:invarg.obj
 0001:00005e40       _call_reportfault          0000000140006e40 f   LIBCMTD:invarg.obj
 0001:00005f70       _get_invalid_parameter_handler 0000000140006f70 f   LIBCMTD:invarg.obj
 0001:00005fb0       _initp_misc_invarg         0000000140006fb0 f   LIBCMTD:invarg.obj
 0001:00005fd0       _invalid_parameter         0000000140006fd0 f   LIBCMTD:invarg.obj
 0001:00006060       _invoke_watson             0000000140007060 f   LIBCMTD:invarg.obj
 0001:000060c0       _set_invalid_parameter_handler 00000001400070c0 f   LIBCMTD:invarg.obj
 0001:00006120       _ftelli64                  0000000140007120 f   LIBCMTD:ftelli64.obj
 0001:00006210       _ftelli64_nolock           0000000140007210 f   LIBCMTD:ftelli64.obj
 0001:000068b0       ?_CrtDbgReportW@@YAHHPEBGH00ZZ 00000001400078b0 f   LIBCMTD:dbgrptw.obj
 0001:00006930       _CrtDbgReportW             0000000140007930 f   LIBCMTD:dbgrptw.obj
 0001:000069b0       _CrtDbgReportWV            00000001400079b0 f i LIBCMTD:dbgrptw.obj
 0001:00006a10       _CrtSetReportHookW2        0000000140007a10 f   LIBCMTD:dbgrptw.obj
 0001:00006e20       __crtMessageWindowW        0000000140007e20 f   LIBCMTD:dbgrptw.obj
 0001:000074a0       _invoke_watson_if_error    00000001400084a0 f i LIBCMTD:dbgrptw.obj
 0001:000074f0       _invoke_watson_if_oneof    00000001400084f0 f i LIBCMTD:dbgrptw.obj
 0001:00007560       __doserrno                 0000000140008560 f   LIBCMTD:dosmap.obj
 0001:00007590       _dosmaperr                 0000000140008590 f   LIBCMTD:dosmap.obj
 0001:000075c0       _errno                     00000001400085c0 f   LIBCMTD:dosmap.obj
 0001:000075f0       _get_doserrno              00000001400085f0 f   LIBCMTD:dosmap.obj
 0001:000076b0       _get_errno                 00000001400086b0 f   LIBCMTD:dosmap.obj
 0001:00007770       _get_errno_from_oserr      0000000140008770 f   LIBCMTD:dosmap.obj
 0001:00007800       _set_doserrno              0000000140008800 f   LIBCMTD:dosmap.obj
 0001:00007840       _set_errno                 0000000140008840 f   LIBCMTD:dosmap.obj
 0001:00007880       __initstdio                0000000140008880 f   LIBCMTD:_file.obj
 0001:00007980       __endstdio                 0000000140008980 f   LIBCMTD:_file.obj
 0001:000079c0       __iob_func                 00000001400089c0 f   LIBCMTD:_file.obj
 0001:000079d0       _lock_file                 00000001400089d0 f   LIBCMTD:_file.obj
 0001:00007a60       _lock_file2                0000000140008a60 f   LIBCMTD:_file.obj
 0001:00007ab0       _unlock_file               0000000140008ab0 f   LIBCMTD:_file.obj
 0001:00007b40       _unlock_file2              0000000140008b40 f   LIBCMTD:_file.obj
 0001:00007b90       _getstream                 0000000140008b90 f   LIBCMTD:stream.obj
 0001:00007dd0       _openfile                  0000000140008dd0 f   LIBCMTD:_open.obj
 0001:000088a0       __C_specific_handler       00000001400098a0 f   LIBCMTD:chandler.obj
 0001:00008cd0       _local_unwind              0000000140009cd0 f   LIBCMTD:jmpuwind.obj
 0001:00008d00       _NLG_Notify                0000000140009d00 f   LIBCMTD:jmpuwind.obj
 0001:00008d20       __NLG_Dispatch2            0000000140009d20 f   LIBCMTD:jmpuwind.obj
 0001:00008d30       __NLG_Return2              0000000140009d30 f   LIBCMTD:jmpuwind.obj
 0001:00008d40       _filbuf                    0000000140009d40 f   LIBCMTD:_filbuf.obj
 0001:00009070       _fileno                    000000014000a070 f   LIBCMTD:fileno.obj
 0001:00009130       memcpy_s                   000000014000a130 f   LIBCMTD:memcpy_s.obj
 0001:000093b0       memset                     000000014000a3b0 f   LIBCMTD:memset.obj
 0001:000094c0       _read                      000000014000a4c0 f   LIBCMTD:read.obj
 0001:00009820       _read_nolock               000000014000a820 f   LIBCMTD:read.obj
 0001:0000b390       _fseeki64                  000000014000c390 f   LIBCMTD:fseeki64.obj
 0001:0000b540       _fseeki64_nolock           000000014000c540 f   LIBCMTD:fseeki64.obj
 0001:0000b6c0       _lseek                     000000014000c6c0 f   LIBCMTD:lseek.obj
 0001:0000b970       _lseek_nolock              000000014000c970 f   LIBCMTD:lseek.obj
 0001:0000baa0       _fflush_nolock             000000014000caa0 f   LIBCMTD:fflush.obj
 0001:0000bb20       _flush                     000000014000cb20 f   LIBCMTD:fflush.obj
 0001:0000bc10       _flushall                  000000014000cc10 f   LIBCMTD:fflush.obj
 0001:0000bc30       fflush                     000000014000cc30 f   LIBCMTD:fflush.obj
 0001:0000bdf0       _lseeki64                  000000014000cdf0 f   LIBCMTD:lseeki64.obj
 0001:0000c0b0       _lseeki64_nolock           000000014000d0b0 f   LIBCMTD:lseeki64.obj
 0001:0000c1d0       __GSHandlerCheck           000000014000d1d0 f   LIBCMTD:gshandler.obj
 0001:0000c210       __GSHandlerCheckCommon     000000014000d210 f   LIBCMTD:gshandler.obj
 0001:0000c320       __chkstk                   000000014000d320 f   LIBCMTD:chkstk.obj
 0001:0000c320       _alloca_probe              000000014000d320     LIBCMTD:chkstk.obj
 0001:0000c380       __security_check_cookie    000000014000d380 f   LIBCMTD:amdsecgs.obj
 0001:0000c3a0       _ioinit                    000000014000d3a0 f   LIBCMTD:ioinit.obj
 0001:0000c3d0       _ioinit0                   000000014000d3d0 f   LIBCMTD:ioinit.obj
 0001:0000c400       _ioinitCallback            000000014000d400 f   LIBCMTD:ioinit.obj
 0001:0000ca20       _ioterm                    000000014000da20 f   LIBCMTD:ioinit.obj
 0001:0000cb00       _flsbuf                    000000014000db00 f   LIBCMTD:_flsbuf.obj
 0001:0000cec0       memmove                    000000014000dec0     LIBCMTD:memcpy.obj
 0001:0000cec0       memcpy                     000000014000dec0 f   LIBCMTD:memcpy.obj
 0001:0000d3b0       _write                     000000014000e3b0 f   LIBCMTD:write.obj
 0001:0000d660       _write_nolock              000000014000e660 f   LIBCMTD:write.obj
 0001:0000e830       vsnprintf                  000000014000f830 f   LIBCMTD:vsnprint.obj
 0001:0000e830       _vsnprintf                 000000014000f830 f   LIBCMTD:vsnprint.obj
 0001:0000e870       _vsnprintf_l               000000014000f870 f   LIBCMTD:vsnprint.obj
 0001:0000eb10       ??0_LocaleUpdate@@QEAA@PEAUlocaleinfo_struct@@@Z 000000014000fb10 f i LIBCMTD:output.obj
 0001:0000ec50       ??1_LocaleUpdate@@QEAA@XZ  000000014000fc50 f i LIBCMTD:output.obj
 0001:0000ec90       ?GetLocaleT@_LocaleUpdate@@QEAAPEAUlocaleinfo_struct@@XZ 000000014000fc90 f i LIBCMTD:output.obj
 0001:0000eca0       _output_l                  000000014000fca0 f   LIBCMTD:output.obj
 0001:000104c0       get_int64_arg              00000001400114c0 f i LIBCMTD:output.obj
 0001:00010530       get_int_arg                0000000140011530 f i LIBCMTD:output.obj
 0001:00010590       get_short_arg              0000000140011590 f i LIBCMTD:output.obj
 0001:00010830       _output_s_l                0000000140011830 f   LIBCMTD:outputs.obj
 0001:00012430       _output_p_l                0000000140013430 f   LIBCMTD:outputp.obj
 0001:00016930       _validate_param_reuseA     0000000140017930 f   LIBCMTD:outputp.obj
 0001:00016ca0       get_crtdouble_arg          0000000140017ca0 f i LIBCMTD:outputp.obj
 0001:00017470       _CrtCheckMemory            0000000140018470 f   LIBCMTD:dbgheap.obj
 0001:00017a10       _CrtDoForAllClientObjects  0000000140018a10 f   LIBCMTD:dbgheap.obj
 0001:00017b40       _CrtDumpMemoryLeaks        0000000140018b40 f   LIBCMTD:dbgheap.obj
 0001:00017c00       _CrtGetAllocHook           0000000140018c00 f   LIBCMTD:dbgheap.obj
 0001:00017c10       _CrtGetCheckCount          0000000140018c10 f   LIBCMTD:dbgheap.obj
 0001:00017c20       _CrtGetDumpClient          0000000140018c20 f   LIBCMTD:dbgheap.obj
 0001:00017c30       _CrtIsMemoryBlock          0000000140018c30 f   LIBCMTD:dbgheap.obj
 0001:00017db0       _CrtIsValidHeapPointer     0000000140018db0 f   LIBCMTD:dbgheap.obj
 0001:00017e10       _CrtIsValidPointer         0000000140018e10 f   LIBCMTD:dbgheap.obj
 0001:00017e50       _CrtMemCheckpoint          0000000140018e50 f   LIBCMTD:dbgheap.obj
 0001:000180e0       _CrtMemDifference          00000001400190e0 f   LIBCMTD:dbgheap.obj
 0001:00018410       _CrtMemDumpAllObjectsSince 0000000140019410 f   LIBCMTD:dbgheap.obj
 0001:00018460       _CrtMemDumpStatistics      0000000140019460 f   LIBCMTD:dbgheap.obj
 0001:000185f0       _CrtReportBlockType        00000001400195f0 f   LIBCMTD:dbgheap.obj
 0001:00018630       _CrtSetAllocHook           0000000140019630 f   LIBCMTD:dbgheap.obj
 0001:00018660       _CrtSetBreakAlloc          0000000140019660 f   LIBCMTD:dbgheap.obj
 0001:00018690       _CrtSetCheckCount          0000000140019690 f   LIBCMTD:dbgheap.obj
 0001:000186b0       _CrtSetDbgBlockType        00000001400196b0 f   LIBCMTD:dbgheap.obj
 0001:00018780       _CrtSetDbgFlag             0000000140019780 f   LIBCMTD:dbgheap.obj
 0001:000188c0       _CrtSetDebugFillThreshold  00000001400198c0 f   LIBCMTD:dbgheap.obj
 0001:000188f0       _CrtSetDumpClient          00000001400198f0 f   LIBCMTD:dbgheap.obj
 0001:00018920       _aligned_free              0000000140019920 f   LIBCMTD:dbgheap.obj
 0001:00018940       _aligned_free_dbg          0000000140019940 f   LIBCMTD:dbgheap.obj
 0001:00018a30       _aligned_malloc            0000000140019a30 f   LIBCMTD:dbgheap.obj
 0001:00018a60       _aligned_malloc_dbg        0000000140019a60 f   LIBCMTD:dbgheap.obj
 0001:00018aa0       _aligned_msize             0000000140019aa0 f   LIBCMTD:dbgheap.obj
 0001:00018ad0       _aligned_msize_dbg         0000000140019ad0 f   LIBCMTD:dbgheap.obj
 0001:00018c90       _aligned_offset_malloc     0000000140019c90 f   LIBCMTD:dbgheap.obj
 0001:00018cd0       _aligned_offset_malloc_dbg 0000000140019cd0 f   LIBCMTD:dbgheap.obj
 0001:00018fb0       _aligned_offset_realloc    0000000140019fb0 f   LIBCMTD:dbgheap.obj
 0001:00019000       _aligned_offset_realloc_dbg 000000014001a000 f   LIBCMTD:dbgheap.obj
 0001:000194a0       _aligned_offset_recalloc   000000014001a4a0 f   LIBCMTD:dbgheap.obj
 0001:00019500       _aligned_offset_recalloc_dbg 000000014001a500 f   LIBCMTD:dbgheap.obj
 0001:00019620       _aligned_realloc           000000014001a620 f   LIBCMTD:dbgheap.obj
 0001:00019660       _aligned_realloc_dbg       000000014001a660 f   LIBCMTD:dbgheap.obj
 0001:000196b0       _aligned_recalloc          000000014001a6b0 f   LIBCMTD:dbgheap.obj
 0001:00019700       _aligned_recalloc_dbg      000000014001a700 f   LIBCMTD:dbgheap.obj
 0001:00019760       _calloc_dbg                000000014001a760 f   LIBCMTD:dbgheap.obj
 0001:000197e0       _calloc_dbg_impl           000000014001a7e0 f   LIBCMTD:dbgheap.obj
 0001:00019890       _expand                    000000014001a890 f   LIBCMTD:dbgheap.obj
 0001:000198d0       _expand_dbg                000000014001a8d0 f   LIBCMTD:dbgheap.obj
 0001:000199f0       _free_dbg                  000000014001a9f0 f   LIBCMTD:dbgheap.obj
 0001:00019a30       _free_dbg_nolock           000000014001aa30 f   LIBCMTD:dbgheap.obj
 0001:0001a120       _free_nolock               000000014001b120 f   LIBCMTD:dbgheap.obj
 0001:0001a140       _heap_alloc                000000014001b140 f   LIBCMTD:dbgheap.obj
 0001:0001a170       _heap_alloc_dbg            000000014001b170 f   LIBCMTD:dbgheap.obj
 0001:0001a690       _malloc_dbg                000000014001b690 f   LIBCMTD:dbgheap.obj
 0001:0001a6e0       _msize                     000000014001b6e0 f   LIBCMTD:dbgheap.obj
 0001:0001a700       _msize_dbg                 000000014001b700 f   LIBCMTD:dbgheap.obj
 0001:0001a940       _nh_malloc                 000000014001b940 f   LIBCMTD:dbgheap.obj
 0001:0001a980       _nh_malloc_dbg             000000014001b980 f   LIBCMTD:dbgheap.obj
 0001:0001ad20       _realloc_dbg               000000014001bd20 f   LIBCMTD:dbgheap.obj
 0001:0001ad90       _recalloc                  000000014001bd90 f   LIBCMTD:dbgheap.obj
 0001:0001ade0       _recalloc_dbg              000000014001bde0 f   LIBCMTD:dbgheap.obj
 0001:0001b7e0       _RTC_Initialize            000000014001c7e0 f   LIBCMTD:initsect.obj
 0001:0001b820       _RTC_Terminate             000000014001c820 f   LIBCMTD:initsect.obj
 0001:0001b860       _lock                      000000014001c860 f   LIBCMTD:mlock.obj
 0001:0001b8c0       _lockerr_exit              000000014001c8c0 f   LIBCMTD:mlock.obj
 0001:0001b8f0       _mtdeletelocks             000000014001c8f0 f   LIBCMTD:mlock.obj
 0001:0001ba10       _mtinitlocknum             000000014001ca10 f   LIBCMTD:mlock.obj
 0001:0001bb10       _mtinitlocks               000000014001cb10 f   LIBCMTD:mlock.obj
 0001:0001bbb0       _unlock                    000000014001cbb0 f   LIBCMTD:mlock.obj
 0001:0001bc50       __crtCaptureCurrentContext 000000014001cc50 f   LIBCMTD:winapisupp.obj
 0001:0001bcf0       __crtCapturePreviousContext 000000014001ccf0 f   LIBCMTD:winapisupp.obj
 0001:0001bdb0       __crtFlsAlloc              000000014001cdb0 f   LIBCMTD:winapisupp.obj
 0001:0001bdd0       __crtFlsFree               000000014001cdd0 f   LIBCMTD:winapisupp.obj
 0001:0001bdf0       __crtFlsGetValue           000000014001cdf0 f   LIBCMTD:winapisupp.obj
 0001:0001be10       __crtFlsSetValue           000000014001ce10 f   LIBCMTD:winapisupp.obj
 0001:0001be40       __crtGetShowWindowMode     000000014001ce40 f   LIBCMTD:winapisupp.obj
 0001:0001be80       __crtIsPackagedApp         000000014001ce80 f   LIBCMTD:winapisupp.obj
 0001:0001bec0       __crtSetUnhandledExceptionFilter 000000014001cec0 f   LIBCMTD:winapisupp.obj
 0001:0001bee0       __crtTerminateProcess      000000014001cee0 f   LIBCMTD:winapisupp.obj
 0001:0001bf00       __crtUnhandledException    000000014001cf00 f   LIBCMTD:winapisupp.obj
 0001:0001bf30       _FF_MSGBANNER              000000014001cf30 f   LIBCMTD:crt0msg.obj
 0001:0001bf80       _GET_RTERRMSG              000000014001cf80 f   LIBCMTD:crt0msg.obj
 0001:0001bfe0       _NMSG_WRITE                000000014001cfe0 f   LIBCMTD:crt0msg.obj
 0001:0001c410       _FindPESection             000000014001d410 f   LIBCMTD:pesect.obj
 0001:0001c4c0       _IsNonwritableInCurrentImage 000000014001d4c0 f   LIBCMTD:pesect.obj
 0001:0001c550       _ValidateImageBase         000000014001d550 f   LIBCMTD:pesect.obj
 0001:0001c5d0       __onexitinit               000000014001d5d0 f   LIBCMTD:onexit.obj
 0001:0001c640       _onexit                    000000014001d640 f   LIBCMTD:onexit.obj
 0001:0001c840       atexit                     000000014001d840 f   LIBCMTD:onexit.obj
 0001:0001c880       _initp_misc_cfltcvt_tab    000000014001d880 f   LIBCMTD:cmiscdat.obj
 0001:0001c8d0       ?_inconsistency@@YAXXZ     000000014001d8d0 f   LIBCMTD:hooks.obj
 0001:0001c900       ?terminate@@YAXXZ          000000014001d900 f   LIBCMTD:hooks.obj
 0001:0001c930       ?unexpected@@YAXXZ         000000014001d930 f   LIBCMTD:hooks.obj
 0001:0001c960       _initp_eh_hooks            000000014001d960 f   LIBCMTD:hooks.obj
 0001:0001c990       ?_query_new_handler@@YAP6AH_K@ZXZ 000000014001d990 f   LIBCMTD:handler.obj
 0001:0001c9b0       ?_set_new_handler@@YAP6AH_K@ZH@Z 000000014001d9b0 f   LIBCMTD:handler.obj
 0001:0001ca10       ?_set_new_handler@@YAP6AH_K@ZP6AH0@Z@Z 000000014001da10 f   LIBCMTD:handler.obj
 0001:0001ca60       _callnewh                  000000014001da60 f   LIBCMTD:handler.obj
 0001:0001caa0       _initp_heap_handler        000000014001daa0 f   LIBCMTD:handler.obj
 0001:0001cac0       __getlocaleinfo            000000014001dac0 f   LIBCMTD:inithelp.obj
 0001:0001ce40       _initp_misc_purevirt       000000014001de40 f   LIBCMTD:inithelp.obj
 0001:0001ce60       _initp_misc_rand_s         000000014001de60 f   LIBCMTD:rand_s.obj
 0001:0001ce80       rand_s                     000000014001de80 f   LIBCMTD:rand_s.obj
 0001:0001d1b0       __fpecode                  000000014001e1b0 f   LIBCMTD:winsig.obj
 0001:0001d1d0       __get_sigabrt              000000014001e1d0 f   LIBCMTD:winsig.obj
 0001:0001d1f0       __pxcptinfoptrs            000000014001e1f0 f   LIBCMTD:winsig.obj
 0001:0001d210       _initp_misc_winsig         000000014001e210 f   LIBCMTD:winsig.obj
 0001:0001d310       raise                      000000014001e310 f   LIBCMTD:winsig.obj
 0001:0001d760       signal                     000000014001e760 f   LIBCMTD:winsig.obj
 0001:0001dba0       __initmbctable             000000014001eba0 f   LIBCMTD:mbctype.obj
 0001:0001e230       __updatetmbcinfo           000000014001f230 f   LIBCMTD:mbctype.obj
 0001:0001e330       _getmbcp                   000000014001f330 f   LIBCMTD:mbctype.obj
 0001:0001e3b0       _setmbcp                   000000014001f3b0 f   LIBCMTD:mbctype.obj
 0001:0001e6a0       _setmbcp_nolock            000000014001f6a0 f   LIBCMTD:mbctype.obj
 0001:0001eaf0       _ftbuf                     000000014001faf0 f   LIBCMTD:_sftbuf.obj
 0001:0001ebb0       _stbuf                     000000014001fbb0 f   LIBCMTD:_sftbuf.obj
 0001:0001ed90       _set_abort_behavior        000000014001fd90 f   LIBCMTD:abort.obj
 0001:0001edd0       abort                      000000014001fdd0 f   LIBCMTD:abort.obj
 0001:0001ee60       _vprintf_l                 000000014001fe60 f   LIBCMTD:vprintf.obj
 0001:0001eea0       _vprintf_p                 000000014001fea0 f   LIBCMTD:vprintf.obj
 0001:0001eed0       _vprintf_p_l               000000014001fed0 f   LIBCMTD:vprintf.obj
 0001:0001ef10       _vprintf_s_l               000000014001ff10 f   LIBCMTD:vprintf.obj
 0001:0001ef50       vprintf                    000000014001ff50 f   LIBCMTD:vprintf.obj
 0001:0001ef80       vprintf_helper             000000014001ff80 f   LIBCMTD:vprintf.obj
 0001:0001f0b0       vprintf_s                  00000001400200b0 f   LIBCMTD:vprintf.obj
 0001:0001f0e0       ??3@YAXPEAX@Z              00000001400200e0 f   LIBCMTD:dbgdel.obj
 0001:0001f1c0       strcmp                     00000001400201c0 f   LIBCMTD:strcmp.obj
 0001:0001f230       ?_Name_base@type_info@@CAPEBDPEBV1@PEAU__type_info_node@@@Z 0000000140020230 f   LIBCMTD:typname.obj
 0001:0001f400       ?_Name_base_internal@type_info@@CAPEBDPEBV1@PEAU__type_info_node@@@Z 0000000140020400 f   LIBCMTD:typname.obj
 0001:0001f600       ?_Type_info_dtor@type_info@@CAXPEAV1@@Z 0000000140020600 f   LIBCMTD:typname.obj
 0001:0001f710       ?_Type_info_dtor_internal@type_info@@CAXPEAV1@@Z 0000000140020710 f   LIBCMTD:typname.obj
 0001:0001f820       __clean_type_info_names_internal 0000000140020820 f   LIBCMTD:typname.obj
 0001:0001f8a0       __unDNameHelper            00000001400208a0 f   LIBCMTD:typname.obj
 0001:0001f910       ?__CxxUnhandledExceptionFilter@@YAJPEAU_EXCEPTION_POINTERS@@@Z 0000000140020910 f   LIBCMTD:unhandld.obj
 0001:0001f990       __CxxSetUnhandledExceptionFilter 0000000140020990 f   LIBCMTD:unhandld.obj
 0001:0001f9b0       _XcptFilter                00000001400209b0 f   LIBCMTD:winxfltr.obj
 0001:0001fc50       __CppXcptFilter            0000000140020c50 f   LIBCMTD:winxfltr.obj
 0001:0001fd10       __get_flsindex             0000000140020d10 f   LIBCMTD:tidtable.obj
 0001:0001fd20       __threadhandle             0000000140020d20 f   LIBCMTD:tidtable.obj
 0001:0001fd30       __threadid                 0000000140020d30 f   LIBCMTD:tidtable.obj
 0001:0001fd40       _freefls                   0000000140020d40 f   LIBCMTD:tidtable.obj
 0001:0001ff50       _freeptd                   0000000140020f50 f   LIBCMTD:tidtable.obj
 0001:0001ffa0       _getptd                    0000000140020fa0 f   LIBCMTD:tidtable.obj
 0001:0001ffd0       _getptd_noexit             0000000140020fd0 f   LIBCMTD:tidtable.obj
 0001:000200a0       _initptd                   00000001400210a0 f   LIBCMTD:tidtable.obj
 0001:000201c0       _mtinit                    00000001400211c0 f   LIBCMTD:tidtable.obj
 0001:00020280       _mtterm                    0000000140021280 f   LIBCMTD:tidtable.obj
 0001:000202b0       _get_heap_handle           00000001400212b0 f   LIBCMTD:heapinit.obj
 0001:00020310       _heap_init                 0000000140021310 f   LIBCMTD:heapinit.obj
 0001:00020340       _heap_term                 0000000140021340 f   LIBCMTD:heapinit.obj
 0001:00020350       _set_pgmptr                0000000140021350 f i LIBCMTD:stdargv.obj
 0001:00020370       _setargv                   0000000140021370 f   LIBCMTD:stdargv.obj
 0001:000209d0       _setenvp                   00000001400219d0 f   LIBCMTD:stdenvp.obj
 0001:00020be0       __set_app_type             0000000140021be0 f   LIBCMTD:errmode.obj
 0001:00020bf0       _set_error_mode            0000000140021bf0 f   LIBCMTD:errmode.obj
 0001:00020d00       __security_init_cookie     0000000140021d00 f   LIBCMTD:gs_support.obj
 0001:00020e30       __crtGetEnvironmentStringsA 0000000140021e30 f   LIBCMTD:a_env.obj
 0001:00020fa0       _wincmdln                  0000000140021fa0 f   LIBCMTD:wincmdln.obj
 0001:000210b0       _CrtDefaultAllocHook       00000001400220b0 f   LIBCMTD:dbghook.obj
 0001:000210d0       __crt_debugger_hook        00000001400220d0 f   LIBCMTD:dbghook.obj
 0001:000210e0       __raise_securityfailure    00000001400220e0 f   LIBCMTD:gs_report.obj
 0001:00021130       __report_gsfailure         0000000140022130 f   LIBCMTD:gs_report.obj
 0001:00021210       __report_rangecheckfailure 0000000140022210 f   LIBCMTD:gs_report.obj
 0001:00021230       __report_securityfailure   0000000140022230 f   LIBCMTD:gs_report.obj
 0001:000212d0       __report_securityfailureEx 00000001400222d0 f   LIBCMTD:gs_report.obj
 0001:000213e0       wcscpy_s                   00000001400223e0 f   LIBCMTD:wcscpy_s.obj
 0001:00021890       wcslen                     0000000140022890 f   LIBCMTD:wcslen.obj
 0001:000218e0       __swprintf_l               00000001400228e0 f   LIBCMTD:swprintf.obj
 0001:00021920       _scwprintf                 0000000140022920 f   LIBCMTD:swprintf.obj
 0001:00021960       _scwprintf_l               0000000140022960 f   LIBCMTD:swprintf.obj
 0001:000219a0       _scwprintf_p               00000001400229a0 f   LIBCMTD:swprintf.obj
 0001:000219e0       _scwprintf_p_l             00000001400229e0 f   LIBCMTD:swprintf.obj
 0001:00021a20       _snwprintf_s               0000000140022a20 f   LIBCMTD:swprintf.obj
 0001:00021a80       _snwprintf_s_l             0000000140022a80 f   LIBCMTD:swprintf.obj
 0001:00021ae0       _swprintf                  0000000140022ae0 f   LIBCMTD:swprintf.obj
 0001:00021dc0       _swprintf_p                0000000140022dc0 f   LIBCMTD:swprintf.obj
 0001:00021e10       _swprintf_p_l              0000000140022e10 f   LIBCMTD:swprintf.obj
 0001:00021e60       _swprintf_s_l              0000000140022e60 f   LIBCMTD:swprintf.obj
 0001:00021eb0       swprintf_s                 0000000140022eb0 f   LIBCMTD:swprintf.obj
 0001:00021f00       __crtMessageBoxW           0000000140022f00 f   LIBCMTD:crtmboxw.obj
 0001:00022370       __crtMessageBoxWaitThreadW 0000000140023370 f   LIBCMTD:crtmboxw.obj
 0001:000223c0       _CrtDbgBreak               00000001400233c0 f   LIBCMTD:dbgrptt.obj
 0001:000223d0       _CrtGetReportHook          00000001400233d0 f   LIBCMTD:dbgrptt.obj
 0001:000223e0       _CrtSetReportFile          00000001400233e0 f   LIBCMTD:dbgrptt.obj
 0001:00022540       _CrtSetReportHook          0000000140023540 f   LIBCMTD:dbgrptt.obj
 0001:00022570       _CrtSetReportMode          0000000140023570 f   LIBCMTD:dbgrptt.obj
 0001:00022730       _VCrtDbgReportA            0000000140023730 f   LIBCMTD:dbgrptt.obj
 0001:00023100       _VCrtDbgReportW            0000000140024100 f   LIBCMTD:dbgrptt.obj
 0001:00023c40       _fcloseall                 0000000140024c40 f   LIBCMTD:closeall.obj
 0001:00023d40       _open                      0000000140024d40 f   LIBCMTD:open.obj
 0001:00023f10       _sopen                     0000000140024f10 f   LIBCMTD:open.obj
 0001:00023fc0       _sopen_helper              0000000140024fc0 f   LIBCMTD:open.obj
 0001:000242f0       _sopen_nolock              00000001400252f0 f   LIBCMTD:open.obj
 0001:00024390       _sopen_s                   0000000140025390 f   LIBCMTD:open.obj
 0001:000243e0       _mbsnbcmp                  00000001400253e0 f   LIBCMTD:mbsnbcmp.obj
 0001:00024410       _mbsnbcmp_l                0000000140025410 f   LIBCMTD:mbsnbcmp.obj
 0001:00024880       _mbsnbicmp                 0000000140025880 f   LIBCMTD:mbsnbicm.obj
 0001:000248b0       _mbsnbicmp_l               00000001400258b0 f   LIBCMTD:mbsnbicm.obj
 0001:00025050       _getbuf                    0000000140026050 f   LIBCMTD:_getbuf.obj
 0001:00025160       __isa_available_init       0000000140026160 f   LIBCMTD:cpu_disp.obj
 0001:00025350       _isatty                    0000000140026350 f   LIBCMTD:isatty.obj
 0001:00025470       __lock_fhandle             0000000140026470 f   LIBCMTD:osfinfo.obj
 0001:00025540       _alloc_osfhnd              0000000140026540 f   LIBCMTD:osfinfo.obj
 0001:00025840       _free_osfhnd               0000000140026840 f   LIBCMTD:osfinfo.obj
 0001:00025970       _get_osfhandle             0000000140026970 f   LIBCMTD:osfinfo.obj
 0001:00025b80       _open_osfhandle            0000000140026b80 f   LIBCMTD:osfinfo.obj
 0001:00025df0       _set_osfhnd                0000000140026df0 f   LIBCMTD:osfinfo.obj
 0001:00025f00       _unlock_fhandle            0000000140026f00 f   LIBCMTD:osfinfo.obj
 0001:00025f40       free                       0000000140026f40 f   LIBCMTD:dbgfree.obj
 0001:00025f60       _commit                    0000000140026f60 f   LIBCMTD:commit.obj
 0001:00026200       __iswcsym                  0000000140027200 f i LIBCMTD:_wctype.obj
 0001:00026240       __iswcsymf                 0000000140027240 f i LIBCMTD:_wctype.obj
 0001:00026280       _isleadbyte_l              0000000140027280 f i LIBCMTD:_wctype.obj
 0001:000262e0       _iswalnum_l                00000001400272e0 f i LIBCMTD:_wctype.obj
 0001:00026310       _iswalpha_l                0000000140027310 f i LIBCMTD:_wctype.obj
 0001:00026340       _iswcntrl_l                0000000140027340 f i LIBCMTD:_wctype.obj
 0001:00026370       _iswcsym_l                 0000000140027370 f i LIBCMTD:_wctype.obj
 0001:000263c0       _iswcsymf_l                00000001400273c0 f i LIBCMTD:_wctype.obj
 0001:00026410       _iswdigit_l                0000000140027410 f i LIBCMTD:_wctype.obj
 0001:00026440       _iswgraph_l                0000000140027440 f i LIBCMTD:_wctype.obj
 0001:00026470       _iswlower_l                0000000140027470 f i LIBCMTD:_wctype.obj
 0001:000264a0       _iswprint_l                00000001400274a0 f i LIBCMTD:_wctype.obj
 0001:000264d0       _iswpunct_l                00000001400274d0 f i LIBCMTD:_wctype.obj
 0001:00026500       _iswspace_l                0000000140027500 f i LIBCMTD:_wctype.obj
 0001:00026530       _iswupper_l                0000000140027530 f i LIBCMTD:_wctype.obj
 0001:00026560       _iswxdigit_l               0000000140027560 f i LIBCMTD:_wctype.obj
 0001:00026590       isleadbyte                 0000000140027590 f i LIBCMTD:_wctype.obj
 0001:000265b0       iswalnum                   00000001400275b0 f i LIBCMTD:_wctype.obj
 0001:000265d0       iswalpha                   00000001400275d0 f i LIBCMTD:_wctype.obj
 0001:000265f0       iswascii                   00000001400275f0 f i LIBCMTD:_wctype.obj
 0001:00026620       iswcntrl                   0000000140027620 f i LIBCMTD:_wctype.obj
 0001:00026640       iswdigit                   0000000140027640 f i LIBCMTD:_wctype.obj
 0001:00026660       iswgraph                   0000000140027660 f i LIBCMTD:_wctype.obj
 0001:00026680       iswlower                   0000000140027680 f i LIBCMTD:_wctype.obj
 0001:000266a0       iswprint                   00000001400276a0 f i LIBCMTD:_wctype.obj
 0001:000266c0       iswpunct                   00000001400276c0 f i LIBCMTD:_wctype.obj
 0001:000266e0       iswspace                   00000001400276e0 f i LIBCMTD:_wctype.obj
 0001:00026700       iswupper                   0000000140027700 f i LIBCMTD:_wctype.obj
 0001:00026720       iswxdigit                  0000000140027720 f i LIBCMTD:_wctype.obj
 0001:00026740       _mbtowc_l                  0000000140027740 f   LIBCMTD:mbtowc.obj
 0001:00026a80       mbtowc                     0000000140027a80 f   LIBCMTD:mbtowc.obj
 0001:00026ab0       _putwch                    0000000140027ab0 f   LIBCMTD:putwch.obj
 0001:00026af0       _putwch_nolock             0000000140027af0 f   LIBCMTD:putwch.obj
 0001:00026b60       __addlocaleref             0000000140027b60 f   LIBCMTD:localref.obj
 0001:00026cb0       __freetlocinfo             0000000140027cb0 f   LIBCMTD:localref.obj
 0001:00027060       __removelocaleref          0000000140028060 f   LIBCMTD:localref.obj
 0001:000271c0       __updatetlocinfo           00000001400281c0 f   LIBCMTD:localref.obj
 0001:00027260       _updatetlocinfoEx_nolock   0000000140028260 f   LIBCMTD:localref.obj
 0001:00027310       strlen                     0000000140028310 f   LIBCMTD:strlen.obj
 0001:000273c0       _wctomb_l                  00000001400283c0 f   LIBCMTD:wctomb.obj
 0001:00027470       _wctomb_s_l                0000000140028470 f   LIBCMTD:wctomb.obj
 0001:00027910       wctomb                     0000000140028910 f   LIBCMTD:wctomb.obj
 0001:00027980       wctomb_s                   0000000140028980 f   LIBCMTD:wctomb.obj
 0001:000280c0       _strtol_l                  00000001400290c0 f   LIBCMTD:strtol.obj
 0001:00028100       _strtoul_l                 0000000140029100 f   LIBCMTD:strtol.obj
 0001:00028140       strtol                     0000000140029140 f   LIBCMTD:strtol.obj
 0001:000281b0       strtoul                    00000001400291b0 f   LIBCMTD:strtol.obj
 0001:00028220       _chvalidator               0000000140029220 f   LIBCMTD:isctype.obj
 0001:00028290       _chvalidator_l             0000000140029290 f   LIBCMTD:isctype.obj
 0001:000283a0       _isctype                   00000001400293a0 f   LIBCMTD:isctype.obj
 0001:000283f0       _isctype_l                 00000001400293f0 f   LIBCMTD:isctype.obj
 0001:000285d0       _free_base                 00000001400295d0 f   LIBCMTD:free.obj
 0001:00028630       _realloc_base              0000000140029630 f   LIBCMTD:realloc.obj
 0001:00028750       _expand_base               0000000140029750 f   LIBCMTD:expand.obj
 0001:00028930       _CrtDbgReport              0000000140029930 f   LIBCMTD:dbgrpt.obj
 0001:000289b0       _CrtDbgReportV             00000001400299b0 f i LIBCMTD:dbgrpt.obj
 0001:00028a10       _CrtSetReportHook2         0000000140029a10 f   LIBCMTD:dbgrpt.obj
 0001:00028e20       __crtMessageWindowA        0000000140029e20 f   LIBCMTD:dbgrpt.obj
 0001:000294a0       _heapchk                   000000014002a4a0 f   LIBCMTD:heapchk.obj
 0001:000294e0       _heapset                   000000014002a4e0 f   LIBCMTD:heapchk.obj
 0001:00029500       _scprintf                  000000014002a500 f   LIBCMTD:sprintf.obj
 0001:00029540       _scprintf_l                000000014002a540 f   LIBCMTD:sprintf.obj
 0001:00029580       _scprintf_p                000000014002a580 f   LIBCMTD:sprintf.obj
 0001:000295c0       _scprintf_p_l              000000014002a5c0 f   LIBCMTD:sprintf.obj
 0001:00029600       _snprintf_s                000000014002a600 f   LIBCMTD:sprintf.obj
 0001:00029660       _snprintf_s_l              000000014002a660 f   LIBCMTD:sprintf.obj
 0001:000296c0       _sprintf_l                 000000014002a6c0 f   LIBCMTD:sprintf.obj
 0001:00029700       _sprintf_p                 000000014002a700 f   LIBCMTD:sprintf.obj
 0001:00029750       _sprintf_p_l               000000014002a750 f   LIBCMTD:sprintf.obj
 0001:000297a0       _sprintf_s_l               000000014002a7a0 f   LIBCMTD:sprintf.obj
 0001:000297f0       sprintf                    000000014002a7f0 f   LIBCMTD:sprintf.obj
 0001:00029a70       sprintf_s                  000000014002aa70 f   LIBCMTD:sprintf.obj
 0001:00029ac0       _heap_alloc_base           000000014002aac0 f i LIBCMTD:malloc.obj
 0001:00029b30       _malloc_base               000000014002ab30 f   LIBCMTD:malloc.obj
 0001:00029bd0       wcscat_s                   000000014002abd0 f   LIBCMTD:wcscat_s.obj
 0001:0002a200       wcsncpy_s                  000000014002b200 f   LIBCMTD:wcsncpy_s.obj
 0001:0002a8a0       _fptrap                    000000014002b8a0 f   LIBCMTD:crt0fp.obj
 0001:0002a8c0       strncpy_s                  000000014002b8c0 f   LIBCMTD:strncpy_s.obj
 0001:0002b0f0       _MarkAllocaS               000000014002c0f0 f i LIBCMTD:a_loc.obj
 0001:0002b120       __crtGetLocaleInfoA        000000014002c120 f   LIBCMTD:a_loc.obj
 0001:0002b190       _freea                     000000014002c190 f i LIBCMTD:a_loc.obj
 0001:0002b220       __crtCompareStringEx       000000014002c220 f   LIBCMTD:winapinls.obj
 0001:0002b290       __crtEnumSystemLocalesEx   000000014002c290 f   LIBCMTD:winapinls.obj
 0001:0002b2c0       __crtGetDateFormatEx       000000014002c2c0 f   LIBCMTD:winapinls.obj
 0001:0002b310       __crtGetLocaleInfoEx       000000014002c310 f   LIBCMTD:winapinls.obj
 0001:0002b350       __crtGetTimeFormatEx       000000014002c350 f   LIBCMTD:winapinls.obj
 0001:0002b3a0       __crtGetUserDefaultLocaleName 000000014002c3a0 f   LIBCMTD:winapinls.obj
 0001:0002b3d0       __crtIsValidLocaleName     000000014002c3d0 f   LIBCMTD:winapinls.obj
 0001:0002b3f0       __crtLCMapStringEx         000000014002c3f0 f   LIBCMTD:winapinls.obj
 0001:0002b8e0       __crtLCMapStringA          000000014002c8e0 f   LIBCMTD:a_map.obj
 0001:0002bb10       __crtGetStringTypeA        000000014002cb10 f   LIBCMTD:a_str.obj
 0001:0002bc30       ?_ExecutionInCatch@@YAHPEAU_xDISPATCHER_CONTEXT@@PEBU_s_FuncInfo@@@Z 000000014002cc30 f   LIBCMTD:trnsctrl.obj
 0001:0002bc80       ?_GetEstablisherFrame@@YAPEA_KPEA_KPEAU_xDISPATCHER_CONTEXT@@PEBU_s_FuncInfo@@0@Z 000000014002cc80 f   LIBCMTD:trnsctrl.obj
 0001:0002bdf0       ?_GetRangeOfTrysToCheck@@YAPEBU_s_TryBlockMapEntry@@PEA_KPEBU_s_FuncInfo@@HHPEAI2PEAU_xDISPATCHER_CONTEXT@@@Z 000000014002cdf0 f   LIBCMTD:trnsctrl.obj
 0001:0002c010       ?__FrameUnwindToEmptyState@@YAXPEA_KPEAU_xDISPATCHER_CONTEXT@@PEBU_s_FuncInfo@@@Z 000000014002d010 f   LIBCMTD:trnsctrl.obj
 0001:0002c0b0       ?__SehTransFilter@@YAHPEAU_EXCEPTION_POINTERS@@PEAUEHExceptionRecord@@PEA_KPEAU_CONTEXT@@PEAU_xDISPATCHER_CONTEXT@@PEBU_s_FuncInfo@@PEAH@Z 000000014002d0b0 f   LIBCMTD:trnsctrl.obj
 0001:0002c170       _CallSETranslator          000000014002d170 f   LIBCMTD:trnsctrl.obj
 0001:0002c1f0       _CreateFrameInfo           000000014002d1f0 f   LIBCMTD:trnsctrl.obj
 0001:0002c270       _FindAndUnlinkFrame        000000014002d270 f   LIBCMTD:trnsctrl.obj
 0001:0002c300       _GetImageBase              000000014002d300 f   LIBCMTD:trnsctrl.obj
 0001:0002c320       _GetThrowImageBase         000000014002d320 f   LIBCMTD:trnsctrl.obj
 0001:0002c340       _IsExceptionObjectToBeDestroyed 000000014002d340 f   LIBCMTD:trnsctrl.obj
 0001:0002c3a0       _MoveContext               000000014002d3a0 f   LIBCMTD:trnsctrl.obj
 0001:0002c3d0       _SetImageBase              000000014002d3d0 f   LIBCMTD:trnsctrl.obj
 0001:0002c3f0       _SetThrowImageBase         000000014002d3f0 f   LIBCMTD:trnsctrl.obj
 0001:0002c410       _UnwindNestedFrames        000000014002d410 f   LIBCMTD:trnsctrl.obj
 0001:0002c580       __CxxFrameHandler          000000014002d580 f   LIBCMTD:trnsctrl.obj
 0001:0002c640       __CxxFrameHandler2         000000014002d640 f   LIBCMTD:trnsctrl.obj
 0001:0002c680       __CxxFrameHandler3         000000014002d680 f   LIBCMTD:trnsctrl.obj
 0001:0002c740       strcpy_s                   000000014002d740 f   LIBCMTD:strcpy_s.obj
 0001:0002cbe0       ??0Block@_HeapManager@@QEAA@XZ 000000014002dbe0 f i LIBCMTD:undname.obj
 0001:0002cc00       ??0DName@@QEAA@AEAPEBDD@Z  000000014002dc00 f   LIBCMTD:undname.obj
 0001:0002cf50       ??0DName@@QEAA@AEBV0@@Z    000000014002df50 f i LIBCMTD:undname.obj
 0001:0002cf80       ??0DName@@QEAA@D@Z         000000014002df80 f   LIBCMTD:undname.obj
 0001:0002d080       ??0DName@@QEAA@PEAV0@@Z    000000014002e080 f   LIBCMTD:undname.obj
 0001:0002d200       ??0DName@@QEAA@PEBD@Z      000000014002e200 f   LIBCMTD:undname.obj
 0001:0002d310       ??0DName@@QEAA@W4DNameStatus@@@Z 000000014002e310 f   LIBCMTD:undname.obj
 0001:0002d460       ??0DName@@QEAA@XZ          000000014002e460 f i LIBCMTD:undname.obj
 0001:0002d530       ??0DName@@QEAA@_J@Z        000000014002e530 f   LIBCMTD:undname.obj
 0001:0002d6f0       ??0DName@@QEAA@_K@Z        000000014002e6f0 f   LIBCMTD:undname.obj
 0001:0002d870       ??0DNameNode@@IEAA@XZ      000000014002e870 f   LIBCMTD:undname.obj
 0001:0002d890       ??0DNameStatusNode@@AEAA@W4DNameStatus@@@Z 000000014002e890 f   LIBCMTD:undname.obj
 0001:0002d900       ??0Replicator@@QEAA@XZ     000000014002e900 f i LIBCMTD:undname.obj
 0001:0002d920       ??0UnDecorator@@QEAA@PEADPEBDHP6APEADJ@ZK@Z 000000014002e920 f i LIBCMTD:undname.obj
 0001:0002d9f0       ??0charNode@@QEAA@D@Z      000000014002e9f0 f   LIBCMTD:undname.obj
 0001:0002da30       ??0pDNameNode@@QEAA@PEAVDName@@@Z 000000014002ea30 f   LIBCMTD:undname.obj
 0001:0002dab0       ??0pairNode@@QEAA@PEAVDNameNode@@0@Z 000000014002eab0 f   LIBCMTD:undname.obj
 0001:0002db10       ??0pcharNode@@QEAA@PEBDH@Z 000000014002eb10 f   LIBCMTD:undname.obj
 0001:0002dbe0       ??2@YAPEAX_KAEAV_HeapManager@@H@Z 000000014002ebe0 f i LIBCMTD:undname.obj
 0001:0002dc10       ??4DName@@QEAAAEAV0@AEBV0@@Z 000000014002ec10 f   LIBCMTD:undname.obj
 0001:0002dc40       ??4DName@@QEAAAEAV0@D@Z    000000014002ec40 f i LIBCMTD:undname.obj
 0001:0002dd40       ??4DName@@QEAAAEAV0@PEAV0@@Z 000000014002ed40 f   LIBCMTD:undname.obj
 0001:0002deb0       ??4DName@@QEAAAEAV0@PEBD@Z 000000014002eeb0 f   LIBCMTD:undname.obj
 0001:0002dfb0       ??4DName@@QEAAAEAV0@W4DNameStatus@@@Z 000000014002efb0 f   LIBCMTD:undname.obj
 0001:0002e0e0       ??AReplicator@@QEBA?AVDName@@H@Z 000000014002f0e0 f   LIBCMTD:undname.obj
 0001:0002e170       ??BUnDecorator@@QEAAPEADXZ 000000014002f170 f i LIBCMTD:undname.obj
 0001:0002e490       ??H@YA?AVDName@@DAEBV0@@Z  000000014002f490 f i LIBCMTD:undname.obj
 0001:0002e4d0       ??H@YA?AVDName@@PEBDAEBV0@@Z 000000014002f4d0 f i LIBCMTD:undname.obj
 0001:0002e510       ??H@YA?AVDName@@W4DNameStatus@@AEBV0@@Z 000000014002f510 f i LIBCMTD:undname.obj
 0001:0002e550       ??HDName@@QEBA?AV0@AEBV0@@Z 000000014002f550 f   LIBCMTD:undname.obj
 0001:0002e5a0       ??HDName@@QEBA?AV0@D@Z     000000014002f5a0 f   LIBCMTD:undname.obj
 0001:0002e5f0       ??HDName@@QEBA?AV0@PEAV0@@Z 000000014002f5f0 f   LIBCMTD:undname.obj
 0001:0002e640       ??HDName@@QEBA?AV0@PEBD@Z  000000014002f640 f   LIBCMTD:undname.obj
 0001:0002e690       ??HDName@@QEBA?AV0@W4DNameStatus@@@Z 000000014002f690 f   LIBCMTD:undname.obj
 0001:0002e6e0       ??YDName@@QEAAAEAV0@AEBV0@@Z 000000014002f6e0 f   LIBCMTD:undname.obj
 0001:0002e760       ??YDName@@QEAAAEAV0@D@Z    000000014002f760 f   LIBCMTD:undname.obj
 0001:0002e800       ??YDName@@QEAAAEAV0@PEAV0@@Z 000000014002f800 f   LIBCMTD:undname.obj
 0001:0002e8e0       ??YDName@@QEAAAEAV0@PEBD@Z 000000014002f8e0 f   LIBCMTD:undname.obj
 0001:0002e9a0       ??YDName@@QEAAAEAV0@W4DNameStatus@@@Z 000000014002f9a0 f   LIBCMTD:undname.obj
 0001:0002ea10       ??YReplicator@@QEAAAEAV0@AEBVDName@@@Z 000000014002fa10 f   LIBCMTD:undname.obj
 0001:0002ead0       ??_5DName@@QEAAAEAV0@AEBV0@@Z 000000014002fad0 f   LIBCMTD:undname.obj
 0001:0002eb40       ?Constructor@_HeapManager@@QEAAXP6APEAX_K@ZP6AXPEAX@Z@Z 000000014002fb40 f i LIBCMTD:undname.obj
 0001:0002eba0       ?Destructor@_HeapManager@@QEAAXXZ 000000014002fba0 f i LIBCMTD:undname.obj
 0001:0002ec00       ?UScore@UnDecorator@@SAPEBDW4Tokens@@@Z 000000014002fc00 f   LIBCMTD:undname.obj
 0001:0002ec40       ?append@DName@@AEAAXPEAVDNameNode@@@Z 000000014002fc40 f   LIBCMTD:undname.obj
 0001:0002ecf0       ?composeDeclaration@UnDecorator@@CA?AVDName@@AEBV2@@Z 000000014002fcf0 f i LIBCMTD:undname.obj
 0001:00030db0       ?dbGetString@DName@@QEBAPEADXZ 0000000140031db0 f   LIBCMTD:undname.obj
 0001:00030de0       ?doAccessSpecifiers@UnDecorator@@SAHXZ 0000000140031de0 f i LIBCMTD:undname.obj
 0001:00030e10       ?doAllocationLanguage@UnDecorator@@SAHXZ 0000000140031e10 f i LIBCMTD:undname.obj
 0001:00030e40       ?doAllocationModel@UnDecorator@@SAHXZ 0000000140031e40 f i LIBCMTD:undname.obj
 0001:00030e70       ?doEcsu@UnDecorator@@SAHXZ 0000000140031e70 f i LIBCMTD:undname.obj
 0001:00030ea0       ?doEllipsis@UnDecorator@@SAHXZ 0000000140031ea0 f i LIBCMTD:undname.obj
 0001:00030ed0       ?doFunctionReturns@UnDecorator@@SAHXZ 0000000140031ed0 f i LIBCMTD:undname.obj
 0001:00030f00       ?doMSKeywords@UnDecorator@@SAHXZ 0000000140031f00 f i LIBCMTD:undname.obj
 0001:00030f30       ?doMemberTypes@UnDecorator@@SAHXZ 0000000140031f30 f i LIBCMTD:undname.obj
 0001:00030f60       ?doNameOnly@UnDecorator@@SAHXZ 0000000140031f60 f i LIBCMTD:undname.obj
 0001:00030f70       ?doNoIdentCharCheck@UnDecorator@@SAHXZ 0000000140031f70 f i LIBCMTD:undname.obj
 0001:00030f80       ?doPchar@DName@@AEAAXPEBDH@Z 0000000140031f80 f   LIBCMTD:undname.obj
 0001:00031110       ?doPtr64@UnDecorator@@SAHXZ 0000000140032110 f i LIBCMTD:undname.obj
 0001:00031140       ?doRestrictionSpec@UnDecorator@@SAHXZ 0000000140032140 f i LIBCMTD:undname.obj
 0001:00031170       ?doThisTypes@UnDecorator@@SAHXZ 0000000140032170 f i LIBCMTD:undname.obj
 0001:000311a0       ?doThrowTypes@UnDecorator@@SAHXZ 00000001400321a0 f i LIBCMTD:undname.obj
 0001:000311d0       ?doTypeOnly@UnDecorator@@SAHXZ 00000001400321d0 f i LIBCMTD:undname.obj
 0001:000311e0       ?doUnderScore@UnDecorator@@SAHXZ 00000001400321e0 f i LIBCMTD:undname.obj
 0001:00031210       ?getArgumentList@UnDecorator@@CA?AVDName@@XZ 0000000140032210 f   LIBCMTD:undname.obj
 0001:000313b0       ?getArgumentTypes@UnDecorator@@CA?AVDName@@XZ 00000001400323b0 f   LIBCMTD:undname.obj
 0001:00031570       ?getArrayType@UnDecorator@@CA?AVDName@@AEBV2@@Z 0000000140032570 f i LIBCMTD:undname.obj
 0001:00031860       ?getBasedType@UnDecorator@@CA?AVDName@@XZ 0000000140032860 f   LIBCMTD:undname.obj
 0001:00031950       ?getBasicDataType@UnDecorator@@CA?AVDName@@AEBV2@@Z 0000000140032950 f   LIBCMTD:undname.obj
 0001:00032060       ?getCallIndex@UnDecorator@@CA?AVDName@@XZ 0000000140033060 f i LIBCMTD:undname.obj
 0001:00032080       ?getCallingConvention@UnDecorator@@CA?AVDName@@XZ 0000000140033080 f   LIBCMTD:undname.obj
 0001:00032250       ?getDataIndirectType@UnDecorator@@CA?AVDName@@AEBV2@PEBD0H@Z 0000000140033250 f   LIBCMTD:undname.obj
 0001:00032bc0       ?getDataIndirectType@UnDecorator@@CA?AVDName@@XZ 0000000140033bc0 f i LIBCMTD:undname.obj
 0001:00032c20       ?getDataType@UnDecorator@@CA?AVDName@@PEAV2@@Z 0000000140033c20 f   LIBCMTD:undname.obj
 0001:00032db0       ?getDecoratedName@UnDecorator@@CA?AVDName@@XZ 0000000140033db0 f   LIBCMTD:undname.obj
 0001:000331b0       ?getDimension@UnDecorator@@CA?AVDName@@_N@Z 00000001400341b0 f   LIBCMTD:undname.obj
 0001:00033510       ?getDispatchTarget@UnDecorator@@CA?AVDName@@XZ 0000000140034510 f   LIBCMTD:undname.obj
 0001:000335e0       ?getDisplacement@UnDecorator@@CA?AVDName@@XZ 00000001400345e0 f i LIBCMTD:undname.obj
 0001:00033600       ?getECSUDataType@UnDecorator@@CA?AVDName@@XZ 0000000140034600 f   LIBCMTD:undname.obj
 0001:00033840       ?getECSUName@UnDecorator@@CA?AVDName@@XZ 0000000140034840 f i LIBCMTD:undname.obj
 0001:00033860       ?getEnumType@UnDecorator@@CA?AVDName@@XZ 0000000140034860 f i LIBCMTD:undname.obj
 0001:000339e0       ?getExtendedDataIndirectType@UnDecorator@@CA?AVDName@@AEAPEBDAEA_NH@Z 00000001400349e0 f   LIBCMTD:undname.obj
 0001:00033d00       ?getExternalDataType@UnDecorator@@CA?AVDName@@AEBV2@@Z 0000000140034d00 f i LIBCMTD:undname.obj
 0001:00033dd0       ?getFunctionIndirectType@UnDecorator@@CA?AVDName@@AEBV2@@Z 0000000140034dd0 f   LIBCMTD:undname.obj
 0001:00034350       ?getGuardNumber@UnDecorator@@CA?AVDName@@XZ 0000000140035350 f i LIBCMTD:undname.obj
 0001:00034370       ?getLastChar@DName@@QEBADXZ 0000000140035370 f i LIBCMTD:undname.obj
 0001:000343b0       ?getLastChar@DNameStatusNode@@UEBADXZ 00000001400353b0 f i LIBCMTD:undname.obj
 0001:000343f0       ?getLastChar@charNode@@UEBADXZ 00000001400353f0 f i LIBCMTD:undname.obj
 0001:00034400       ?getLastChar@pDNameNode@@UEBADXZ 0000000140035400 f i LIBCMTD:undname.obj
 0001:00034440       ?getLastChar@pairNode@@UEBADXZ 0000000140035440 f i LIBCMTD:undname.obj
 0001:000344a0       ?getLastChar@pcharNode@@UEBADXZ 00000001400354a0 f i LIBCMTD:undname.obj
 0001:000344e0       ?getLexicalFrame@UnDecorator@@CA?AVDName@@XZ 00000001400354e0 f i LIBCMTD:undname.obj
 0001:00034520       ?getMemory@_HeapManager@@QEAAPEAX_KH@Z 0000000140035520 f   LIBCMTD:undname.obj
 0001:00034690       ?getNumberOfDimensions@UnDecorator@@CAHXZ 0000000140035690 f   LIBCMTD:undname.obj
 0001:000347b0       ?getOperatorName@UnDecorator@@CA?AVDName@@_NPEA_N@Z 00000001400357b0 f i LIBCMTD:undname.obj
 0001:00035450       ?getPointerType@UnDecorator@@CA?AVDName@@AEBV2@0@Z 0000000140036450 f i LIBCMTD:undname.obj
 0001:000354a0       ?getPointerTypeArray@UnDecorator@@CA?AVDName@@AEBV2@0@Z 00000001400364a0 f i LIBCMTD:undname.obj
 0001:000354f0       ?getPrimaryDataType@UnDecorator@@CA?AVDName@@AEBV2@@Z 00000001400364f0 f   LIBCMTD:undname.obj
 0001:00035970       ?getPtrRefDataType@UnDecorator@@CA?AVDName@@AEBV2@H@Z 0000000140036970 f i LIBCMTD:undname.obj
 0001:00035af0       ?getPtrRefType@UnDecorator@@CA?AVDName@@AEBV2@0PEBD@Z 0000000140036af0 f   LIBCMTD:undname.obj
 0001:00035d00       ?getReferenceType@UnDecorator@@CA?AVDName@@AEBV2@0PEBD@Z 0000000140036d00 f i LIBCMTD:undname.obj
 0001:00035d40       ?getRestrictionSpec@UnDecorator@@CA?AVDName@@XZ 0000000140036d40 f   LIBCMTD:undname.obj
 0001:00035ee0       ?getReturnType@UnDecorator@@CA?AVDName@@PEAV2@@Z 0000000140036ee0 f   LIBCMTD:undname.obj
 0001:00035f40       ?getScope@UnDecorator@@CA?AVDName@@XZ 0000000140036f40 f   LIBCMTD:undname.obj
 0001:00036530       ?getScopedName@UnDecorator@@CA?AVDName@@XZ 0000000140037530 f   LIBCMTD:undname.obj
 0001:000366a0       ?getSignedDimension@UnDecorator@@CA?AVDName@@XZ 00000001400376a0 f   LIBCMTD:undname.obj
 0001:00036730       ?getStorageConvention@UnDecorator@@CA?AVDName@@XZ 0000000140037730 f i LIBCMTD:undname.obj
 0001:00036750       ?getString@DName@@QEBAPEADPEAD0@Z 0000000140037750 f i LIBCMTD:undname.obj
 0001:000367a0       ?getString@DName@@QEBAPEADPEADH@Z 00000001400377a0 f i LIBCMTD:undname.obj
 0001:00036860       ?getString@DNameStatusNode@@UEBAPEADPEAD0@Z 0000000140037860 f i LIBCMTD:undname.obj
 0001:000368b0       ?getString@charNode@@UEBAPEADPEAD0@Z 00000001400378b0 f i LIBCMTD:undname.obj
 0001:000368f0       ?getString@pDNameNode@@UEBAPEADPEAD0@Z 00000001400378f0 f i LIBCMTD:undname.obj
 0001:00036950       ?getString@pairNode@@UEBAPEADPEAD0@Z 0000000140037950 f i LIBCMTD:undname.obj
 0001:000369d0       ?getString@pcharNode@@UEBAPEADPEAD0@Z 00000001400379d0 f i LIBCMTD:undname.obj
 0001:00036a10       ?getStringEncoding@UnDecorator@@CA?AVDName@@PEADH@Z 0000000140037a10 f   LIBCMTD:undname.obj
 0001:00036b50       ?getStringHelper@@YAPEADPEAD00H@Z 0000000140037b50 f i LIBCMTD:undname.obj
 0001:00036bc0       ?getSymbolName@UnDecorator@@CA?AVDName@@XZ 0000000140037bc0 f i LIBCMTD:undname.obj
 0001:00036c60       ?getTemplateArgumentList@UnDecorator@@CA?AVDName@@XZ 0000000140037c60 f   LIBCMTD:undname.obj
 0001:00036f90       ?getTemplateConstant@UnDecorator@@CA?AVDName@@XZ 0000000140037f90 f   LIBCMTD:undname.obj
 0001:00037540       ?getTemplateName@UnDecorator@@CA?AVDName@@_N@Z 0000000140038540 f   LIBCMTD:undname.obj
 0001:00037790       ?getThisType@UnDecorator@@CA?AVDName@@XZ 0000000140038790 f i LIBCMTD:undname.obj
 0001:000377f0       ?getThrowTypes@UnDecorator@@CA?AVDName@@XZ 00000001400387f0 f   LIBCMTD:undname.obj
 0001:000378e0       ?getTypeEncoding@UnDecorator@@CAHXZ 00000001400388e0 f i LIBCMTD:undname.obj
 0001:00038490       ?getVCallThunkType@UnDecorator@@CA?AVDName@@XZ 0000000140039490 f i LIBCMTD:undname.obj
 0001:00038510       ?getVbTableType@UnDecorator@@CA?AVDName@@AEBV2@@Z 0000000140039510 f i LIBCMTD:undname.obj
 0001:00038540       ?getVdispMapType@UnDecorator@@CA?AVDName@@AEBV2@@Z 0000000140039540 f i LIBCMTD:undname.obj
 0001:000385d0       ?getVfTableType@UnDecorator@@CA?AVDName@@AEBV2@@Z 00000001400395d0 f i LIBCMTD:undname.obj
 0001:00038800       ?getZName@UnDecorator@@CA?AVDName@@_N0@Z 0000000140039800 f   LIBCMTD:undname.obj
 0001:00038b80       ?haveTemplateParameters@UnDecorator@@SAHXZ 0000000140039b80 f i LIBCMTD:undname.obj
 0001:00038b90       ?isArray@DName@@QEBAHXZ    0000000140039b90 f i LIBCMTD:undname.obj
 0001:00038bb0       ?isComArray@DName@@QEBAHXZ 0000000140039bb0 f i LIBCMTD:undname.obj
 0001:00038bd0       ?isEmpty@DName@@QEBAHXZ    0000000140039bd0 f i LIBCMTD:undname.obj
 0001:00038c00       ?isFull@Replicator@@QEBAHXZ 0000000140039c00 f i LIBCMTD:undname.obj
 0001:00038c30       ?isNoTE@DName@@QEBAHXZ     0000000140039c30 f i LIBCMTD:undname.obj
 0001:00038c50       ?isPinPtr@DName@@QEBAHXZ   0000000140039c50 f i LIBCMTD:undname.obj
 0001:00038c70       ?isPtrRef@DName@@QEBAHXZ   0000000140039c70 f i LIBCMTD:undname.obj
 0001:00038c90       ?isUDC@DName@@QEBAHXZ      0000000140039c90 f i LIBCMTD:undname.obj
 0001:00038ce0       ?isUDTThunk@DName@@QEBAHXZ 0000000140039ce0 f i LIBCMTD:undname.obj
 0001:00038d30       ?isVCallThunk@DName@@QEBAHXZ 0000000140039d30 f i LIBCMTD:undname.obj
 0001:00038d50       ?isValid@DName@@QEBAHXZ    0000000140039d50 f i LIBCMTD:undname.obj
 0001:00038d90       ?length@DName@@QEBAHXZ     0000000140039d90 f i LIBCMTD:undname.obj
 0001:00038dd0       ?length@DNameStatusNode@@UEBAHXZ 0000000140039dd0 f i LIBCMTD:undname.obj
 0001:00038de0       ?length@charNode@@UEBAHXZ  0000000140039de0 f i LIBCMTD:undname.obj
 0001:00038df0       ?length@pDNameNode@@UEBAHXZ 0000000140039df0 f i LIBCMTD:undname.obj
 0001:00038e30       ?length@pairNode@@UEBAHXZ  0000000140039e30 f i LIBCMTD:undname.obj
 0001:00038ea0       ?length@pcharNode@@UEBAHXZ 0000000140039ea0 f i LIBCMTD:undname.obj
 0001:00038eb0       ?make@DNameStatusNode@@SAPEAV1@W4DNameStatus@@@Z 0000000140039eb0 f i LIBCMTD:undname.obj
 0001:00038f60       ?setIsArray@DName@@QEAAXXZ 0000000140039f60 f i LIBCMTD:undname.obj
 0001:00038f80       ?setIsComArray@DName@@QEAAXXZ 0000000140039f80 f i LIBCMTD:undname.obj
 0001:00038fa0       ?setIsNoTE@DName@@QEAAXXZ  0000000140039fa0 f i LIBCMTD:undname.obj
 0001:00038fc0       ?setIsPinPtr@DName@@QEAAXXZ 0000000140039fc0 f i LIBCMTD:undname.obj
 0001:00038fe0       ?setIsUDC@DName@@QEAAXXZ   0000000140039fe0 f i LIBCMTD:undname.obj
 0001:00039010       ?setIsVCallThunk@DName@@QEAAXXZ 000000014003a010 f i LIBCMTD:undname.obj
 0001:00039030       ?setPtrRef@DName@@QEAAAEAV1@XZ 000000014003a030 f i LIBCMTD:undname.obj
 0001:00039050       ?status@DName@@QEBA?AW4DNameStatus@@XZ 000000014003a050 f i LIBCMTD:undname.obj
 0001:00039180       __unDName                  000000014003a180 f   LIBCMTD:undname.obj
 0001:00039260       __unDNameEx                000000014003a260 f   LIBCMTD:undname.obj
 0001:00039410       _ismbbalnum                000000014003a410 f   LIBCMTD:ismbbyte.obj
 0001:00039440       _ismbbalnum_l              000000014003a440 f   LIBCMTD:ismbbyte.obj
 0001:00039470       _ismbbalpha                000000014003a470 f   LIBCMTD:ismbbyte.obj
 0001:000394a0       _ismbbalpha_l              000000014003a4a0 f   LIBCMTD:ismbbyte.obj
 0001:000394d0       _ismbbgraph                000000014003a4d0 f   LIBCMTD:ismbbyte.obj
 0001:00039500       _ismbbgraph_l              000000014003a500 f   LIBCMTD:ismbbyte.obj
 0001:00039530       _ismbbkalnum               000000014003a530 f   LIBCMTD:ismbbyte.obj
 0001:00039560       _ismbbkalnum_l             000000014003a560 f   LIBCMTD:ismbbyte.obj
 0001:00039590       _ismbbkana                 000000014003a590 f   LIBCMTD:ismbbyte.obj
 0001:000395b0       _ismbbkana_l               000000014003a5b0 f   LIBCMTD:ismbbyte.obj
 0001:00039640       _ismbbkprint               000000014003a640 f   LIBCMTD:ismbbyte.obj
 0001:00039670       _ismbbkprint_l             000000014003a670 f   LIBCMTD:ismbbyte.obj
 0001:000396a0       _ismbbkpunct               000000014003a6a0 f   LIBCMTD:ismbbyte.obj
 0001:000396d0       _ismbbkpunct_l             000000014003a6d0 f   LIBCMTD:ismbbyte.obj
 0001:00039700       _ismbblead                 000000014003a700 f   LIBCMTD:ismbbyte.obj
 0001:00039730       _ismbblead_l               000000014003a730 f   LIBCMTD:ismbbyte.obj
 0001:00039760       _ismbbprint                000000014003a760 f   LIBCMTD:ismbbyte.obj
 0001:00039790       _ismbbprint_l              000000014003a790 f   LIBCMTD:ismbbyte.obj
 0001:000397c0       _ismbbpunct                000000014003a7c0 f   LIBCMTD:ismbbyte.obj
 0001:000397f0       _ismbbpunct_l              000000014003a7f0 f   LIBCMTD:ismbbyte.obj
 0001:00039820       _ismbbtrail                000000014003a820 f   LIBCMTD:ismbbyte.obj
 0001:00039850       _ismbbtrail_l              000000014003a850 f   LIBCMTD:ismbbyte.obj
 0001:00039880       __vswprintf_l              000000014003a880 f   LIBCMTD:vswprint.obj
 0001:000398c0       _vscwprintf                000000014003a8c0 f   LIBCMTD:vswprint.obj
 0001:000398f0       _vscwprintf_helper         000000014003a8f0 f   LIBCMTD:vswprint.obj
 0001:00039a40       _vscwprintf_l              000000014003aa40 f   LIBCMTD:vswprint.obj
 0001:00039a80       _vscwprintf_p              000000014003aa80 f   LIBCMTD:vswprint.obj
 0001:00039ab0       _vscwprintf_p_l            000000014003aab0 f   LIBCMTD:vswprint.obj
 0001:00039af0       _vswprintf                 000000014003aaf0 f   LIBCMTD:vswprint.obj
 0001:00039b20       _vswprintf_l               000000014003ab20 f   LIBCMTD:vswprint.obj
 0001:00039df0       _vsnwprintf_s              000000014003adf0 f   LIBCMTD:vswprnc.obj
 0001:00039e40       _vsnwprintf_s_l            000000014003ae40 f   LIBCMTD:vswprnc.obj
 0001:0003a3f0       _vswprintf_c               000000014003b3f0 f   LIBCMTD:vswprnc.obj
 0001:0003a460       _vswprintf_c_l             000000014003b460 f   LIBCMTD:vswprnc.obj
 0001:0003a4d0       _vswprintf_helper          000000014003b4d0 f   LIBCMTD:vswprnc.obj
 0001:0003a820       _vswprintf_p               000000014003b820 f   LIBCMTD:vswprnc.obj
 0001:0003a890       _vswprintf_p_l             000000014003b890 f   LIBCMTD:vswprnc.obj
 0001:0003a900       _vswprintf_s_l             000000014003b900 f   LIBCMTD:vswprnc.obj
 0001:0003ac90       vswprintf_s                000000014003bc90 f   LIBCMTD:vswprnc.obj
 0001:0003acd0       _woutput_l                 000000014003bcd0 f   LIBCMTD:woutput.obj
 0001:0003c430       strcat_s                   000000014003d430 f   LIBCMTD:strcat_s.obj
 0001:0003ca40       _i64toa_s                  000000014003da40 f   LIBCMTD:xtoas.obj
 0001:0003caa0       _itoa_s                    000000014003daa0 f   LIBCMTD:xtoas.obj
 0001:0003cb20       _ltoa_s                    000000014003db20 f   LIBCMTD:xtoas.obj
 0001:0003cb80       _ui64toa_s                 000000014003db80 f   LIBCMTD:xtoas.obj
 0001:0003cbc0       _ultoa_s                   000000014003dbc0 f   LIBCMTD:xtoas.obj
 0001:0003d790       _mbstowcs_l                000000014003e790 f   LIBCMTD:mbstowcs.obj
 0001:0003d7d0       _mbstowcs_l_helper         000000014003e7d0 f   LIBCMTD:mbstowcs.obj
 0001:0003dd40       _mbstowcs_s_l              000000014003ed40 f   LIBCMTD:mbstowcs.obj
 0001:0003e2d0       mbstowcs                   000000014003f2d0 f   LIBCMTD:mbstowcs.obj
 0001:0003e330       mbstowcs_s                 000000014003f330 f   LIBCMTD:mbstowcs.obj
 0001:0003e410       _wcstombs_l                000000014003f410 f   LIBCMTD:wcstombs.obj
 0001:0003e450       _wcstombs_l_helper         000000014003f450 f   LIBCMTD:wcstombs.obj
 0001:0003ec60       _wcstombs_s_l              000000014003fc60 f   LIBCMTD:wcstombs.obj
 0001:0003f160       wcstombs                   0000000140040160 f   LIBCMTD:wcstombs.obj
 0001:0003f190       wcstombs_s                 0000000140040190 f   LIBCMTD:wcstombs.obj
 0001:0003f1e0       _i64tow_s                  00000001400401e0 f   LIBCMTD:xtows.obj
 0001:0003f240       _itow_s                    0000000140040240 f   LIBCMTD:xtows.obj
 0001:0003f2c0       _ltow_s                    00000001400402c0 f   LIBCMTD:xtows.obj
 0001:0003f320       _ui64tow_s                 0000000140040320 f   LIBCMTD:xtows.obj
 0001:0003f360       _ultow_s                   0000000140040360 f   LIBCMTD:xtows.obj
 0001:0003ff70       __GSHandlerCheck_SEH       0000000140040f70 f   LIBCMTD:gshandlerseh.obj
 0001:00040030       _fclose_nolock             0000000140041030 f   LIBCMTD:fclose.obj
 0001:00040180       fclose                     0000000140041180 f   LIBCMTD:fclose.obj
 0001:000403a0       _wopen                     00000001400413a0 f   LIBCMTD:wopen.obj
 0001:00040570       _wsopen                    0000000140041570 f   LIBCMTD:wopen.obj
 0001:00040620       _wsopen_helper             0000000140041620 f   LIBCMTD:wopen.obj
 0001:00040950       _wsopen_nolock             0000000140041950 f   LIBCMTD:wopen.obj
 0001:00041e10       _wsopen_s                  0000000140042e10 f   LIBCMTD:wopen.obj
 0001:00041e70       strncmp                    0000000140042e70 f   LIBCMTD:strncmp.obj
 0001:00041ef0       __ascii_strnicmp           0000000140042ef0 f   LIBCMTD:strnicmp.obj
 0001:00041fd0       _strnicmp                  0000000140042fd0 f   LIBCMTD:strnicmp.obj
 0001:00042220       _strnicmp_l                0000000140043220 f   LIBCMTD:strnicmp.obj
 0001:000425d0       _iswctype_l                00000001400435d0 f   LIBCMTD:iswctype.obj
 0001:00042600       is_wctype                  0000000140043600 f   LIBCMTD:iswctype.obj
 0001:00042630       iswctype                   0000000140043630 f   LIBCMTD:iswctype.obj
 0001:000426b0       __termconout               00000001400436b0 f   LIBCMTD:initcon.obj
 0001:000426e0       __initconout               00000001400436e0 f   LIBCMTD:initcon.obj
 0001:00042730       __free_lconv_mon           0000000140043730 f   LIBCMTD:initmon.obj
 0001:00042940       __init_monetary            0000000140043940 f   LIBCMTD:initmon.obj
 0001:00043210       __free_lconv_num           0000000140044210 f   LIBCMTD:initnum.obj
 0001:000432f0       __init_numeric             00000001400442f0 f   LIBCMTD:initnum.obj
 0001:00043860       __free_lc_time             0000000140044860 f   LIBCMTD:inittime.obj
 0001:000442c0       __init_time                00000001400452c0 f   LIBCMTD:inittime.obj
 0001:00045a30       localeconv                 0000000140046a30 f   LIBCMTD:lconv.obj
 0001:00045a90       ___lc_codepage_func        0000000140046a90 f   LIBCMTD:initctyp.obj
 0001:00045af0       ___lc_collate_cp_func      0000000140046af0 f   LIBCMTD:initctyp.obj
 0001:00045b50       ___lc_locale_name_func     0000000140046b50 f   LIBCMTD:initctyp.obj
 0001:00045bb0       ___mb_cur_max_func         0000000140046bb0 f   LIBCMTD:initctyp.obj
 0001:00045c10       ___mb_cur_max_l_func       0000000140046c10 f   LIBCMTD:initctyp.obj
 0001:00045c50       __init_ctype               0000000140046c50 f   LIBCMTD:initctyp.obj
 0001:00046530       __pctype_func              0000000140047530 f   LIBCMTD:ctype.obj
 0001:00046590       __pwctype_func             0000000140047590 f   LIBCMTD:ctype.obj
 0001:000465a0       __init_dummy               00000001400475a0 f   LIBCMTD:wsetloca.obj
 0001:000465b0       _locterm                   00000001400475b0 f   LIBCMTD:wsetloca.obj
 0001:00046600       ___setlc_active_func       0000000140047600 f   LIBCMTD:wsetloca.obj
 0001:00046610       ___unguarded_readlc_active_add_func 0000000140047610 f   LIBCMTD:wsetloca.obj
 0001:00046620       __copy_locale_name         0000000140047620 f   LIBCMTD:wsetloca.obj
 0001:000466f0       __create_locale            00000001400476f0 f   LIBCMTD:wsetloca.obj
 0001:00046710       __free_locale              0000000140047710 f   LIBCMTD:wsetloca.obj
 0001:00046730       __get_current_locale       0000000140047730 f   LIBCMTD:wsetloca.obj
 0001:00046740       __lc_lctowcs               0000000140047740 f   LIBCMTD:wsetloca.obj
 0001:00046830       __lc_wcstolc               0000000140047830 f   LIBCMTD:wsetloca.obj
 0001:00046af0       _configthreadlocale        0000000140047af0 f   LIBCMTD:wsetloca.obj
 0001:00046cb0       _create_locale             0000000140047cb0 f   LIBCMTD:wsetloca.obj
 0001:00046d50       _expandlocale              0000000140047d50 f   LIBCMTD:wsetloca.obj
 0001:000472c0       _free_locale               00000001400482c0 f   LIBCMTD:wsetloca.obj
 0001:000473b0       _get_current_locale        00000001400483b0 f   LIBCMTD:wsetloca.obj
 0001:00047490       _wcreate_locale            0000000140048490 f   LIBCMTD:wsetloca.obj
 0001:000476c0       _wcscats                   00000001400486c0 f   LIBCMTD:wsetloca.obj
 0001:00047770       _wsetlocale                0000000140048770 f   LIBCMTD:wsetloca.obj
 0001:00048a80       malloc                     0000000140049a80 f   LIBCMTD:dbgmalloc.obj
 0001:00048ac0       __DestructExceptionObject  0000000140049ac0 f   LIBCMTD:frame.obj
 0001:00048bb0       ??0bad_exception@std@@QEAA@AEBV01@@Z 0000000140049bb0 f i LIBCMTD:frame.obj
 0001:00048bf0       ??0bad_exception@std@@QEAA@PEBD@Z 0000000140049bf0 f i LIBCMTD:frame.obj
 0001:00048c30       ??1bad_exception@std@@UEAA@XZ 0000000140049c30 f i LIBCMTD:frame.obj
 0001:00048c60       ??_Gbad_exception@std@@UEAAPEAXI@Z 0000000140049c60 f i LIBCMTD:frame.obj
 0001:00048c60       ??_Ebad_exception@std@@UEAAPEAXI@Z 0000000140049c60 f i LIBCMTD:frame.obj
 0001:00049c30       ?__uncaught_exception@@YA_NXZ 000000014004ac30 f   LIBCMTD:frame.obj
 0001:00049c60       ?_is_exception_typeof@@YAHAEBVtype_info@@PEAU_EXCEPTION_POINTERS@@@Z 000000014004ac60 f   LIBCMTD:frame.obj
 0001:00049db0       __AdjustPointer            000000014004adb0 f   LIBCMTD:frame.obj
 0001:00049e30       __BuildCatchObject         000000014004ae30 f   LIBCMTD:frame.obj
 0001:00049f70       __BuildCatchObjectHelper   000000014004af70 f   LIBCMTD:frame.obj
 0001:0004a300       __CxxCallCatchBlock        000000014004b300 f   LIBCMTD:frame.obj
 0001:0004a570       __CxxDetectRethrow         000000014004b570 f   LIBCMTD:frame.obj
 0001:0004a620       __CxxExceptionFilter       000000014004b620 f   LIBCMTD:frame.obj
 0001:0004a960       __CxxQueryExceptionSize    000000014004b960 f   LIBCMTD:frame.obj
 0001:0004a970       __CxxRegisterExceptionObject 000000014004b970 f   LIBCMTD:frame.obj
 0001:0004ab00       __CxxUnregisterExceptionObject 000000014004bb00 f   LIBCMTD:frame.obj
 0001:0004acc0       __FrameUnwindFilter        000000014004bcc0 f   LIBCMTD:frame.obj
 0001:0004ad50       __FrameUnwindToState       000000014004bd50 f   LIBCMTD:frame.obj
 0001:0004afb0       __InternalCxxFrameHandler  000000014004bfb0 f   LIBCMTD:frame.obj
 0001:0004b3d0       __TypeMatch                000000014004c3d0 f   LIBCMTD:frame.obj
 0001:0004b590       ?__GetCurrentState@@YAHPEA_KPEAU_xDISPATCHER_CONTEXT@@PEBU_s_FuncInfo@@@Z 000000014004c590 f   LIBCMTD:ehstate.obj
 0001:0004b5f0       ?__GetUnwindTryBlock@@YAHPEA_KPEAU_xDISPATCHER_CONTEXT@@PEBU_s_FuncInfo@@@Z 000000014004c5f0 f   LIBCMTD:ehstate.obj
 0001:0004b640       ?__SetState@@YAXPEA_KPEAU_xDISPATCHER_CONTEXT@@PEBU_s_FuncInfo@@H@Z 000000014004c640 f   LIBCMTD:ehstate.obj
 0001:0004b670       ?__SetUnwindTryBlock@@YAXPEA_KPEAU_xDISPATCHER_CONTEXT@@PEBU_s_FuncInfo@@H@Z 000000014004c670 f   LIBCMTD:ehstate.obj
 0001:0004b6e0       ?__StateFromControlPc@@YAHPEBU_s_FuncInfo@@PEAU_xDISPATCHER_CONTEXT@@@Z 000000014004c6e0 f   LIBCMTD:ehstate.obj
 0001:0004b710       ?__StateFromIp@@YAHPEBU_s_FuncInfo@@PEAU_xDISPATCHER_CONTEXT@@_J@Z 000000014004c710 f   LIBCMTD:ehstate.obj
 0001:0004b7f0       _atoi64                    000000014004c7f0 f   LIBCMTD:atox.obj
 0001:0004b810       _atoi64_l                  000000014004c810 f   LIBCMTD:atox.obj
 0001:0004b840       _atoi_l                    000000014004c840 f   LIBCMTD:atox.obj
 0001:0004b870       _atol_l                    000000014004c870 f   LIBCMTD:atox.obj
 0001:0004b8a0       atoi                       000000014004c8a0 f   LIBCMTD:atox.obj
 0001:0004b8c0       atol                       000000014004c8c0 f   LIBCMTD:atox.obj
 0001:0004b8e0       _validate_param_reuseW     000000014004c8e0 f   LIBCMTD:woutputp.obj
 0001:0004bc50       _woutput_p_l               000000014004cc50 f   LIBCMTD:woutputp.obj
 0001:0004fe10       _woutput_s_l               0000000140050e10 f   LIBCMTD:woutputs.obj
[...]
 0003:000013f8       __mb_cur_max               000000014008a3f8     LIBCMTD:nlsdata.obj
 0003:000013fc       __globallocalestatus       000000014008a3fc     LIBCMTD:glstatus.obj
 0003:00001408       ??_R0?AVDNameNode@@@8      000000014008a408     LIBCMTD:undname.obj
 0003:00001428       ??_R0?AVcharNode@@@8       000000014008a428     LIBCMTD:undname.obj
 0003:00001448       ??_R0?AVpcharNode@@@8      000000014008a448     LIBCMTD:undname.obj
 0003:00001468       ??_R0?AVpDNameNode@@@8     000000014008a468     LIBCMTD:undname.obj
 0003:00001490       ??_R0?AVDNameStatusNode@@@8 000000014008a490     LIBCMTD:undname.obj
 0003:000014b8       ??_R0?AVpairNode@@@8       000000014008a4b8     LIBCMTD:undname.obj
 0003:000014e0       _confh                     000000014008a4e0     LIBCMTD:initcon.obj
 0003:000014f0       __lconv_static_decimal     000000014008a4f0     LIBCMTD:lconv.obj
 0003:000014f4       __lconv_static_W_decimal   000000014008a4f4     LIBCMTD:lconv.obj
 0003:000014f8       __lconv                    000000014008a4f8     LIBCMTD:lconv.obj
 0003:00001500       __lconv_c                  000000014008a500     LIBCMTD:lconv.obj
 0003:00001598       _pctype                    000000014008a598     LIBCMTD:ctype.obj
 0003:000015a0       _pwctype                   000000014008a5a0     LIBCMTD:ctype.obj
 0003:000015b0       ??_R0?AVbad_exception@std@@@8 000000014008a5b0     LIBCMTD:frame.obj
 0003:000015d8       ??_R0?AVexception@std@@@8  000000014008a5d8     LIBCMTD:frame.obj
 0003:00001600       ??_R0?AVbad_cast@std@@@8   000000014008a600     LIBCMTD:stdexcpt.obj
 0003:00001628       ??_R0?AVbad_typeid@std@@@8 000000014008a628     LIBCMTD:stdexcpt.obj
 0003:00001650       ??_R0?AV__non_rtti_object@std@@@8 000000014008a650     LIBCMTD:stdexcpt.obj
 0003:00001c00       __@@_PchSym_@00@UfhvihUibzmUwvhpglkUtvmvhrhUozfmxsvihUdrmwldhUcGEUwvyftUzoosvzwOlyq@A13A232500BD424B 000000014008ac00     allhead.obj
 0003:00002bc0       ?hInst@@3PEAUHINSTANCE__@@EA 000000014008bbc0     Launcher.obj
 0003:00002bc8       ?hWnd@@3PEAUHWND__@@EA     000000014008bbc8     Launcher.obj
 0003:00002bd0       ?szTitle@@3PADA            000000014008bbd0     Launcher.obj
 0003:00002c34       ?engineState@@3W4engine_state_e@@A 000000014008bc34     Launcher.obj
 0003:00002c38       ?engineMutex@@3PEAXEA      000000014008bc38     Launcher.obj
 0003:00002c40       ?szWindowClass@@3PADA      000000014008bc40     Launcher.obj
 0003:00003b90       _umaskval                  000000014008cb90     LIBCMTD:crt0dat.obj
 0003:00003b94       _exitflag                  000000014008cb94     LIBCMTD:crt0dat.obj
 0003:00003b98       _C_Termination_Done        000000014008cb98     LIBCMTD:crt0dat.obj
 0003:00003b9c       _C_Exit_Done               000000014008cb9c     LIBCMTD:crt0dat.obj
 0003:00003ba0       __winitenv                 000000014008cba0     LIBCMTD:crt0dat.obj
 0003:00003ba8       __initenv                  000000014008cba8     LIBCMTD:crt0dat.obj
 0003:00003bb4       __argc                     000000014008cbb4     LIBCMTD:crt0dat.obj
 0003:00003bb8       __argv                     000000014008cbb8     LIBCMTD:crt0dat.obj
 0003:00003bc0       __wargv                    000000014008cbc0     LIBCMTD:crt0dat.obj
 0003:00003bc8       _environ                   000000014008cbc8     LIBCMTD:crt0dat.obj
 0003:00003bd0       _wenviron                  000000014008cbd0     LIBCMTD:crt0dat.obj
 0003:00003bd8       _pgmptr                    000000014008cbd8     LIBCMTD:crt0dat.obj
 0003:00003be0       _wpgmptr                   000000014008cbe0     LIBCMTD:crt0dat.obj
 0003:00003bf0       _aenvptr                   000000014008cbf0     LIBCMTD:wincrt0.obj
 0003:00003bf8       _wenvptr                   000000014008cbf8     LIBCMTD:wincrt0.obj
 0003:00003c00       __pInvalidArgHandler       000000014008cc00     LIBCMTD:invarg.obj
 0003:00003c08       _cflush                    000000014008cc08     LIBCMTD:_file.obj
 0003:00003c10       __ioInitOnce               000000014008cc10     LIBCMTD:ioinit.obj
 0003:00003c18       __crtDebugCheckCount       000000014008cc18     LIBCMTD:dbgheap.obj
 0003:00003c20       ?_pfnDumpClient@@3P6AXPEAX_K@ZEA 000000014008cc20     LIBCMTD:dbgheap.obj
 0003:00003ec0       __app_type                 000000014008cec0     LIBCMTD:crt0msg.obj
 0003:000044f8       ?__pInconsistency@@3P6AXXZEA 000000014008d4f8     LIBCMTD:hooks.obj
 0003:00004500       ?_pnhHeap@@3P6AH_K@ZEA     000000014008d500     LIBCMTD:handler.obj
 0003:00004508       __pPurecall                000000014008d508     LIBCMTD:inithelp.obj
 0003:00004540       __mblocalename             000000014008d540     LIBCMTD:mbctype.obj
 0003:00004548       __mbcodepage               000000014008d548     LIBCMTD:mbctype.obj
 0003:0000454c       __ismbcodepage             000000014008d54c     LIBCMTD:mbctype.obj
 0003:00004550       __mbulinfo                 000000014008d550     LIBCMTD:mbctype.obj
 0003:00004560       _stdbuf                    000000014008d560     LIBCMTD:_sftbuf.obj
 0003:00004580       _crtheap                   000000014008d580     LIBCMTD:heapinit.obj
 0003:00004698       __error_mode               000000014008d698     LIBCMTD:errmode.obj
 0003:00004c40       _commode                   000000014008dc40     LIBCMTD:ncommode.obj
 0003:00004c44       __favor                    000000014008dc44     LIBCMTD:cpu_disp.obj
 0003:00004c48       _newmode                   000000014008dc48     LIBCMTD:_newmode.obj
 0003:00004c50       ?pArgList@UnDecorator@@0PEAVReplicator@@EA 000000014008dc50     LIBCMTD:undname.obj
 0003:00004c58       ?pZNameList@UnDecorator@@0PEAVReplicator@@EA 000000014008dc58     LIBCMTD:undname.obj
 0003:00004c60       ?pTemplateArgList@UnDecorator@@0PEAVReplicator@@EA 000000014008dc60     LIBCMTD:undname.obj
 0003:00004c68       ?gName@UnDecorator@@0PEBDEB 000000014008dc68     LIBCMTD:undname.obj
 0003:00004c70       ?name@UnDecorator@@0PEBDEB 000000014008dc70     LIBCMTD:undname.obj
 0003:00004c78       ?outputString@UnDecorator@@0PEADEA 000000014008dc78     LIBCMTD:undname.obj
 0003:00004c80       ?maxStringLength@UnDecorator@@0HA 000000014008dc80     LIBCMTD:undname.obj
 0003:00004c84       ?disableFlags@UnDecorator@@0KA 000000014008dc84     LIBCMTD:undname.obj
 0003:00004c88       ?fExplicitTemplateParams@UnDecorator@@0_NA 000000014008dc88     LIBCMTD:undname.obj
 0003:00004c89       ?fGetTemplateArgumentList@UnDecorator@@0_NA 000000014008dc89     LIBCMTD:undname.obj
 0003:00004c90       ?m_pGetParameter@UnDecorator@@0P6APEADJ@ZEA 000000014008dc90     LIBCMTD:undname.obj
 0003:00004d10       ?nodes@?1??make@DNameStatusNode@@SAPEAV2@W4DNameStatus@@@Z@4PAV2@A 000000014008dd10     LIBCMTD:undname.obj
 0003:00004d50       ??_B?1??make@DNameStatusNode@@SAPEAV1@W4DNameStatus@@@Z@51 000000014008dd50     LIBCMTD:undname.obj
 0003:00004d54       __lconv_static_null        000000014008dd54     LIBCMTD:lconv.obj
 0003:00004d58       __lconv_static_W_null      000000014008dd58     LIBCMTD:lconv.obj
 0003:00004d5c       __locale_changed           000000014008dd5c     LIBCMTD:wsetloca.obj
 0003:00004d60       _fmode                     000000014008dd60     LIBCMTD:txtmode.obj
 0003:00004d64       __unguarded_readlc_active  000000014008dd64     <common>
 0003:00004d74       __setlc_active             000000014008dd74     <common>
 0003:00004d78       _pReportHookListW          000000014008dd78     <common>
 0003:00004d90       _pReportHookList           000000014008dd90     <common>
 0003:00004d98       _pfnReportHook             000000014008dd98     <common>
 0003:00004da0       _debugger_hook_dummy       000000014008dda0     <common>
 0003:00004dac       _nhandle                   000000014008ddac     <common>
 0003:00004e20       __pioinfo                  000000014008de20     <common>
 0003:00005020       _bufin                     000000014008e020     <common>
 0003:00006360       __piob                     000000014008f360     <common>
 0003:00006368       _nstream                   000000014008f368     <common>
 0003:00006370       _acmdln                    000000014008f370     <common>
 0003:00006388       __dyn_tls_init_callback    000000014008f388     <common>
 0003:000063a0       __onexitend                000000014008f3a0     <common>
 0003:000063a8       __onexitbegin              000000014008f3a8     <common>
 0003:000063b0       _FPinit                    000000014008f3b0     <common>
 0003:000063b8       __mbctype_initialized      000000014008f3b8     <common>
 0003:000063bc       __env_initialized          000000014008f3bc     <common>
 0005:00000000       __IMPORT_DESCRIPTOR_utilities 0000000140094000     utilities:utilities.dll
 0005:00000014       __IMPORT_DESCRIPTOR_KERNEL32 0000000140094014     kernel32:KERNEL32.dll
 0005:00000028       __IMPORT_DESCRIPTOR_USER32 0000000140094028     user32:USER32.dll
 0005:0000003c       __NULL_IMPORT_DESCRIPTOR   000000014009403c     utilities:utilities.dll
 0005:000005a0       __imp_WideCharToMultiByte  00000001400945a0     kernel32:KERNEL32.dll
 0005:000005a8       __imp_RaiseException       00000001400945a8     kernel32:KERNEL32.dll
 0005:000005b0       __imp_RtlPcToFileHeader    00000001400945b0     kernel32:KERNEL32.dll
 0005:000005b8       __imp_CreateFileW          00000001400945b8     kernel32:KERNEL32.dll
 0005:000005c0       __imp_CloseHandle          00000001400945c0     kernel32:KERNEL32.dll
 0005:000005c8       __imp_ReleaseMutex         00000001400945c8     kernel32:KERNEL32.dll
 0005:000005d0       __imp_WaitForSingleObject  00000001400945d0     kernel32:KERNEL32.dll
 0005:000005d8       __imp_CreateMutexA         00000001400945d8     kernel32:KERNEL32.dll
 0005:000005e0       __imp_ExitProcess          00000001400945e0     kernel32:KERNEL32.dll
 0005:000005e8       __imp_CreateThread         00000001400945e8     kernel32:KERNEL32.dll
 0005:000005f0       __imp_GetStringTypeW       00000001400945f0     kernel32:KERNEL32.dll
 0005:000005f8       __imp_EnumSystemLocalesEx  00000001400945f8     kernel32:KERNEL32.dll
 0005:00000600       __imp_IsValidLocaleName    0000000140094600     kernel32:KERNEL32.dll
 0005:00000608       __imp_LCMapStringEx        0000000140094608     kernel32:KERNEL32.dll
 0005:00000610       __imp_GetUserDefaultLocaleName 0000000140094610     kernel32:KERNEL32.dll
 0005:00000618       __imp_GetLocaleInfoEx      0000000140094618     kernel32:KERNEL32.dll
 0005:00000620       __imp_CompareStringEx      0000000140094620     kernel32:KERNEL32.dll
 0005:00000628       __imp_GetDateFormatEx      0000000140094628     kernel32:KERNEL32.dll
 0005:00000630       __imp_GetTimeFormatEx      0000000140094630     kernel32:KERNEL32.dll
 0005:00000638       __imp_HeapAlloc            0000000140094638     kernel32:KERNEL32.dll
 0005:00000640       __imp_HeapQueryInformation 0000000140094640     kernel32:KERNEL32.dll
 0005:00000648       __imp_HeapReAlloc          0000000140094648     kernel32:KERNEL32.dll
 0005:00000650       __imp_HeapFree             0000000140094650     kernel32:KERNEL32.dll
 0005:00000658       __imp_FlushFileBuffers     0000000140094658     kernel32:KERNEL32.dll
 0005:00000660       __imp_SetStdHandle         0000000140094660     kernel32:KERNEL32.dll
 0005:00000668       __imp_WriteConsoleW        0000000140094668     kernel32:KERNEL32.dll
 0005:00000670       __imp_OutputDebugStringA   0000000140094670     kernel32:KERNEL32.dll
 0005:00000678       __imp_LoadLibraryW         0000000140094678     kernel32:KERNEL32.dll
 0005:00000680       __imp_WaitForSingleObjectEx 0000000140094680     kernel32:KERNEL32.dll
 0005:00000688       __imp_OutputDebugStringW   0000000140094688     kernel32:KERNEL32.dll
 0005:00000690       __imp_FreeEnvironmentStringsW 0000000140094690     kernel32:KERNEL32.dll
 0005:00000698       __imp_GetEnvironmentStringsW 0000000140094698     kernel32:KERNEL32.dll
 0005:000006a0       __imp_ReadFile             00000001400946a0     kernel32:KERNEL32.dll
 0005:000006a8       __imp_EncodePointer        00000001400946a8     kernel32:KERNEL32.dll
 0005:000006b0       __imp_DecodePointer        00000001400946b0     kernel32:KERNEL32.dll
 0005:000006b8       __imp_GetLastError         00000001400946b8     kernel32:KERNEL32.dll
 0005:000006c0       __imp_GetModuleHandleExW   00000001400946c0     kernel32:KERNEL32.dll
 0005:000006c8       __imp_GetProcAddress       00000001400946c8     kernel32:KERNEL32.dll
 0005:000006d0       __imp_AreFileApisANSI      00000001400946d0     kernel32:KERNEL32.dll
 0005:000006d8       __imp_MultiByteToWideChar  00000001400946d8     kernel32:KERNEL32.dll
 0005:000006e0       __imp_GetCommandLineA      00000001400946e0     kernel32:KERNEL32.dll
 0005:000006e8       __imp_IsDebuggerPresent    00000001400946e8     kernel32:KERNEL32.dll
 0005:000006f0       __imp_IsProcessorFeaturePresent 00000001400946f0     kernel32:KERNEL32.dll
 0005:000006f8       __imp_GetModuleFileNameW   00000001400946f8     kernel32:KERNEL32.dll
 0005:00000700       __imp_EnterCriticalSection 0000000140094700     kernel32:KERNEL32.dll
 0005:00000708       __imp_LeaveCriticalSection 0000000140094708     kernel32:KERNEL32.dll
 0005:00000710       __imp_InitializeCriticalSectionAndSpinCount 0000000140094710     kernel32:KERNEL32.dll
 0005:00000718       __imp_RtlUnwindEx          0000000140094718     kernel32:KERNEL32.dll
 0005:00000720       __imp_GetConsoleMode       0000000140094720     kernel32:KERNEL32.dll
 0005:00000728       __imp_ReadConsoleW         0000000140094728     kernel32:KERNEL32.dll
 0005:00000730       __imp_SetFilePointer       0000000140094730     kernel32:KERNEL32.dll
 0005:00000738       __imp_SetFilePointerEx     0000000140094738     kernel32:KERNEL32.dll
 0005:00000740       __imp_GetStdHandle         0000000140094740     kernel32:KERNEL32.dll
 0005:00000748       __imp_GetFileType          0000000140094748     kernel32:KERNEL32.dll
 0005:00000750       __imp_DeleteCriticalSection 0000000140094750     kernel32:KERNEL32.dll
 0005:00000758       __imp_InitOnceExecuteOnce  0000000140094758     kernel32:KERNEL32.dll
 0005:00000760       __imp_GetStartupInfoW      0000000140094760     kernel32:KERNEL32.dll
 0005:00000768       __imp_WriteFile            0000000140094768     kernel32:KERNEL32.dll
 0005:00000770       __imp_SetEndOfFile         0000000140094770     kernel32:KERNEL32.dll
 0005:00000778       __imp_GetConsoleCP         0000000140094778     kernel32:KERNEL32.dll
 0005:00000780       __imp_HeapSize             0000000140094780     kernel32:KERNEL32.dll
 0005:00000788       __imp_HeapValidate         0000000140094788     kernel32:KERNEL32.dll
 0005:00000790       __imp_GetSystemInfo        0000000140094790     kernel32:KERNEL32.dll
 0005:00000798       __imp_FatalAppExitA        0000000140094798     kernel32:KERNEL32.dll
 0005:000007a0       __imp_RtlCaptureContext    00000001400947a0     kernel32:KERNEL32.dll
 0005:000007a8       __imp_RtlLookupFunctionEntry 00000001400947a8     kernel32:KERNEL32.dll
 0005:000007b0       __imp_RtlVirtualUnwind     00000001400947b0     kernel32:KERNEL32.dll
 0005:000007b8       __imp_UnhandledExceptionFilter 00000001400947b8     kernel32:KERNEL32.dll
 0005:000007c0       __imp_SetUnhandledExceptionFilter 00000001400947c0     kernel32:KERNEL32.dll
 0005:000007c8       __imp_FlsAlloc             00000001400947c8     kernel32:KERNEL32.dll
 0005:000007d0       __imp_FlsGetValue          00000001400947d0     kernel32:KERNEL32.dll
 0005:000007d8       __imp_FlsSetValue          00000001400947d8     kernel32:KERNEL32.dll
 0005:000007e0       __imp_FlsFree              00000001400947e0     kernel32:KERNEL32.dll
 0005:000007e8       __imp_GetCurrentProcess    00000001400947e8     kernel32:KERNEL32.dll
 0005:000007f0       __imp_TerminateProcess     00000001400947f0     kernel32:KERNEL32.dll
 0005:000007f8       __imp_GetModuleHandleW     00000001400947f8     kernel32:KERNEL32.dll
 0005:00000800       __imp_FreeLibrary          0000000140094800     kernel32:KERNEL32.dll
 0005:00000808       __imp_LoadLibraryExW       0000000140094808     kernel32:KERNEL32.dll
 0005:00000810       __imp_SetConsoleCtrlHandler 0000000140094810     kernel32:KERNEL32.dll
 0005:00000818       __imp_IsValidCodePage      0000000140094818     kernel32:KERNEL32.dll
 0005:00000820       __imp_GetACP               0000000140094820     kernel32:KERNEL32.dll
 0005:00000828       __imp_GetOEMCP             0000000140094828     kernel32:KERNEL32.dll
 0005:00000830       __imp_GetCPInfo            0000000140094830     kernel32:KERNEL32.dll
 0005:00000838       __imp_SetLastError         0000000140094838     kernel32:KERNEL32.dll
 0005:00000840       __imp_GetCurrentThread     0000000140094840     kernel32:KERNEL32.dll
 0005:00000848       __imp_GetCurrentThreadId   0000000140094848     kernel32:KERNEL32.dll
 0005:00000850       __imp_GetProcessHeap       0000000140094850     kernel32:KERNEL32.dll
 0005:00000858       __imp_GetModuleFileNameA   0000000140094858     kernel32:KERNEL32.dll
 0005:00000860       __imp_QueryPerformanceCounter 0000000140094860     kernel32:KERNEL32.dll
 0005:00000868       __imp_GetSystemTimeAsFileTime 0000000140094868     kernel32:KERNEL32.dll
 0005:00000870       __imp_GetTickCount64       0000000140094870     kernel32:KERNEL32.dll
 0005:00000878       \177KERNEL32_NULL_THUNK_DATA 0000000140094878     kernel32:KERNEL32.dll
 0005:00000960       __imp_LoadIconA            0000000140094960     user32:USER32.dll
 0005:00000968       __imp_LoadCursorA          0000000140094968     user32:USER32.dll
 0005:00000970       __imp_EndPaint             0000000140094970     user32:USER32.dll
 0005:00000978       __imp_BeginPaint           0000000140094978     user32:USER32.dll
 0005:00000980       __imp_UpdateWindow         0000000140094980     user32:USER32.dll
 0005:00000988       __imp_TranslateAcceleratorA 0000000140094988     user32:USER32.dll
 0005:00000990       __imp_LoadAcceleratorsA    0000000140094990     user32:USER32.dll
 0005:00000998       __imp_EndDialog            0000000140094998     user32:USER32.dll
 0005:000009a0       __imp_DialogBoxParamA      00000001400949a0     user32:USER32.dll
 0005:000009a8       __imp_ShowWindow           00000001400949a8     user32:USER32.dll
 0005:000009b0       __imp_DestroyWindow        00000001400949b0     user32:USER32.dll
 0005:000009b8       __imp_CreateWindowExA      00000001400949b8     user32:USER32.dll
 0005:000009c0       __imp_RegisterClassExA     00000001400949c0     user32:USER32.dll
 0005:000009c8       __imp_PostQuitMessage      00000001400949c8     user32:USER32.dll
 0005:000009d0       __imp_DefWindowProcA       00000001400949d0     user32:USER32.dll
 0005:000009d8       __imp_DispatchMessageA     00000001400949d8     user32:USER32.dll
 0005:000009e0       __imp_TranslateMessage     00000001400949e0     user32:USER32.dll
 0005:000009e8       __imp_GetMessageA          00000001400949e8     user32:USER32.dll
 0005:000009f0       __imp_LoadStringA          00000001400949f0     user32:USER32.dll
 0005:000009f8       __imp_MessageBoxA          00000001400949f8     user32:USER32.dll
 0005:00000a00       __imp_GetActiveWindow      0000000140094a00     user32:USER32.dll
 0005:00000a08       \177USER32_NULL_THUNK_DATA 0000000140094a08     user32:USER32.dll
 0005:00000a80       __imp_Warning              0000000140094a80     utilities:utilities.dll
 0005:00000a88       __imp_Msg                  0000000140094a88     utilities:utilities.dll
 0005:00000a90       __imp_??0InterfaceElement@@QEAA@P6APEAXXZP6AXPEAX@ZPEBDH_N@Z 0000000140094a90     utilities:utilities.dll
 0005:00000a98       \177utilities_NULL_THUNK_DATA 0000000140094a98     utilities:utilities.dll

 entry point at        0001:00005b90

