 utilities

 Timestamp is 52f742da (Sun Feb 09 00:56:58 2014)

 Preferred load address is 0000000180000000

 Start         Length     Name                   Class
 0001:00000000 000720bdH .text                   CODE
 0001:000720c0 00001f99H .text$x                 CODE
 0001:00074060 00001058H .text$yc                CODE
 0001:000750c0 00001028H .text$yd                CODE
 0002:00000000 00000109H .CRT$XCA                DATA
 0002:00000110 0000011bH .CRT$XCU                DATA
 0002:00000230 00000109H .CRT$XCZ                DATA
 0002:00000340 00000109H .CRT$XIA                DATA
 0002:00000450 00000126H .CRT$XIC                DATA
 0002:00000578 00000109H .CRT$XIZ                DATA
 0002:00000688 00000109H .CRT$XPA                DATA
 0002:00000798 00000113H .CRT$XPX                DATA
 0002:000008b0 00000109H .CRT$XPXA               DATA
 0002:000009c0 00000109H .CRT$XPZ                DATA
 0002:00000ad0 00000109H .CRT$XTA                DATA
 0002:00000be0 00000109H .CRT$XTZ                DATA
 0002:00000cf0 00010a47H .rdata                  DATA
 0002:00011738 0000017cH .rdata$debug            DATA
 0002:000118b8 00000b82H .rdata$r                DATA
 0002:00012440 00000109H .rtc$IAA                DATA
 0002:00012550 00000109H .rtc$IZZ                DATA
 0002:00012660 00000109H .rtc$TAA                DATA
 0002:00012770 00000109H .rtc$TZZ                DATA
 0002:00012880 00003d6fH .xdata                  DATA
 0002:000165f0 00000211H .xdata$x                DATA
 0002:00016810 0000024bH .edata                  DATA
 0003:00000000 000020b2H .data                   DATA
 0003:000020c0 0000c498H .bss                    DATA
 0004:00000000 000036ccH .pdata                  DATA
 0005:00000000 00000028H .idata$2                DATA
 0005:00000028 00000014H .idata$3                DATA
 0005:00000040 000003d8H .idata$4                DATA
 0005:00000418 000003d8H .idata$5                DATA
 0005:000007f0 00000803H .idata$6                DATA

  Address         Publics by Value              Rva+Base               Lib:Object

 0000:00000000       ___safe_se_handler_count   0000000000000000     <absolute>
 0000:00000000       ___safe_se_handler_table   0000000000000000     <absolute>
 0000:00000000       __ImageBase                0000000180000000     <linker-defined>
 0001:000005b0       ??4InterfaceElement@@QEAAAEAV0@AEBV0@@Z 00000001800015b0 f i allhead.obj
 0001:000005f0       ?SetFromString@Variant@Utility@@QEAAXPEBD@Z 00000001800015f0 f   variant.obj
 0001:00000600       ?ToString@Variant@Utility@@QEBAPEBDXZ 0000000180001600 f   variant.obj
 0001:00000610       ??$DataMapInit@VCDataMappable@@@@YAPEAUdatamap_t@@PEAVCDataMappable@@@Z 0000000180001610 f   data_mappable.obj
 0001:00000650       ?GetBaseMap@CDataMappable@@SAPEAUdatamap_t@@XZ 0000000180001650 f   data_mappable.obj
 0001:00000660       ?GetDataSize@@YA_KW4data_types@@@Z 0000000180001660 f i data_networkpack.obj
 0001:00000790       ?PackageMappables@NetworkPackage@DataPacking@@QEAAPEAVDataBuffer@2@QEAPEAVCDataMappable@@I@Z 0000000180001790 f   data_networkpack.obj
 0001:00000870       ?SetBlockGrowth@DataBuffer@DataPacking@@QEAAXI@Z 0000000180001870 f i data_networkpack.obj
 0001:000008e0       ?WriteDataMaps@NetworkPackage@DataPacking@@QEAAXPEAVCDataMappable@@@Z 00000001800018e0 f   data_networkpack.obj
 0001:00000ae0       ?WriteObject@NetworkPackage@DataPacking@@QEAAXPEAVCDataMappable@@PEAUobjdesc_t@@@Z 0000000180001ae0 f   data_networkpack.obj
 0001:00000c30       ?WriteTypeFromClass@NetworkPackage@DataPacking@@QEAAXPEAVCDataMappable@@PEAUobjdesc_t@@PEAE@Z 0000000180001c30 f   data_networkpack.obj
 0001:00000cf0       ?c99_snprintf@@YAHPEAD_KPEBDZZ 0000000180001cf0 f i data_networkpack.obj
 0001:00000d50       ?c99_vsnprintf@@YAHPEAD_KPEBD0@Z 0000000180001d50 f i data_networkpack.obj
 0001:00000db0       ?num_networked_obj@@YAHPEAUdatamap_t@@@Z 0000000180001db0 f i data_networkpack.obj
 0001:00000ed0       ?UnpackToMappables@NetworkUnpackage@DataPacking@@QEAAXQEAPEAVCDataMappable@@I@Z 0000000180001ed0 f   data_networkunpack.obj
 0001:00001000       ?WriteToMappable@NetworkUnpackage@DataPacking@@QEAAXPEAPEAVCDataMappable@@I@Z 0000000180002000 f   data_networkunpack.obj
 0001:00001050       ??0DataBuffer@DataPacking@@QEAA@II@Z 0000000180002050 f   data_pack.obj
 0001:00001140       ??0DataBuffer@DataPacking@@QEAA@PEBV01@@Z 0000000180002140 f   data_pack.obj
 0001:00001330       ??1DataBuffer@DataPacking@@QEAA@XZ 0000000180002330 f   data_pack.obj
 0001:00001380       ??4DataBuffer@DataPacking@@QEAAAEAV01@AEBV01@@Z 0000000180002380 f   data_pack.obj
 0001:00001470       ?CreateBlock@DataBuffer@DataPacking@@AEAAPEAUdata_block@12@PEBDI@Z 0000000180002470 f   data_pack.obj
 0001:000015a0       ?CreateBuffer@DataBuffer@DataPacking@@QEAAPEAEI@Z 00000001800025a0 f   data_pack.obj
 0001:00001610       ?EndWritting@DataBuffer@DataPacking@@QEAAXXZ 0000000180002610 f   data_pack.obj
 0001:00001650       ?GetBlockGrowth@DataBuffer@DataPacking@@QEBAHXZ 0000000180002650 f i data_pack.obj
 0001:00001730       ?ReadFromBlock@DataBuffer@DataPacking@@QEAAPEAEII@Z 0000000180002730 f   data_pack.obj
 0001:00001800       ?ResizeBlockData@DataBuffer@DataPacking@@QEAA_NI@Z 0000000180002800 f   data_pack.obj
 0001:00001880       ?ResizeBufferData@DataBuffer@DataPacking@@QEAA_NI@Z 0000000180002880 f   data_pack.obj
 0001:00001960       ?SetBufferPos@DataBuffer@DataPacking@@QEAA_NI@Z 0000000180002960 f   data_pack.obj
 0001:00001980       ?StartWritting@DataBuffer@DataPacking@@QEAA_NPEBD@Z 0000000180002980 f   data_pack.obj
 0001:000019d0       ?WriteBlock@DataBuffer@DataPacking@@QEAA_NPEBDPEBEI@Z 00000001800029d0 f   data_pack.obj
 0001:00001a70       ?WriteBuffer@DataBuffer@DataPacking@@QEAA_NPEBEI@Z 0000000180002a70 f   data_pack.obj
 0001:00001b10       ??0InterfaceElement@@QEAA@P6APEAXXZP6AXPEAX@ZPEBDH_N@Z 0000000180002b10 f   interfaces.obj
 0001:00001c20       ??0InterfaceRegistration@@QEAA@XZ 0000000180002c20 f   interfaces.obj
 0001:00001c30       ?GetInterface@InterfaceRegistration@@QEAAPEAXPEBDH@Z 0000000180002c30 f   interfaces.obj
 0001:00001e90       ?RegisterInterface@InterfaceRegistration@@QEAAXPEAVInterfaceElement@@@Z 0000000180002e90 f   interfaces.obj
 0001:00001f90       ?ReleaseAllInterfacePointers@InterfaceRegistration@@QEAAXXZ 0000000180002f90 f   interfaces.obj
 0001:000020a0       ?ReleaseInterfacePointer@InterfaceRegistration@@QEAAXPEBDPEAX@Z 00000001800030a0 f   interfaces.obj
 0001:00002190       GetInterfaceRegistration   0000000180003190 f   interfaces.obj
 0001:00002270       Error                      0000000180003270 f   logging.obj
 0001:00002310       Msg                        0000000180003310 f   logging.obj
 0001:00002340       Warning                    0000000180003340 f   logging.obj
 0001:00002370       ??0MemoryBucketAllocator@@QEAA@IPEAUMemoryBucket@@@Z 0000000180003370 f   memory_bucket.obj
 0001:00002390       ??0iMemoryAllocator@@QEAA@XZ 0000000180003390 f i memory_bucket.obj
 0001:000023b0       ?Allocate@MemoryBucketAllocator@@UEAAPEAXI@Z 00000001800033b0 f   memory_bucket.obj
 0001:00002450       ?AllocateToBucket@MemoryBucketAllocator@@AEAAPEAXI@Z 0000000180003450 f   memory_bucket.obj
 0001:000024c0       ?Deallocate@MemoryBucketAllocator@@UEAAXPEAX@Z 00000001800034c0 f   memory_bucket.obj
 0001:00002630       ?GetBlockInBucketByMemory@MemoryBucketAllocator@@AEAAIPEAXI@Z 0000000180003630 f   memory_bucket.obj
 0001:000026e0       ?GetBucketOccupiedByMemory@MemoryBucketAllocator@@AEAA_NPEAXAEAI@Z 00000001800036e0 f   memory_bucket.obj
 0001:00002820       ??0GeneralAllocator@@QEAA@IPEAE@Z 0000000180003820 f   memory_pool.obj
 0001:00002850       ??0MemoryPool@@QEAA@XZ     0000000180003850 f   memory_pool.obj
 0001:000029d0       ??0iMemoryPool@@QEAA@XZ    00000001800039d0 f i memory_pool.obj
 0001:000029f0       ??1MemoryPool@@QEAA@XZ     00000001800039f0 f   memory_pool.obj
 0001:00002a10       ?Allocate@GeneralAllocator@@UEAAPEAXI@Z 0000000180003a10 f   memory_pool.obj
 0001:00002b60       ?CreateBucketAllocator@MemoryPool@@UEAAPEAViMemoryAllocator@@PEBDIPEAUbucket_info@@@Z 0000000180003b60 f   memory_pool.obj
 0001:00002e00       ?CreateGeneralAllocator@MemoryPool@@UEAAPEAViMemoryAllocator@@PEBDI@Z 0000000180003e00 f   memory_pool.obj
 0001:00002f90       ?Deallocate@GeneralAllocator@@UEAAXPEAX@Z 0000000180003f90 f   memory_pool.obj
 0001:00003070       ?SplitMemoryBlock@@YA_NPEAUalloc_block@@I@Z 0000000180004070 f   memory_pool.obj
 0001:000030c0       ?TryAllocation@MemoryPool@@UEAAPEAXIPEBDI@Z 00000001800040c0 f   memory_pool.obj
 0001:00003150       GetMemoryPool              0000000180004150 f   memory_pool.obj
 0001:00003160       ??0Keyvalues@Utility@@QEAA@XZ 0000000180004160 f   keyvalues.obj
 0001:00003250       ??0Variant@Utility@@QEAA@XZ 0000000180004250 f i keyvalues.obj
 0001:00003270       ??1Keyvalues@Utility@@QEAA@XZ 0000000180004270 f   keyvalues.obj
 0001:00003310       ??_GKeyvalues@Utility@@QEAAPEAXI@Z 0000000180004310 f i keyvalues.obj
 0001:00003350       ?AddChild@Keyvalues@Utility@@AEAAXPEAV12@@Z 0000000180004350 f   keyvalues.obj
 0001:00003480       ?AddIndentation@Utility@@YAXPEAU_iobuf@@I@Z 0000000180004480 f   keyvalues.obj
 0001:000034e0       ?CreateKey@Keyvalues@Utility@@QEAAPEAV12@PEBD@Z 00000001800044e0 f   keyvalues.obj
 0001:000035d0       ?GetKey@Keyvalues@Utility@@QEBAPEAV12@PEBD@Z 00000001800045d0 f   keyvalues.obj
 0001:00003660       ?GetName@Keyvalues@Utility@@QEBAPEBDXZ 0000000180004660 f i keyvalues.obj
 0001:00003670       ?GetVariant@Keyvalues@Utility@@QEBAAEBVVariant@2@XZ 0000000180004670 f i keyvalues.obj
 0001:00003750       ?HasChildren@Keyvalues@Utility@@QEBA_NXZ 0000000180004750 f i keyvalues.obj
 0001:00003760       ?ParseKey@Keyvalues@Utility@@AEAA_NPEAPEBDAEA_K@Z 0000000180004760 f   keyvalues.obj
 0001:00003ca0       ?PopulateFile@Keyvalues@Utility@@QEAA_NPEAU_iobuf@@@Z 0000000180004ca0 f   keyvalues.obj
 0001:00004090       ?PopulateWithBuffer@Keyvalues@Utility@@QEAA_NPEBD_K0@Z 0000000180005090 f   keyvalues.obj
 0001:00004150       ?PopulateWithFile@Keyvalues@Utility@@QEAA_NPEAU_iobuf@@PEBD@Z 0000000180005150 f   keyvalues.obj
 0001:00004310       ?SetFloat@Variant@Utility@@QEAAXM@Z 0000000180005310 f i keyvalues.obj
 0001:00004320       ?SetInt@Variant@Utility@@QEAAXH@Z 0000000180005320 f i keyvalues.obj
 0001:00004330       ?SetName@Keyvalues@Utility@@AEAAXPEBD_K@Z 0000000180005330 f   keyvalues.obj
 0001:00004340       ?SetValue@Keyvalues@Utility@@AEAAXPEBD_K@Z 0000000180005340 f   keyvalues.obj
 0001:00004410       ?SkipCommentLines@Keyvalues@Utility@@IEAA_NPEAPEBDAEA_K@Z 0000000180005410 f   keyvalues.obj
 0001:000044c0       ?WriteBranch@Keyvalues@Utility@@QEAA_NPEAU_iobuf@@I@Z 00000001800054c0 f   keyvalues.obj
 0001:000047c0       ?WriteName@Utility@@YAXPEAU_iobuf@@PEBD@Z 00000001800057c0 f   keyvalues.obj
 0001:00004870       ?WriteVariant@Utility@@YAXPEAU_iobuf@@PEBDPEBVVariant@1@@Z 0000000180005870 f   keyvalues.obj
 0001:000048e0       ?TokenSubtract@ScriptParse@@YAMPEAULexTokenVariable@1@0@Z 00000001800058e0 f   lexer.obj
 0001:000048f0       ?TokenAdd@ScriptParse@@YAMPEAULexTokenVariable@1@0@Z 00000001800058f0 f   lexer.obj
 0001:00004900       ?TokenMultiply@ScriptParse@@YAMPEAULexTokenVariable@1@0@Z 0000000180005900 f   lexer.obj
 0001:00004910       ?TokenModulo@ScriptParse@@YAMPEAULexTokenVariable@1@0@Z 0000000180005910 f   lexer.obj
 0001:00004930       ?TokenDivide@ScriptParse@@YAMPEAULexTokenVariable@1@0@Z 0000000180005930 f   lexer.obj
 0001:00004940       ??0CPostfixEvaluate@ScriptParse@@QEAA@XZ 0000000180005940 f   lexer.obj
 0001:00004960       ??0CScriptLexer@ScriptParse@@QEAA@XZ 0000000180005960 f   lexer.obj
 0001:00004a60       ??0CScriptParse@ScriptParse@@QEAA@XZ 0000000180005a60 f   lexer.obj
 0001:00004ad0       ?AddTokenToOperatorStack@CScriptParse@ScriptParse@@AEAAXPEAUiLexToken@2@@Z 0000000180005ad0 f   lexer.obj
 0001:00004b40       ?AddTokenToOutput@CScriptParse@ScriptParse@@AEAAXPEAUiLexToken@2@@Z 0000000180005b40 f i lexer.obj
 0001:00004b50       ?Analyze@CScriptLexer@ScriptParse@@QEAAXPEBD@Z 0000000180005b50 f   lexer.obj
 0001:00004e40       ?Evaluate@CPostfixEvaluate@ScriptParse@@QEAAMPEAPEAUiLexToken@2@I@Z 0000000180005e40 f   lexer.obj
 0001:00004f10       ?EvaluateOperator@CPostfixEvaluate@ScriptParse@@AEAAXPEAUiLexToken@2@@Z 0000000180005f10 f i lexer.obj
 0001:00004f70       ?Parse@CScriptParse@ScriptParse@@QEAAXPEAPEAUiLexToken@2@I@Z 0000000180005f70 f   lexer.obj
 0001:00005050       ?PopVariableStack@CPostfixEvaluate@ScriptParse@@AEAAPEAULexTokenVariable@2@XZ 0000000180006050 f i lexer.obj
 0001:00005060       ?PrintOutput@CScriptParse@ScriptParse@@QEAAXXZ 0000000180006060 f   lexer.obj
 0001:00005100       ?PushOperator@CScriptLexer@ScriptParse@@AEAAXPEBD@Z 0000000180006100 f i lexer.obj
 0001:00005190       ?PushToVariableStack@CPostfixEvaluate@ScriptParse@@AEAAXPEAULexTokenVariable@2@@Z 0000000180006190 f i lexer.obj
 0001:000051a0       ?PushVariable@CScriptLexer@ScriptParse@@AEAAXPEBD_N@Z 00000001800061a0 f   lexer.obj
 0001:00005270       ?IsFilePath@Utility@@YA_NPEBD@Z 0000000180006270 f   string_helpers.obj
 0001:000052e0       ?NextToken@Utility@@YAPEBDPEADPEBDD@Z 00000001800062e0 f   string_helpers.obj
 0001:00005350       ?ReplaceCharacters@Utility@@YAXPEADDD@Z 0000000180006350 f   string_helpers.obj
 0001:000053a0       ?StripFileExtension@Utility@@YAXPEAD@Z 00000001800063a0 f   string_helpers.obj
 0001:000053f0       ?StripFileName@Utility@@YAXPEAD@Z 00000001800063f0 f   string_helpers.obj
 0001:000054e0       ?StripPathEndSlash@Utility@@YAXPEAD@Z 00000001800064e0 f   string_helpers.obj
 0001:00005530       ??0CStringPool@@QEAA@PEBD@Z 0000000180006530 f   string_pool.obj
 0001:00005540       ?AllocateString@CStringPool@@QEAA?AVCStringPtr@@PEBD@Z 0000000180006540 f   string_pool.obj
 0001:00005550       ??0CUtlFilePath@@QEAA@PEBD@Z 0000000180006550 f   util_filepath.obj
 0001:00005590       ??0CUtlFilePath@@QEAA@_K@Z 0000000180006590 f   util_filepath.obj
 0001:000055c0       ??1CUtlString@@QEAA@XZ     00000001800065c0 f i util_filepath.obj
 0001:000055e0       ?AppendFileName@CUtlFilePath@@QEAAXPEBD@Z 00000001800065e0 f   util_filepath.obj
 0001:00005780       ?Element@CUtlString@@QEBAAEBD_K@Z 0000000180006780 f i util_filepath.obj
 0001:00005810       ?GetFileExtension@CUtlFilePath@@QEBAPEBDXZ 0000000180006810 f   util_filepath.obj
 0001:000059a0       ?GetFileExtension@CUtlFilePath@@QEBAXPEAD_K@Z 00000001800069a0 f   util_filepath.obj
 0001:000059b0       ?GetFileName@CUtlFilePath@@QEBAPEBDXZ 00000001800069b0 f   util_filepath.obj
 0001:00005b50       ?GetFileName@CUtlFilePath@@QEBAXPEAD_K_N@Z 0000000180006b50 f   util_filepath.obj
 0001:00005b60       ?GetNumCharacters@CUtlString@@QEBA_KXZ 0000000180006b60 f i util_filepath.obj
 0001:00005c40       ?PopFolder@CUtlFilePath@@QEAAXXZ 0000000180006c40 f   util_filepath.obj
 0001:00005d60       ?PushFolder@CUtlFilePath@@QEAAXPEBD@Z 0000000180006d60 f   util_filepath.obj
 0001:00005e10       ?SetupPath@CUtlFilePath@@AEAAXXZ 0000000180006e10 f   util_filepath.obj
 0001:00006020       ?StripFileName@CUtlFilePath@@QEAAXXZ 0000000180007020 f   util_filepath.obj
 0001:00006100       ??0CUtlString@@QEAA@AEAV0@@Z 0000000180007100 f   util_string.obj
 0001:00006210       ??0CUtlString@@QEAA@PEBD@Z 0000000180007210 f   util_string.obj
 0001:000062d0       ??0CUtlString@@QEAA@_K@Z   00000001800072d0 f   util_string.obj
 0001:00006320       ??ACUtlString@@QEBAD_K@Z   0000000180007320 f i util_string.obj
 0001:000063b0       ?Clear@CUtlString@@QEAAXXZ 00000001800073b0 f i util_string.obj
 0001:000063d0       ?CompareStringsCaseInsensitive@CUtlString@@QEBAHAEBV1@@Z 00000001800073d0 f   util_string.obj
 0001:00006590       ?CompareStringsCaseSensitive@CUtlString@@QEBAHAEBV1@@Z 0000000180007590 f   util_string.obj
 0001:00006720       ?ConcatString@CUtlString@@QEAAXAEBV1@@Z 0000000180007720 f   util_string.obj
 0001:00006840       ?ConcatString@CUtlString@@QEAAXPEBD@Z 0000000180007840 f   util_string.obj
 0001:000068f0       ?CountCharacters@CUtlString@@QEBA_KD@Z 00000001800078f0 f   util_string.obj
 0001:000069f0       ?IsEmpty@CUtlString@@QEBA_NXZ 00000001800079f0 f i util_string.obj
 0001:00006a00       ?NextToken@CUtlString@@QEAAPEBDPEADPEBDD@Z 0000000180007a00 f   util_string.obj
 0001:00006b10       ?PopCharacters@CUtlString@@QEAAX_K@Z 0000000180007b10 f   util_string.obj
 0001:00006b50       ?PushCharacter@CUtlString@@QEAAXD@Z 0000000180007b50 f   util_string.obj
 0001:00006bb0       ?RemoveCharacters@CUtlString@@QEAAX_K0@Z 0000000180007bb0 f   util_string.obj
 0001:00006ca0       ?ReplaceCharacters@CUtlString@@QEAAXDD@Z 0000000180007ca0 f   util_string.obj
 0001:00006ce0       ?SetupMem@CUtlString@@AEAA_N_K@Z 0000000180007ce0 f   util_string.obj
 0001:00006ee0       ?ToLowerCase@CUtlString@@QEAAXXZ 0000000180007ee0 f   util_string.obj
 0001:00006f40       ?ToUpperCase@CUtlString@@QEAAXXZ 0000000180007f40 f   util_string.obj
 0001:00006fa0       ?VarArgs@CUtlString@@QEAAXPEADZZ 0000000180007fa0 f   util_string.obj
 0001:00007030       ?ceil@@YAMM@Z              0000000180008030 f i util_string.obj
 0001:00007070       ?GetPlatform@@YAPEAVIPlatform@@XZ 0000000180008070 f   utilities.obj
 0001:000070b4       MessageBoxA                00000001800080b4 f   user32:USER32.dll
 0001:000070c0       ??_U@YAPEAX_K@Z            00000001800080c0 f   libcpmtd:newaop.obj
 0001:000070e0       ??0bad_alloc@std@@QEAA@AEBV01@@Z 00000001800080e0 f i LIBCMTD:new.obj
 0001:00007120       ??0bad_alloc@std@@QEAA@XZ  0000000180008120 f i LIBCMTD:new.obj
 0001:00007170       ??1bad_alloc@std@@UEAA@XZ  0000000180008170 f i LIBCMTD:new.obj
 0001:000071a0       ??2@YAPEAX_K@Z             00000001800081a0 f   LIBCMTD:new.obj
 0001:00007200       ??_Gbad_alloc@std@@UEAAPEAXI@Z 0000000180008200 f i LIBCMTD:new.obj
 0001:00007200       ??_Ebad_alloc@std@@UEAAPEAXI@Z 0000000180008200 f i LIBCMTD:new.obj
 0001:00007240       _vsnprintf_c               0000000180008240 f   LIBCMTD:vsnprnc.obj
 0001:000072b0       _vsnprintf_c_l             00000001800082b0 f   LIBCMTD:vsnprnc.obj
 0001:00007320       _vsnprintf_helper          0000000180008320 f   LIBCMTD:vsnprnc.obj
 0001:00007600       _vsnprintf_s               0000000180008600 f   LIBCMTD:vsnprnc.obj
 0001:00007650       _vsnprintf_s_l             0000000180008650 f   LIBCMTD:vsnprnc.obj
 0001:00007bf0       _vsprintf_p                0000000180008bf0 f   LIBCMTD:vsnprnc.obj
 0001:00007c60       _vsprintf_p_l              0000000180008c60 f   LIBCMTD:vsnprnc.obj
 0001:00007cd0       _vsprintf_s_l              0000000180008cd0 f   LIBCMTD:vsnprnc.obj
 0001:00008060       vsprintf_s                 0000000180009060 f   LIBCMTD:vsnprnc.obj
 0001:000080a0       _vscprintf                 00000001800090a0 f   LIBCMTD:vsprintf.obj
 0001:000080d0       _vscprintf_helper          00000001800090d0 f   LIBCMTD:vsprintf.obj
 0001:00008220       _vscprintf_l               0000000180009220 f   LIBCMTD:vsprintf.obj
 0001:00008260       _vscprintf_p               0000000180009260 f   LIBCMTD:vsprintf.obj
 0001:00008290       _vscprintf_p_l             0000000180009290 f   LIBCMTD:vsprintf.obj
 0001:000082d0       _vsprintf_l                00000001800092d0 f   LIBCMTD:vsprintf.obj
 0001:00008540       vsprintf                   0000000180009540 f   LIBCMTD:vsprintf.obj
 0001:00008570       __copy_path_to_wide_string 0000000180009570 f   LIBCMTD:crt0dat.obj
 0001:000087f0       __crtCorExitProcess        00000001800097f0 f   LIBCMTD:crt0dat.obj
 0001:00008840       __crtExitProcess           0000000180009840 f   LIBCMTD:crt0dat.obj
 0001:00008860       __freeCrtMemory            0000000180009860 f   LIBCMTD:crt0dat.obj
 0001:00008a80       _amsg_exit                 0000000180009a80 f   LIBCMTD:crt0dat.obj
 0001:00008ab0       _c_exit                    0000000180009ab0 f   LIBCMTD:crt0dat.obj
 0001:00008ad0       _cexit                     0000000180009ad0 f   LIBCMTD:crt0dat.obj
 0001:00008af0       _cinit                     0000000180009af0 f   LIBCMTD:crt0dat.obj
 0001:00008ba0       _exit                      0000000180009ba0 f   LIBCMTD:crt0dat.obj
 0001:00008bc0       _get_pgmptr                0000000180009bc0 f   LIBCMTD:crt0dat.obj
 0001:00008d30       _get_wpgmptr               0000000180009d30 f   LIBCMTD:crt0dat.obj
 0001:00008ea0       _init_pointers             0000000180009ea0 f   LIBCMTD:crt0dat.obj
 0001:00008f50       _initterm_e                0000000180009f50 f   LIBCMTD:crt0dat.obj
 0001:00008fb0       _lockexit                  0000000180009fb0 f   LIBCMTD:crt0dat.obj
 0001:00008fd0       _unlockexit                0000000180009fd0 f   LIBCMTD:crt0dat.obj
 0001:00009200       exit                       000000018000a200 f   LIBCMTD:crt0dat.obj
 0001:00009230       memcpy                     000000018000a230 f   LIBCMTD:memcpy.obj
 0001:00009230       memmove                    000000018000a230     LIBCMTD:memcpy.obj
 0001:00009720       free                       000000018000a720 f   LIBCMTD:dbgfree.obj
 0001:00009740       malloc                     000000018000a740 f   LIBCMTD:dbgmalloc.obj
 0001:00009780       realloc                    000000018000a780 f   LIBCMTD:dbgrealloc.obj
 0001:000097d0       strncpy                    000000018000a7d0 f   LIBCMTD:strncpy.obj
 0001:00009940       ??3@YAXPEAX@Z              000000018000a940 f   LIBCMTD:dbgdel.obj
 0001:00009a10       _vprintf_l                 000000018000aa10 f   LIBCMTD:vprintf.obj
 0001:00009a50       _vprintf_p                 000000018000aa50 f   LIBCMTD:vprintf.obj
 0001:00009a80       _vprintf_p_l               000000018000aa80 f   LIBCMTD:vprintf.obj
 0001:00009ac0       _vprintf_s_l               000000018000aac0 f   LIBCMTD:vprintf.obj
 0001:00009b00       vprintf                    000000018000ab00 f   LIBCMTD:vprintf.obj
 0001:00009b30       vprintf_helper             000000018000ab30 f   LIBCMTD:vprintf.obj
 0001:00009c60       vprintf_s                  000000018000ac60 f   LIBCMTD:vprintf.obj
 0001:00009c90       _get_purecall_handler      000000018000ac90 f   LIBCMTD:purevirt.obj
 0001:00009cb0       _purecall                  000000018000acb0 f   LIBCMTD:purevirt.obj
 0001:00009d00       _set_purecall_handler      000000018000ad00 f   LIBCMTD:purevirt.obj
 0001:00009d40       ??0type_info@@AEAA@AEBV0@@Z 000000018000ad40 f   LIBCMTD:typinfo.obj
 0001:00009d60       ??1type_info@@UEAA@XZ      000000018000ad60 f   LIBCMTD:typinfo.obj
 0001:00009d90       ??4type_info@@AEAAAEAV0@AEBV0@@Z 000000018000ad90 f   LIBCMTD:typinfo.obj
 0001:00009da0       ??8type_info@@QEBA_NAEBV0@@Z 000000018000ada0 f   LIBCMTD:typinfo.obj
 0001:00009df0       ??9type_info@@QEBA_NAEBV0@@Z 000000018000adf0 f   LIBCMTD:typinfo.obj
 0001:00009e40       ??_Etype_info@@UEAAPEAXI@Z 000000018000ae40 f i LIBCMTD:typinfo.obj
 0001:00009e40       ??_Gtype_info@@UEAAPEAXI@Z 000000018000ae40 f i LIBCMTD:typinfo.obj
 0001:00009e80       ?_name_internal_method@type_info@@QEBAPEBDPEAU__type_info_node@@@Z 000000018000ae80 f   LIBCMTD:typinfo.obj
 0001:00009eb0       ?_type_info_dtor_internal_method@type_info@@QEAAXXZ 000000018000aeb0 f   LIBCMTD:typinfo.obj
 0001:00009ed0       ?before@type_info@@QEBA_NAEBV1@@Z 000000018000aed0 f   LIBCMTD:typinfo.obj
 0001:00009f20       ?name@type_info@@QEBAPEBDPEAU__type_info_node@@@Z 000000018000af20 f   LIBCMTD:typinfo.obj
 0001:00009f50       ?raw_name@type_info@@QEBAPEBDXZ 000000018000af50 f   LIBCMTD:typinfo.obj
 0001:00009f60       __onexitinit               000000018000af60 f   LIBCMTD:onexit.obj
 0001:00009fd0       _onexit                    000000018000afd0 f   LIBCMTD:onexit.obj
 0001:0000a1d0       atexit                     000000018000b1d0 f   LIBCMTD:onexit.obj
 0001:0000a210       ??0_LocaleUpdate@@QEAA@PEAUlocaleinfo_struct@@@Z 000000018000b210 f i LIBCMTD:atof.obj
 0001:0000a350       ??1_LocaleUpdate@@QEAA@XZ  000000018000b350 f i LIBCMTD:atof.obj
 0001:0000a390       ?GetLocaleT@_LocaleUpdate@@QEAAPEAUlocaleinfo_struct@@XZ 000000018000b390 f i LIBCMTD:atof.obj
 0001:0000a3a0       __STRINGTOLD               000000018000b3a0 f   LIBCMTD:atof.obj
 0001:0000a410       __strgtold12               000000018000b410 f   LIBCMTD:atof.obj
 0001:0000a4a0       _atof_l                    000000018000b4a0 f   LIBCMTD:atof.obj
 0001:0000a690       atof                       000000018000b690 f   LIBCMTD:atof.obj
 0001:0000a6b0       _atoi64                    000000018000b6b0 f   LIBCMTD:atox.obj
 0001:0000a6d0       _atoi64_l                  000000018000b6d0 f   LIBCMTD:atox.obj
 0001:0000a700       _atoi_l                    000000018000b700 f   LIBCMTD:atox.obj
 0001:0000a730       _atol_l                    000000018000b730 f   LIBCMTD:atox.obj
 0001:0000a760       atoi                       000000018000b760 f   LIBCMTD:atox.obj
 0001:0000a780       atol                       000000018000b780 f   LIBCMTD:atox.obj
 0001:0000a7b0       strncat                    000000018000b7b0 f   LIBCMTD:strncat.obj
 0001:0000a950       ??_V@YAXPEAX@Z             000000018000b950 f   LIBCMTD:delete2.obj
 0001:0000a970       _fpmath                    000000018000b970 f   LIBCMTD:fpinit.obj
 0001:0000a990       __setfflag                 000000018000b990 f   LIBCMTD:fpinit.obj
 0001:0000a9c0       _cfltcvt_init              000000018000b9c0 f   LIBCMTD:fpinit.obj
 0001:0000aad0       _get_printf_count_output   000000018000bad0 f   LIBCMTD:printf.obj
 0001:0000ab00       _printf_l                  000000018000bb00 f   LIBCMTD:printf.obj
 0001:0000ab40       _printf_p                  000000018000bb40 f   LIBCMTD:printf.obj
 0001:0000ab80       _printf_p_l                000000018000bb80 f   LIBCMTD:printf.obj
 0001:0000abc0       _printf_s_l                000000018000bbc0 f   LIBCMTD:printf.obj
 0001:0000ac00       _set_printf_count_output   000000018000bc00 f   LIBCMTD:printf.obj
 0001:0000ac70       printf                     000000018000bc70 f   LIBCMTD:printf.obj
 0001:0000adf0       printf_s                   000000018000bdf0 f   LIBCMTD:printf.obj
 0001:0000ae30       _toupper                   000000018000be30 f   LIBCMTD:toupper.obj
 0001:0000ae40       _toupper_l                 000000018000be40 f   LIBCMTD:toupper.obj
 0001:0000b1a0       toupper                    000000018000c1a0 f   LIBCMTD:toupper.obj
 0001:0000b1f0       _tolower                   000000018000c1f0 f   LIBCMTD:tolower.obj
 0001:0000b200       _tolower_l                 000000018000c200 f   LIBCMTD:tolower.obj
 0001:0000b560       tolower                    000000018000c560 f   LIBCMTD:tolower.obj
 0001:0000b5b0       _CRT_INIT                  000000018000c5b0 f   LIBCMTD:dllcrt0.obj
 0001:0000b7a0       _DllMainCRTStartup         000000018000c7a0 f   LIBCMTD:dllcrt0.obj
 0001:0000b940       __DllXcptFilter            000000018000c940 f   LIBCMTD:dllcrt0.obj
 0001:0000b990       ??0__non_rtti_object@std@@QEAA@AEBV01@@Z 000000018000c990 f   LIBCMTD:stdexcpt.obj
 0001:0000b9d0       ??0__non_rtti_object@std@@QEAA@PEBD@Z 000000018000c9d0 f   LIBCMTD:stdexcpt.obj
 0001:0000ba10       ??0bad_cast@std@@QEAA@AEBV01@@Z 000000018000ca10 f   LIBCMTD:stdexcpt.obj
 0001:0000ba50       ??0bad_cast@std@@QEAA@PEBD@Z 000000018000ca50 f   LIBCMTD:stdexcpt.obj
 0001:0000ba90       ??0bad_typeid@std@@QEAA@AEBV01@@Z 000000018000ca90 f   LIBCMTD:stdexcpt.obj
 0001:0000bad0       ??0bad_typeid@std@@QEAA@PEBD@Z 000000018000cad0 f   LIBCMTD:stdexcpt.obj
 0001:0000bb10       ??0exception@std@@QEAA@AEBQEBD@Z 000000018000cb10 f   LIBCMTD:stdexcpt.obj
 0001:0000bb60       ??0exception@std@@QEAA@AEBQEBDH@Z 000000018000cb60 f   LIBCMTD:stdexcpt.obj
 0001:0000bba0       ??0exception@std@@QEAA@AEBV01@@Z 000000018000cba0 f   LIBCMTD:stdexcpt.obj
 0001:0000bbf0       ??0exception@std@@QEAA@XZ  000000018000cbf0 f   LIBCMTD:stdexcpt.obj
 0001:0000bc20       ??1__non_rtti_object@std@@UEAA@XZ 000000018000cc20 f   LIBCMTD:stdexcpt.obj
 0001:0000bc50       ??1bad_cast@std@@UEAA@XZ   000000018000cc50 f   LIBCMTD:stdexcpt.obj
 0001:0000bc80       ??1bad_typeid@std@@UEAA@XZ 000000018000cc80 f   LIBCMTD:stdexcpt.obj
 0001:0000bcb0       ??1exception@std@@UEAA@XZ  000000018000ccb0 f   LIBCMTD:stdexcpt.obj
 0001:0000bce0       ??4exception@std@@QEAAAEAV01@AEBV01@@Z 000000018000cce0 f   LIBCMTD:stdexcpt.obj
 0001:0000bd50       ??_G__non_rtti_object@std@@UEAAPEAXI@Z 000000018000cd50 f i LIBCMTD:stdexcpt.obj
 0001:0000bd50       ??_E__non_rtti_object@std@@UEAAPEAXI@Z 000000018000cd50 f i LIBCMTD:stdexcpt.obj
 0001:0000bd90       ??_Ebad_cast@std@@UEAAPEAXI@Z 000000018000cd90 f i LIBCMTD:stdexcpt.obj
 0001:0000bd90       ??_Gbad_cast@std@@UEAAPEAXI@Z 000000018000cd90 f i LIBCMTD:stdexcpt.obj
 0001:0000bdd0       ??_Gbad_typeid@std@@UEAAPEAXI@Z 000000018000cdd0 f i LIBCMTD:stdexcpt.obj
 0001:0000bdd0       ??_Ebad_typeid@std@@UEAAPEAXI@Z 000000018000cdd0 f i LIBCMTD:stdexcpt.obj
 0001:0000be10       ??_Eexception@std@@UEAAPEAXI@Z 000000018000ce10 f i LIBCMTD:stdexcpt.obj
 0001:0000be10       ??_Gexception@std@@UEAAPEAXI@Z 000000018000ce10 f i LIBCMTD:stdexcpt.obj
 0001:0000be50       ?_Copy_str@exception@std@@AEAAXPEBD@Z 000000018000ce50 f   LIBCMTD:stdexcpt.obj
 0001:0000bec0       ?_Tidy@exception@std@@AEAAXXZ 000000018000cec0 f   LIBCMTD:stdexcpt.obj
 0001:0000bf00       ?what@exception@std@@UEBAPEBDXZ 000000018000cf00 f   LIBCMTD:stdexcpt.obj
 0001:0000bf40       ?_query_new_handler@@YAP6AH_K@ZXZ 000000018000cf40 f   LIBCMTD:handler.obj
 0001:0000bf60       ?_set_new_handler@@YAP6AH_K@ZH@Z 000000018000cf60 f   LIBCMTD:handler.obj
 0001:0000bfc0       ?_set_new_handler@@YAP6AH_K@ZP6AH0@Z@Z 000000018000cfc0 f   LIBCMTD:handler.obj
 0001:0000c010       _callnewh                  000000018000d010 f   LIBCMTD:handler.obj
 0001:0000c050       _initp_heap_handler        000000018000d050 f   LIBCMTD:handler.obj
 0001:0000c070       _CxxThrowException         000000018000d070 f   LIBCMTD:throw.obj
 0001:0000c180       _vsnprintf                 000000018000d180 f   LIBCMTD:vsnprint.obj
 0001:0000c180       vsnprintf                  000000018000d180 f   LIBCMTD:vsnprint.obj
 0001:0000c1c0       _vsnprintf_l               000000018000d1c0 f   LIBCMTD:vsnprint.obj
 0001:0000c460       ?_invalid_parameter@@YAXPEBG00I_K@Z 000000018000d460 f   LIBCMTD:invarg.obj
 0001:0000c4a0       ?_invoke_watson@@YAXPEBG00I_K@Z 000000018000d4a0 f   LIBCMTD:invarg.obj
 0001:0000c4e0       _call_reportfault          000000018000d4e0 f   LIBCMTD:invarg.obj
 0001:0000c610       _get_invalid_parameter_handler 000000018000d610 f   LIBCMTD:invarg.obj
 0001:0000c650       _initp_misc_invarg         000000018000d650 f   LIBCMTD:invarg.obj
 0001:0000c670       _invalid_parameter         000000018000d670 f   LIBCMTD:invarg.obj
 0001:0000c700       _invoke_watson             000000018000d700 f   LIBCMTD:invarg.obj
 0001:0000c760       _set_invalid_parameter_handler 000000018000d760 f   LIBCMTD:invarg.obj
 0001:0000c7c0       _flsbuf                    000000018000d7c0 f   LIBCMTD:_flsbuf.obj
 0001:0000cb70       ?_CrtDbgReportW@@YAHHPEBGH00ZZ 000000018000db70 f   LIBCMTD:dbgrptw.obj
 0001:0000cbf0       _CrtDbgReportW             000000018000dbf0 f   LIBCMTD:dbgrptw.obj
 0001:0000cc70       _CrtDbgReportWV            000000018000dc70 f i LIBCMTD:dbgrptw.obj
 0001:0000ccd0       _CrtSetReportHookW2        000000018000dcd0 f   LIBCMTD:dbgrptw.obj
 0001:0000d0e0       __crtMessageWindowW        000000018000e0e0 f   LIBCMTD:dbgrptw.obj
 0001:0000d760       _invoke_watson_if_error    000000018000e760 f i LIBCMTD:dbgrptw.obj
 0001:0000d7b0       _invoke_watson_if_oneof    000000018000e7b0 f i LIBCMTD:dbgrptw.obj
 0001:0000d830       memset                     000000018000e830 f   LIBCMTD:memset.obj
 0001:0000d940       _output_l                  000000018000e940 f   LIBCMTD:output.obj
 0001:0000f160       get_int64_arg              0000000180010160 f i LIBCMTD:output.obj
 0001:0000f1d0       get_int_arg                00000001800101d0 f i LIBCMTD:output.obj
 0001:0000f230       get_short_arg              0000000180010230 f i LIBCMTD:output.obj
 0001:0000f4d0       _output_s_l                00000001800104d0 f   LIBCMTD:outputs.obj
 0001:000110d0       _output_p_l                00000001800120d0 f   LIBCMTD:outputp.obj
 0001:000155d0       _validate_param_reuseA     00000001800165d0 f   LIBCMTD:outputp.obj
 0001:00015940       get_crtdouble_arg          0000000180016940 f i LIBCMTD:outputp.obj
 0001:00015be0       __doserrno                 0000000180016be0 f   LIBCMTD:dosmap.obj
 0001:00015c10       _dosmaperr                 0000000180016c10 f   LIBCMTD:dosmap.obj
 0001:00015c40       _errno                     0000000180016c40 f   LIBCMTD:dosmap.obj
 0001:00015c70       _get_doserrno              0000000180016c70 f   LIBCMTD:dosmap.obj
 0001:00015d30       _get_errno                 0000000180016d30 f   LIBCMTD:dosmap.obj
 0001:00015df0       _get_errno_from_oserr      0000000180016df0 f   LIBCMTD:dosmap.obj
 0001:00015e80       _set_doserrno              0000000180016e80 f   LIBCMTD:dosmap.obj
 0001:00015ec0       _set_errno                 0000000180016ec0 f   LIBCMTD:dosmap.obj
 0001:00016430       _CrtCheckMemory            0000000180017430 f   LIBCMTD:dbgheap.obj
 0001:000169d0       _CrtDoForAllClientObjects  00000001800179d0 f   LIBCMTD:dbgheap.obj
 0001:00016b00       _CrtDumpMemoryLeaks        0000000180017b00 f   LIBCMTD:dbgheap.obj
 0001:00016bc0       _CrtGetAllocHook           0000000180017bc0 f   LIBCMTD:dbgheap.obj
 0001:00016bd0       _CrtGetCheckCount          0000000180017bd0 f   LIBCMTD:dbgheap.obj
 0001:00016be0       _CrtGetDumpClient          0000000180017be0 f   LIBCMTD:dbgheap.obj
 0001:00016bf0       _CrtIsMemoryBlock          0000000180017bf0 f   LIBCMTD:dbgheap.obj
 0001:00016d70       _CrtIsValidHeapPointer     0000000180017d70 f   LIBCMTD:dbgheap.obj
 0001:00016dd0       _CrtIsValidPointer         0000000180017dd0 f   LIBCMTD:dbgheap.obj
 0001:00016e10       _CrtMemCheckpoint          0000000180017e10 f   LIBCMTD:dbgheap.obj
 0001:000170a0       _CrtMemDifference          00000001800180a0 f   LIBCMTD:dbgheap.obj
 0001:000173d0       _CrtMemDumpAllObjectsSince 00000001800183d0 f   LIBCMTD:dbgheap.obj
 0001:00017420       _CrtMemDumpStatistics      0000000180018420 f   LIBCMTD:dbgheap.obj
 0001:000175b0       _CrtReportBlockType        00000001800185b0 f   LIBCMTD:dbgheap.obj
 0001:000175f0       _CrtSetAllocHook           00000001800185f0 f   LIBCMTD:dbgheap.obj
 0001:00017620       _CrtSetBreakAlloc          0000000180018620 f   LIBCMTD:dbgheap.obj
 0001:00017650       _CrtSetCheckCount          0000000180018650 f   LIBCMTD:dbgheap.obj
 0001:00017670       _CrtSetDbgBlockType        0000000180018670 f   LIBCMTD:dbgheap.obj
 0001:00017740       _CrtSetDbgFlag             0000000180018740 f   LIBCMTD:dbgheap.obj
 0001:00017880       _CrtSetDebugFillThreshold  0000000180018880 f   LIBCMTD:dbgheap.obj
 0001:000178b0       _CrtSetDumpClient          00000001800188b0 f   LIBCMTD:dbgheap.obj
 0001:000178e0       _aligned_free              00000001800188e0 f   LIBCMTD:dbgheap.obj
 0001:00017900       _aligned_free_dbg          0000000180018900 f   LIBCMTD:dbgheap.obj
 0001:000179f0       _aligned_malloc            00000001800189f0 f   LIBCMTD:dbgheap.obj
 0001:00017a20       _aligned_malloc_dbg        0000000180018a20 f   LIBCMTD:dbgheap.obj
 0001:00017a60       _aligned_msize             0000000180018a60 f   LIBCMTD:dbgheap.obj
 0001:00017a90       _aligned_msize_dbg         0000000180018a90 f   LIBCMTD:dbgheap.obj
 0001:00017c50       _aligned_offset_malloc     0000000180018c50 f   LIBCMTD:dbgheap.obj
 0001:00017c90       _aligned_offset_malloc_dbg 0000000180018c90 f   LIBCMTD:dbgheap.obj
 0001:00017f70       _aligned_offset_realloc    0000000180018f70 f   LIBCMTD:dbgheap.obj
 0001:00017fc0       _aligned_offset_realloc_dbg 0000000180018fc0 f   LIBCMTD:dbgheap.obj
 0001:00018460       _aligned_offset_recalloc   0000000180019460 f   LIBCMTD:dbgheap.obj
 0001:000184c0       _aligned_offset_recalloc_dbg 00000001800194c0 f   LIBCMTD:dbgheap.obj
 0001:000185e0       _aligned_realloc           00000001800195e0 f   LIBCMTD:dbgheap.obj
 0001:00018620       _aligned_realloc_dbg       0000000180019620 f   LIBCMTD:dbgheap.obj
 0001:00018670       _aligned_recalloc          0000000180019670 f   LIBCMTD:dbgheap.obj
 0001:000186c0       _aligned_recalloc_dbg      00000001800196c0 f   LIBCMTD:dbgheap.obj
 0001:00018720       _calloc_dbg                0000000180019720 f   LIBCMTD:dbgheap.obj
 0001:000187a0       _calloc_dbg_impl           00000001800197a0 f   LIBCMTD:dbgheap.obj
 0001:00018850       _expand                    0000000180019850 f   LIBCMTD:dbgheap.obj
 0001:00018890       _expand_dbg                0000000180019890 f   LIBCMTD:dbgheap.obj
 0001:000189b0       _free_dbg                  00000001800199b0 f   LIBCMTD:dbgheap.obj
 0001:000189f0       _free_dbg_nolock           00000001800199f0 f   LIBCMTD:dbgheap.obj
 0001:000190e0       _free_nolock               000000018001a0e0 f   LIBCMTD:dbgheap.obj
 0001:00019100       _heap_alloc                000000018001a100 f   LIBCMTD:dbgheap.obj
 0001:00019130       _heap_alloc_dbg            000000018001a130 f   LIBCMTD:dbgheap.obj
 0001:00019650       _malloc_dbg                000000018001a650 f   LIBCMTD:dbgheap.obj
 0001:000196a0       _msize                     000000018001a6a0 f   LIBCMTD:dbgheap.obj
 0001:000196c0       _msize_dbg                 000000018001a6c0 f   LIBCMTD:dbgheap.obj
 0001:00019900       _nh_malloc                 000000018001a900 f   LIBCMTD:dbgheap.obj
 0001:00019940       _nh_malloc_dbg             000000018001a940 f   LIBCMTD:dbgheap.obj
 0001:00019ce0       _realloc_dbg               000000018001ace0 f   LIBCMTD:dbgheap.obj
 0001:00019d50       _recalloc                  000000018001ad50 f   LIBCMTD:dbgheap.obj
 0001:00019da0       _recalloc_dbg              000000018001ada0 f   LIBCMTD:dbgheap.obj
 0001:0001a7a0       _RTC_Initialize            000000018001b7a0 f   LIBCMTD:initsect.obj
 0001:0001a7e0       _RTC_Terminate             000000018001b7e0 f   LIBCMTD:initsect.obj
 0001:0001a820       _lock                      000000018001b820 f   LIBCMTD:mlock.obj
 0001:0001a880       _lockerr_exit              000000018001b880 f   LIBCMTD:mlock.obj
 0001:0001a8b0       _mtdeletelocks             000000018001b8b0 f   LIBCMTD:mlock.obj
 0001:0001a9d0       _mtinitlocknum             000000018001b9d0 f   LIBCMTD:mlock.obj
 0001:0001aad0       _mtinitlocks               000000018001bad0 f   LIBCMTD:mlock.obj
 0001:0001ab70       _unlock                    000000018001bb70 f   LIBCMTD:mlock.obj
 0001:0001ac10       __crtCaptureCurrentContext 000000018001bc10 f   LIBCMTD:winapisupp.obj
 0001:0001acb0       __crtCapturePreviousContext 000000018001bcb0 f   LIBCMTD:winapisupp.obj
 0001:0001ad70       __crtFlsAlloc              000000018001bd70 f   LIBCMTD:winapisupp.obj
 0001:0001ad90       __crtFlsFree               000000018001bd90 f   LIBCMTD:winapisupp.obj
 0001:0001adb0       __crtFlsGetValue           000000018001bdb0 f   LIBCMTD:winapisupp.obj
 0001:0001add0       __crtFlsSetValue           000000018001bdd0 f   LIBCMTD:winapisupp.obj
 0001:0001ae00       __crtGetShowWindowMode     000000018001be00 f   LIBCMTD:winapisupp.obj
 0001:0001ae40       __crtIsPackagedApp         000000018001be40 f   LIBCMTD:winapisupp.obj
 0001:0001ae80       __crtSetUnhandledExceptionFilter 000000018001be80 f   LIBCMTD:winapisupp.obj
 0001:0001aea0       __crtTerminateProcess      000000018001bea0 f   LIBCMTD:winapisupp.obj
 0001:0001aec0       __crtUnhandledException    000000018001bec0 f   LIBCMTD:winapisupp.obj
 0001:0001aef0       _FF_MSGBANNER              000000018001bef0 f   LIBCMTD:crt0msg.obj
 0001:0001af40       _GET_RTERRMSG              000000018001bf40 f   LIBCMTD:crt0msg.obj
 0001:0001afa0       _NMSG_WRITE                000000018001bfa0 f   LIBCMTD:crt0msg.obj
 0001:0001b3d0       _FindPESection             000000018001c3d0 f   LIBCMTD:pesect.obj
 0001:0001b480       _IsNonwritableInCurrentImage 000000018001c480 f   LIBCMTD:pesect.obj
 0001:0001b510       _ValidateImageBase         000000018001c510 f   LIBCMTD:pesect.obj
 0001:0001b590       _initp_misc_cfltcvt_tab    000000018001c590 f   LIBCMTD:cmiscdat.obj
 0001:0001b5e0       ?_inconsistency@@YAXXZ     000000018001c5e0 f   LIBCMTD:hooks.obj
 0001:0001b610       ?terminate@@YAXXZ          000000018001c610 f   LIBCMTD:hooks.obj
 0001:0001b640       ?unexpected@@YAXXZ         000000018001c640 f   LIBCMTD:hooks.obj
 0001:0001b670       _initp_eh_hooks            000000018001c670 f   LIBCMTD:hooks.obj
 0001:0001b6a0       __getlocaleinfo            000000018001c6a0 f   LIBCMTD:inithelp.obj
 0001:0001ba20       _initp_misc_purevirt       000000018001ca20 f   LIBCMTD:inithelp.obj
 0001:0001ba40       _initp_misc_rand_s         000000018001ca40 f   LIBCMTD:rand_s.obj
 0001:0001ba60       rand_s                     000000018001ca60 f   LIBCMTD:rand_s.obj
 0001:0001bd90       __fpecode                  000000018001cd90 f   LIBCMTD:winsig.obj
 0001:0001bdb0       __get_sigabrt              000000018001cdb0 f   LIBCMTD:winsig.obj
 0001:0001bdd0       __pxcptinfoptrs            000000018001cdd0 f   LIBCMTD:winsig.obj
 0001:0001bdf0       _initp_misc_winsig         000000018001cdf0 f   LIBCMTD:winsig.obj
 0001:0001bef0       raise                      000000018001cef0 f   LIBCMTD:winsig.obj
 0001:0001c340       signal                     000000018001d340 f   LIBCMTD:winsig.obj
 0001:0001c780       __C_specific_handler       000000018001d780 f   LIBCMTD:chandler.obj
 0001:0001cba0       __initmbctable             000000018001dba0 f   LIBCMTD:mbctype.obj
 0001:0001d230       __updatetmbcinfo           000000018001e230 f   LIBCMTD:mbctype.obj
 0001:0001d330       _getmbcp                   000000018001e330 f   LIBCMTD:mbctype.obj
 0001:0001d3b0       _setmbcp                   000000018001e3b0 f   LIBCMTD:mbctype.obj
 0001:0001d6a0       _setmbcp_nolock            000000018001e6a0 f   LIBCMTD:mbctype.obj
 0001:0001daf0       _ftbuf                     000000018001eaf0 f   LIBCMTD:_sftbuf.obj
 0001:0001dbb0       _stbuf                     000000018001ebb0 f   LIBCMTD:_sftbuf.obj
 0001:0001dd90       __isa_available_init       000000018001ed90 f   LIBCMTD:cpu_disp.obj
 0001:0001df80       __initstdio                000000018001ef80 f   LIBCMTD:_file.obj
 0001:0001e080       __endstdio                 000000018001f080 f   LIBCMTD:_file.obj
 0001:0001e0c0       __iob_func                 000000018001f0c0 f   LIBCMTD:_file.obj
 0001:0001e0d0       _lock_file                 000000018001f0d0 f   LIBCMTD:_file.obj
 0001:0001e160       _lock_file2                000000018001f160 f   LIBCMTD:_file.obj
 0001:0001e1b0       _unlock_file               000000018001f1b0 f   LIBCMTD:_file.obj
 0001:0001e240       _unlock_file2              000000018001f240 f   LIBCMTD:_file.obj
 0001:0001e290       _set_abort_behavior        000000018001f290 f   LIBCMTD:abort.obj
 0001:0001e2d0       abort                      000000018001f2d0 f   LIBCMTD:abort.obj
 0001:0001e370       strcmp                     000000018001f370 f   LIBCMTD:strcmp.obj
 0001:0001e3e0       ?_Name_base@type_info@@CAPEBDPEBV1@PEAU__type_info_node@@@Z 000000018001f3e0 f   LIBCMTD:typname.obj
 0001:0001e5b0       ?_Name_base_internal@type_info@@CAPEBDPEBV1@PEAU__type_info_node@@@Z 000000018001f5b0 f   LIBCMTD:typname.obj
 0001:0001e7b0       ?_Type_info_dtor@type_info@@CAXPEAV1@@Z 000000018001f7b0 f   LIBCMTD:typname.obj
 0001:0001e8c0       ?_Type_info_dtor_internal@type_info@@CAXPEAV1@@Z 000000018001f8c0 f   LIBCMTD:typname.obj
 0001:0001e9d0       __clean_type_info_names_internal 000000018001f9d0 f   LIBCMTD:typname.obj
 0001:0001ea50       __unDNameHelper            000000018001fa50 f   LIBCMTD:typname.obj
 0001:0001eac0       _fltin2                    000000018001fac0 f   LIBCMTD:cfin.obj
 0001:0001ec10       __STRINGTOLD_L             000000018001fc10 f   LIBCMTD:strgtold.obj
 0001:0001ecc0       __addl                     000000018001fcc0 f i LIBCMTD:strgtold.obj
 0001:0001ed20       __ld12mul                  000000018001fd20 f i LIBCMTD:strgtold.obj
 0001:0001f290       __multtenpow12             0000000180020290 f i LIBCMTD:strgtold.obj
 0001:0001f3c0       __shl_12                   00000001800203c0 f i LIBCMTD:strgtold.obj
 0001:0001f460       __shr_12                   0000000180020460 f i LIBCMTD:strgtold.obj
 0001:0001f500       __strgtold12_l             0000000180020500 f   LIBCMTD:strgtold.obj
 0001:000202c0       __addlocaleref             00000001800212c0 f   LIBCMTD:localref.obj
 0001:00020410       __freetlocinfo             0000000180021410 f   LIBCMTD:localref.obj
 0001:000207c0       __removelocaleref          00000001800217c0 f   LIBCMTD:localref.obj
 0001:00020920       __updatetlocinfo           0000000180021920 f   LIBCMTD:localref.obj
 0001:000209c0       _updatetlocinfoEx_nolock   00000001800219c0 f   LIBCMTD:localref.obj
 0001:00020a60       _chvalidator               0000000180021a60 f   LIBCMTD:isctype.obj
 0001:00020ad0       _chvalidator_l             0000000180021ad0 f   LIBCMTD:isctype.obj
 0001:00020be0       _isctype                   0000000180021be0 f   LIBCMTD:isctype.obj
 0001:00020c30       _isctype_l                 0000000180021c30 f   LIBCMTD:isctype.obj
 0001:00020e10       __get_flsindex             0000000180021e10 f   LIBCMTD:tidtable.obj
 0001:00020e20       __threadhandle             0000000180021e20 f   LIBCMTD:tidtable.obj
 0001:00020e30       __threadid                 0000000180021e30 f   LIBCMTD:tidtable.obj
 0001:00020e40       _freefls                   0000000180021e40 f   LIBCMTD:tidtable.obj
 0001:00021050       _freeptd                   0000000180022050 f   LIBCMTD:tidtable.obj
 0001:000210a0       _getptd                    00000001800220a0 f   LIBCMTD:tidtable.obj
 0001:000210d0       _getptd_noexit             00000001800220d0 f   LIBCMTD:tidtable.obj
 0001:000211a0       _initptd                   00000001800221a0 f   LIBCMTD:tidtable.obj
 0001:000212c0       _mtinit                    00000001800222c0 f   LIBCMTD:tidtable.obj
 0001:00021380       _mtterm                    0000000180022380 f   LIBCMTD:tidtable.obj
 0001:000213b0       __GSHandlerCheck           00000001800223b0 f   LIBCMTD:gshandler.obj
 0001:000213f0       __GSHandlerCheckCommon     00000001800223f0 f   LIBCMTD:gshandler.obj
 0001:00021500       __security_check_cookie    0000000180022500 f   LIBCMTD:amdsecgs.obj
 0001:00021bc0       _strtoi64                  0000000180022bc0 f   LIBCMTD:strtoq.obj
 0001:00021c30       _strtoi64_l                0000000180022c30 f   LIBCMTD:strtoq.obj
 0001:00021c70       _strtoui64                 0000000180022c70 f   LIBCMTD:strtoq.obj
 0001:00021ce0       _strtoui64_l               0000000180022ce0 f   LIBCMTD:strtoq.obj
 0001:00022410       _strtol_l                  0000000180023410 f   LIBCMTD:strtol.obj
 0001:00022450       _strtoul_l                 0000000180023450 f   LIBCMTD:strtol.obj
 0001:00022490       strtol                     0000000180023490 f   LIBCMTD:strtol.obj
 0001:00022500       strtoul                    0000000180023500 f   LIBCMTD:strtol.obj
 0001:00022570       ?strrchr@@YAPEADPEADH@Z    0000000180023570 f i LIBCMTD:cvt.obj
 0001:00022590       _cfltcvt                   0000000180023590 f   LIBCMTD:cvt.obj
 0001:000225e0       _cfltcvt_l                 00000001800235e0 f   LIBCMTD:cvt.obj
 0001:00022700       _cftoa                     0000000180023700 f   LIBCMTD:cvt.obj
 0001:00022750       _cftoa_l                   0000000180023750 f   LIBCMTD:cvt.obj
 0001:00023250       _cftoe                     0000000180024250 f   LIBCMTD:cvt.obj
 0001:00023870       _cftoe_l                   0000000180024870 f   LIBCMTD:cvt.obj
 0001:00023bb0       _cftof                     0000000180024bb0 f   LIBCMTD:cvt.obj
 0001:00023fb0       _cftof_l                   0000000180024fb0 f   LIBCMTD:cvt.obj
 0001:00024290       _cftog                     0000000180025290 f   LIBCMTD:cvt.obj
 0001:000242e0       _cftog_l                   00000001800252e0 f   LIBCMTD:cvt.obj
 0001:000246a0       _cropzeros                 00000001800256a0 f   LIBCMTD:cvt.obj
 0001:000246c0       _cropzeros_l               00000001800256c0 f   LIBCMTD:cvt.obj
 0001:00024840       _fassign                   0000000180025840 f   LIBCMTD:cvt.obj
 0001:00024870       _fassign_l                 0000000180025870 f   LIBCMTD:cvt.obj
 0001:000248e0       _forcdecpt                 00000001800258e0 f   LIBCMTD:cvt.obj
 0001:00024900       _forcdecpt_l               0000000180025900 f   LIBCMTD:cvt.obj
 0001:00024a00       _positive                  0000000180025a00 f   LIBCMTD:cvt.obj
 0001:00024a90       __raise_securityfailure    0000000180025a90 f   LIBCMTD:gs_report.obj
 0001:00024ae0       __report_gsfailure         0000000180025ae0 f   LIBCMTD:gs_report.obj
 0001:00024bc0       __report_rangecheckfailure 0000000180025bc0 f   LIBCMTD:gs_report.obj
 0001:00024be0       __report_securityfailure   0000000180025be0 f   LIBCMTD:gs_report.obj
 0001:00024c80       __report_securityfailureEx 0000000180025c80 f   LIBCMTD:gs_report.obj
 0001:00024d90       __iswcsym                  0000000180025d90 f i LIBCMTD:_wctype.obj
 0001:00024dd0       __iswcsymf                 0000000180025dd0 f i LIBCMTD:_wctype.obj
 0001:00024e10       _isleadbyte_l              0000000180025e10 f i LIBCMTD:_wctype.obj
 0001:00024e70       _iswalnum_l                0000000180025e70 f i LIBCMTD:_wctype.obj
 0001:00024ea0       _iswalpha_l                0000000180025ea0 f i LIBCMTD:_wctype.obj
 0001:00024ed0       _iswcntrl_l                0000000180025ed0 f i LIBCMTD:_wctype.obj
 0001:00024f00       _iswcsym_l                 0000000180025f00 f i LIBCMTD:_wctype.obj
 0001:00024f50       _iswcsymf_l                0000000180025f50 f i LIBCMTD:_wctype.obj
 0001:00024fa0       _iswdigit_l                0000000180025fa0 f i LIBCMTD:_wctype.obj
 0001:00024fd0       _iswgraph_l                0000000180025fd0 f i LIBCMTD:_wctype.obj
 0001:00025000       _iswlower_l                0000000180026000 f i LIBCMTD:_wctype.obj
 0001:00025030       _iswprint_l                0000000180026030 f i LIBCMTD:_wctype.obj
 0001:00025060       _iswpunct_l                0000000180026060 f i LIBCMTD:_wctype.obj
 0001:00025090       _iswspace_l                0000000180026090 f i LIBCMTD:_wctype.obj
 0001:000250c0       _iswupper_l                00000001800260c0 f i LIBCMTD:_wctype.obj
 0001:000250f0       _iswxdigit_l               00000001800260f0 f i LIBCMTD:_wctype.obj
 0001:00025120       isleadbyte                 0000000180026120 f i LIBCMTD:_wctype.obj
 0001:00025140       iswalnum                   0000000180026140 f i LIBCMTD:_wctype.obj
 0001:00025160       iswalpha                   0000000180026160 f i LIBCMTD:_wctype.obj
 0001:00025180       iswascii                   0000000180026180 f i LIBCMTD:_wctype.obj
 0001:000251b0       iswcntrl                   00000001800261b0 f i LIBCMTD:_wctype.obj
 0001:000251d0       iswdigit                   00000001800261d0 f i LIBCMTD:_wctype.obj
 0001:000251f0       iswgraph                   00000001800261f0 f i LIBCMTD:_wctype.obj
 0001:00025210       iswlower                   0000000180026210 f i LIBCMTD:_wctype.obj
 0001:00025230       iswprint                   0000000180026230 f i LIBCMTD:_wctype.obj
 0001:00025250       iswpunct                   0000000180026250 f i LIBCMTD:_wctype.obj
 0001:00025270       iswspace                   0000000180026270 f i LIBCMTD:_wctype.obj
 0001:00025290       iswupper                   0000000180026290 f i LIBCMTD:_wctype.obj
 0001:000252b0       iswxdigit                  00000001800262b0 f i LIBCMTD:_wctype.obj
 0001:00025750       _MarkAllocaS               0000000180026750 f i LIBCMTD:a_map.obj
 0001:00025780       __crtLCMapStringA          0000000180026780 f   LIBCMTD:a_map.obj
 0001:00025830       _freea                     0000000180026830 f i LIBCMTD:a_map.obj
 0001:000258c0       __init_dummy               00000001800268c0 f   LIBCMTD:wsetloca.obj
 0001:000258d0       _locterm                   00000001800268d0 f   LIBCMTD:wsetloca.obj
 0001:00025920       ___setlc_active_func       0000000180026920 f   LIBCMTD:wsetloca.obj
 0001:00025930       ___unguarded_readlc_active_add_func 0000000180026930 f   LIBCMTD:wsetloca.obj
 0001:00025940       __copy_locale_name         0000000180026940 f   LIBCMTD:wsetloca.obj
 0001:00025a10       __create_locale            0000000180026a10 f   LIBCMTD:wsetloca.obj
 0001:00025a30       __free_locale              0000000180026a30 f   LIBCMTD:wsetloca.obj
 0001:00025a50       __get_current_locale       0000000180026a50 f   LIBCMTD:wsetloca.obj
 0001:00025a60       __lc_lctowcs               0000000180026a60 f   LIBCMTD:wsetloca.obj
 0001:00025b50       __lc_wcstolc               0000000180026b50 f   LIBCMTD:wsetloca.obj
 0001:00025e10       _configthreadlocale        0000000180026e10 f   LIBCMTD:wsetloca.obj
 0001:00025fd0       _create_locale             0000000180026fd0 f   LIBCMTD:wsetloca.obj
 0001:00026070       _expandlocale              0000000180027070 f   LIBCMTD:wsetloca.obj
 0001:000265e0       _free_locale               00000001800275e0 f   LIBCMTD:wsetloca.obj
 0001:000266d0       _get_current_locale        00000001800276d0 f   LIBCMTD:wsetloca.obj
 0001:000267b0       _wcreate_locale            00000001800277b0 f   LIBCMTD:wsetloca.obj
 0001:000269e0       _wcscats                   00000001800279e0 f   LIBCMTD:wsetloca.obj
 0001:00026a90       _wsetlocale                0000000180027a90 f   LIBCMTD:wsetloca.obj
 0001:00027da0       _XcptFilter                0000000180028da0 f   LIBCMTD:winxfltr.obj
 0001:00028040       __CppXcptFilter            0000000180029040 f   LIBCMTD:winxfltr.obj
 0001:00028100       _get_heap_handle           0000000180029100 f   LIBCMTD:heapinit.obj
 0001:00028160       _heap_init                 0000000180029160 f   LIBCMTD:heapinit.obj
 0001:00028190       _heap_term                 0000000180029190 f   LIBCMTD:heapinit.obj
 0001:000281a0       _ioinit                    00000001800291a0 f   LIBCMTD:ioinit.obj
 0001:000281d0       _ioinit0                   00000001800291d0 f   LIBCMTD:ioinit.obj
 0001:00028200       _ioinitCallback            0000000180029200 f   LIBCMTD:ioinit.obj
 0001:00028820       _ioterm                    0000000180029820 f   LIBCMTD:ioinit.obj
 0001:00028900       _set_pgmptr                0000000180029900 f i LIBCMTD:stdargv.obj
 0001:00028920       _setargv                   0000000180029920 f   LIBCMTD:stdargv.obj
 0001:00028f80       _setenvp                   0000000180029f80 f   LIBCMTD:stdenvp.obj
 0001:00029190       __security_init_cookie     000000018002a190 f   LIBCMTD:gs_support.obj
 0001:000292c0       DllMain                    000000018002a2c0 f   LIBCMTD:dllmain.obj
 0001:000292e0       __crtGetEnvironmentStringsA 000000018002a2e0 f   LIBCMTD:a_env.obj
 0001:00029450       strcpy_s                   000000018002a450 f   LIBCMTD:strcpy_s.obj
 0001:00029900       strlen                     000000018002a900 f   LIBCMTD:strlen.obj
 0001:000299b0       _CrtDefaultAllocHook       000000018002a9b0 f   LIBCMTD:dbghook.obj
 0001:000299d0       __crt_debugger_hook        000000018002a9d0 f   LIBCMTD:dbghook.obj
 0001:000299e0       _fileno                    000000018002a9e0 f   LIBCMTD:fileno.obj
 0001:00029aa0       _isatty                    000000018002aaa0 f   LIBCMTD:isatty.obj
 0001:00029bc0       _write                     000000018002abc0 f   LIBCMTD:write.obj
 0001:00029e70       _write_nolock              000000018002ae70 f   LIBCMTD:write.obj
 0001:0002b040       _lseeki64                  000000018002c040 f   LIBCMTD:lseeki64.obj
 0001:0002b300       _lseeki64_nolock           000000018002c300 f   LIBCMTD:lseeki64.obj
 0001:0002b420       _getbuf                    000000018002c420 f   LIBCMTD:_getbuf.obj
 0001:0002b530       memcpy_s                   000000018002c530 f   LIBCMTD:memcpy_s.obj
 0001:0002b7a0       wcscpy_s                   000000018002c7a0 f   LIBCMTD:wcscpy_s.obj
 0001:0002bc50       wcslen                     000000018002cc50 f   LIBCMTD:wcslen.obj
 0001:0002bca0       __swprintf_l               000000018002cca0 f   LIBCMTD:swprintf.obj
 0001:0002bce0       _scwprintf                 000000018002cce0 f   LIBCMTD:swprintf.obj
 0001:0002bd20       _scwprintf_l               000000018002cd20 f   LIBCMTD:swprintf.obj
 0001:0002bd60       _scwprintf_p               000000018002cd60 f   LIBCMTD:swprintf.obj
 0001:0002bda0       _scwprintf_p_l             000000018002cda0 f   LIBCMTD:swprintf.obj
 0001:0002bde0       _snwprintf_s               000000018002cde0 f   LIBCMTD:swprintf.obj
 0001:0002be40       _snwprintf_s_l             000000018002ce40 f   LIBCMTD:swprintf.obj
 0001:0002bea0       _swprintf                  000000018002cea0 f   LIBCMTD:swprintf.obj
 0001:0002c180       _swprintf_p                000000018002d180 f   LIBCMTD:swprintf.obj
 0001:0002c1d0       _swprintf_p_l              000000018002d1d0 f   LIBCMTD:swprintf.obj
 0001:0002c220       _swprintf_s_l              000000018002d220 f   LIBCMTD:swprintf.obj
 0001:0002c270       swprintf_s                 000000018002d270 f   LIBCMTD:swprintf.obj
 0001:0002c2c0       __crtMessageBoxW           000000018002d2c0 f   LIBCMTD:crtmboxw.obj
 0001:0002c730       __crtMessageBoxWaitThreadW 000000018002d730 f   LIBCMTD:crtmboxw.obj
 0001:0002c780       _CrtDbgBreak               000000018002d780 f   LIBCMTD:dbgrptt.obj
 0001:0002c790       _CrtGetReportHook          000000018002d790 f   LIBCMTD:dbgrptt.obj
 0001:0002c7a0       _CrtSetReportFile          000000018002d7a0 f   LIBCMTD:dbgrptt.obj
 0001:0002c900       _CrtSetReportHook          000000018002d900 f   LIBCMTD:dbgrptt.obj
 0001:0002c930       _CrtSetReportMode          000000018002d930 f   LIBCMTD:dbgrptt.obj
 0001:0002caf0       _VCrtDbgReportA            000000018002daf0 f   LIBCMTD:dbgrptt.obj
 0001:0002d4c0       _VCrtDbgReportW            000000018002e4c0 f   LIBCMTD:dbgrptt.obj
 0001:0002e010       _alloca_probe              000000018002f010     LIBCMTD:chkstk.obj
 0001:0002e010       __chkstk                   000000018002f010 f   LIBCMTD:chkstk.obj
 0001:0002e060       _wctomb_l                  000000018002f060 f   LIBCMTD:wctomb.obj
 0001:0002e110       _wctomb_s_l                000000018002f110 f   LIBCMTD:wctomb.obj
 0001:0002e5b0       wctomb                     000000018002f5b0 f   LIBCMTD:wctomb.obj
 0001:0002e620       wctomb_s                   000000018002f620 f   LIBCMTD:wctomb.obj
 0001:0002e670       _free_base                 000000018002f670 f   LIBCMTD:free.obj
 0001:0002e6d0       _realloc_base              000000018002f6d0 f   LIBCMTD:realloc.obj
 0001:0002e7f0       _expand_base               000000018002f7f0 f   LIBCMTD:expand.obj
 0001:0002e9d0       _CrtDbgReport              000000018002f9d0 f   LIBCMTD:dbgrpt.obj
 0001:0002ea50       _CrtDbgReportV             000000018002fa50 f i LIBCMTD:dbgrpt.obj
 0001:0002eab0       _CrtSetReportHook2         000000018002fab0 f   LIBCMTD:dbgrpt.obj
 0001:0002eec0       __crtMessageWindowA        000000018002fec0 f   LIBCMTD:dbgrpt.obj
 0001:0002f540       _heapchk                   0000000180030540 f   LIBCMTD:heapchk.obj
 0001:0002f580       _heapset                   0000000180030580 f   LIBCMTD:heapchk.obj
 0001:0002f5a0       _scprintf                  00000001800305a0 f   LIBCMTD:sprintf.obj
 0001:0002f5e0       _scprintf_l                00000001800305e0 f   LIBCMTD:sprintf.obj
 0001:0002f620       _scprintf_p                0000000180030620 f   LIBCMTD:sprintf.obj
 0001:0002f660       _scprintf_p_l              0000000180030660 f   LIBCMTD:sprintf.obj
 0001:0002f6a0       _snprintf_s                00000001800306a0 f   LIBCMTD:sprintf.obj
 0001:0002f700       _snprintf_s_l              0000000180030700 f   LIBCMTD:sprintf.obj
 0001:0002f760       _sprintf_l                 0000000180030760 f   LIBCMTD:sprintf.obj
 0001:0002f7a0       _sprintf_p                 00000001800307a0 f   LIBCMTD:sprintf.obj
 0001:0002f7f0       _sprintf_p_l               00000001800307f0 f   LIBCMTD:sprintf.obj
 0001:0002f840       _sprintf_s_l               0000000180030840 f   LIBCMTD:sprintf.obj
 0001:0002f890       sprintf                    0000000180030890 f   LIBCMTD:sprintf.obj
 0001:0002fb10       sprintf_s                  0000000180030b10 f   LIBCMTD:sprintf.obj
 0001:0002fb60       _heap_alloc_base           0000000180030b60 f i LIBCMTD:malloc.obj
 0001:0002fbd0       _malloc_base               0000000180030bd0 f   LIBCMTD:malloc.obj
 0001:0002fc70       wcscat_s                   0000000180030c70 f   LIBCMTD:wcscat_s.obj
 0001:000302a0       wcsncpy_s                  00000001800312a0 f   LIBCMTD:wcsncpy_s.obj
 0001:00030940       __set_app_type             0000000180031940 f   LIBCMTD:errmode.obj
 0001:00030950       _set_error_mode            0000000180031950 f   LIBCMTD:errmode.obj
 0001:00030a60       _fptrap                    0000000180031a60 f   LIBCMTD:crt0fp.obj
 0001:00030a80       strncpy_s                  0000000180031a80 f   LIBCMTD:strncpy_s.obj
 0001:000312b0       __crtGetLocaleInfoA        00000001800322b0 f   LIBCMTD:a_loc.obj
 0001:00031320       __crtCompareStringEx       0000000180032320 f   LIBCMTD:winapinls.obj
 0001:00031390       __crtEnumSystemLocalesEx   0000000180032390 f   LIBCMTD:winapinls.obj
 0001:000313c0       __crtGetDateFormatEx       00000001800323c0 f   LIBCMTD:winapinls.obj
 0001:00031410       __crtGetLocaleInfoEx       0000000180032410 f   LIBCMTD:winapinls.obj
 0001:00031450       __crtGetTimeFormatEx       0000000180032450 f   LIBCMTD:winapinls.obj
 0001:000314a0       __crtGetUserDefaultLocaleName 00000001800324a0 f   LIBCMTD:winapinls.obj
 0001:000314d0       __crtIsValidLocaleName     00000001800324d0 f   LIBCMTD:winapinls.obj
 0001:000314f0       __crtLCMapStringEx         00000001800324f0 f   LIBCMTD:winapinls.obj
 0001:00031570       _local_unwind              0000000180032570 f   LIBCMTD:jmpuwind.obj
 0001:000315a0       _NLG_Notify                00000001800325a0 f   LIBCMTD:jmpuwind.obj
 0001:000315c0       __NLG_Dispatch2            00000001800325c0 f   LIBCMTD:jmpuwind.obj
 0001:000315d0       __NLG_Return2              00000001800325d0 f   LIBCMTD:jmpuwind.obj
 0001:00031760       __crtGetStringTypeA        0000000180032760 f   LIBCMTD:a_str.obj
 0001:00031880       ?_ExecutionInCatch@@YAHPEAU_xDISPATCHER_CONTEXT@@PEBU_s_FuncInfo@@@Z 0000000180032880 f   LIBCMTD:trnsctrl.obj
 0001:000318d0       ?_GetEstablisherFrame@@YAPEA_KPEA_KPEAU_xDISPATCHER_CONTEXT@@PEBU_s_FuncInfo@@0@Z 00000001800328d0 f   LIBCMTD:trnsctrl.obj
 0001:00031a40       ?_GetRangeOfTrysToCheck@@YAPEBU_s_TryBlockMapEntry@@PEA_KPEBU_s_FuncInfo@@HHPEAI2PEAU_xDISPATCHER_CONTEXT@@@Z 0000000180032a40 f   LIBCMTD:trnsctrl.obj
 0001:00031c60       ?__FrameUnwindToEmptyState@@YAXPEA_KPEAU_xDISPATCHER_CONTEXT@@PEBU_s_FuncInfo@@@Z 0000000180032c60 f   LIBCMTD:trnsctrl.obj
 0001:00031d00       ?__SehTransFilter@@YAHPEAU_EXCEPTION_POINTERS@@PEAUEHExceptionRecord@@PEA_KPEAU_CONTEXT@@PEAU_xDISPATCHER_CONTEXT@@PEBU_s_FuncInfo@@PEAH@Z 0000000180032d00 f   LIBCMTD:trnsctrl.obj
 0001:00031dc0       _CallSETranslator          0000000180032dc0 f   LIBCMTD:trnsctrl.obj
 0001:00031e40       _CreateFrameInfo           0000000180032e40 f   LIBCMTD:trnsctrl.obj
 0001:00031ec0       _FindAndUnlinkFrame        0000000180032ec0 f   LIBCMTD:trnsctrl.obj
 0001:00031f50       _GetImageBase              0000000180032f50 f   LIBCMTD:trnsctrl.obj
 0001:00031f70       _GetThrowImageBase         0000000180032f70 f   LIBCMTD:trnsctrl.obj
 0001:00031f90       _IsExceptionObjectToBeDestroyed 0000000180032f90 f   LIBCMTD:trnsctrl.obj
 0001:00031ff0       _MoveContext               0000000180032ff0 f   LIBCMTD:trnsctrl.obj
 0001:00032020       _SetImageBase              0000000180033020 f   LIBCMTD:trnsctrl.obj
 0001:00032040       _SetThrowImageBase         0000000180033040 f   LIBCMTD:trnsctrl.obj
 0001:00032060       _UnwindNestedFrames        0000000180033060 f   LIBCMTD:trnsctrl.obj
 0001:000321d0       __CxxFrameHandler          00000001800331d0 f   LIBCMTD:trnsctrl.obj
 0001:00032290       __CxxFrameHandler2         0000000180033290 f   LIBCMTD:trnsctrl.obj
 0001:000322d0       __CxxFrameHandler3         00000001800332d0 f   LIBCMTD:trnsctrl.obj
 0001:00032390       _fflush_nolock             0000000180033390 f   LIBCMTD:fflush.obj
 0001:00032410       _flush                     0000000180033410 f   LIBCMTD:fflush.obj
 0001:00032500       _flushall                  0000000180033500 f   LIBCMTD:fflush.obj
 0001:00032520       fflush                     0000000180033520 f   LIBCMTD:fflush.obj
 0001:000326e0       _fcloseall                 00000001800336e0 f   LIBCMTD:closeall.obj
 0001:000327e0       ??0Block@_HeapManager@@QEAA@XZ 00000001800337e0 f i LIBCMTD:undname.obj
 0001:00032800       ??0DName@@QEAA@AEAPEBDD@Z  0000000180033800 f   LIBCMTD:undname.obj
 0001:00032b50       ??0DName@@QEAA@AEBV0@@Z    0000000180033b50 f i LIBCMTD:undname.obj
 0001:00032b80       ??0DName@@QEAA@D@Z         0000000180033b80 f   LIBCMTD:undname.obj
 0001:00032c80       ??0DName@@QEAA@PEAV0@@Z    0000000180033c80 f   LIBCMTD:undname.obj
 0001:00032e00       ??0DName@@QEAA@PEBD@Z      0000000180033e00 f   LIBCMTD:undname.obj
 0001:00032f10       ??0DName@@QEAA@W4DNameStatus@@@Z 0000000180033f10 f   LIBCMTD:undname.obj
 0001:00033060       ??0DName@@QEAA@XZ          0000000180034060 f i LIBCMTD:undname.obj
 0001:00033130       ??0DName@@QEAA@_J@Z        0000000180034130 f   LIBCMTD:undname.obj
 0001:000332f0       ??0DName@@QEAA@_K@Z        00000001800342f0 f   LIBCMTD:undname.obj
 0001:00033470       ??0DNameNode@@IEAA@XZ      0000000180034470 f   LIBCMTD:undname.obj
 0001:00033490       ??0DNameStatusNode@@AEAA@W4DNameStatus@@@Z 0000000180034490 f   LIBCMTD:undname.obj
 0001:00033500       ??0Replicator@@QEAA@XZ     0000000180034500 f i LIBCMTD:undname.obj
 0001:00033520       ??0UnDecorator@@QEAA@PEADPEBDHP6APEADJ@ZK@Z 0000000180034520 f i LIBCMTD:undname.obj
 0001:000335f0       ??0charNode@@QEAA@D@Z      00000001800345f0 f   LIBCMTD:undname.obj
 0001:00033630       ??0pDNameNode@@QEAA@PEAVDName@@@Z 0000000180034630 f   LIBCMTD:undname.obj
 0001:000336b0       ??0pairNode@@QEAA@PEAVDNameNode@@0@Z 00000001800346b0 f   LIBCMTD:undname.obj
 0001:00033710       ??0pcharNode@@QEAA@PEBDH@Z 0000000180034710 f   LIBCMTD:undname.obj
 0001:000337e0       ??2@YAPEAX_KAEAV_HeapManager@@H@Z 00000001800347e0 f i LIBCMTD:undname.obj
 0001:00033810       ??4DName@@QEAAAEAV0@AEBV0@@Z 0000000180034810 f   LIBCMTD:undname.obj
 0001:00033840       ??4DName@@QEAAAEAV0@D@Z    0000000180034840 f i LIBCMTD:undname.obj
 0001:00033940       ??4DName@@QEAAAEAV0@PEAV0@@Z 0000000180034940 f   LIBCMTD:undname.obj
 0001:00033ab0       ??4DName@@QEAAAEAV0@PEBD@Z 0000000180034ab0 f   LIBCMTD:undname.obj
 0001:00033bb0       ??4DName@@QEAAAEAV0@W4DNameStatus@@@Z 0000000180034bb0 f   LIBCMTD:undname.obj
 0001:00033ce0       ??AReplicator@@QEBA?AVDName@@H@Z 0000000180034ce0 f   LIBCMTD:undname.obj
 0001:00033d70       ??BUnDecorator@@QEAAPEADXZ 0000000180034d70 f i LIBCMTD:undname.obj
 0001:00034090       ??H@YA?AVDName@@DAEBV0@@Z  0000000180035090 f i LIBCMTD:undname.obj
 0001:000340d0       ??H@YA?AVDName@@PEBDAEBV0@@Z 00000001800350d0 f i LIBCMTD:undname.obj
 0001:00034110       ??H@YA?AVDName@@W4DNameStatus@@AEBV0@@Z 0000000180035110 f i LIBCMTD:undname.obj
 0001:00034150       ??HDName@@QEBA?AV0@AEBV0@@Z 0000000180035150 f   LIBCMTD:undname.obj
 0001:000341a0       ??HDName@@QEBA?AV0@D@Z     00000001800351a0 f   LIBCMTD:undname.obj
 0001:000341f0       ??HDName@@QEBA?AV0@PEAV0@@Z 00000001800351f0 f   LIBCMTD:undname.obj
 0001:00034240       ??HDName@@QEBA?AV0@PEBD@Z  0000000180035240 f   LIBCMTD:undname.obj
 0001:00034290       ??HDName@@QEBA?AV0@W4DNameStatus@@@Z 0000000180035290 f   LIBCMTD:undname.obj
 0001:000342e0       ??YDName@@QEAAAEAV0@AEBV0@@Z 00000001800352e0 f   LIBCMTD:undname.obj
 0001:00034360       ??YDName@@QEAAAEAV0@D@Z    0000000180035360 f   LIBCMTD:undname.obj
 0001:00034400       ??YDName@@QEAAAEAV0@PEAV0@@Z 0000000180035400 f   LIBCMTD:undname.obj
 0001:000344e0       ??YDName@@QEAAAEAV0@PEBD@Z 00000001800354e0 f   LIBCMTD:undname.obj
 0001:000345a0       ??YDName@@QEAAAEAV0@W4DNameStatus@@@Z 00000001800355a0 f   LIBCMTD:undname.obj
 0001:00034610       ??YReplicator@@QEAAAEAV0@AEBVDName@@@Z 0000000180035610 f   LIBCMTD:undname.obj
 0001:000346d0       ??_5DName@@QEAAAEAV0@AEBV0@@Z 00000001800356d0 f   LIBCMTD:undname.obj
 0001:00034740       ?Constructor@_HeapManager@@QEAAXP6APEAX_K@ZP6AXPEAX@Z@Z 0000000180035740 f i LIBCMTD:undname.obj
 0001:000347a0       ?Destructor@_HeapManager@@QEAAXXZ 00000001800357a0 f i LIBCMTD:undname.obj
 0001:00034800       ?UScore@UnDecorator@@SAPEBDW4Tokens@@@Z 0000000180035800 f   LIBCMTD:undname.obj
 0001:00034840       ?append@DName@@AEAAXPEAVDNameNode@@@Z 0000000180035840 f   LIBCMTD:undname.obj
 0001:000348f0       ?composeDeclaration@UnDecorator@@CA?AVDName@@AEBV2@@Z 00000001800358f0 f i LIBCMTD:undname.obj
 0001:000369b0       ?dbGetString@DName@@QEBAPEADXZ 00000001800379b0 f   LIBCMTD:undname.obj
 0001:000369e0       ?doAccessSpecifiers@UnDecorator@@SAHXZ 00000001800379e0 f i LIBCMTD:undname.obj
 0001:00036a10       ?doAllocationLanguage@UnDecorator@@SAHXZ 0000000180037a10 f i LIBCMTD:undname.obj
 0001:00036a40       ?doAllocationModel@UnDecorator@@SAHXZ 0000000180037a40 f i LIBCMTD:undname.obj
 0001:00036a70       ?doEcsu@UnDecorator@@SAHXZ 0000000180037a70 f i LIBCMTD:undname.obj
 0001:00036aa0       ?doEllipsis@UnDecorator@@SAHXZ 0000000180037aa0 f i LIBCMTD:undname.obj
 0001:00036ad0       ?doFunctionReturns@UnDecorator@@SAHXZ 0000000180037ad0 f i LIBCMTD:undname.obj
 0001:00036b00       ?doMSKeywords@UnDecorator@@SAHXZ 0000000180037b00 f i LIBCMTD:undname.obj
 0001:00036b30       ?doMemberTypes@UnDecorator@@SAHXZ 0000000180037b30 f i LIBCMTD:undname.obj
 0001:00036b60       ?doNameOnly@UnDecorator@@SAHXZ 0000000180037b60 f i LIBCMTD:undname.obj
 0001:00036b70       ?doNoIdentCharCheck@UnDecorator@@SAHXZ 0000000180037b70 f i LIBCMTD:undname.obj
 0001:00036b80       ?doPchar@DName@@AEAAXPEBDH@Z 0000000180037b80 f   LIBCMTD:undname.obj
 0001:00036d10       ?doPtr64@UnDecorator@@SAHXZ 0000000180037d10 f i LIBCMTD:undname.obj
 0001:00036d40       ?doRestrictionSpec@UnDecorator@@SAHXZ 0000000180037d40 f i LIBCMTD:undname.obj
 0001:00036d70       ?doThisTypes@UnDecorator@@SAHXZ 0000000180037d70 f i LIBCMTD:undname.obj
 0001:00036da0       ?doThrowTypes@UnDecorator@@SAHXZ 0000000180037da0 f i LIBCMTD:undname.obj
 0001:00036dd0       ?doTypeOnly@UnDecorator@@SAHXZ 0000000180037dd0 f i LIBCMTD:undname.obj
 0001:00036de0       ?doUnderScore@UnDecorator@@SAHXZ 0000000180037de0 f i LIBCMTD:undname.obj
 0001:00036e10       ?getArgumentList@UnDecorator@@CA?AVDName@@XZ 0000000180037e10 f   LIBCMTD:undname.obj
 0001:00036fb0       ?getArgumentTypes@UnDecorator@@CA?AVDName@@XZ 0000000180037fb0 f   LIBCMTD:undname.obj
 0001:00037170       ?getArrayType@UnDecorator@@CA?AVDName@@AEBV2@@Z 0000000180038170 f i LIBCMTD:undname.obj
 0001:00037460       ?getBasedType@UnDecorator@@CA?AVDName@@XZ 0000000180038460 f   LIBCMTD:undname.obj
 0001:00037550       ?getBasicDataType@UnDecorator@@CA?AVDName@@AEBV2@@Z 0000000180038550 f   LIBCMTD:undname.obj
 0001:00037c60       ?getCallIndex@UnDecorator@@CA?AVDName@@XZ 0000000180038c60 f i LIBCMTD:undname.obj
 0001:00037c80       ?getCallingConvention@UnDecorator@@CA?AVDName@@XZ 0000000180038c80 f   LIBCMTD:undname.obj
 0001:00037e50       ?getDataIndirectType@UnDecorator@@CA?AVDName@@AEBV2@PEBD0H@Z 0000000180038e50 f   LIBCMTD:undname.obj
 0001:000387c0       ?getDataIndirectType@UnDecorator@@CA?AVDName@@XZ 00000001800397c0 f i LIBCMTD:undname.obj
 0001:00038820       ?getDataType@UnDecorator@@CA?AVDName@@PEAV2@@Z 0000000180039820 f   LIBCMTD:undname.obj
 0001:000389b0       ?getDecoratedName@UnDecorator@@CA?AVDName@@XZ 00000001800399b0 f   LIBCMTD:undname.obj
 0001:00038db0       ?getDimension@UnDecorator@@CA?AVDName@@_N@Z 0000000180039db0 f   LIBCMTD:undname.obj
 0001:00039110       ?getDispatchTarget@UnDecorator@@CA?AVDName@@XZ 000000018003a110 f   LIBCMTD:undname.obj
 0001:000391e0       ?getDisplacement@UnDecorator@@CA?AVDName@@XZ 000000018003a1e0 f i LIBCMTD:undname.obj
 0001:00039200       ?getECSUDataType@UnDecorator@@CA?AVDName@@XZ 000000018003a200 f   LIBCMTD:undname.obj
 0001:00039440       ?getECSUName@UnDecorator@@CA?AVDName@@XZ 000000018003a440 f i LIBCMTD:undname.obj
 0001:00039460       ?getEnumType@UnDecorator@@CA?AVDName@@XZ 000000018003a460 f i LIBCMTD:undname.obj
 0001:000395e0       ?getExtendedDataIndirectType@UnDecorator@@CA?AVDName@@AEAPEBDAEA_NH@Z 000000018003a5e0 f   LIBCMTD:undname.obj
 0001:00039900       ?getExternalDataType@UnDecorator@@CA?AVDName@@AEBV2@@Z 000000018003a900 f i LIBCMTD:undname.obj
 0001:000399d0       ?getFunctionIndirectType@UnDecorator@@CA?AVDName@@AEBV2@@Z 000000018003a9d0 f   LIBCMTD:undname.obj
 0001:00039f50       ?getGuardNumber@UnDecorator@@CA?AVDName@@XZ 000000018003af50 f i LIBCMTD:undname.obj
 0001:00039f70       ?getLastChar@DName@@QEBADXZ 000000018003af70 f i LIBCMTD:undname.obj
 0001:00039fb0       ?getLastChar@DNameStatusNode@@UEBADXZ 000000018003afb0 f i LIBCMTD:undname.obj
 0001:00039ff0       ?getLastChar@charNode@@UEBADXZ 000000018003aff0 f i LIBCMTD:undname.obj
 0001:0003a000       ?getLastChar@pDNameNode@@UEBADXZ 000000018003b000 f i LIBCMTD:undname.obj
 0001:0003a040       ?getLastChar@pairNode@@UEBADXZ 000000018003b040 f i LIBCMTD:undname.obj
 0001:0003a0a0       ?getLastChar@pcharNode@@UEBADXZ 000000018003b0a0 f i LIBCMTD:undname.obj
 0001:0003a0e0       ?getLexicalFrame@UnDecorator@@CA?AVDName@@XZ 000000018003b0e0 f i LIBCMTD:undname.obj
 0001:0003a120       ?getMemory@_HeapManager@@QEAAPEAX_KH@Z 000000018003b120 f   LIBCMTD:undname.obj
 0001:0003a290       ?getNumberOfDimensions@UnDecorator@@CAHXZ 000000018003b290 f   LIBCMTD:undname.obj
 0001:0003a3b0       ?getOperatorName@UnDecorator@@CA?AVDName@@_NPEA_N@Z 000000018003b3b0 f i LIBCMTD:undname.obj
 0001:0003b050       ?getPointerType@UnDecorator@@CA?AVDName@@AEBV2@0@Z 000000018003c050 f i LIBCMTD:undname.obj
 0001:0003b0a0       ?getPointerTypeArray@UnDecorator@@CA?AVDName@@AEBV2@0@Z 000000018003c0a0 f i LIBCMTD:undname.obj
 0001:0003b0f0       ?getPrimaryDataType@UnDecorator@@CA?AVDName@@AEBV2@@Z 000000018003c0f0 f   LIBCMTD:undname.obj
 0001:0003b570       ?getPtrRefDataType@UnDecorator@@CA?AVDName@@AEBV2@H@Z 000000018003c570 f i LIBCMTD:undname.obj
 0001:0003b6f0       ?getPtrRefType@UnDecorator@@CA?AVDName@@AEBV2@0PEBD@Z 000000018003c6f0 f   LIBCMTD:undname.obj
 0001:0003b900       ?getReferenceType@UnDecorator@@CA?AVDName@@AEBV2@0PEBD@Z 000000018003c900 f i LIBCMTD:undname.obj
 0001:0003b940       ?getRestrictionSpec@UnDecorator@@CA?AVDName@@XZ 000000018003c940 f   LIBCMTD:undname.obj
 0001:0003bae0       ?getReturnType@UnDecorator@@CA?AVDName@@PEAV2@@Z 000000018003cae0 f   LIBCMTD:undname.obj
 0001:0003bb40       ?getScope@UnDecorator@@CA?AVDName@@XZ 000000018003cb40 f   LIBCMTD:undname.obj
 0001:0003c130       ?getScopedName@UnDecorator@@CA?AVDName@@XZ 000000018003d130 f   LIBCMTD:undname.obj
 0001:0003c2a0       ?getSignedDimension@UnDecorator@@CA?AVDName@@XZ 000000018003d2a0 f   LIBCMTD:undname.obj
 0001:0003c330       ?getStorageConvention@UnDecorator@@CA?AVDName@@XZ 000000018003d330 f i LIBCMTD:undname.obj
 0001:0003c350       ?getString@DName@@QEBAPEADPEAD0@Z 000000018003d350 f i LIBCMTD:undname.obj
 0001:0003c3a0       ?getString@DName@@QEBAPEADPEADH@Z 000000018003d3a0 f i LIBCMTD:undname.obj
 0001:0003c460       ?getString@DNameStatusNode@@UEBAPEADPEAD0@Z 000000018003d460 f i LIBCMTD:undname.obj
 0001:0003c4b0       ?getString@charNode@@UEBAPEADPEAD0@Z 000000018003d4b0 f i LIBCMTD:undname.obj
 0001:0003c4f0       ?getString@pDNameNode@@UEBAPEADPEAD0@Z 000000018003d4f0 f i LIBCMTD:undname.obj
 0001:0003c550       ?getString@pairNode@@UEBAPEADPEAD0@Z 000000018003d550 f i LIBCMTD:undname.obj
 0001:0003c5d0       ?getString@pcharNode@@UEBAPEADPEAD0@Z 000000018003d5d0 f i LIBCMTD:undname.obj
 0001:0003c610       ?getStringEncoding@UnDecorator@@CA?AVDName@@PEADH@Z 000000018003d610 f   LIBCMTD:undname.obj
 0001:0003c750       ?getStringHelper@@YAPEADPEAD00H@Z 000000018003d750 f i LIBCMTD:undname.obj
 0001:0003c7c0       ?getSymbolName@UnDecorator@@CA?AVDName@@XZ 000000018003d7c0 f i LIBCMTD:undname.obj
 0001:0003c860       ?getTemplateArgumentList@UnDecorator@@CA?AVDName@@XZ 000000018003d860 f   LIBCMTD:undname.obj
 0001:0003cb90       ?getTemplateConstant@UnDecorator@@CA?AVDName@@XZ 000000018003db90 f   LIBCMTD:undname.obj
 0001:0003d140       ?getTemplateName@UnDecorator@@CA?AVDName@@_N@Z 000000018003e140 f   LIBCMTD:undname.obj
 0001:0003d390       ?getThisType@UnDecorator@@CA?AVDName@@XZ 000000018003e390 f i LIBCMTD:undname.obj
 0001:0003d3f0       ?getThrowTypes@UnDecorator@@CA?AVDName@@XZ 000000018003e3f0 f   LIBCMTD:undname.obj
 0001:0003d4e0       ?getTypeEncoding@UnDecorator@@CAHXZ 000000018003e4e0 f i LIBCMTD:undname.obj
 0001:0003e090       ?getVCallThunkType@UnDecorator@@CA?AVDName@@XZ 000000018003f090 f i LIBCMTD:undname.obj
 0001:0003e110       ?getVbTableType@UnDecorator@@CA?AVDName@@AEBV2@@Z 000000018003f110 f i LIBCMTD:undname.obj
 0001:0003e140       ?getVdispMapType@UnDecorator@@CA?AVDName@@AEBV2@@Z 000000018003f140 f i LIBCMTD:undname.obj
 0001:0003e1d0       ?getVfTableType@UnDecorator@@CA?AVDName@@AEBV2@@Z 000000018003f1d0 f i LIBCMTD:undname.obj
 0001:0003e400       ?getZName@UnDecorator@@CA?AVDName@@_N0@Z 000000018003f400 f   LIBCMTD:undname.obj
 0001:0003e780       ?haveTemplateParameters@UnDecorator@@SAHXZ 000000018003f780 f i LIBCMTD:undname.obj
 0001:0003e790       ?isArray@DName@@QEBAHXZ    000000018003f790 f i LIBCMTD:undname.obj
 0001:0003e7b0       ?isComArray@DName@@QEBAHXZ 000000018003f7b0 f i LIBCMTD:undname.obj
 0001:0003e7d0       ?isEmpty@DName@@QEBAHXZ    000000018003f7d0 f i LIBCMTD:undname.obj
 0001:0003e800       ?isFull@Replicator@@QEBAHXZ 000000018003f800 f i LIBCMTD:undname.obj
 0001:0003e830       ?isNoTE@DName@@QEBAHXZ     000000018003f830 f i LIBCMTD:undname.obj
 0001:0003e850       ?isPinPtr@DName@@QEBAHXZ   000000018003f850 f i LIBCMTD:undname.obj
 0001:0003e870       ?isPtrRef@DName@@QEBAHXZ   000000018003f870 f i LIBCMTD:undname.obj
 0001:0003e890       ?isUDC@DName@@QEBAHXZ      000000018003f890 f i LIBCMTD:undname.obj
 0001:0003e8e0       ?isUDTThunk@DName@@QEBAHXZ 000000018003f8e0 f i LIBCMTD:undname.obj
 0001:0003e930       ?isVCallThunk@DName@@QEBAHXZ 000000018003f930 f i LIBCMTD:undname.obj
 0001:0003e950       ?isValid@DName@@QEBAHXZ    000000018003f950 f i LIBCMTD:undname.obj
 0001:0003e990       ?length@DName@@QEBAHXZ     000000018003f990 f i LIBCMTD:undname.obj
[...]
 0003:00000244       ?callIt@?5??Element@CUtlString@@QEBAAEBD_K@Z@4HA 000000018008f244     util_filepath.obj
 0003:00000264       ?callIt@?5???ACUtlString@@QEBAD_K@Z@4HA 000000018008f264     util_string.obj
 0003:00000278       ??_R0?AVbad_alloc@std@@@8  000000018008f278     LIBCMTD:new.obj
 0003:000002a0       ??_R0?AVexception@std@@@8  000000018008f2a0     LIBCMTD:new.obj
 0003:000002d0       ??_R0?AVtype_info@@@8      000000018008f2d0     LIBCMTD:typinfo.obj
 0003:000002f0       _fltused                   000000018008f2f0     LIBCMTD:fpinit.obj
 0003:000002f4       _ldused                    000000018008f2f4     LIBCMTD:fpinit.obj
 0003:000002f8       ??_R0?AVbad_cast@std@@@8   000000018008f2f8     LIBCMTD:stdexcpt.obj
 0003:00000320       ??_R0?AVbad_typeid@std@@@8 000000018008f320     LIBCMTD:stdexcpt.obj
 0003:00000348       ??_R0?AV__non_rtti_object@std@@@8 000000018008f348     LIBCMTD:stdexcpt.obj
 0003:00000380       __nullstring               000000018008f380     LIBCMTD:output.obj
 0003:00000388       __wnullstring              000000018008f388     LIBCMTD:output.obj
 0003:00000500       _crtBreakAlloc             000000018008f500     LIBCMTD:dbgheap.obj
 0003:00000508       __crtDebugFillThreshold    000000018008f508     LIBCMTD:dbgheap.obj
 0003:00000514       _crtDbgFlag                000000018008f514     LIBCMTD:dbgheap.obj
 0003:00000770       _cfltcvt_tab               000000018008f770     LIBCMTD:cmiscdat.obj
 0003:000008c0       __ptmbcinfo                000000018008f8c0     LIBCMTD:mbctype.obj
 0003:000008d0       _mbctype                   000000018008f8d0     LIBCMTD:mbctype.obj
 0003:000009e0       _mbcasemap                 000000018008f9e0     LIBCMTD:mbctype.obj
 0003:00000ae0       __initialmbcinfo           000000018008fae0     LIBCMTD:mbctype.obj
 0003:00000d08       __isa_available            000000018008fd08     LIBCMTD:cpu_disp.obj
 0003:00000d0c       __isa_enabled              000000018008fd0c     LIBCMTD:cpu_disp.obj
 0003:00000d10       _iob                       000000018008fd10     LIBCMTD:_file.obj
 0003:000010d0       __abort_behavior           00000001800900d0     LIBCMTD:abort.obj
 0003:000010e0       __flsindex                 00000001800900e0     LIBCMTD:tidtable.obj
 0003:000010f0       __wclocalestr              00000001800900f0     LIBCMTD:nlsdata.obj
 0003:00001100       __lc_time_c                0000000180090100     LIBCMTD:nlsdata.obj
 0003:000013c0       __ptlocinfo                00000001800903c0     LIBCMTD:nlsdata.obj
 0003:000013d0       __initiallocinfo           00000001800903d0     LIBCMTD:nlsdata.obj
 0003:00001528       __initiallocalestructinfo  0000000180090528     LIBCMTD:nlsdata.obj
 0003:00001538       __mb_cur_max               0000000180090538     LIBCMTD:nlsdata.obj
 0003:0000153c       __globallocalestatus       000000018009053c     LIBCMTD:glstatus.obj
 0003:00001540       __security_cookie          0000000180090540     LIBCMTD:gs_cookie.obj
 0003:00001548       __security_cookie_complement 0000000180090548     LIBCMTD:gs_cookie.obj
 0003:00001560       __badioinfo                0000000180090560     LIBCMTD:ioinit.obj
 0003:000015c0       _pfnAllocHook              00000001800905c0     LIBCMTD:dbghook.obj
 0003:000015c8       _CrtDbgMode                00000001800905c8     LIBCMTD:dbgrptt.obj
 0003:000015d4       _crtAssertBusy             00000001800905d4     LIBCMTD:dbgrptt.obj
 0003:000015d8       _CrtDbgFile                00000001800905d8     LIBCMTD:dbgrptt.obj
 0003:00001600       ??_R0?AVDNameNode@@@8      0000000180090600     LIBCMTD:undname.obj
 0003:00001620       ??_R0?AVcharNode@@@8       0000000180090620     LIBCMTD:undname.obj
 0003:00001640       ??_R0?AVpcharNode@@@8      0000000180090640     LIBCMTD:undname.obj
 0003:00001660       ??_R0?AVpDNameNode@@@8     0000000180090660     LIBCMTD:undname.obj
 0003:00001688       ??_R0?AVDNameStatusNode@@@8 0000000180090688     LIBCMTD:undname.obj
 0003:000016b0       ??_R0?AVpairNode@@@8       00000001800906b0     LIBCMTD:undname.obj
 0003:00001700       _pow10pos                  0000000180090700     LIBCMTD:constpow.obj
 0003:00001860       _pow10neg                  0000000180090860     LIBCMTD:constpow.obj
 0003:000019c0       __lconv_static_decimal     00000001800909c0     LIBCMTD:lconv.obj
 0003:000019c4       __lconv_static_W_decimal   00000001800909c4     LIBCMTD:lconv.obj
 0003:000019c8       __lconv                    00000001800909c8     LIBCMTD:lconv.obj
 0003:000019d0       __lconv_c                  00000001800909d0     LIBCMTD:lconv.obj
 0003:00001a68       _pctype                    0000000180090a68     LIBCMTD:ctype.obj
 0003:00001a70       _pwctype                   0000000180090a70     LIBCMTD:ctype.obj
 0003:00001a80       ??_R0?AVbad_exception@std@@@8 0000000180090a80     LIBCMTD:frame.obj
 0003:00001aa8       _confh                     0000000180090aa8     LIBCMTD:initcon.obj
 0003:000020c0       __@@_PchSym_@00@UfhvihUibzmUwvhpglkUtvmvhrhUfgrorgrvhUcGEUwvyftUzoosvzwOlyq@4B842E2C17C2D6F6 00000001800910c0     allhead.obj
 0003:00008630       ?g_MemoryPool@@3VMemoryPool@@A 0000000180097630     memory_pool.obj
 0003:00008680       ?s_charTranslator@Keyvalues@Utility@@0PAW4KVCharType@12@A 0000000180097680     keyvalues.obj
 0003:00008a80       ?s_bTranslatorInit@Keyvalues@Utility@@0_NA 0000000180097a80     keyvalues.obj
 0003:0000bd10       _umaskval                  000000018009ad10     LIBCMTD:crt0dat.obj
 0003:0000bd14       _exitflag                  000000018009ad14     LIBCMTD:crt0dat.obj
 0003:0000bd18       _C_Termination_Done        000000018009ad18     LIBCMTD:crt0dat.obj
 0003:0000bd1c       _C_Exit_Done               000000018009ad1c     LIBCMTD:crt0dat.obj
 0003:0000bd20       __winitenv                 000000018009ad20     LIBCMTD:crt0dat.obj
 0003:0000bd28       __initenv                  000000018009ad28     LIBCMTD:crt0dat.obj
 0003:0000bd34       __argc                     000000018009ad34     LIBCMTD:crt0dat.obj
 0003:0000bd38       __argv                     000000018009ad38     LIBCMTD:crt0dat.obj
 0003:0000bd40       __wargv                    000000018009ad40     LIBCMTD:crt0dat.obj
 0003:0000bd48       _environ                   000000018009ad48     LIBCMTD:crt0dat.obj
 0003:0000bd50       _wenviron                  000000018009ad50     LIBCMTD:crt0dat.obj
 0003:0000bd58       _pgmptr                    000000018009ad58     LIBCMTD:crt0dat.obj
 0003:0000bd60       _wpgmptr                   000000018009ad60     LIBCMTD:crt0dat.obj
 0003:0000bd68       __fastflag                 000000018009ad68     LIBCMTD:fpinit.obj
 0003:0000bd80       _aenvptr                   000000018009ad80     LIBCMTD:dllcrt0.obj
 0003:0000bd88       _wenvptr                   000000018009ad88     LIBCMTD:dllcrt0.obj
 0003:0000bd90       ?_pnhHeap@@3P6AH_K@ZEA     000000018009ad90     LIBCMTD:handler.obj
 0003:0000bd98       __pInvalidArgHandler       000000018009ad98     LIBCMTD:invarg.obj
 0003:0000bda0       __crtDebugCheckCount       000000018009ada0     LIBCMTD:dbgheap.obj
 0003:0000bda8       ?_pfnDumpClient@@3P6AXPEAX_K@ZEA 000000018009ada8     LIBCMTD:dbgheap.obj
 0003:0000c040       __app_type                 000000018009b040     LIBCMTD:crt0msg.obj
 0003:0000c678       ?__pInconsistency@@3P6AXXZEA 000000018009b678     LIBCMTD:hooks.obj
 0003:0000c680       __pPurecall                000000018009b680     LIBCMTD:inithelp.obj
 0003:0000c6b8       __mblocalename             000000018009b6b8     LIBCMTD:mbctype.obj
 0003:0000c6c0       __mbcodepage               000000018009b6c0     LIBCMTD:mbctype.obj
 0003:0000c6c4       __ismbcodepage             000000018009b6c4     LIBCMTD:mbctype.obj
 0003:0000c6c8       __mbulinfo                 000000018009b6c8     LIBCMTD:mbctype.obj
 0003:0000c6d8       _stdbuf                    000000018009b6d8     LIBCMTD:_sftbuf.obj
 0003:0000c6e8       __favor                    000000018009b6e8     LIBCMTD:cpu_disp.obj
 0003:0000c6ec       _newmode                   000000018009b6ec     LIBCMTD:_newmode.obj
 0003:0000c6f0       _cflush                    000000018009b6f0     LIBCMTD:_file.obj
 0003:0000cc84       __locale_changed           000000018009bc84     LIBCMTD:wsetloca.obj
 0003:0000cc88       _crtheap                   000000018009bc88     LIBCMTD:heapinit.obj
 0003:0000cc90       __ioInitOnce               000000018009bc90     LIBCMTD:ioinit.obj
 0003:0000cdd0       __error_mode               000000018009bdd0     LIBCMTD:errmode.obj
 0003:0000cdd8       ?pArgList@UnDecorator@@0PEAVReplicator@@EA 000000018009bdd8     LIBCMTD:undname.obj
 0003:0000cde0       ?pZNameList@UnDecorator@@0PEAVReplicator@@EA 000000018009bde0     LIBCMTD:undname.obj
 0003:0000cde8       ?pTemplateArgList@UnDecorator@@0PEAVReplicator@@EA 000000018009bde8     LIBCMTD:undname.obj
 0003:0000cdf0       ?gName@UnDecorator@@0PEBDEB 000000018009bdf0     LIBCMTD:undname.obj
 0003:0000cdf8       ?name@UnDecorator@@0PEBDEB 000000018009bdf8     LIBCMTD:undname.obj
 0003:0000ce00       ?outputString@UnDecorator@@0PEADEA 000000018009be00     LIBCMTD:undname.obj
 0003:0000ce08       ?maxStringLength@UnDecorator@@0HA 000000018009be08     LIBCMTD:undname.obj
 0003:0000ce0c       ?disableFlags@UnDecorator@@0KA 000000018009be0c     LIBCMTD:undname.obj
 0003:0000ce10       ?fExplicitTemplateParams@UnDecorator@@0_NA 000000018009be10     LIBCMTD:undname.obj
 0003:0000ce11       ?fGetTemplateArgumentList@UnDecorator@@0_NA 000000018009be11     LIBCMTD:undname.obj
 0003:0000ce18       ?m_pGetParameter@UnDecorator@@0P6APEADJ@ZEA 000000018009be18     LIBCMTD:undname.obj
 0003:0000cea0       ?nodes@?1??make@DNameStatusNode@@SAPEAV2@W4DNameStatus@@@Z@4PAV2@A 000000018009bea0     LIBCMTD:undname.obj
 0003:0000cee0       ??_B?1??make@DNameStatusNode@@SAPEAV1@W4DNameStatus@@@Z@51 000000018009bee0     LIBCMTD:undname.obj
 0003:0000cee4       __lconv_static_null        000000018009bee4     LIBCMTD:lconv.obj
 0003:0000cee8       __lconv_static_W_null      000000018009bee8     LIBCMTD:lconv.obj
 0003:0000ceec       _outputformat              000000018009beec     LIBCMTD:outputformat.obj
 0003:0000cef0       _pReportHookListW          000000018009bef0     <common>
 0003:0000cf08       _pReportHookList           000000018009bf08     <common>
 0003:0000cf10       _pfnReportHook             000000018009bf10     <common>
 0003:0000cf18       _debugger_hook_dummy       000000018009bf18     <common>
 0003:0000cf24       _nhandle                   000000018009bf24     <common>
 0003:0000cfa0       __pioinfo                  000000018009bfa0     <common>
 0003:0000d1a0       __unguarded_readlc_active  000000018009c1a0     <common>
 0003:0000d1b0       __setlc_active             000000018009c1b0     <common>
 0003:0000d1c0       _bufin                     000000018009c1c0     <common>
 0003:0000e500       __piob                     000000018009d500     <common>
 0003:0000e508       _nstream                   000000018009d508     <common>
 0003:0000e510       _acmdln                    000000018009d510     <common>
 0003:0000e528       __dyn_tls_init_callback    000000018009d528     <common>
 0003:0000e540       __onexitend                000000018009d540     <common>
 0003:0000e548       __onexitbegin              000000018009d548     <common>
 0003:0000e550       __mbctype_initialized      000000018009d550     <common>
 0003:0000e554       __env_initialized          000000018009d554     <common>
 0005:00000000       __IMPORT_DESCRIPTOR_USER32 00000001800a2000     user32:USER32.dll
 0005:00000014       __IMPORT_DESCRIPTOR_KERNEL32 00000001800a2014     kernel32:KERNEL32.dll
 0005:00000028       __NULL_IMPORT_DESCRIPTOR   00000001800a2028     user32:USER32.dll
 0005:00000418       __imp_RtlUnwindEx          00000001800a2418     kernel32:KERNEL32.dll
 0005:00000420       __imp_CloseHandle          00000001800a2420     kernel32:KERNEL32.dll
 0005:00000428       __imp_EncodePointer        00000001800a2428     kernel32:KERNEL32.dll
 0005:00000430       __imp_DecodePointer        00000001800a2430     kernel32:KERNEL32.dll
 0005:00000438       __imp_GetLastError         00000001800a2438     kernel32:KERNEL32.dll
 0005:00000440       __imp_ExitProcess          00000001800a2440     kernel32:KERNEL32.dll
 0005:00000448       __imp_GetModuleHandleExW   00000001800a2448     kernel32:KERNEL32.dll
 0005:00000450       __imp_GetProcAddress       00000001800a2450     kernel32:KERNEL32.dll
 0005:00000458       __imp_AreFileApisANSI      00000001800a2458     kernel32:KERNEL32.dll
 0005:00000460       __imp_MultiByteToWideChar  00000001800a2460     kernel32:KERNEL32.dll
 0005:00000468       __imp_GetCommandLineA      00000001800a2468     kernel32:KERNEL32.dll
 0005:00000470       __imp_GetCurrentThreadId   00000001800a2470     kernel32:KERNEL32.dll
 0005:00000478       __imp_RtlPcToFileHeader    00000001800a2478     kernel32:KERNEL32.dll
 0005:00000480       __imp_RaiseException       00000001800a2480     kernel32:KERNEL32.dll
 0005:00000488       __imp_IsDebuggerPresent    00000001800a2488     kernel32:KERNEL32.dll
 0005:00000490       __imp_IsProcessorFeaturePresent 00000001800a2490     kernel32:KERNEL32.dll
 0005:00000498       __imp_GetModuleFileNameW   00000001800a2498     kernel32:KERNEL32.dll
 0005:000004a0       __imp_HeapSize             00000001800a24a0     kernel32:KERNEL32.dll
 0005:000004a8       __imp_HeapValidate         00000001800a24a8     kernel32:KERNEL32.dll
 0005:000004b0       __imp_GetSystemInfo        00000001800a24b0     kernel32:KERNEL32.dll
 0005:000004b8       __imp_EnterCriticalSection 00000001800a24b8     kernel32:KERNEL32.dll
 0005:000004c0       __imp_LeaveCriticalSection 00000001800a24c0     kernel32:KERNEL32.dll
 0005:000004c8       __imp_InitializeCriticalSectionAndSpinCount 00000001800a24c8     kernel32:KERNEL32.dll
 0005:000004d0       __imp_DeleteCriticalSection 00000001800a24d0     kernel32:KERNEL32.dll
 0005:000004d8       __imp_FatalAppExitA        00000001800a24d8     kernel32:KERNEL32.dll
 0005:000004e0       __imp_RtlCaptureContext    00000001800a24e0     kernel32:KERNEL32.dll
 0005:000004e8       __imp_RtlLookupFunctionEntry 00000001800a24e8     kernel32:KERNEL32.dll
 0005:000004f0       __imp_RtlVirtualUnwind     00000001800a24f0     kernel32:KERNEL32.dll
 0005:000004f8       __imp_UnhandledExceptionFilter 00000001800a24f8     kernel32:KERNEL32.dll
 0005:00000500       __imp_SetUnhandledExceptionFilter 00000001800a2500     kernel32:KERNEL32.dll
 0005:00000508       __imp_FlsAlloc             00000001800a2508     kernel32:KERNEL32.dll
 0005:00000510       __imp_FlsGetValue          00000001800a2510     kernel32:KERNEL32.dll
 0005:00000518       __imp_FlsSetValue          00000001800a2518     kernel32:KERNEL32.dll
 0005:00000520       __imp_FlsFree              00000001800a2520     kernel32:KERNEL32.dll
 0005:00000528       __imp_GetCurrentProcess    00000001800a2528     kernel32:KERNEL32.dll
 0005:00000530       __imp_TerminateProcess     00000001800a2530     kernel32:KERNEL32.dll
 0005:00000538       __imp_GetStartupInfoW      00000001800a2538     kernel32:KERNEL32.dll
 0005:00000540       __imp_GetModuleHandleW     00000001800a2540     kernel32:KERNEL32.dll
 0005:00000548       __imp_GetStdHandle         00000001800a2548     kernel32:KERNEL32.dll
 0005:00000550       __imp_WriteFile            00000001800a2550     kernel32:KERNEL32.dll
 0005:00000558       __imp_FreeLibrary          00000001800a2558     kernel32:KERNEL32.dll
 0005:00000560       __imp_LoadLibraryExW       00000001800a2560     kernel32:KERNEL32.dll
 0005:00000568       __imp_SetConsoleCtrlHandler 00000001800a2568     kernel32:KERNEL32.dll
 0005:00000570       __imp_IsValidCodePage      00000001800a2570     kernel32:KERNEL32.dll
 0005:00000578       __imp_GetACP               00000001800a2578     kernel32:KERNEL32.dll
 0005:00000580       __imp_GetOEMCP             00000001800a2580     kernel32:KERNEL32.dll
 0005:00000588       __imp_GetCPInfo            00000001800a2588     kernel32:KERNEL32.dll
 0005:00000590       __imp_SetLastError         00000001800a2590     kernel32:KERNEL32.dll
 0005:00000598       __imp_GetCurrentThread     00000001800a2598     kernel32:KERNEL32.dll
 0005:000005a0       __imp_WideCharToMultiByte  00000001800a25a0     kernel32:KERNEL32.dll
 0005:000005a8       __imp_GetProcessHeap       00000001800a25a8     kernel32:KERNEL32.dll
 0005:000005b0       __imp_GetFileType          00000001800a25b0     kernel32:KERNEL32.dll
 0005:000005b8       __imp_InitOnceExecuteOnce  00000001800a25b8     kernel32:KERNEL32.dll
 0005:000005c0       __imp_GetModuleFileNameA   00000001800a25c0     kernel32:KERNEL32.dll
 0005:000005c8       __imp_QueryPerformanceCounter 00000001800a25c8     kernel32:KERNEL32.dll
 0005:000005d0       __imp_GetSystemTimeAsFileTime 00000001800a25d0     kernel32:KERNEL32.dll
 0005:000005d8       __imp_GetTickCount64       00000001800a25d8     kernel32:KERNEL32.dll
 0005:000005e0       __imp_GetEnvironmentStringsW 00000001800a25e0     kernel32:KERNEL32.dll
 0005:000005e8       __imp_FreeEnvironmentStringsW 00000001800a25e8     kernel32:KERNEL32.dll
 0005:000005f0       __imp_GetConsoleCP         00000001800a25f0     kernel32:KERNEL32.dll
 0005:000005f8       __imp_GetConsoleMode       00000001800a25f8     kernel32:KERNEL32.dll
 0005:00000600       __imp_SetFilePointerEx     00000001800a2600     kernel32:KERNEL32.dll
 0005:00000608       __imp_OutputDebugStringW   00000001800a2608     kernel32:KERNEL32.dll
 0005:00000610       __imp_WaitForSingleObjectEx 00000001800a2610     kernel32:KERNEL32.dll
 0005:00000618       __imp_CreateThread         00000001800a2618     kernel32:KERNEL32.dll
 0005:00000620       __imp_LoadLibraryW         00000001800a2620     kernel32:KERNEL32.dll
 0005:00000628       __imp_OutputDebugStringA   00000001800a2628     kernel32:KERNEL32.dll
 0005:00000630       __imp_WriteConsoleW        00000001800a2630     kernel32:KERNEL32.dll
 0005:00000638       __imp_HeapFree             00000001800a2638     kernel32:KERNEL32.dll
 0005:00000640       __imp_HeapReAlloc          00000001800a2640     kernel32:KERNEL32.dll
 0005:00000648       __imp_HeapQueryInformation 00000001800a2648     kernel32:KERNEL32.dll
 0005:00000650       __imp_HeapAlloc            00000001800a2650     kernel32:KERNEL32.dll
 0005:00000658       __imp_GetTimeFormatEx      00000001800a2658     kernel32:KERNEL32.dll
 0005:00000660       __imp_GetDateFormatEx      00000001800a2660     kernel32:KERNEL32.dll
 0005:00000668       __imp_CompareStringEx      00000001800a2668     kernel32:KERNEL32.dll
 0005:00000670       __imp_GetLocaleInfoEx      00000001800a2670     kernel32:KERNEL32.dll
 0005:00000678       __imp_GetUserDefaultLocaleName 00000001800a2678     kernel32:KERNEL32.dll
 0005:00000680       __imp_LCMapStringEx        00000001800a2680     kernel32:KERNEL32.dll
 0005:00000688       __imp_IsValidLocaleName    00000001800a2688     kernel32:KERNEL32.dll
 0005:00000690       __imp_EnumSystemLocalesEx  00000001800a2690     kernel32:KERNEL32.dll
 0005:00000698       __imp_GetStringTypeW       00000001800a2698     kernel32:KERNEL32.dll
 0005:000006a0       __imp_SetStdHandle         00000001800a26a0     kernel32:KERNEL32.dll
 0005:000006a8       __imp_FlushFileBuffers     00000001800a26a8     kernel32:KERNEL32.dll
 0005:000006b0       __imp_CreateFileW          00000001800a26b0     kernel32:KERNEL32.dll
 0005:000006b8       \177KERNEL32_NULL_THUNK_DATA 00000001800a26b8     kernel32:KERNEL32.dll
 0005:00000790       __imp_MessageBoxA          00000001800a2790     user32:USER32.dll
 0005:00000798       \177USER32_NULL_THUNK_DATA 00000001800a2798     user32:USER32.dll

 entry point at        0001:0000b7a0

